[2026-07-16T23:19:01.588+0530] {processor.py:186} INFO - Started process (PID=73864) to work on /Users/bhavishyachallagolla/Desktop/RetailSense/.venv/lib/python3.9/site-packages/airflow/example_dags/example_datasets.py
[2026-07-16T23:19:01.589+0530] {processor.py:914} INFO - Processing file /Users/bhavishyachallagolla/Desktop/RetailSense/.venv/lib/python3.9/site-packages/airflow/example_dags/example_datasets.py for tasks to queue
[2026-07-16T23:19:01.590+0530] {logging_mixin.py:190} INFO - [2026-07-16T23:19:01.590+0530] {dagbag.py:588} INFO - Filling up the DagBag from /Users/bhavishyachallagolla/Desktop/RetailSense/.venv/lib/python3.9/site-packages/airflow/example_dags/example_datasets.py
[2026-07-16T23:19:01.631+0530] {processor.py:925} INFO - DAG(s) 'dataset_consumes_unknown_never_scheduled', 'conditional_dataset_and_time_based_timetable', 'consume_1_or_2_with_dataset_expressions', 'consume_1_and_2_with_dataset_expressions', 'dataset_consumes_1_and_2', 'dataset_produces_2', 'dataset_consumes_1_never_scheduled', 'dataset_produces_1', 'dataset_consumes_1', 'consume_1_or_both_2_and_3_with_dataset_expressions' retrieved from /Users/bhavishyachallagolla/Desktop/RetailSense/.venv/lib/python3.9/site-packages/airflow/example_dags/example_datasets.py
[2026-07-16T23:19:01.710+0530] {logging_mixin.py:190} INFO - [2026-07-16T23:19:01.710+0530] {override.py:1912} INFO - Created Permission View: can delete on DAG:dataset_consumes_unknown_never_scheduled
[2026-07-16T23:19:01.714+0530] {logging_mixin.py:190} INFO - [2026-07-16T23:19:01.713+0530] {override.py:1912} INFO - Created Permission View: can edit on DAG:dataset_consumes_unknown_never_scheduled
[2026-07-16T23:19:01.716+0530] {logging_mixin.py:190} INFO - [2026-07-16T23:19:01.716+0530] {override.py:1912} INFO - Created Permission View: can read on DAG:dataset_consumes_unknown_never_scheduled
[2026-07-16T23:19:01.718+0530] {logging_mixin.py:190} INFO - [2026-07-16T23:19:01.718+0530] {override.py:1912} INFO - Created Permission View: menu access on DAG Run:dataset_consumes_unknown_never_scheduled
[2026-07-16T23:19:01.720+0530] {logging_mixin.py:190} INFO - [2026-07-16T23:19:01.720+0530] {override.py:1912} INFO - Created Permission View: can create on DAG Run:dataset_consumes_unknown_never_scheduled
[2026-07-16T23:19:01.722+0530] {logging_mixin.py:190} INFO - [2026-07-16T23:19:01.722+0530] {override.py:1912} INFO - Created Permission View: can delete on DAG Run:dataset_consumes_unknown_never_scheduled
[2026-07-16T23:19:01.724+0530] {logging_mixin.py:190} INFO - [2026-07-16T23:19:01.724+0530] {override.py:1912} INFO - Created Permission View: can read on DAG Run:dataset_consumes_unknown_never_scheduled
[2026-07-16T23:19:01.730+0530] {logging_mixin.py:190} INFO - [2026-07-16T23:19:01.730+0530] {override.py:1912} INFO - Created Permission View: can delete on DAG:conditional_dataset_and_time_based_timetable
[2026-07-16T23:19:01.732+0530] {logging_mixin.py:190} INFO - [2026-07-16T23:19:01.732+0530] {override.py:1912} INFO - Created Permission View: can edit on DAG:conditional_dataset_and_time_based_timetable
[2026-07-16T23:19:01.734+0530] {logging_mixin.py:190} INFO - [2026-07-16T23:19:01.734+0530] {override.py:1912} INFO - Created Permission View: can read on DAG:conditional_dataset_and_time_based_timetable
[2026-07-16T23:19:01.737+0530] {logging_mixin.py:190} INFO - [2026-07-16T23:19:01.737+0530] {override.py:1912} INFO - Created Permission View: menu access on DAG Run:conditional_dataset_and_time_based_timetable
[2026-07-16T23:19:01.739+0530] {logging_mixin.py:190} INFO - [2026-07-16T23:19:01.738+0530] {override.py:1912} INFO - Created Permission View: can create on DAG Run:conditional_dataset_and_time_based_timetable
[2026-07-16T23:19:01.741+0530] {logging_mixin.py:190} INFO - [2026-07-16T23:19:01.740+0530] {override.py:1912} INFO - Created Permission View: can delete on DAG Run:conditional_dataset_and_time_based_timetable
[2026-07-16T23:19:01.743+0530] {logging_mixin.py:190} INFO - [2026-07-16T23:19:01.743+0530] {override.py:1912} INFO - Created Permission View: can read on DAG Run:conditional_dataset_and_time_based_timetable
[2026-07-16T23:19:01.748+0530] {logging_mixin.py:190} INFO - [2026-07-16T23:19:01.748+0530] {override.py:1912} INFO - Created Permission View: can delete on DAG:consume_1_or_2_with_dataset_expressions
[2026-07-16T23:19:01.750+0530] {logging_mixin.py:190} INFO - [2026-07-16T23:19:01.750+0530] {override.py:1912} INFO - Created Permission View: can edit on DAG:consume_1_or_2_with_dataset_expressions
[2026-07-16T23:19:01.752+0530] {logging_mixin.py:190} INFO - [2026-07-16T23:19:01.752+0530] {override.py:1912} INFO - Created Permission View: can read on DAG:consume_1_or_2_with_dataset_expressions
[2026-07-16T23:19:01.755+0530] {logging_mixin.py:190} INFO - [2026-07-16T23:19:01.755+0530] {override.py:1912} INFO - Created Permission View: menu access on DAG Run:consume_1_or_2_with_dataset_expressions
[2026-07-16T23:19:01.757+0530] {logging_mixin.py:190} INFO - [2026-07-16T23:19:01.757+0530] {override.py:1912} INFO - Created Permission View: can create on DAG Run:consume_1_or_2_with_dataset_expressions
[2026-07-16T23:19:01.759+0530] {logging_mixin.py:190} INFO - [2026-07-16T23:19:01.759+0530] {override.py:1912} INFO - Created Permission View: can delete on DAG Run:consume_1_or_2_with_dataset_expressions
[2026-07-16T23:19:01.761+0530] {logging_mixin.py:190} INFO - [2026-07-16T23:19:01.761+0530] {override.py:1912} INFO - Created Permission View: can read on DAG Run:consume_1_or_2_with_dataset_expressions
[2026-07-16T23:19:01.765+0530] {logging_mixin.py:190} INFO - [2026-07-16T23:19:01.765+0530] {override.py:1912} INFO - Created Permission View: can delete on DAG:consume_1_and_2_with_dataset_expressions
[2026-07-16T23:19:01.768+0530] {logging_mixin.py:190} INFO - [2026-07-16T23:19:01.767+0530] {override.py:1912} INFO - Created Permission View: can edit on DAG:consume_1_and_2_with_dataset_expressions
[2026-07-16T23:19:01.769+0530] {logging_mixin.py:190} INFO - [2026-07-16T23:19:01.769+0530] {override.py:1912} INFO - Created Permission View: can read on DAG:consume_1_and_2_with_dataset_expressions
[2026-07-16T23:19:01.772+0530] {logging_mixin.py:190} INFO - [2026-07-16T23:19:01.772+0530] {override.py:1912} INFO - Created Permission View: menu access on DAG Run:consume_1_and_2_with_dataset_expressions
[2026-07-16T23:19:01.774+0530] {logging_mixin.py:190} INFO - [2026-07-16T23:19:01.774+0530] {override.py:1912} INFO - Created Permission View: can create on DAG Run:consume_1_and_2_with_dataset_expressions
[2026-07-16T23:19:01.776+0530] {logging_mixin.py:190} INFO - [2026-07-16T23:19:01.776+0530] {override.py:1912} INFO - Created Permission View: can delete on DAG Run:consume_1_and_2_with_dataset_expressions
[2026-07-16T23:19:01.778+0530] {logging_mixin.py:190} INFO - [2026-07-16T23:19:01.778+0530] {override.py:1912} INFO - Created Permission View: can read on DAG Run:consume_1_and_2_with_dataset_expressions
[2026-07-16T23:19:01.783+0530] {logging_mixin.py:190} INFO - [2026-07-16T23:19:01.782+0530] {override.py:1912} INFO - Created Permission View: can delete on DAG:dataset_consumes_1_and_2
[2026-07-16T23:19:01.785+0530] {logging_mixin.py:190} INFO - [2026-07-16T23:19:01.784+0530] {override.py:1912} INFO - Created Permission View: can edit on DAG:dataset_consumes_1_and_2
[2026-07-16T23:19:01.787+0530] {logging_mixin.py:190} INFO - [2026-07-16T23:19:01.786+0530] {override.py:1912} INFO - Created Permission View: can read on DAG:dataset_consumes_1_and_2
[2026-07-16T23:19:01.789+0530] {logging_mixin.py:190} INFO - [2026-07-16T23:19:01.789+0530] {override.py:1912} INFO - Created Permission View: menu access on DAG Run:dataset_consumes_1_and_2
[2026-07-16T23:19:01.791+0530] {logging_mixin.py:190} INFO - [2026-07-16T23:19:01.791+0530] {override.py:1912} INFO - Created Permission View: can create on DAG Run:dataset_consumes_1_and_2
[2026-07-16T23:19:01.793+0530] {logging_mixin.py:190} INFO - [2026-07-16T23:19:01.793+0530] {override.py:1912} INFO - Created Permission View: can delete on DAG Run:dataset_consumes_1_and_2
[2026-07-16T23:19:01.795+0530] {logging_mixin.py:190} INFO - [2026-07-16T23:19:01.795+0530] {override.py:1912} INFO - Created Permission View: can read on DAG Run:dataset_consumes_1_and_2
[2026-07-16T23:19:01.800+0530] {logging_mixin.py:190} INFO - [2026-07-16T23:19:01.799+0530] {override.py:1912} INFO - Created Permission View: can delete on DAG:dataset_produces_2
[2026-07-16T23:19:01.802+0530] {logging_mixin.py:190} INFO - [2026-07-16T23:19:01.802+0530] {override.py:1912} INFO - Created Permission View: can edit on DAG:dataset_produces_2
[2026-07-16T23:19:01.804+0530] {logging_mixin.py:190} INFO - [2026-07-16T23:19:01.803+0530] {override.py:1912} INFO - Created Permission View: can read on DAG:dataset_produces_2
[2026-07-16T23:19:01.806+0530] {logging_mixin.py:190} INFO - [2026-07-16T23:19:01.806+0530] {override.py:1912} INFO - Created Permission View: menu access on DAG Run:dataset_produces_2
[2026-07-16T23:19:01.810+0530] {logging_mixin.py:190} INFO - [2026-07-16T23:19:01.810+0530] {override.py:1912} INFO - Created Permission View: can create on DAG Run:dataset_produces_2
[2026-07-16T23:19:01.812+0530] {logging_mixin.py:190} INFO - [2026-07-16T23:19:01.812+0530] {override.py:1912} INFO - Created Permission View: can delete on DAG Run:dataset_produces_2
[2026-07-16T23:19:01.815+0530] {logging_mixin.py:190} INFO - [2026-07-16T23:19:01.814+0530] {override.py:1912} INFO - Created Permission View: can read on DAG Run:dataset_produces_2
[2026-07-16T23:19:01.819+0530] {logging_mixin.py:190} INFO - [2026-07-16T23:19:01.819+0530] {override.py:1912} INFO - Created Permission View: can delete on DAG:dataset_consumes_1_never_scheduled
[2026-07-16T23:19:01.821+0530] {logging_mixin.py:190} INFO - [2026-07-16T23:19:01.821+0530] {override.py:1912} INFO - Created Permission View: can edit on DAG:dataset_consumes_1_never_scheduled
[2026-07-16T23:19:01.823+0530] {logging_mixin.py:190} INFO - [2026-07-16T23:19:01.822+0530] {override.py:1912} INFO - Created Permission View: can read on DAG:dataset_consumes_1_never_scheduled
[2026-07-16T23:19:01.826+0530] {logging_mixin.py:190} INFO - [2026-07-16T23:19:01.826+0530] {override.py:1912} INFO - Created Permission View: menu access on DAG Run:dataset_consumes_1_never_scheduled
[2026-07-16T23:19:01.828+0530] {logging_mixin.py:190} INFO - [2026-07-16T23:19:01.827+0530] {override.py:1912} INFO - Created Permission View: can create on DAG Run:dataset_consumes_1_never_scheduled
[2026-07-16T23:19:01.829+0530] {logging_mixin.py:190} INFO - [2026-07-16T23:19:01.829+0530] {override.py:1912} INFO - Created Permission View: can delete on DAG Run:dataset_consumes_1_never_scheduled
[2026-07-16T23:19:01.832+0530] {logging_mixin.py:190} INFO - [2026-07-16T23:19:01.832+0530] {override.py:1912} INFO - Created Permission View: can read on DAG Run:dataset_consumes_1_never_scheduled
[2026-07-16T23:19:01.836+0530] {logging_mixin.py:190} INFO - [2026-07-16T23:19:01.836+0530] {override.py:1912} INFO - Created Permission View: can delete on DAG:dataset_produces_1
[2026-07-16T23:19:01.838+0530] {logging_mixin.py:190} INFO - [2026-07-16T23:19:01.838+0530] {override.py:1912} INFO - Created Permission View: can edit on DAG:dataset_produces_1
[2026-07-16T23:19:01.840+0530] {logging_mixin.py:190} INFO - [2026-07-16T23:19:01.840+0530] {override.py:1912} INFO - Created Permission View: can read on DAG:dataset_produces_1
[2026-07-16T23:19:01.842+0530] {logging_mixin.py:190} INFO - [2026-07-16T23:19:01.842+0530] {override.py:1912} INFO - Created Permission View: menu access on DAG Run:dataset_produces_1
[2026-07-16T23:19:01.844+0530] {logging_mixin.py:190} INFO - [2026-07-16T23:19:01.844+0530] {override.py:1912} INFO - Created Permission View: can create on DAG Run:dataset_produces_1
[2026-07-16T23:19:01.847+0530] {logging_mixin.py:190} INFO - [2026-07-16T23:19:01.847+0530] {override.py:1912} INFO - Created Permission View: can delete on DAG Run:dataset_produces_1
[2026-07-16T23:19:01.849+0530] {logging_mixin.py:190} INFO - [2026-07-16T23:19:01.849+0530] {override.py:1912} INFO - Created Permission View: can read on DAG Run:dataset_produces_1
[2026-07-16T23:19:01.853+0530] {logging_mixin.py:190} INFO - [2026-07-16T23:19:01.853+0530] {override.py:1912} INFO - Created Permission View: can delete on DAG:dataset_consumes_1
[2026-07-16T23:19:01.855+0530] {logging_mixin.py:190} INFO - [2026-07-16T23:19:01.855+0530] {override.py:1912} INFO - Created Permission View: can edit on DAG:dataset_consumes_1
[2026-07-16T23:19:01.857+0530] {logging_mixin.py:190} INFO - [2026-07-16T23:19:01.857+0530] {override.py:1912} INFO - Created Permission View: can read on DAG:dataset_consumes_1
[2026-07-16T23:19:01.860+0530] {logging_mixin.py:190} INFO - [2026-07-16T23:19:01.859+0530] {override.py:1912} INFO - Created Permission View: menu access on DAG Run:dataset_consumes_1
[2026-07-16T23:19:01.862+0530] {logging_mixin.py:190} INFO - [2026-07-16T23:19:01.862+0530] {override.py:1912} INFO - Created Permission View: can create on DAG Run:dataset_consumes_1
[2026-07-16T23:19:01.864+0530] {logging_mixin.py:190} INFO - [2026-07-16T23:19:01.864+0530] {override.py:1912} INFO - Created Permission View: can delete on DAG Run:dataset_consumes_1
[2026-07-16T23:19:01.866+0530] {logging_mixin.py:190} INFO - [2026-07-16T23:19:01.866+0530] {override.py:1912} INFO - Created Permission View: can read on DAG Run:dataset_consumes_1
[2026-07-16T23:19:01.870+0530] {logging_mixin.py:190} INFO - [2026-07-16T23:19:01.870+0530] {override.py:1912} INFO - Created Permission View: can delete on DAG:consume_1_or_both_2_and_3_with_dataset_expressions
[2026-07-16T23:19:01.872+0530] {logging_mixin.py:190} INFO - [2026-07-16T23:19:01.872+0530] {override.py:1912} INFO - Created Permission View: can edit on DAG:consume_1_or_both_2_and_3_with_dataset_expressions
[2026-07-16T23:19:01.874+0530] {logging_mixin.py:190} INFO - [2026-07-16T23:19:01.874+0530] {override.py:1912} INFO - Created Permission View: can read on DAG:consume_1_or_both_2_and_3_with_dataset_expressions
[2026-07-16T23:19:01.876+0530] {logging_mixin.py:190} INFO - [2026-07-16T23:19:01.876+0530] {override.py:1912} INFO - Created Permission View: menu access on DAG Run:consume_1_or_both_2_and_3_with_dataset_expressions
[2026-07-16T23:19:01.878+0530] {logging_mixin.py:190} INFO - [2026-07-16T23:19:01.878+0530] {override.py:1912} INFO - Created Permission View: can create on DAG Run:consume_1_or_both_2_and_3_with_dataset_expressions
[2026-07-16T23:19:01.880+0530] {logging_mixin.py:190} INFO - [2026-07-16T23:19:01.880+0530] {override.py:1912} INFO - Created Permission View: can delete on DAG Run:consume_1_or_both_2_and_3_with_dataset_expressions
[2026-07-16T23:19:01.882+0530] {logging_mixin.py:190} INFO - [2026-07-16T23:19:01.882+0530] {override.py:1912} INFO - Created Permission View: can read on DAG Run:consume_1_or_both_2_and_3_with_dataset_expressions
[2026-07-16T23:19:01.882+0530] {logging_mixin.py:190} INFO - [2026-07-16T23:19:01.882+0530] {dag.py:3239} INFO - Sync 10 DAGs
[2026-07-16T23:19:01.888+0530] {logging_mixin.py:190} INFO - [2026-07-16T23:19:01.888+0530] {dag.py:3262} INFO - Creating ORM DAG for dataset_consumes_unknown_never_scheduled
[2026-07-16T23:19:01.888+0530] {logging_mixin.py:190} INFO - [2026-07-16T23:19:01.888+0530] {dag.py:3262} INFO - Creating ORM DAG for dataset_produces_1
[2026-07-16T23:19:01.888+0530] {logging_mixin.py:190} INFO - [2026-07-16T23:19:01.888+0530] {dag.py:3262} INFO - Creating ORM DAG for consume_1_or_both_2_and_3_with_dataset_expressions
[2026-07-16T23:19:01.889+0530] {logging_mixin.py:190} INFO - [2026-07-16T23:19:01.888+0530] {dag.py:3262} INFO - Creating ORM DAG for consume_1_and_2_with_dataset_expressions
[2026-07-16T23:19:01.889+0530] {logging_mixin.py:190} INFO - [2026-07-16T23:19:01.889+0530] {dag.py:3262} INFO - Creating ORM DAG for dataset_consumes_1
[2026-07-16T23:19:01.889+0530] {logging_mixin.py:190} INFO - [2026-07-16T23:19:01.889+0530] {dag.py:3262} INFO - Creating ORM DAG for conditional_dataset_and_time_based_timetable
[2026-07-16T23:19:01.889+0530] {logging_mixin.py:190} INFO - [2026-07-16T23:19:01.889+0530] {dag.py:3262} INFO - Creating ORM DAG for consume_1_or_2_with_dataset_expressions
[2026-07-16T23:19:01.889+0530] {logging_mixin.py:190} INFO - [2026-07-16T23:19:01.889+0530] {dag.py:3262} INFO - Creating ORM DAG for dataset_consumes_1_and_2
[2026-07-16T23:19:01.890+0530] {logging_mixin.py:190} INFO - [2026-07-16T23:19:01.890+0530] {dag.py:3262} INFO - Creating ORM DAG for dataset_consumes_1_never_scheduled
[2026-07-16T23:19:01.890+0530] {logging_mixin.py:190} INFO - [2026-07-16T23:19:01.890+0530] {dag.py:3262} INFO - Creating ORM DAG for dataset_produces_2
[2026-07-16T23:19:01.894+0530] {logging_mixin.py:190} INFO - [2026-07-16T23:19:01.894+0530] {dag.py:4180} INFO - Setting next_dagrun for conditional_dataset_and_time_based_timetable to 2026-07-15 01:00:00+00:00, run_after=2026-07-15 01:00:00+00:00
[2026-07-16T23:19:01.894+0530] {logging_mixin.py:190} INFO - [2026-07-16T23:19:01.894+0530] {dag.py:4180} INFO - Setting next_dagrun for consume_1_and_2_with_dataset_expressions to None, run_after=None
[2026-07-16T23:19:01.894+0530] {logging_mixin.py:190} INFO - [2026-07-16T23:19:01.894+0530] {dag.py:4180} INFO - Setting next_dagrun for consume_1_or_2_with_dataset_expressions to None, run_after=None
[2026-07-16T23:19:01.894+0530] {logging_mixin.py:190} INFO - [2026-07-16T23:19:01.894+0530] {dag.py:4180} INFO - Setting next_dagrun for consume_1_or_both_2_and_3_with_dataset_expressions to None, run_after=None
[2026-07-16T23:19:01.894+0530] {logging_mixin.py:190} INFO - [2026-07-16T23:19:01.894+0530] {dag.py:4180} INFO - Setting next_dagrun for dataset_consumes_1 to None, run_after=None
[2026-07-16T23:19:01.895+0530] {logging_mixin.py:190} INFO - [2026-07-16T23:19:01.895+0530] {dag.py:4180} INFO - Setting next_dagrun for dataset_consumes_1_and_2 to None, run_after=None
[2026-07-16T23:19:01.895+0530] {logging_mixin.py:190} INFO - [2026-07-16T23:19:01.895+0530] {dag.py:4180} INFO - Setting next_dagrun for dataset_consumes_1_never_scheduled to None, run_after=None
[2026-07-16T23:19:01.895+0530] {logging_mixin.py:190} INFO - [2026-07-16T23:19:01.895+0530] {dag.py:4180} INFO - Setting next_dagrun for dataset_consumes_unknown_never_scheduled to None, run_after=None
[2026-07-16T23:19:01.896+0530] {logging_mixin.py:190} INFO - [2026-07-16T23:19:01.896+0530] {dag.py:4180} INFO - Setting next_dagrun for dataset_produces_1 to 2026-07-15 00:00:00+00:00, run_after=2026-07-16 00:00:00+00:00
[2026-07-16T23:19:01.896+0530] {logging_mixin.py:190} INFO - [2026-07-16T23:19:01.896+0530] {dag.py:4180} INFO - Setting next_dagrun for dataset_produces_2 to None, run_after=None
[2026-07-16T23:19:01.906+0530] {logging_mixin.py:190} INFO - [2026-07-16T23:19:01.906+0530] {workday.py:41} WARNING - Could not import pandas. Holidays will not be considered.
[2026-07-16T23:19:01.913+0530] {processor.py:208} INFO - Processing /Users/bhavishyachallagolla/Desktop/RetailSense/.venv/lib/python3.9/site-packages/airflow/example_dags/example_datasets.py took 0.327 seconds
