[2026-07-16T23:18:12.485+0530] {processor.py:186} INFO - Started process (PID=72879) to work on /Users/bhavishyachallagolla/Desktop/RetailSense/.venv/lib/python3.9/site-packages/airflow/example_dags/example_subdag_operator.py
[2026-07-16T23:18:12.487+0530] {processor.py:914} INFO - Processing file /Users/bhavishyachallagolla/Desktop/RetailSense/.venv/lib/python3.9/site-packages/airflow/example_dags/example_subdag_operator.py for tasks to queue
[2026-07-16T23:18:12.487+0530] {logging_mixin.py:190} INFO - [2026-07-16T23:18:12.487+0530] {dagbag.py:588} INFO - Filling up the DagBag from /Users/bhavishyachallagolla/Desktop/RetailSense/.venv/lib/python3.9/site-packages/airflow/example_dags/example_subdag_operator.py
[2026-07-16T23:18:12.542+0530] {processor.py:925} INFO - DAG(s) 'example_subdag_operator.section-1', 'example_subdag_operator.section-2', 'example_subdag_operator' retrieved from /Users/bhavishyachallagolla/Desktop/RetailSense/.venv/lib/python3.9/site-packages/airflow/example_dags/example_subdag_operator.py
[2026-07-16T23:18:12.550+0530] {logging_mixin.py:190} INFO - [2026-07-16T23:18:12.550+0530] {workday.py:41} WARNING - Could not import pandas. Holidays will not be considered.
[2026-07-16T23:18:12.603+0530] {logging_mixin.py:190} INFO - [2026-07-16T23:18:12.603+0530] {override.py:1912} INFO - Created Permission View: can read on DAG:example_subdag_operator
[2026-07-16T23:18:12.607+0530] {logging_mixin.py:190} INFO - [2026-07-16T23:18:12.607+0530] {override.py:1912} INFO - Created Permission View: can delete on DAG:example_subdag_operator
[2026-07-16T23:18:12.610+0530] {logging_mixin.py:190} INFO - [2026-07-16T23:18:12.610+0530] {override.py:1912} INFO - Created Permission View: can edit on DAG:example_subdag_operator
[2026-07-16T23:18:12.613+0530] {logging_mixin.py:190} INFO - [2026-07-16T23:18:12.613+0530] {override.py:1912} INFO - Created Permission View: can read on DAG Run:example_subdag_operator
[2026-07-16T23:18:12.616+0530] {logging_mixin.py:190} INFO - [2026-07-16T23:18:12.616+0530] {override.py:1912} INFO - Created Permission View: can delete on DAG Run:example_subdag_operator
[2026-07-16T23:18:12.619+0530] {logging_mixin.py:190} INFO - [2026-07-16T23:18:12.619+0530] {override.py:1912} INFO - Created Permission View: menu access on DAG Run:example_subdag_operator
[2026-07-16T23:18:12.622+0530] {logging_mixin.py:190} INFO - [2026-07-16T23:18:12.622+0530] {override.py:1912} INFO - Created Permission View: can create on DAG Run:example_subdag_operator
[2026-07-16T23:18:12.622+0530] {logging_mixin.py:190} INFO - [2026-07-16T23:18:12.622+0530] {dag.py:3239} INFO - Sync 3 DAGs
[2026-07-16T23:18:12.628+0530] {logging_mixin.py:190} INFO - [2026-07-16T23:18:12.628+0530] {dag.py:3262} INFO - Creating ORM DAG for example_subdag_operator
[2026-07-16T23:18:12.628+0530] {logging_mixin.py:190} INFO - [2026-07-16T23:18:12.628+0530] {dag.py:3262} INFO - Creating ORM DAG for example_subdag_operator.section-1
[2026-07-16T23:18:12.629+0530] {logging_mixin.py:190} INFO - [2026-07-16T23:18:12.629+0530] {dag.py:3262} INFO - Creating ORM DAG for example_subdag_operator.section-2
[2026-07-16T23:18:12.632+0530] {logging_mixin.py:190} INFO - [2026-07-16T23:18:12.632+0530] {dag.py:4180} INFO - Setting next_dagrun for example_subdag_operator to 2022-01-01 00:00:00+00:00, run_after=2022-01-01 00:00:00+00:00
[2026-07-16T23:18:12.633+0530] {logging_mixin.py:190} INFO - [2026-07-16T23:18:12.633+0530] {dag.py:4180} INFO - Setting next_dagrun for example_subdag_operator.section-1 to None, run_after=None
[2026-07-16T23:18:12.633+0530] {logging_mixin.py:190} INFO - [2026-07-16T23:18:12.633+0530] {dag.py:4180} INFO - Setting next_dagrun for example_subdag_operator.section-2 to None, run_after=None
[2026-07-16T23:18:12.636+0530] {logging_mixin.py:190} INFO - [2026-07-16T23:18:12.636+0530] {dag.py:3239} INFO - Sync 2 DAGs
[2026-07-16T23:18:12.639+0530] {logging_mixin.py:190} INFO - [2026-07-16T23:18:12.639+0530] {dag.py:4180} INFO - Setting next_dagrun for example_subdag_operator.section-1 to None, run_after=None
[2026-07-16T23:18:12.641+0530] {logging_mixin.py:190} INFO - [2026-07-16T23:18:12.641+0530] {dag.py:4180} INFO - Setting next_dagrun for example_subdag_operator.section-2 to None, run_after=None
[2026-07-16T23:18:12.647+0530] {processor.py:208} INFO - Processing /Users/bhavishyachallagolla/Desktop/RetailSense/.venv/lib/python3.9/site-packages/airflow/example_dags/example_subdag_operator.py took 0.164 seconds
