[2026-07-16T23:18:52.457+0530] {processor.py:186} INFO - Started process (PID=73676) to work on /Users/bhavishyachallagolla/Desktop/RetailSense/.venv/lib/python3.9/site-packages/airflow/example_dags/example_inlet_event_extra.py
[2026-07-16T23:18:52.458+0530] {processor.py:914} INFO - Processing file /Users/bhavishyachallagolla/Desktop/RetailSense/.venv/lib/python3.9/site-packages/airflow/example_dags/example_inlet_event_extra.py for tasks to queue
[2026-07-16T23:18:52.459+0530] {logging_mixin.py:190} INFO - [2026-07-16T23:18:52.459+0530] {dagbag.py:588} INFO - Filling up the DagBag from /Users/bhavishyachallagolla/Desktop/RetailSense/.venv/lib/python3.9/site-packages/airflow/example_dags/example_inlet_event_extra.py
[2026-07-16T23:18:52.510+0530] {processor.py:925} INFO - DAG(s) 'read_dataset_event', 'read_dataset_event_from_classic' retrieved from /Users/bhavishyachallagolla/Desktop/RetailSense/.venv/lib/python3.9/site-packages/airflow/example_dags/example_inlet_event_extra.py
[2026-07-16T23:18:52.583+0530] {logging_mixin.py:190} INFO - [2026-07-16T23:18:52.583+0530] {override.py:1912} INFO - Created Permission View: can edit on DAG:read_dataset_event
[2026-07-16T23:18:52.587+0530] {logging_mixin.py:190} INFO - [2026-07-16T23:18:52.586+0530] {override.py:1912} INFO - Created Permission View: can read on DAG:read_dataset_event
[2026-07-16T23:18:52.589+0530] {logging_mixin.py:190} INFO - [2026-07-16T23:18:52.588+0530] {override.py:1912} INFO - Created Permission View: can delete on DAG:read_dataset_event
[2026-07-16T23:18:52.591+0530] {logging_mixin.py:190} INFO - [2026-07-16T23:18:52.591+0530] {override.py:1912} INFO - Created Permission View: menu access on DAG Run:read_dataset_event
[2026-07-16T23:18:52.593+0530] {logging_mixin.py:190} INFO - [2026-07-16T23:18:52.593+0530] {override.py:1912} INFO - Created Permission View: can create on DAG Run:read_dataset_event
[2026-07-16T23:18:52.595+0530] {logging_mixin.py:190} INFO - [2026-07-16T23:18:52.595+0530] {override.py:1912} INFO - Created Permission View: can read on DAG Run:read_dataset_event
[2026-07-16T23:18:52.598+0530] {logging_mixin.py:190} INFO - [2026-07-16T23:18:52.598+0530] {override.py:1912} INFO - Created Permission View: can delete on DAG Run:read_dataset_event
[2026-07-16T23:18:52.602+0530] {logging_mixin.py:190} INFO - [2026-07-16T23:18:52.602+0530] {override.py:1912} INFO - Created Permission View: can edit on DAG:read_dataset_event_from_classic
[2026-07-16T23:18:52.604+0530] {logging_mixin.py:190} INFO - [2026-07-16T23:18:52.604+0530] {override.py:1912} INFO - Created Permission View: can read on DAG:read_dataset_event_from_classic
[2026-07-16T23:18:52.606+0530] {logging_mixin.py:190} INFO - [2026-07-16T23:18:52.606+0530] {override.py:1912} INFO - Created Permission View: can delete on DAG:read_dataset_event_from_classic
[2026-07-16T23:18:52.608+0530] {logging_mixin.py:190} INFO - [2026-07-16T23:18:52.608+0530] {override.py:1912} INFO - Created Permission View: menu access on DAG Run:read_dataset_event_from_classic
[2026-07-16T23:18:52.610+0530] {logging_mixin.py:190} INFO - [2026-07-16T23:18:52.610+0530] {override.py:1912} INFO - Created Permission View: can create on DAG Run:read_dataset_event_from_classic
[2026-07-16T23:18:52.612+0530] {logging_mixin.py:190} INFO - [2026-07-16T23:18:52.612+0530] {override.py:1912} INFO - Created Permission View: can read on DAG Run:read_dataset_event_from_classic
[2026-07-16T23:18:52.613+0530] {logging_mixin.py:190} INFO - [2026-07-16T23:18:52.613+0530] {override.py:1912} INFO - Created Permission View: can delete on DAG Run:read_dataset_event_from_classic
[2026-07-16T23:18:52.614+0530] {logging_mixin.py:190} INFO - [2026-07-16T23:18:52.614+0530] {dag.py:3239} INFO - Sync 2 DAGs
[2026-07-16T23:18:52.618+0530] {logging_mixin.py:190} INFO - [2026-07-16T23:18:52.618+0530] {dag.py:3262} INFO - Creating ORM DAG for read_dataset_event
[2026-07-16T23:18:52.618+0530] {logging_mixin.py:190} INFO - [2026-07-16T23:18:52.618+0530] {dag.py:3262} INFO - Creating ORM DAG for read_dataset_event_from_classic
[2026-07-16T23:18:52.622+0530] {logging_mixin.py:190} INFO - [2026-07-16T23:18:52.622+0530] {dag.py:4180} INFO - Setting next_dagrun for read_dataset_event to 2026-07-15 00:00:00+00:00, run_after=2026-07-16 00:00:00+00:00
[2026-07-16T23:18:52.623+0530] {logging_mixin.py:190} INFO - [2026-07-16T23:18:52.622+0530] {dag.py:4180} INFO - Setting next_dagrun for read_dataset_event_from_classic to 2026-07-15 00:00:00+00:00, run_after=2026-07-16 00:00:00+00:00
[2026-07-16T23:18:52.628+0530] {processor.py:208} INFO - Processing /Users/bhavishyachallagolla/Desktop/RetailSense/.venv/lib/python3.9/site-packages/airflow/example_dags/example_inlet_event_extra.py took 0.173 seconds
