[2026-07-16T23:19:05.753+0530] {processor.py:186} INFO - Started process (PID=73950) to work on /Users/bhavishyachallagolla/Desktop/RetailSense/.venv/lib/python3.9/site-packages/airflow/example_dags/example_dataset_alias.py
[2026-07-16T23:19:05.754+0530] {processor.py:914} INFO - Processing file /Users/bhavishyachallagolla/Desktop/RetailSense/.venv/lib/python3.9/site-packages/airflow/example_dags/example_dataset_alias.py for tasks to queue
[2026-07-16T23:19:05.755+0530] {logging_mixin.py:190} INFO - [2026-07-16T23:19:05.755+0530] {dagbag.py:588} INFO - Filling up the DagBag from /Users/bhavishyachallagolla/Desktop/RetailSense/.venv/lib/python3.9/site-packages/airflow/example_dags/example_dataset_alias.py
[2026-07-16T23:19:05.841+0530] {processor.py:925} INFO - DAG(s) 'dataset_alias_example_alias_consumer', 'dataset_alias_example_alias_producer', 'dataset_s3_bucket_consumer', 'dataset_s3_bucket_producer' retrieved from /Users/bhavishyachallagolla/Desktop/RetailSense/.venv/lib/python3.9/site-packages/airflow/example_dags/example_dataset_alias.py
[2026-07-16T23:19:05.881+0530] {logging_mixin.py:190} INFO - [2026-07-16T23:19:05.881+0530] {override.py:1912} INFO - Created Permission View: can read on DAG:dataset_alias_example_alias_consumer
[2026-07-16T23:19:05.885+0530] {logging_mixin.py:190} INFO - [2026-07-16T23:19:05.884+0530] {override.py:1912} INFO - Created Permission View: can delete on DAG:dataset_alias_example_alias_consumer
[2026-07-16T23:19:05.887+0530] {logging_mixin.py:190} INFO - [2026-07-16T23:19:05.887+0530] {override.py:1912} INFO - Created Permission View: can edit on DAG:dataset_alias_example_alias_consumer
[2026-07-16T23:19:05.890+0530] {logging_mixin.py:190} INFO - [2026-07-16T23:19:05.890+0530] {override.py:1912} INFO - Created Permission View: can create on DAG Run:dataset_alias_example_alias_consumer
[2026-07-16T23:19:05.893+0530] {logging_mixin.py:190} INFO - [2026-07-16T23:19:05.893+0530] {override.py:1912} INFO - Created Permission View: can read on DAG Run:dataset_alias_example_alias_consumer
[2026-07-16T23:19:05.895+0530] {logging_mixin.py:190} INFO - [2026-07-16T23:19:05.895+0530] {override.py:1912} INFO - Created Permission View: can delete on DAG Run:dataset_alias_example_alias_consumer
[2026-07-16T23:19:05.897+0530] {logging_mixin.py:190} INFO - [2026-07-16T23:19:05.897+0530] {override.py:1912} INFO - Created Permission View: menu access on DAG Run:dataset_alias_example_alias_consumer
[2026-07-16T23:19:05.903+0530] {logging_mixin.py:190} INFO - [2026-07-16T23:19:05.902+0530] {override.py:1912} INFO - Created Permission View: can read on DAG:dataset_alias_example_alias_producer
[2026-07-16T23:19:05.905+0530] {logging_mixin.py:190} INFO - [2026-07-16T23:19:05.905+0530] {override.py:1912} INFO - Created Permission View: can delete on DAG:dataset_alias_example_alias_producer
[2026-07-16T23:19:05.907+0530] {logging_mixin.py:190} INFO - [2026-07-16T23:19:05.907+0530] {override.py:1912} INFO - Created Permission View: can edit on DAG:dataset_alias_example_alias_producer
[2026-07-16T23:19:05.910+0530] {logging_mixin.py:190} INFO - [2026-07-16T23:19:05.910+0530] {override.py:1912} INFO - Created Permission View: can create on DAG Run:dataset_alias_example_alias_producer
[2026-07-16T23:19:05.912+0530] {logging_mixin.py:190} INFO - [2026-07-16T23:19:05.912+0530] {override.py:1912} INFO - Created Permission View: can read on DAG Run:dataset_alias_example_alias_producer
[2026-07-16T23:19:05.914+0530] {logging_mixin.py:190} INFO - [2026-07-16T23:19:05.914+0530] {override.py:1912} INFO - Created Permission View: can delete on DAG Run:dataset_alias_example_alias_producer
[2026-07-16T23:19:05.916+0530] {logging_mixin.py:190} INFO - [2026-07-16T23:19:05.916+0530] {override.py:1912} INFO - Created Permission View: menu access on DAG Run:dataset_alias_example_alias_producer
[2026-07-16T23:19:05.921+0530] {logging_mixin.py:190} INFO - [2026-07-16T23:19:05.921+0530] {override.py:1912} INFO - Created Permission View: can read on DAG:dataset_s3_bucket_consumer
[2026-07-16T23:19:05.923+0530] {logging_mixin.py:190} INFO - [2026-07-16T23:19:05.923+0530] {override.py:1912} INFO - Created Permission View: can delete on DAG:dataset_s3_bucket_consumer
[2026-07-16T23:19:05.926+0530] {logging_mixin.py:190} INFO - [2026-07-16T23:19:05.926+0530] {override.py:1912} INFO - Created Permission View: can edit on DAG:dataset_s3_bucket_consumer
[2026-07-16T23:19:05.929+0530] {logging_mixin.py:190} INFO - [2026-07-16T23:19:05.929+0530] {override.py:1912} INFO - Created Permission View: can create on DAG Run:dataset_s3_bucket_consumer
[2026-07-16T23:19:05.931+0530] {logging_mixin.py:190} INFO - [2026-07-16T23:19:05.931+0530] {override.py:1912} INFO - Created Permission View: can read on DAG Run:dataset_s3_bucket_consumer
[2026-07-16T23:19:05.933+0530] {logging_mixin.py:190} INFO - [2026-07-16T23:19:05.933+0530] {override.py:1912} INFO - Created Permission View: can delete on DAG Run:dataset_s3_bucket_consumer
[2026-07-16T23:19:05.936+0530] {logging_mixin.py:190} INFO - [2026-07-16T23:19:05.935+0530] {override.py:1912} INFO - Created Permission View: menu access on DAG Run:dataset_s3_bucket_consumer
[2026-07-16T23:19:05.940+0530] {logging_mixin.py:190} INFO - [2026-07-16T23:19:05.940+0530] {override.py:1912} INFO - Created Permission View: can read on DAG:dataset_s3_bucket_producer
[2026-07-16T23:19:05.942+0530] {logging_mixin.py:190} INFO - [2026-07-16T23:19:05.942+0530] {override.py:1912} INFO - Created Permission View: can delete on DAG:dataset_s3_bucket_producer
[2026-07-16T23:19:05.945+0530] {logging_mixin.py:190} INFO - [2026-07-16T23:19:05.945+0530] {override.py:1912} INFO - Created Permission View: can edit on DAG:dataset_s3_bucket_producer
[2026-07-16T23:19:05.948+0530] {logging_mixin.py:190} INFO - [2026-07-16T23:19:05.948+0530] {override.py:1912} INFO - Created Permission View: can create on DAG Run:dataset_s3_bucket_producer
[2026-07-16T23:19:05.951+0530] {logging_mixin.py:190} INFO - [2026-07-16T23:19:05.950+0530] {override.py:1912} INFO - Created Permission View: can read on DAG Run:dataset_s3_bucket_producer
[2026-07-16T23:19:05.953+0530] {logging_mixin.py:190} INFO - [2026-07-16T23:19:05.953+0530] {override.py:1912} INFO - Created Permission View: can delete on DAG Run:dataset_s3_bucket_producer
[2026-07-16T23:19:05.955+0530] {logging_mixin.py:190} INFO - [2026-07-16T23:19:05.955+0530] {override.py:1912} INFO - Created Permission View: menu access on DAG Run:dataset_s3_bucket_producer
[2026-07-16T23:19:05.955+0530] {logging_mixin.py:190} INFO - [2026-07-16T23:19:05.955+0530] {dag.py:3239} INFO - Sync 4 DAGs
[2026-07-16T23:19:05.961+0530] {logging_mixin.py:190} INFO - [2026-07-16T23:19:05.960+0530] {dag.py:3262} INFO - Creating ORM DAG for dataset_s3_bucket_consumer
[2026-07-16T23:19:05.961+0530] {logging_mixin.py:190} INFO - [2026-07-16T23:19:05.961+0530] {dag.py:3262} INFO - Creating ORM DAG for dataset_alias_example_alias_producer
[2026-07-16T23:19:05.961+0530] {logging_mixin.py:190} INFO - [2026-07-16T23:19:05.961+0530] {dag.py:3262} INFO - Creating ORM DAG for dataset_s3_bucket_producer
[2026-07-16T23:19:05.961+0530] {logging_mixin.py:190} INFO - [2026-07-16T23:19:05.961+0530] {dag.py:3262} INFO - Creating ORM DAG for dataset_alias_example_alias_consumer
[2026-07-16T23:19:05.965+0530] {logging_mixin.py:190} INFO - [2026-07-16T23:19:05.964+0530] {dag.py:4180} INFO - Setting next_dagrun for dataset_alias_example_alias_consumer to None, run_after=None
[2026-07-16T23:19:05.965+0530] {logging_mixin.py:190} INFO - [2026-07-16T23:19:05.965+0530] {dag.py:4180} INFO - Setting next_dagrun for dataset_alias_example_alias_producer to None, run_after=None
[2026-07-16T23:19:05.965+0530] {logging_mixin.py:190} INFO - [2026-07-16T23:19:05.965+0530] {dag.py:4180} INFO - Setting next_dagrun for dataset_s3_bucket_consumer to None, run_after=None
[2026-07-16T23:19:05.965+0530] {logging_mixin.py:190} INFO - [2026-07-16T23:19:05.965+0530] {dag.py:4180} INFO - Setting next_dagrun for dataset_s3_bucket_producer to None, run_after=None
[2026-07-16T23:19:05.972+0530] {logging_mixin.py:190} INFO - [2026-07-16T23:19:05.971+0530] {workday.py:41} WARNING - Could not import pandas. Holidays will not be considered.
[2026-07-16T23:19:05.978+0530] {processor.py:208} INFO - Processing /Users/bhavishyachallagolla/Desktop/RetailSense/.venv/lib/python3.9/site-packages/airflow/example_dags/example_dataset_alias.py took 0.227 seconds
