[2026-07-16T23:19:03.738+0530] {processor.py:186} INFO - Started process (PID=73904) to work on /Users/bhavishyachallagolla/Desktop/RetailSense/.venv/lib/python3.9/site-packages/airflow/example_dags/example_dataset_alias_with_no_taskflow.py
[2026-07-16T23:19:03.739+0530] {processor.py:914} INFO - Processing file /Users/bhavishyachallagolla/Desktop/RetailSense/.venv/lib/python3.9/site-packages/airflow/example_dags/example_dataset_alias_with_no_taskflow.py for tasks to queue
[2026-07-16T23:19:03.739+0530] {logging_mixin.py:190} INFO - [2026-07-16T23:19:03.739+0530] {dagbag.py:588} INFO - Filling up the DagBag from /Users/bhavishyachallagolla/Desktop/RetailSense/.venv/lib/python3.9/site-packages/airflow/example_dags/example_dataset_alias_with_no_taskflow.py
[2026-07-16T23:19:03.820+0530] {processor.py:925} INFO - DAG(s) 'dataset_s3_bucket_producer_with_no_taskflow', 'dataset_alias_example_alias_producer_with_no_taskflow', 'dataset_s3_bucket_consumer_with_no_taskflow', 'dataset_alias_example_alias_consumer_with_no_taskflow' retrieved from /Users/bhavishyachallagolla/Desktop/RetailSense/.venv/lib/python3.9/site-packages/airflow/example_dags/example_dataset_alias_with_no_taskflow.py
[2026-07-16T23:19:03.863+0530] {logging_mixin.py:190} INFO - [2026-07-16T23:19:03.862+0530] {override.py:1912} INFO - Created Permission View: can delete on DAG:dataset_s3_bucket_producer_with_no_taskflow
[2026-07-16T23:19:03.867+0530] {logging_mixin.py:190} INFO - [2026-07-16T23:19:03.867+0530] {override.py:1912} INFO - Created Permission View: can edit on DAG:dataset_s3_bucket_producer_with_no_taskflow
[2026-07-16T23:19:03.869+0530] {logging_mixin.py:190} INFO - [2026-07-16T23:19:03.869+0530] {override.py:1912} INFO - Created Permission View: can read on DAG:dataset_s3_bucket_producer_with_no_taskflow
[2026-07-16T23:19:03.872+0530] {logging_mixin.py:190} INFO - [2026-07-16T23:19:03.872+0530] {override.py:1912} INFO - Created Permission View: can create on DAG Run:dataset_s3_bucket_producer_with_no_taskflow
[2026-07-16T23:19:03.875+0530] {logging_mixin.py:190} INFO - [2026-07-16T23:19:03.875+0530] {override.py:1912} INFO - Created Permission View: can delete on DAG Run:dataset_s3_bucket_producer_with_no_taskflow
[2026-07-16T23:19:03.877+0530] {logging_mixin.py:190} INFO - [2026-07-16T23:19:03.877+0530] {override.py:1912} INFO - Created Permission View: can read on DAG Run:dataset_s3_bucket_producer_with_no_taskflow
[2026-07-16T23:19:03.879+0530] {logging_mixin.py:190} INFO - [2026-07-16T23:19:03.879+0530] {override.py:1912} INFO - Created Permission View: menu access on DAG Run:dataset_s3_bucket_producer_with_no_taskflow
[2026-07-16T23:19:03.885+0530] {logging_mixin.py:190} INFO - [2026-07-16T23:19:03.884+0530] {override.py:1912} INFO - Created Permission View: can delete on DAG:dataset_alias_example_alias_producer_with_no_taskflow
[2026-07-16T23:19:03.887+0530] {logging_mixin.py:190} INFO - [2026-07-16T23:19:03.887+0530] {override.py:1912} INFO - Created Permission View: can edit on DAG:dataset_alias_example_alias_producer_with_no_taskflow
[2026-07-16T23:19:03.889+0530] {logging_mixin.py:190} INFO - [2026-07-16T23:19:03.889+0530] {override.py:1912} INFO - Created Permission View: can read on DAG:dataset_alias_example_alias_producer_with_no_taskflow
[2026-07-16T23:19:03.892+0530] {logging_mixin.py:190} INFO - [2026-07-16T23:19:03.892+0530] {override.py:1912} INFO - Created Permission View: can create on DAG Run:dataset_alias_example_alias_producer_with_no_taskflow
[2026-07-16T23:19:03.895+0530] {logging_mixin.py:190} INFO - [2026-07-16T23:19:03.895+0530] {override.py:1912} INFO - Created Permission View: can delete on DAG Run:dataset_alias_example_alias_producer_with_no_taskflow
[2026-07-16T23:19:03.898+0530] {logging_mixin.py:190} INFO - [2026-07-16T23:19:03.897+0530] {override.py:1912} INFO - Created Permission View: can read on DAG Run:dataset_alias_example_alias_producer_with_no_taskflow
[2026-07-16T23:19:03.900+0530] {logging_mixin.py:190} INFO - [2026-07-16T23:19:03.900+0530] {override.py:1912} INFO - Created Permission View: menu access on DAG Run:dataset_alias_example_alias_producer_with_no_taskflow
[2026-07-16T23:19:03.905+0530] {logging_mixin.py:190} INFO - [2026-07-16T23:19:03.905+0530] {override.py:1912} INFO - Created Permission View: can delete on DAG:dataset_s3_bucket_consumer_with_no_taskflow
[2026-07-16T23:19:03.907+0530] {logging_mixin.py:190} INFO - [2026-07-16T23:19:03.907+0530] {override.py:1912} INFO - Created Permission View: can edit on DAG:dataset_s3_bucket_consumer_with_no_taskflow
[2026-07-16T23:19:03.909+0530] {logging_mixin.py:190} INFO - [2026-07-16T23:19:03.909+0530] {override.py:1912} INFO - Created Permission View: can read on DAG:dataset_s3_bucket_consumer_with_no_taskflow
[2026-07-16T23:19:03.912+0530] {logging_mixin.py:190} INFO - [2026-07-16T23:19:03.912+0530] {override.py:1912} INFO - Created Permission View: can create on DAG Run:dataset_s3_bucket_consumer_with_no_taskflow
[2026-07-16T23:19:03.914+0530] {logging_mixin.py:190} INFO - [2026-07-16T23:19:03.914+0530] {override.py:1912} INFO - Created Permission View: can delete on DAG Run:dataset_s3_bucket_consumer_with_no_taskflow
[2026-07-16T23:19:03.916+0530] {logging_mixin.py:190} INFO - [2026-07-16T23:19:03.916+0530] {override.py:1912} INFO - Created Permission View: can read on DAG Run:dataset_s3_bucket_consumer_with_no_taskflow
[2026-07-16T23:19:03.918+0530] {logging_mixin.py:190} INFO - [2026-07-16T23:19:03.918+0530] {override.py:1912} INFO - Created Permission View: menu access on DAG Run:dataset_s3_bucket_consumer_with_no_taskflow
[2026-07-16T23:19:03.923+0530] {logging_mixin.py:190} INFO - [2026-07-16T23:19:03.923+0530] {override.py:1912} INFO - Created Permission View: can delete on DAG:dataset_alias_example_alias_consumer_with_no_taskflow
[2026-07-16T23:19:03.925+0530] {logging_mixin.py:190} INFO - [2026-07-16T23:19:03.925+0530] {override.py:1912} INFO - Created Permission View: can edit on DAG:dataset_alias_example_alias_consumer_with_no_taskflow
[2026-07-16T23:19:03.927+0530] {logging_mixin.py:190} INFO - [2026-07-16T23:19:03.927+0530] {override.py:1912} INFO - Created Permission View: can read on DAG:dataset_alias_example_alias_consumer_with_no_taskflow
[2026-07-16T23:19:03.930+0530] {logging_mixin.py:190} INFO - [2026-07-16T23:19:03.930+0530] {override.py:1912} INFO - Created Permission View: can create on DAG Run:dataset_alias_example_alias_consumer_with_no_taskflow
[2026-07-16T23:19:03.932+0530] {logging_mixin.py:190} INFO - [2026-07-16T23:19:03.932+0530] {override.py:1912} INFO - Created Permission View: can delete on DAG Run:dataset_alias_example_alias_consumer_with_no_taskflow
[2026-07-16T23:19:03.935+0530] {logging_mixin.py:190} INFO - [2026-07-16T23:19:03.935+0530] {override.py:1912} INFO - Created Permission View: can read on DAG Run:dataset_alias_example_alias_consumer_with_no_taskflow
[2026-07-16T23:19:03.937+0530] {logging_mixin.py:190} INFO - [2026-07-16T23:19:03.937+0530] {override.py:1912} INFO - Created Permission View: menu access on DAG Run:dataset_alias_example_alias_consumer_with_no_taskflow
[2026-07-16T23:19:03.937+0530] {logging_mixin.py:190} INFO - [2026-07-16T23:19:03.937+0530] {dag.py:3239} INFO - Sync 4 DAGs
[2026-07-16T23:19:03.943+0530] {logging_mixin.py:190} INFO - [2026-07-16T23:19:03.943+0530] {dag.py:3262} INFO - Creating ORM DAG for dataset_s3_bucket_consumer_with_no_taskflow
[2026-07-16T23:19:03.943+0530] {logging_mixin.py:190} INFO - [2026-07-16T23:19:03.943+0530] {dag.py:3262} INFO - Creating ORM DAG for dataset_s3_bucket_producer_with_no_taskflow
[2026-07-16T23:19:03.943+0530] {logging_mixin.py:190} INFO - [2026-07-16T23:19:03.943+0530] {dag.py:3262} INFO - Creating ORM DAG for dataset_alias_example_alias_producer_with_no_taskflow
[2026-07-16T23:19:03.943+0530] {logging_mixin.py:190} INFO - [2026-07-16T23:19:03.943+0530] {dag.py:3262} INFO - Creating ORM DAG for dataset_alias_example_alias_consumer_with_no_taskflow
[2026-07-16T23:19:03.946+0530] {logging_mixin.py:190} INFO - [2026-07-16T23:19:03.946+0530] {dag.py:4180} INFO - Setting next_dagrun for dataset_alias_example_alias_consumer_with_no_taskflow to None, run_after=None
[2026-07-16T23:19:03.947+0530] {logging_mixin.py:190} INFO - [2026-07-16T23:19:03.947+0530] {dag.py:4180} INFO - Setting next_dagrun for dataset_alias_example_alias_producer_with_no_taskflow to None, run_after=None
[2026-07-16T23:19:03.947+0530] {logging_mixin.py:190} INFO - [2026-07-16T23:19:03.947+0530] {dag.py:4180} INFO - Setting next_dagrun for dataset_s3_bucket_consumer_with_no_taskflow to None, run_after=None
[2026-07-16T23:19:03.947+0530] {logging_mixin.py:190} INFO - [2026-07-16T23:19:03.947+0530] {dag.py:4180} INFO - Setting next_dagrun for dataset_s3_bucket_producer_with_no_taskflow to None, run_after=None
[2026-07-16T23:19:03.953+0530] {logging_mixin.py:190} INFO - [2026-07-16T23:19:03.953+0530] {workday.py:41} WARNING - Could not import pandas. Holidays will not be considered.
[2026-07-16T23:19:03.960+0530] {processor.py:208} INFO - Processing /Users/bhavishyachallagolla/Desktop/RetailSense/.venv/lib/python3.9/site-packages/airflow/example_dags/example_dataset_alias_with_no_taskflow.py took 0.224 seconds
