[2026-07-16T23:18:40.726+0530] {processor.py:186} INFO - Started process (PID=73441) to work on /Users/bhavishyachallagolla/Desktop/RetailSense/.venv/lib/python3.9/site-packages/airflow/example_dags/example_outlet_event_extra.py
[2026-07-16T23:18:40.727+0530] {processor.py:914} INFO - Processing file /Users/bhavishyachallagolla/Desktop/RetailSense/.venv/lib/python3.9/site-packages/airflow/example_dags/example_outlet_event_extra.py for tasks to queue
[2026-07-16T23:18:40.728+0530] {logging_mixin.py:190} INFO - [2026-07-16T23:18:40.728+0530] {dagbag.py:588} INFO - Filling up the DagBag from /Users/bhavishyachallagolla/Desktop/RetailSense/.venv/lib/python3.9/site-packages/airflow/example_dags/example_outlet_event_extra.py
[2026-07-16T23:18:40.795+0530] {processor.py:925} INFO - DAG(s) 'dataset_with_extra_by_context', 'dataset_with_extra_from_classic_operator', 'dataset_with_extra_by_yield' retrieved from /Users/bhavishyachallagolla/Desktop/RetailSense/.venv/lib/python3.9/site-packages/airflow/example_dags/example_outlet_event_extra.py
[2026-07-16T23:18:40.886+0530] {logging_mixin.py:190} INFO - [2026-07-16T23:18:40.886+0530] {override.py:1912} INFO - Created Permission View: can read on DAG:dataset_with_extra_by_context
[2026-07-16T23:18:40.890+0530] {logging_mixin.py:190} INFO - [2026-07-16T23:18:40.890+0530] {override.py:1912} INFO - Created Permission View: can edit on DAG:dataset_with_extra_by_context
[2026-07-16T23:18:40.893+0530] {logging_mixin.py:190} INFO - [2026-07-16T23:18:40.893+0530] {override.py:1912} INFO - Created Permission View: can delete on DAG:dataset_with_extra_by_context
[2026-07-16T23:18:40.897+0530] {logging_mixin.py:190} INFO - [2026-07-16T23:18:40.896+0530] {override.py:1912} INFO - Created Permission View: can read on DAG Run:dataset_with_extra_by_context
[2026-07-16T23:18:40.900+0530] {logging_mixin.py:190} INFO - [2026-07-16T23:18:40.900+0530] {override.py:1912} INFO - Created Permission View: can delete on DAG Run:dataset_with_extra_by_context
[2026-07-16T23:18:40.903+0530] {logging_mixin.py:190} INFO - [2026-07-16T23:18:40.903+0530] {override.py:1912} INFO - Created Permission View: can create on DAG Run:dataset_with_extra_by_context
[2026-07-16T23:18:40.906+0530] {logging_mixin.py:190} INFO - [2026-07-16T23:18:40.906+0530] {override.py:1912} INFO - Created Permission View: menu access on DAG Run:dataset_with_extra_by_context
[2026-07-16T23:18:40.912+0530] {logging_mixin.py:190} INFO - [2026-07-16T23:18:40.912+0530] {override.py:1912} INFO - Created Permission View: can read on DAG:dataset_with_extra_from_classic_operator
[2026-07-16T23:18:40.915+0530] {logging_mixin.py:190} INFO - [2026-07-16T23:18:40.915+0530] {override.py:1912} INFO - Created Permission View: can edit on DAG:dataset_with_extra_from_classic_operator
[2026-07-16T23:18:40.917+0530] {logging_mixin.py:190} INFO - [2026-07-16T23:18:40.917+0530] {override.py:1912} INFO - Created Permission View: can delete on DAG:dataset_with_extra_from_classic_operator
[2026-07-16T23:18:40.920+0530] {logging_mixin.py:190} INFO - [2026-07-16T23:18:40.920+0530] {override.py:1912} INFO - Created Permission View: can read on DAG Run:dataset_with_extra_from_classic_operator
[2026-07-16T23:18:40.923+0530] {logging_mixin.py:190} INFO - [2026-07-16T23:18:40.922+0530] {override.py:1912} INFO - Created Permission View: can delete on DAG Run:dataset_with_extra_from_classic_operator
[2026-07-16T23:18:40.925+0530] {logging_mixin.py:190} INFO - [2026-07-16T23:18:40.925+0530] {override.py:1912} INFO - Created Permission View: can create on DAG Run:dataset_with_extra_from_classic_operator
[2026-07-16T23:18:40.927+0530] {logging_mixin.py:190} INFO - [2026-07-16T23:18:40.927+0530] {override.py:1912} INFO - Created Permission View: menu access on DAG Run:dataset_with_extra_from_classic_operator
[2026-07-16T23:18:40.933+0530] {logging_mixin.py:190} INFO - [2026-07-16T23:18:40.933+0530] {override.py:1912} INFO - Created Permission View: can read on DAG:dataset_with_extra_by_yield
[2026-07-16T23:18:40.935+0530] {logging_mixin.py:190} INFO - [2026-07-16T23:18:40.935+0530] {override.py:1912} INFO - Created Permission View: can edit on DAG:dataset_with_extra_by_yield
[2026-07-16T23:18:40.938+0530] {logging_mixin.py:190} INFO - [2026-07-16T23:18:40.938+0530] {override.py:1912} INFO - Created Permission View: can delete on DAG:dataset_with_extra_by_yield
[2026-07-16T23:18:40.941+0530] {logging_mixin.py:190} INFO - [2026-07-16T23:18:40.941+0530] {override.py:1912} INFO - Created Permission View: can read on DAG Run:dataset_with_extra_by_yield
[2026-07-16T23:18:40.943+0530] {logging_mixin.py:190} INFO - [2026-07-16T23:18:40.943+0530] {override.py:1912} INFO - Created Permission View: can delete on DAG Run:dataset_with_extra_by_yield
[2026-07-16T23:18:40.946+0530] {logging_mixin.py:190} INFO - [2026-07-16T23:18:40.946+0530] {override.py:1912} INFO - Created Permission View: can create on DAG Run:dataset_with_extra_by_yield
[2026-07-16T23:18:40.948+0530] {logging_mixin.py:190} INFO - [2026-07-16T23:18:40.948+0530] {override.py:1912} INFO - Created Permission View: menu access on DAG Run:dataset_with_extra_by_yield
[2026-07-16T23:18:40.948+0530] {logging_mixin.py:190} INFO - [2026-07-16T23:18:40.948+0530] {dag.py:3239} INFO - Sync 3 DAGs
[2026-07-16T23:18:40.954+0530] {logging_mixin.py:190} INFO - [2026-07-16T23:18:40.954+0530] {dag.py:3262} INFO - Creating ORM DAG for dataset_with_extra_by_context
[2026-07-16T23:18:40.955+0530] {logging_mixin.py:190} INFO - [2026-07-16T23:18:40.955+0530] {dag.py:3262} INFO - Creating ORM DAG for dataset_with_extra_by_yield
[2026-07-16T23:18:40.955+0530] {logging_mixin.py:190} INFO - [2026-07-16T23:18:40.955+0530] {dag.py:3262} INFO - Creating ORM DAG for dataset_with_extra_from_classic_operator
[2026-07-16T23:18:40.960+0530] {logging_mixin.py:190} INFO - [2026-07-16T23:18:40.960+0530] {dag.py:4180} INFO - Setting next_dagrun for dataset_with_extra_by_context to 2026-07-15 00:00:00+00:00, run_after=2026-07-16 00:00:00+00:00
[2026-07-16T23:18:40.961+0530] {logging_mixin.py:190} INFO - [2026-07-16T23:18:40.961+0530] {dag.py:4180} INFO - Setting next_dagrun for dataset_with_extra_by_yield to 2026-07-15 00:00:00+00:00, run_after=2026-07-16 00:00:00+00:00
[2026-07-16T23:18:40.962+0530] {logging_mixin.py:190} INFO - [2026-07-16T23:18:40.962+0530] {dag.py:4180} INFO - Setting next_dagrun for dataset_with_extra_from_classic_operator to 2026-07-15 00:00:00+00:00, run_after=2026-07-16 00:00:00+00:00
[2026-07-16T23:18:40.970+0530] {logging_mixin.py:190} INFO - [2026-07-16T23:18:40.970+0530] {workday.py:41} WARNING - Could not import pandas. Holidays will not be considered.
[2026-07-16T23:18:40.977+0530] {processor.py:208} INFO - Processing /Users/bhavishyachallagolla/Desktop/RetailSense/.venv/lib/python3.9/site-packages/airflow/example_dags/example_outlet_event_extra.py took 0.253 seconds
