[2026-07-16T23:19:22.692+0530] {processor.py:186} INFO - Started process (PID=74291) to work on /Users/bhavishyachallagolla/Desktop/RetailSense/.venv/lib/python3.9/site-packages/airflow/example_dags/example_branch_datetime_operator.py
[2026-07-16T23:19:22.694+0530] {processor.py:914} INFO - Processing file /Users/bhavishyachallagolla/Desktop/RetailSense/.venv/lib/python3.9/site-packages/airflow/example_dags/example_branch_datetime_operator.py for tasks to queue
[2026-07-16T23:19:22.695+0530] {logging_mixin.py:190} INFO - [2026-07-16T23:19:22.694+0530] {dagbag.py:588} INFO - Filling up the DagBag from /Users/bhavishyachallagolla/Desktop/RetailSense/.venv/lib/python3.9/site-packages/airflow/example_dags/example_branch_datetime_operator.py
[2026-07-16T23:19:22.703+0530] {processor.py:925} INFO - DAG(s) 'example_branch_datetime_operator_2', 'example_branch_datetime_operator', 'example_branch_datetime_operator_3' retrieved from /Users/bhavishyachallagolla/Desktop/RetailSense/.venv/lib/python3.9/site-packages/airflow/example_dags/example_branch_datetime_operator.py
[2026-07-16T23:19:22.816+0530] {logging_mixin.py:190} INFO - [2026-07-16T23:19:22.816+0530] {override.py:1912} INFO - Created Permission View: can read on DAG:example_branch_datetime_operator_2
[2026-07-16T23:19:22.822+0530] {logging_mixin.py:190} INFO - [2026-07-16T23:19:22.821+0530] {override.py:1912} INFO - Created Permission View: can delete on DAG:example_branch_datetime_operator_2
[2026-07-16T23:19:22.826+0530] {logging_mixin.py:190} INFO - [2026-07-16T23:19:22.826+0530] {override.py:1912} INFO - Created Permission View: can edit on DAG:example_branch_datetime_operator_2
[2026-07-16T23:19:22.831+0530] {logging_mixin.py:190} INFO - [2026-07-16T23:19:22.830+0530] {override.py:1912} INFO - Created Permission View: can read on DAG Run:example_branch_datetime_operator_2
[2026-07-16T23:19:22.834+0530] {logging_mixin.py:190} INFO - [2026-07-16T23:19:22.834+0530] {override.py:1912} INFO - Created Permission View: can create on DAG Run:example_branch_datetime_operator_2
[2026-07-16T23:19:22.838+0530] {logging_mixin.py:190} INFO - [2026-07-16T23:19:22.838+0530] {override.py:1912} INFO - Created Permission View: can delete on DAG Run:example_branch_datetime_operator_2
[2026-07-16T23:19:22.842+0530] {logging_mixin.py:190} INFO - [2026-07-16T23:19:22.842+0530] {override.py:1912} INFO - Created Permission View: menu access on DAG Run:example_branch_datetime_operator_2
[2026-07-16T23:19:22.848+0530] {logging_mixin.py:190} INFO - [2026-07-16T23:19:22.848+0530] {override.py:1912} INFO - Created Permission View: can read on DAG:example_branch_datetime_operator
[2026-07-16T23:19:22.851+0530] {logging_mixin.py:190} INFO - [2026-07-16T23:19:22.851+0530] {override.py:1912} INFO - Created Permission View: can delete on DAG:example_branch_datetime_operator
[2026-07-16T23:19:22.854+0530] {logging_mixin.py:190} INFO - [2026-07-16T23:19:22.854+0530] {override.py:1912} INFO - Created Permission View: can edit on DAG:example_branch_datetime_operator
[2026-07-16T23:19:22.858+0530] {logging_mixin.py:190} INFO - [2026-07-16T23:19:22.858+0530] {override.py:1912} INFO - Created Permission View: can read on DAG Run:example_branch_datetime_operator
[2026-07-16T23:19:22.861+0530] {logging_mixin.py:190} INFO - [2026-07-16T23:19:22.861+0530] {override.py:1912} INFO - Created Permission View: can create on DAG Run:example_branch_datetime_operator
[2026-07-16T23:19:22.864+0530] {logging_mixin.py:190} INFO - [2026-07-16T23:19:22.864+0530] {override.py:1912} INFO - Created Permission View: can delete on DAG Run:example_branch_datetime_operator
[2026-07-16T23:19:22.868+0530] {logging_mixin.py:190} INFO - [2026-07-16T23:19:22.868+0530] {override.py:1912} INFO - Created Permission View: menu access on DAG Run:example_branch_datetime_operator
[2026-07-16T23:19:22.878+0530] {logging_mixin.py:190} INFO - [2026-07-16T23:19:22.877+0530] {override.py:1912} INFO - Created Permission View: can read on DAG:example_branch_datetime_operator_3
[2026-07-16T23:19:22.881+0530] {logging_mixin.py:190} INFO - [2026-07-16T23:19:22.881+0530] {override.py:1912} INFO - Created Permission View: can delete on DAG:example_branch_datetime_operator_3
[2026-07-16T23:19:22.884+0530] {logging_mixin.py:190} INFO - [2026-07-16T23:19:22.884+0530] {override.py:1912} INFO - Created Permission View: can edit on DAG:example_branch_datetime_operator_3
[2026-07-16T23:19:22.889+0530] {logging_mixin.py:190} INFO - [2026-07-16T23:19:22.889+0530] {override.py:1912} INFO - Created Permission View: can read on DAG Run:example_branch_datetime_operator_3
[2026-07-16T23:19:22.893+0530] {logging_mixin.py:190} INFO - [2026-07-16T23:19:22.893+0530] {override.py:1912} INFO - Created Permission View: can create on DAG Run:example_branch_datetime_operator_3
[2026-07-16T23:19:22.897+0530] {logging_mixin.py:190} INFO - [2026-07-16T23:19:22.896+0530] {override.py:1912} INFO - Created Permission View: can delete on DAG Run:example_branch_datetime_operator_3
[2026-07-16T23:19:22.901+0530] {logging_mixin.py:190} INFO - [2026-07-16T23:19:22.901+0530] {override.py:1912} INFO - Created Permission View: menu access on DAG Run:example_branch_datetime_operator_3
[2026-07-16T23:19:22.902+0530] {logging_mixin.py:190} INFO - [2026-07-16T23:19:22.901+0530] {dag.py:3239} INFO - Sync 3 DAGs
[2026-07-16T23:19:22.911+0530] {logging_mixin.py:190} INFO - [2026-07-16T23:19:22.911+0530] {dag.py:3262} INFO - Creating ORM DAG for example_branch_datetime_operator_2
[2026-07-16T23:19:22.912+0530] {logging_mixin.py:190} INFO - [2026-07-16T23:19:22.912+0530] {dag.py:3262} INFO - Creating ORM DAG for example_branch_datetime_operator
[2026-07-16T23:19:22.912+0530] {logging_mixin.py:190} INFO - [2026-07-16T23:19:22.912+0530] {dag.py:3262} INFO - Creating ORM DAG for example_branch_datetime_operator_3
[2026-07-16T23:19:22.919+0530] {logging_mixin.py:190} INFO - [2026-07-16T23:19:22.919+0530] {dag.py:4180} INFO - Setting next_dagrun for example_branch_datetime_operator to 2026-07-15 00:00:00+00:00, run_after=2026-07-16 00:00:00+00:00
[2026-07-16T23:19:22.920+0530] {logging_mixin.py:190} INFO - [2026-07-16T23:19:22.920+0530] {dag.py:4180} INFO - Setting next_dagrun for example_branch_datetime_operator_2 to 2026-07-15 00:00:00+00:00, run_after=2026-07-16 00:00:00+00:00
[2026-07-16T23:19:22.922+0530] {logging_mixin.py:190} INFO - [2026-07-16T23:19:22.922+0530] {dag.py:4180} INFO - Setting next_dagrun for example_branch_datetime_operator_3 to 2026-07-15 00:00:00+00:00, run_after=2026-07-16 00:00:00+00:00
[2026-07-16T23:19:22.934+0530] {processor.py:208} INFO - Processing /Users/bhavishyachallagolla/Desktop/RetailSense/.venv/lib/python3.9/site-packages/airflow/example_dags/example_branch_datetime_operator.py took 0.243 seconds
