[2026-07-16T23:18:54.420+0530] {processor.py:186} INFO - Started process (PID=73718) to work on /Users/bhavishyachallagolla/Desktop/RetailSense/.venv/lib/python3.9/site-packages/airflow/example_dags/example_external_task_marker_dag.py
[2026-07-16T23:18:54.422+0530] {processor.py:914} INFO - Processing file /Users/bhavishyachallagolla/Desktop/RetailSense/.venv/lib/python3.9/site-packages/airflow/example_dags/example_external_task_marker_dag.py for tasks to queue
[2026-07-16T23:18:54.422+0530] {logging_mixin.py:190} INFO - [2026-07-16T23:18:54.422+0530] {dagbag.py:588} INFO - Filling up the DagBag from /Users/bhavishyachallagolla/Desktop/RetailSense/.venv/lib/python3.9/site-packages/airflow/example_dags/example_external_task_marker_dag.py
[2026-07-16T23:18:54.428+0530] {processor.py:925} INFO - DAG(s) 'example_external_task_marker_child', 'example_external_task_marker_parent' retrieved from /Users/bhavishyachallagolla/Desktop/RetailSense/.venv/lib/python3.9/site-packages/airflow/example_dags/example_external_task_marker_dag.py
[2026-07-16T23:18:54.470+0530] {logging_mixin.py:190} INFO - [2026-07-16T23:18:54.470+0530] {workday.py:41} WARNING - Could not import pandas. Holidays will not be considered.
[2026-07-16T23:18:54.513+0530] {logging_mixin.py:190} INFO - [2026-07-16T23:18:54.513+0530] {override.py:1912} INFO - Created Permission View: can delete on DAG:example_external_task_marker_child
[2026-07-16T23:18:54.517+0530] {logging_mixin.py:190} INFO - [2026-07-16T23:18:54.517+0530] {override.py:1912} INFO - Created Permission View: can read on DAG:example_external_task_marker_child
[2026-07-16T23:18:54.520+0530] {logging_mixin.py:190} INFO - [2026-07-16T23:18:54.519+0530] {override.py:1912} INFO - Created Permission View: can edit on DAG:example_external_task_marker_child
[2026-07-16T23:18:54.522+0530] {logging_mixin.py:190} INFO - [2026-07-16T23:18:54.522+0530] {override.py:1912} INFO - Created Permission View: can create on DAG Run:example_external_task_marker_child
[2026-07-16T23:18:54.524+0530] {logging_mixin.py:190} INFO - [2026-07-16T23:18:54.524+0530] {override.py:1912} INFO - Created Permission View: can delete on DAG Run:example_external_task_marker_child
[2026-07-16T23:18:54.526+0530] {logging_mixin.py:190} INFO - [2026-07-16T23:18:54.526+0530] {override.py:1912} INFO - Created Permission View: menu access on DAG Run:example_external_task_marker_child
[2026-07-16T23:18:54.528+0530] {logging_mixin.py:190} INFO - [2026-07-16T23:18:54.528+0530] {override.py:1912} INFO - Created Permission View: can read on DAG Run:example_external_task_marker_child
[2026-07-16T23:18:54.533+0530] {logging_mixin.py:190} INFO - [2026-07-16T23:18:54.532+0530] {override.py:1912} INFO - Created Permission View: can delete on DAG:example_external_task_marker_parent
[2026-07-16T23:18:54.534+0530] {logging_mixin.py:190} INFO - [2026-07-16T23:18:54.534+0530] {override.py:1912} INFO - Created Permission View: can read on DAG:example_external_task_marker_parent
[2026-07-16T23:18:54.536+0530] {logging_mixin.py:190} INFO - [2026-07-16T23:18:54.536+0530] {override.py:1912} INFO - Created Permission View: can edit on DAG:example_external_task_marker_parent
[2026-07-16T23:18:54.539+0530] {logging_mixin.py:190} INFO - [2026-07-16T23:18:54.539+0530] {override.py:1912} INFO - Created Permission View: can create on DAG Run:example_external_task_marker_parent
[2026-07-16T23:18:54.541+0530] {logging_mixin.py:190} INFO - [2026-07-16T23:18:54.541+0530] {override.py:1912} INFO - Created Permission View: can delete on DAG Run:example_external_task_marker_parent
[2026-07-16T23:18:54.544+0530] {logging_mixin.py:190} INFO - [2026-07-16T23:18:54.544+0530] {override.py:1912} INFO - Created Permission View: menu access on DAG Run:example_external_task_marker_parent
[2026-07-16T23:18:54.546+0530] {logging_mixin.py:190} INFO - [2026-07-16T23:18:54.546+0530] {override.py:1912} INFO - Created Permission View: can read on DAG Run:example_external_task_marker_parent
[2026-07-16T23:18:54.546+0530] {logging_mixin.py:190} INFO - [2026-07-16T23:18:54.546+0530] {dag.py:3239} INFO - Sync 2 DAGs
[2026-07-16T23:18:54.551+0530] {logging_mixin.py:190} INFO - [2026-07-16T23:18:54.551+0530] {dag.py:3262} INFO - Creating ORM DAG for example_external_task_marker_child
[2026-07-16T23:18:54.552+0530] {logging_mixin.py:190} INFO - [2026-07-16T23:18:54.552+0530] {dag.py:3262} INFO - Creating ORM DAG for example_external_task_marker_parent
[2026-07-16T23:18:54.552+0530] {logging_mixin.py:190} INFO - [2026-07-16T23:18:54.552+0530] {dag.py:4180} INFO - Setting next_dagrun for example_external_task_marker_child to None, run_after=None
[2026-07-16T23:18:54.552+0530] {logging_mixin.py:190} INFO - [2026-07-16T23:18:54.552+0530] {dag.py:4180} INFO - Setting next_dagrun for example_external_task_marker_parent to None, run_after=None
[2026-07-16T23:18:54.559+0530] {processor.py:208} INFO - Processing /Users/bhavishyachallagolla/Desktop/RetailSense/.venv/lib/python3.9/site-packages/airflow/example_dags/example_external_task_marker_dag.py took 0.140 seconds
