[2026-07-18T15:35:56.959+0530] {processor.py:186} INFO - Started process (PID=3289) to work on /Users/bhavishyachallagolla/Desktop/RetailSense/.venv/lib/python3.12/site-packages/airflow/example_dags/plugins/listener_plugin.py
[2026-07-18T15:35:56.959+0530] {processor.py:914} INFO - Processing file /Users/bhavishyachallagolla/Desktop/RetailSense/.venv/lib/python3.12/site-packages/airflow/example_dags/plugins/listener_plugin.py for tasks to queue
[2026-07-18T15:35:56.959+0530] {logging_mixin.py:190} INFO - [2026-07-18T15:35:56.959+0530] {dagbag.py:588} INFO - Filling up the DagBag from /Users/bhavishyachallagolla/Desktop/RetailSense/.venv/lib/python3.12/site-packages/airflow/example_dags/plugins/listener_plugin.py
[2026-07-18T15:35:56.960+0530] {processor.py:927} WARNING - No viable dags retrieved from /Users/bhavishyachallagolla/Desktop/RetailSense/.venv/lib/python3.12/site-packages/airflow/example_dags/plugins/listener_plugin.py
[2026-07-18T15:35:56.982+0530] {processor.py:208} INFO - Processing /Users/bhavishyachallagolla/Desktop/RetailSense/.venv/lib/python3.12/site-packages/airflow/example_dags/plugins/listener_plugin.py took 0.024 seconds
[2026-07-18T15:37:18.467+0530] {processor.py:186} INFO - Started process (PID=3496) to work on /Users/bhavishyachallagolla/Desktop/RetailSense/.venv/lib/python3.12/site-packages/airflow/example_dags/plugins/listener_plugin.py
[2026-07-18T15:37:18.467+0530] {processor.py:914} INFO - Processing file /Users/bhavishyachallagolla/Desktop/RetailSense/.venv/lib/python3.12/site-packages/airflow/example_dags/plugins/listener_plugin.py for tasks to queue
[2026-07-18T15:37:18.467+0530] {logging_mixin.py:190} INFO - [2026-07-18T15:37:18.467+0530] {dagbag.py:588} INFO - Filling up the DagBag from /Users/bhavishyachallagolla/Desktop/RetailSense/.venv/lib/python3.12/site-packages/airflow/example_dags/plugins/listener_plugin.py
[2026-07-18T15:37:18.468+0530] {processor.py:927} WARNING - No viable dags retrieved from /Users/bhavishyachallagolla/Desktop/RetailSense/.venv/lib/python3.12/site-packages/airflow/example_dags/plugins/listener_plugin.py
[2026-07-18T15:37:18.492+0530] {processor.py:208} INFO - Processing /Users/bhavishyachallagolla/Desktop/RetailSense/.venv/lib/python3.12/site-packages/airflow/example_dags/plugins/listener_plugin.py took 0.026 seconds
[2026-07-18T15:38:20.325+0530] {processor.py:186} INFO - Started process (PID=3658) to work on /Users/bhavishyachallagolla/Desktop/RetailSense/.venv/lib/python3.12/site-packages/airflow/example_dags/plugins/listener_plugin.py
[2026-07-18T15:38:20.326+0530] {processor.py:914} INFO - Processing file /Users/bhavishyachallagolla/Desktop/RetailSense/.venv/lib/python3.12/site-packages/airflow/example_dags/plugins/listener_plugin.py for tasks to queue
[2026-07-18T15:38:20.326+0530] {logging_mixin.py:190} INFO - [2026-07-18T15:38:20.326+0530] {dagbag.py:588} INFO - Filling up the DagBag from /Users/bhavishyachallagolla/Desktop/RetailSense/.venv/lib/python3.12/site-packages/airflow/example_dags/plugins/listener_plugin.py
[2026-07-18T15:38:20.327+0530] {processor.py:927} WARNING - No viable dags retrieved from /Users/bhavishyachallagolla/Desktop/RetailSense/.venv/lib/python3.12/site-packages/airflow/example_dags/plugins/listener_plugin.py
[2026-07-18T15:38:20.349+0530] {processor.py:208} INFO - Processing /Users/bhavishyachallagolla/Desktop/RetailSense/.venv/lib/python3.12/site-packages/airflow/example_dags/plugins/listener_plugin.py took 0.025 seconds
[2026-07-18T15:39:21.970+0530] {processor.py:186} INFO - Started process (PID=3831) to work on /Users/bhavishyachallagolla/Desktop/RetailSense/.venv/lib/python3.12/site-packages/airflow/example_dags/plugins/listener_plugin.py
[2026-07-18T15:39:21.970+0530] {processor.py:914} INFO - Processing file /Users/bhavishyachallagolla/Desktop/RetailSense/.venv/lib/python3.12/site-packages/airflow/example_dags/plugins/listener_plugin.py for tasks to queue
[2026-07-18T15:39:21.971+0530] {logging_mixin.py:190} INFO - [2026-07-18T15:39:21.971+0530] {dagbag.py:588} INFO - Filling up the DagBag from /Users/bhavishyachallagolla/Desktop/RetailSense/.venv/lib/python3.12/site-packages/airflow/example_dags/plugins/listener_plugin.py
[2026-07-18T15:39:21.971+0530] {processor.py:927} WARNING - No viable dags retrieved from /Users/bhavishyachallagolla/Desktop/RetailSense/.venv/lib/python3.12/site-packages/airflow/example_dags/plugins/listener_plugin.py
[2026-07-18T15:39:21.994+0530] {processor.py:208} INFO - Processing /Users/bhavishyachallagolla/Desktop/RetailSense/.venv/lib/python3.12/site-packages/airflow/example_dags/plugins/listener_plugin.py took 0.025 seconds
[2026-07-18T15:40:12.393+0530] {processor.py:186} INFO - Started process (PID=3960) to work on /Users/bhavishyachallagolla/Desktop/RetailSense/.venv/lib/python3.12/site-packages/airflow/example_dags/plugins/listener_plugin.py
[2026-07-18T15:40:12.394+0530] {processor.py:914} INFO - Processing file /Users/bhavishyachallagolla/Desktop/RetailSense/.venv/lib/python3.12/site-packages/airflow/example_dags/plugins/listener_plugin.py for tasks to queue
[2026-07-18T15:40:12.394+0530] {logging_mixin.py:190} INFO - [2026-07-18T15:40:12.394+0530] {dagbag.py:588} INFO - Filling up the DagBag from /Users/bhavishyachallagolla/Desktop/RetailSense/.venv/lib/python3.12/site-packages/airflow/example_dags/plugins/listener_plugin.py
[2026-07-18T15:40:12.395+0530] {processor.py:927} WARNING - No viable dags retrieved from /Users/bhavishyachallagolla/Desktop/RetailSense/.venv/lib/python3.12/site-packages/airflow/example_dags/plugins/listener_plugin.py
[2026-07-18T15:40:12.418+0530] {processor.py:208} INFO - Processing /Users/bhavishyachallagolla/Desktop/RetailSense/.venv/lib/python3.12/site-packages/airflow/example_dags/plugins/listener_plugin.py took 0.026 seconds
[2026-07-18T15:41:01.988+0530] {processor.py:186} INFO - Started process (PID=4096) to work on /Users/bhavishyachallagolla/Desktop/RetailSense/.venv/lib/python3.12/site-packages/airflow/example_dags/plugins/listener_plugin.py
[2026-07-18T15:41:01.990+0530] {processor.py:914} INFO - Processing file /Users/bhavishyachallagolla/Desktop/RetailSense/.venv/lib/python3.12/site-packages/airflow/example_dags/plugins/listener_plugin.py for tasks to queue
[2026-07-18T15:41:01.990+0530] {logging_mixin.py:190} INFO - [2026-07-18T15:41:01.990+0530] {dagbag.py:588} INFO - Filling up the DagBag from /Users/bhavishyachallagolla/Desktop/RetailSense/.venv/lib/python3.12/site-packages/airflow/example_dags/plugins/listener_plugin.py
[2026-07-18T15:41:01.991+0530] {processor.py:927} WARNING - No viable dags retrieved from /Users/bhavishyachallagolla/Desktop/RetailSense/.venv/lib/python3.12/site-packages/airflow/example_dags/plugins/listener_plugin.py
[2026-07-18T15:41:02.013+0530] {processor.py:208} INFO - Processing /Users/bhavishyachallagolla/Desktop/RetailSense/.venv/lib/python3.12/site-packages/airflow/example_dags/plugins/listener_plugin.py took 0.026 seconds
[2026-07-18T15:41:52.563+0530] {processor.py:186} INFO - Started process (PID=4223) to work on /Users/bhavishyachallagolla/Desktop/RetailSense/.venv/lib/python3.12/site-packages/airflow/example_dags/plugins/listener_plugin.py
[2026-07-18T15:41:52.563+0530] {processor.py:914} INFO - Processing file /Users/bhavishyachallagolla/Desktop/RetailSense/.venv/lib/python3.12/site-packages/airflow/example_dags/plugins/listener_plugin.py for tasks to queue
[2026-07-18T15:41:52.563+0530] {logging_mixin.py:190} INFO - [2026-07-18T15:41:52.563+0530] {dagbag.py:588} INFO - Filling up the DagBag from /Users/bhavishyachallagolla/Desktop/RetailSense/.venv/lib/python3.12/site-packages/airflow/example_dags/plugins/listener_plugin.py
[2026-07-18T15:41:52.564+0530] {processor.py:927} WARNING - No viable dags retrieved from /Users/bhavishyachallagolla/Desktop/RetailSense/.venv/lib/python3.12/site-packages/airflow/example_dags/plugins/listener_plugin.py
[2026-07-18T15:41:52.587+0530] {processor.py:208} INFO - Processing /Users/bhavishyachallagolla/Desktop/RetailSense/.venv/lib/python3.12/site-packages/airflow/example_dags/plugins/listener_plugin.py took 0.025 seconds
[2026-07-18T15:42:44.929+0530] {processor.py:186} INFO - Started process (PID=4351) to work on /Users/bhavishyachallagolla/Desktop/RetailSense/.venv/lib/python3.12/site-packages/airflow/example_dags/plugins/listener_plugin.py
[2026-07-18T15:42:44.929+0530] {processor.py:914} INFO - Processing file /Users/bhavishyachallagolla/Desktop/RetailSense/.venv/lib/python3.12/site-packages/airflow/example_dags/plugins/listener_plugin.py for tasks to queue
[2026-07-18T15:42:44.929+0530] {logging_mixin.py:190} INFO - [2026-07-18T15:42:44.929+0530] {dagbag.py:588} INFO - Filling up the DagBag from /Users/bhavishyachallagolla/Desktop/RetailSense/.venv/lib/python3.12/site-packages/airflow/example_dags/plugins/listener_plugin.py
[2026-07-18T15:42:44.930+0530] {processor.py:927} WARNING - No viable dags retrieved from /Users/bhavishyachallagolla/Desktop/RetailSense/.venv/lib/python3.12/site-packages/airflow/example_dags/plugins/listener_plugin.py
[2026-07-18T15:42:44.952+0530] {processor.py:208} INFO - Processing /Users/bhavishyachallagolla/Desktop/RetailSense/.venv/lib/python3.12/site-packages/airflow/example_dags/plugins/listener_plugin.py took 0.024 seconds
[2026-07-18T15:43:38.176+0530] {processor.py:186} INFO - Started process (PID=4517) to work on /Users/bhavishyachallagolla/Desktop/RetailSense/.venv/lib/python3.12/site-packages/airflow/example_dags/plugins/listener_plugin.py
[2026-07-18T15:43:38.177+0530] {processor.py:914} INFO - Processing file /Users/bhavishyachallagolla/Desktop/RetailSense/.venv/lib/python3.12/site-packages/airflow/example_dags/plugins/listener_plugin.py for tasks to queue
[2026-07-18T15:43:38.178+0530] {logging_mixin.py:190} INFO - [2026-07-18T15:43:38.178+0530] {dagbag.py:588} INFO - Filling up the DagBag from /Users/bhavishyachallagolla/Desktop/RetailSense/.venv/lib/python3.12/site-packages/airflow/example_dags/plugins/listener_plugin.py
[2026-07-18T15:43:38.178+0530] {processor.py:927} WARNING - No viable dags retrieved from /Users/bhavishyachallagolla/Desktop/RetailSense/.venv/lib/python3.12/site-packages/airflow/example_dags/plugins/listener_plugin.py
[2026-07-18T15:43:38.201+0530] {processor.py:208} INFO - Processing /Users/bhavishyachallagolla/Desktop/RetailSense/.venv/lib/python3.12/site-packages/airflow/example_dags/plugins/listener_plugin.py took 0.025 seconds
[2026-07-18T15:44:39.736+0530] {processor.py:186} INFO - Started process (PID=4672) to work on /Users/bhavishyachallagolla/Desktop/RetailSense/.venv/lib/python3.12/site-packages/airflow/example_dags/plugins/listener_plugin.py
[2026-07-18T15:44:39.737+0530] {processor.py:914} INFO - Processing file /Users/bhavishyachallagolla/Desktop/RetailSense/.venv/lib/python3.12/site-packages/airflow/example_dags/plugins/listener_plugin.py for tasks to queue
[2026-07-18T15:44:39.737+0530] {logging_mixin.py:190} INFO - [2026-07-18T15:44:39.737+0530] {dagbag.py:588} INFO - Filling up the DagBag from /Users/bhavishyachallagolla/Desktop/RetailSense/.venv/lib/python3.12/site-packages/airflow/example_dags/plugins/listener_plugin.py
[2026-07-18T15:44:39.738+0530] {processor.py:927} WARNING - No viable dags retrieved from /Users/bhavishyachallagolla/Desktop/RetailSense/.venv/lib/python3.12/site-packages/airflow/example_dags/plugins/listener_plugin.py
[2026-07-18T15:44:39.761+0530] {processor.py:208} INFO - Processing /Users/bhavishyachallagolla/Desktop/RetailSense/.venv/lib/python3.12/site-packages/airflow/example_dags/plugins/listener_plugin.py took 0.026 seconds
[2026-07-18T15:45:31.796+0530] {processor.py:186} INFO - Started process (PID=4800) to work on /Users/bhavishyachallagolla/Desktop/RetailSense/.venv/lib/python3.12/site-packages/airflow/example_dags/plugins/listener_plugin.py
[2026-07-18T15:45:31.796+0530] {processor.py:914} INFO - Processing file /Users/bhavishyachallagolla/Desktop/RetailSense/.venv/lib/python3.12/site-packages/airflow/example_dags/plugins/listener_plugin.py for tasks to queue
[2026-07-18T15:45:31.796+0530] {logging_mixin.py:190} INFO - [2026-07-18T15:45:31.796+0530] {dagbag.py:588} INFO - Filling up the DagBag from /Users/bhavishyachallagolla/Desktop/RetailSense/.venv/lib/python3.12/site-packages/airflow/example_dags/plugins/listener_plugin.py
[2026-07-18T15:45:31.797+0530] {processor.py:927} WARNING - No viable dags retrieved from /Users/bhavishyachallagolla/Desktop/RetailSense/.venv/lib/python3.12/site-packages/airflow/example_dags/plugins/listener_plugin.py
[2026-07-18T15:45:31.820+0530] {processor.py:208} INFO - Processing /Users/bhavishyachallagolla/Desktop/RetailSense/.venv/lib/python3.12/site-packages/airflow/example_dags/plugins/listener_plugin.py took 0.025 seconds
[2026-07-18T15:46:24.117+0530] {processor.py:186} INFO - Started process (PID=4930) to work on /Users/bhavishyachallagolla/Desktop/RetailSense/.venv/lib/python3.12/site-packages/airflow/example_dags/plugins/listener_plugin.py
[2026-07-18T15:46:24.118+0530] {processor.py:914} INFO - Processing file /Users/bhavishyachallagolla/Desktop/RetailSense/.venv/lib/python3.12/site-packages/airflow/example_dags/plugins/listener_plugin.py for tasks to queue
[2026-07-18T15:46:24.118+0530] {logging_mixin.py:190} INFO - [2026-07-18T15:46:24.118+0530] {dagbag.py:588} INFO - Filling up the DagBag from /Users/bhavishyachallagolla/Desktop/RetailSense/.venv/lib/python3.12/site-packages/airflow/example_dags/plugins/listener_plugin.py
[2026-07-18T15:46:24.119+0530] {processor.py:927} WARNING - No viable dags retrieved from /Users/bhavishyachallagolla/Desktop/RetailSense/.venv/lib/python3.12/site-packages/airflow/example_dags/plugins/listener_plugin.py
[2026-07-18T15:46:24.141+0530] {processor.py:208} INFO - Processing /Users/bhavishyachallagolla/Desktop/RetailSense/.venv/lib/python3.12/site-packages/airflow/example_dags/plugins/listener_plugin.py took 0.025 seconds
[2026-07-18T15:47:16.111+0530] {processor.py:186} INFO - Started process (PID=5086) to work on /Users/bhavishyachallagolla/Desktop/RetailSense/.venv/lib/python3.12/site-packages/airflow/example_dags/plugins/listener_plugin.py
[2026-07-18T15:47:16.112+0530] {processor.py:914} INFO - Processing file /Users/bhavishyachallagolla/Desktop/RetailSense/.venv/lib/python3.12/site-packages/airflow/example_dags/plugins/listener_plugin.py for tasks to queue
[2026-07-18T15:47:16.113+0530] {logging_mixin.py:190} INFO - [2026-07-18T15:47:16.113+0530] {dagbag.py:588} INFO - Filling up the DagBag from /Users/bhavishyachallagolla/Desktop/RetailSense/.venv/lib/python3.12/site-packages/airflow/example_dags/plugins/listener_plugin.py
[2026-07-18T15:47:16.113+0530] {processor.py:927} WARNING - No viable dags retrieved from /Users/bhavishyachallagolla/Desktop/RetailSense/.venv/lib/python3.12/site-packages/airflow/example_dags/plugins/listener_plugin.py
[2026-07-18T15:47:16.136+0530] {processor.py:208} INFO - Processing /Users/bhavishyachallagolla/Desktop/RetailSense/.venv/lib/python3.12/site-packages/airflow/example_dags/plugins/listener_plugin.py took 0.025 seconds
[2026-07-18T15:48:08.744+0530] {processor.py:186} INFO - Started process (PID=5228) to work on /Users/bhavishyachallagolla/Desktop/RetailSense/.venv/lib/python3.12/site-packages/airflow/example_dags/plugins/listener_plugin.py
[2026-07-18T15:48:08.744+0530] {processor.py:914} INFO - Processing file /Users/bhavishyachallagolla/Desktop/RetailSense/.venv/lib/python3.12/site-packages/airflow/example_dags/plugins/listener_plugin.py for tasks to queue
[2026-07-18T15:48:08.744+0530] {logging_mixin.py:190} INFO - [2026-07-18T15:48:08.744+0530] {dagbag.py:588} INFO - Filling up the DagBag from /Users/bhavishyachallagolla/Desktop/RetailSense/.venv/lib/python3.12/site-packages/airflow/example_dags/plugins/listener_plugin.py
[2026-07-18T15:48:08.746+0530] {processor.py:927} WARNING - No viable dags retrieved from /Users/bhavishyachallagolla/Desktop/RetailSense/.venv/lib/python3.12/site-packages/airflow/example_dags/plugins/listener_plugin.py
[2026-07-18T15:48:08.768+0530] {processor.py:208} INFO - Processing /Users/bhavishyachallagolla/Desktop/RetailSense/.venv/lib/python3.12/site-packages/airflow/example_dags/plugins/listener_plugin.py took 0.025 seconds
[2026-07-18T15:49:01.025+0530] {processor.py:186} INFO - Started process (PID=5372) to work on /Users/bhavishyachallagolla/Desktop/RetailSense/.venv/lib/python3.12/site-packages/airflow/example_dags/plugins/listener_plugin.py
[2026-07-18T15:49:01.026+0530] {processor.py:914} INFO - Processing file /Users/bhavishyachallagolla/Desktop/RetailSense/.venv/lib/python3.12/site-packages/airflow/example_dags/plugins/listener_plugin.py for tasks to queue
[2026-07-18T15:49:01.026+0530] {logging_mixin.py:190} INFO - [2026-07-18T15:49:01.026+0530] {dagbag.py:588} INFO - Filling up the DagBag from /Users/bhavishyachallagolla/Desktop/RetailSense/.venv/lib/python3.12/site-packages/airflow/example_dags/plugins/listener_plugin.py
[2026-07-18T15:49:01.027+0530] {processor.py:927} WARNING - No viable dags retrieved from /Users/bhavishyachallagolla/Desktop/RetailSense/.venv/lib/python3.12/site-packages/airflow/example_dags/plugins/listener_plugin.py
[2026-07-18T15:49:01.050+0530] {processor.py:208} INFO - Processing /Users/bhavishyachallagolla/Desktop/RetailSense/.venv/lib/python3.12/site-packages/airflow/example_dags/plugins/listener_plugin.py took 0.026 seconds
[2026-07-18T15:49:55.438+0530] {processor.py:186} INFO - Started process (PID=5510) to work on /Users/bhavishyachallagolla/Desktop/RetailSense/.venv/lib/python3.12/site-packages/airflow/example_dags/plugins/listener_plugin.py
[2026-07-18T15:49:55.439+0530] {processor.py:914} INFO - Processing file /Users/bhavishyachallagolla/Desktop/RetailSense/.venv/lib/python3.12/site-packages/airflow/example_dags/plugins/listener_plugin.py for tasks to queue
[2026-07-18T15:49:55.439+0530] {logging_mixin.py:190} INFO - [2026-07-18T15:49:55.439+0530] {dagbag.py:588} INFO - Filling up the DagBag from /Users/bhavishyachallagolla/Desktop/RetailSense/.venv/lib/python3.12/site-packages/airflow/example_dags/plugins/listener_plugin.py
[2026-07-18T15:49:55.440+0530] {processor.py:927} WARNING - No viable dags retrieved from /Users/bhavishyachallagolla/Desktop/RetailSense/.venv/lib/python3.12/site-packages/airflow/example_dags/plugins/listener_plugin.py
[2026-07-18T15:49:55.462+0530] {processor.py:208} INFO - Processing /Users/bhavishyachallagolla/Desktop/RetailSense/.venv/lib/python3.12/site-packages/airflow/example_dags/plugins/listener_plugin.py took 0.025 seconds
[2026-07-18T15:50:48.850+0530] {processor.py:186} INFO - Started process (PID=5647) to work on /Users/bhavishyachallagolla/Desktop/RetailSense/.venv/lib/python3.12/site-packages/airflow/example_dags/plugins/listener_plugin.py
[2026-07-18T15:50:48.850+0530] {processor.py:914} INFO - Processing file /Users/bhavishyachallagolla/Desktop/RetailSense/.venv/lib/python3.12/site-packages/airflow/example_dags/plugins/listener_plugin.py for tasks to queue
[2026-07-18T15:50:48.850+0530] {logging_mixin.py:190} INFO - [2026-07-18T15:50:48.850+0530] {dagbag.py:588} INFO - Filling up the DagBag from /Users/bhavishyachallagolla/Desktop/RetailSense/.venv/lib/python3.12/site-packages/airflow/example_dags/plugins/listener_plugin.py
[2026-07-18T15:50:48.851+0530] {processor.py:927} WARNING - No viable dags retrieved from /Users/bhavishyachallagolla/Desktop/RetailSense/.venv/lib/python3.12/site-packages/airflow/example_dags/plugins/listener_plugin.py
[2026-07-18T15:50:48.873+0530] {processor.py:208} INFO - Processing /Users/bhavishyachallagolla/Desktop/RetailSense/.venv/lib/python3.12/site-packages/airflow/example_dags/plugins/listener_plugin.py took 0.025 seconds
[2026-07-18T15:51:39.757+0530] {processor.py:186} INFO - Started process (PID=5774) to work on /Users/bhavishyachallagolla/Desktop/RetailSense/.venv/lib/python3.12/site-packages/airflow/example_dags/plugins/listener_plugin.py
[2026-07-18T15:51:39.758+0530] {processor.py:914} INFO - Processing file /Users/bhavishyachallagolla/Desktop/RetailSense/.venv/lib/python3.12/site-packages/airflow/example_dags/plugins/listener_plugin.py for tasks to queue
[2026-07-18T15:51:39.758+0530] {logging_mixin.py:190} INFO - [2026-07-18T15:51:39.758+0530] {dagbag.py:588} INFO - Filling up the DagBag from /Users/bhavishyachallagolla/Desktop/RetailSense/.venv/lib/python3.12/site-packages/airflow/example_dags/plugins/listener_plugin.py
[2026-07-18T15:51:39.759+0530] {processor.py:927} WARNING - No viable dags retrieved from /Users/bhavishyachallagolla/Desktop/RetailSense/.venv/lib/python3.12/site-packages/airflow/example_dags/plugins/listener_plugin.py
[2026-07-18T15:51:39.783+0530] {processor.py:208} INFO - Processing /Users/bhavishyachallagolla/Desktop/RetailSense/.venv/lib/python3.12/site-packages/airflow/example_dags/plugins/listener_plugin.py took 0.026 seconds
[2026-07-18T15:52:30.287+0530] {processor.py:186} INFO - Started process (PID=5901) to work on /Users/bhavishyachallagolla/Desktop/RetailSense/.venv/lib/python3.12/site-packages/airflow/example_dags/plugins/listener_plugin.py
[2026-07-18T15:52:30.288+0530] {processor.py:914} INFO - Processing file /Users/bhavishyachallagolla/Desktop/RetailSense/.venv/lib/python3.12/site-packages/airflow/example_dags/plugins/listener_plugin.py for tasks to queue
[2026-07-18T15:52:30.288+0530] {logging_mixin.py:190} INFO - [2026-07-18T15:52:30.288+0530] {dagbag.py:588} INFO - Filling up the DagBag from /Users/bhavishyachallagolla/Desktop/RetailSense/.venv/lib/python3.12/site-packages/airflow/example_dags/plugins/listener_plugin.py
[2026-07-18T15:52:30.290+0530] {processor.py:927} WARNING - No viable dags retrieved from /Users/bhavishyachallagolla/Desktop/RetailSense/.venv/lib/python3.12/site-packages/airflow/example_dags/plugins/listener_plugin.py
[2026-07-18T15:52:30.313+0530] {processor.py:208} INFO - Processing /Users/bhavishyachallagolla/Desktop/RetailSense/.venv/lib/python3.12/site-packages/airflow/example_dags/plugins/listener_plugin.py took 0.027 seconds
[2026-07-18T15:53:20.740+0530] {processor.py:186} INFO - Started process (PID=6038) to work on /Users/bhavishyachallagolla/Desktop/RetailSense/.venv/lib/python3.12/site-packages/airflow/example_dags/plugins/listener_plugin.py
[2026-07-18T15:53:20.741+0530] {processor.py:914} INFO - Processing file /Users/bhavishyachallagolla/Desktop/RetailSense/.venv/lib/python3.12/site-packages/airflow/example_dags/plugins/listener_plugin.py for tasks to queue
[2026-07-18T15:53:20.742+0530] {logging_mixin.py:190} INFO - [2026-07-18T15:53:20.742+0530] {dagbag.py:588} INFO - Filling up the DagBag from /Users/bhavishyachallagolla/Desktop/RetailSense/.venv/lib/python3.12/site-packages/airflow/example_dags/plugins/listener_plugin.py
[2026-07-18T15:53:20.743+0530] {processor.py:927} WARNING - No viable dags retrieved from /Users/bhavishyachallagolla/Desktop/RetailSense/.venv/lib/python3.12/site-packages/airflow/example_dags/plugins/listener_plugin.py
[2026-07-18T15:53:20.765+0530] {processor.py:208} INFO - Processing /Users/bhavishyachallagolla/Desktop/RetailSense/.venv/lib/python3.12/site-packages/airflow/example_dags/plugins/listener_plugin.py took 0.026 seconds
[2026-07-18T15:54:13.323+0530] {processor.py:186} INFO - Started process (PID=6169) to work on /Users/bhavishyachallagolla/Desktop/RetailSense/.venv/lib/python3.12/site-packages/airflow/example_dags/plugins/listener_plugin.py
[2026-07-18T15:54:13.324+0530] {processor.py:914} INFO - Processing file /Users/bhavishyachallagolla/Desktop/RetailSense/.venv/lib/python3.12/site-packages/airflow/example_dags/plugins/listener_plugin.py for tasks to queue
[2026-07-18T15:54:13.325+0530] {logging_mixin.py:190} INFO - [2026-07-18T15:54:13.325+0530] {dagbag.py:588} INFO - Filling up the DagBag from /Users/bhavishyachallagolla/Desktop/RetailSense/.venv/lib/python3.12/site-packages/airflow/example_dags/plugins/listener_plugin.py
[2026-07-18T15:54:13.327+0530] {processor.py:927} WARNING - No viable dags retrieved from /Users/bhavishyachallagolla/Desktop/RetailSense/.venv/lib/python3.12/site-packages/airflow/example_dags/plugins/listener_plugin.py
[2026-07-18T15:54:13.349+0530] {processor.py:208} INFO - Processing /Users/bhavishyachallagolla/Desktop/RetailSense/.venv/lib/python3.12/site-packages/airflow/example_dags/plugins/listener_plugin.py took 0.026 seconds
[2026-07-18T15:55:07.300+0530] {processor.py:186} INFO - Started process (PID=6299) to work on /Users/bhavishyachallagolla/Desktop/RetailSense/.venv/lib/python3.12/site-packages/airflow/example_dags/plugins/listener_plugin.py
[2026-07-18T15:55:07.301+0530] {processor.py:914} INFO - Processing file /Users/bhavishyachallagolla/Desktop/RetailSense/.venv/lib/python3.12/site-packages/airflow/example_dags/plugins/listener_plugin.py for tasks to queue
[2026-07-18T15:55:07.301+0530] {logging_mixin.py:190} INFO - [2026-07-18T15:55:07.301+0530] {dagbag.py:588} INFO - Filling up the DagBag from /Users/bhavishyachallagolla/Desktop/RetailSense/.venv/lib/python3.12/site-packages/airflow/example_dags/plugins/listener_plugin.py
[2026-07-18T15:55:07.302+0530] {processor.py:927} WARNING - No viable dags retrieved from /Users/bhavishyachallagolla/Desktop/RetailSense/.venv/lib/python3.12/site-packages/airflow/example_dags/plugins/listener_plugin.py
[2026-07-18T15:55:07.325+0530] {processor.py:208} INFO - Processing /Users/bhavishyachallagolla/Desktop/RetailSense/.venv/lib/python3.12/site-packages/airflow/example_dags/plugins/listener_plugin.py took 0.025 seconds
[2026-07-18T15:55:58.852+0530] {processor.py:186} INFO - Started process (PID=6431) to work on /Users/bhavishyachallagolla/Desktop/RetailSense/.venv/lib/python3.12/site-packages/airflow/example_dags/plugins/listener_plugin.py
[2026-07-18T15:55:58.853+0530] {processor.py:914} INFO - Processing file /Users/bhavishyachallagolla/Desktop/RetailSense/.venv/lib/python3.12/site-packages/airflow/example_dags/plugins/listener_plugin.py for tasks to queue
[2026-07-18T15:55:58.853+0530] {logging_mixin.py:190} INFO - [2026-07-18T15:55:58.853+0530] {dagbag.py:588} INFO - Filling up the DagBag from /Users/bhavishyachallagolla/Desktop/RetailSense/.venv/lib/python3.12/site-packages/airflow/example_dags/plugins/listener_plugin.py
[2026-07-18T15:55:58.855+0530] {processor.py:927} WARNING - No viable dags retrieved from /Users/bhavishyachallagolla/Desktop/RetailSense/.venv/lib/python3.12/site-packages/airflow/example_dags/plugins/listener_plugin.py
[2026-07-18T15:55:58.878+0530] {processor.py:208} INFO - Processing /Users/bhavishyachallagolla/Desktop/RetailSense/.venv/lib/python3.12/site-packages/airflow/example_dags/plugins/listener_plugin.py took 0.026 seconds
[2026-07-18T15:56:50.411+0530] {processor.py:186} INFO - Started process (PID=6566) to work on /Users/bhavishyachallagolla/Desktop/RetailSense/.venv/lib/python3.12/site-packages/airflow/example_dags/plugins/listener_plugin.py
[2026-07-18T15:56:50.411+0530] {processor.py:914} INFO - Processing file /Users/bhavishyachallagolla/Desktop/RetailSense/.venv/lib/python3.12/site-packages/airflow/example_dags/plugins/listener_plugin.py for tasks to queue
[2026-07-18T15:56:50.412+0530] {logging_mixin.py:190} INFO - [2026-07-18T15:56:50.412+0530] {dagbag.py:588} INFO - Filling up the DagBag from /Users/bhavishyachallagolla/Desktop/RetailSense/.venv/lib/python3.12/site-packages/airflow/example_dags/plugins/listener_plugin.py
[2026-07-18T15:56:50.413+0530] {processor.py:927} WARNING - No viable dags retrieved from /Users/bhavishyachallagolla/Desktop/RetailSense/.venv/lib/python3.12/site-packages/airflow/example_dags/plugins/listener_plugin.py
[2026-07-18T15:56:50.436+0530] {processor.py:208} INFO - Processing /Users/bhavishyachallagolla/Desktop/RetailSense/.venv/lib/python3.12/site-packages/airflow/example_dags/plugins/listener_plugin.py took 0.026 seconds
