[2026-07-18T15:35:55.572+0530] {processor.py:186} INFO - Started process (PID=3280) to work on /Users/bhavishyachallagolla/Desktop/RetailSense/.venv/lib/python3.12/site-packages/airflow/example_dags/plugins/workday.py
[2026-07-18T15:35:55.573+0530] {processor.py:914} INFO - Processing file /Users/bhavishyachallagolla/Desktop/RetailSense/.venv/lib/python3.12/site-packages/airflow/example_dags/plugins/workday.py for tasks to queue
[2026-07-18T15:35:55.573+0530] {logging_mixin.py:190} INFO - [2026-07-18T15:35:55.573+0530] {dagbag.py:588} INFO - Filling up the DagBag from /Users/bhavishyachallagolla/Desktop/RetailSense/.venv/lib/python3.12/site-packages/airflow/example_dags/plugins/workday.py
[2026-07-18T15:35:55.574+0530] {logging_mixin.py:190} INFO - [2026-07-18T15:35:55.573+0530] {workday.py:41} WARNING - Could not import pandas. Holidays will not be considered.
[2026-07-18T15:35:55.574+0530] {processor.py:927} WARNING - No viable dags retrieved from /Users/bhavishyachallagolla/Desktop/RetailSense/.venv/lib/python3.12/site-packages/airflow/example_dags/plugins/workday.py
[2026-07-18T15:35:55.596+0530] {processor.py:208} INFO - Processing /Users/bhavishyachallagolla/Desktop/RetailSense/.venv/lib/python3.12/site-packages/airflow/example_dags/plugins/workday.py took 0.024 seconds
[2026-07-18T15:37:16.850+0530] {processor.py:186} INFO - Started process (PID=3493) to work on /Users/bhavishyachallagolla/Desktop/RetailSense/.venv/lib/python3.12/site-packages/airflow/example_dags/plugins/workday.py
[2026-07-18T15:37:16.850+0530] {processor.py:914} INFO - Processing file /Users/bhavishyachallagolla/Desktop/RetailSense/.venv/lib/python3.12/site-packages/airflow/example_dags/plugins/workday.py for tasks to queue
[2026-07-18T15:37:16.851+0530] {logging_mixin.py:190} INFO - [2026-07-18T15:37:16.851+0530] {dagbag.py:588} INFO - Filling up the DagBag from /Users/bhavishyachallagolla/Desktop/RetailSense/.venv/lib/python3.12/site-packages/airflow/example_dags/plugins/workday.py
[2026-07-18T15:37:16.851+0530] {logging_mixin.py:190} INFO - [2026-07-18T15:37:16.851+0530] {workday.py:41} WARNING - Could not import pandas. Holidays will not be considered.
[2026-07-18T15:37:16.851+0530] {processor.py:927} WARNING - No viable dags retrieved from /Users/bhavishyachallagolla/Desktop/RetailSense/.venv/lib/python3.12/site-packages/airflow/example_dags/plugins/workday.py
[2026-07-18T15:37:16.873+0530] {processor.py:208} INFO - Processing /Users/bhavishyachallagolla/Desktop/RetailSense/.venv/lib/python3.12/site-packages/airflow/example_dags/plugins/workday.py took 0.024 seconds
[2026-07-18T15:38:19.597+0530] {processor.py:186} INFO - Started process (PID=3655) to work on /Users/bhavishyachallagolla/Desktop/RetailSense/.venv/lib/python3.12/site-packages/airflow/example_dags/plugins/workday.py
[2026-07-18T15:38:19.598+0530] {processor.py:914} INFO - Processing file /Users/bhavishyachallagolla/Desktop/RetailSense/.venv/lib/python3.12/site-packages/airflow/example_dags/plugins/workday.py for tasks to queue
[2026-07-18T15:38:19.598+0530] {logging_mixin.py:190} INFO - [2026-07-18T15:38:19.598+0530] {dagbag.py:588} INFO - Filling up the DagBag from /Users/bhavishyachallagolla/Desktop/RetailSense/.venv/lib/python3.12/site-packages/airflow/example_dags/plugins/workday.py
[2026-07-18T15:38:19.599+0530] {logging_mixin.py:190} INFO - [2026-07-18T15:38:19.599+0530] {workday.py:41} WARNING - Could not import pandas. Holidays will not be considered.
[2026-07-18T15:38:19.599+0530] {processor.py:927} WARNING - No viable dags retrieved from /Users/bhavishyachallagolla/Desktop/RetailSense/.venv/lib/python3.12/site-packages/airflow/example_dags/plugins/workday.py
[2026-07-18T15:38:19.621+0530] {processor.py:208} INFO - Processing /Users/bhavishyachallagolla/Desktop/RetailSense/.venv/lib/python3.12/site-packages/airflow/example_dags/plugins/workday.py took 0.025 seconds
[2026-07-18T15:39:21.173+0530] {processor.py:186} INFO - Started process (PID=3829) to work on /Users/bhavishyachallagolla/Desktop/RetailSense/.venv/lib/python3.12/site-packages/airflow/example_dags/plugins/workday.py
[2026-07-18T15:39:21.173+0530] {processor.py:914} INFO - Processing file /Users/bhavishyachallagolla/Desktop/RetailSense/.venv/lib/python3.12/site-packages/airflow/example_dags/plugins/workday.py for tasks to queue
[2026-07-18T15:39:21.174+0530] {logging_mixin.py:190} INFO - [2026-07-18T15:39:21.174+0530] {dagbag.py:588} INFO - Filling up the DagBag from /Users/bhavishyachallagolla/Desktop/RetailSense/.venv/lib/python3.12/site-packages/airflow/example_dags/plugins/workday.py
[2026-07-18T15:39:21.174+0530] {logging_mixin.py:190} INFO - [2026-07-18T15:39:21.174+0530] {workday.py:41} WARNING - Could not import pandas. Holidays will not be considered.
[2026-07-18T15:39:21.174+0530] {processor.py:927} WARNING - No viable dags retrieved from /Users/bhavishyachallagolla/Desktop/RetailSense/.venv/lib/python3.12/site-packages/airflow/example_dags/plugins/workday.py
[2026-07-18T15:39:21.196+0530] {processor.py:208} INFO - Processing /Users/bhavishyachallagolla/Desktop/RetailSense/.venv/lib/python3.12/site-packages/airflow/example_dags/plugins/workday.py took 0.024 seconds
[2026-07-18T15:40:11.628+0530] {processor.py:186} INFO - Started process (PID=3957) to work on /Users/bhavishyachallagolla/Desktop/RetailSense/.venv/lib/python3.12/site-packages/airflow/example_dags/plugins/workday.py
[2026-07-18T15:40:11.629+0530] {processor.py:914} INFO - Processing file /Users/bhavishyachallagolla/Desktop/RetailSense/.venv/lib/python3.12/site-packages/airflow/example_dags/plugins/workday.py for tasks to queue
[2026-07-18T15:40:11.629+0530] {logging_mixin.py:190} INFO - [2026-07-18T15:40:11.629+0530] {dagbag.py:588} INFO - Filling up the DagBag from /Users/bhavishyachallagolla/Desktop/RetailSense/.venv/lib/python3.12/site-packages/airflow/example_dags/plugins/workday.py
[2026-07-18T15:40:11.630+0530] {logging_mixin.py:190} INFO - [2026-07-18T15:40:11.630+0530] {workday.py:41} WARNING - Could not import pandas. Holidays will not be considered.
[2026-07-18T15:40:11.630+0530] {processor.py:927} WARNING - No viable dags retrieved from /Users/bhavishyachallagolla/Desktop/RetailSense/.venv/lib/python3.12/site-packages/airflow/example_dags/plugins/workday.py
[2026-07-18T15:40:11.653+0530] {processor.py:208} INFO - Processing /Users/bhavishyachallagolla/Desktop/RetailSense/.venv/lib/python3.12/site-packages/airflow/example_dags/plugins/workday.py took 0.026 seconds
[2026-07-18T15:41:00.418+0530] {processor.py:186} INFO - Started process (PID=4090) to work on /Users/bhavishyachallagolla/Desktop/RetailSense/.venv/lib/python3.12/site-packages/airflow/example_dags/plugins/workday.py
[2026-07-18T15:41:00.419+0530] {processor.py:914} INFO - Processing file /Users/bhavishyachallagolla/Desktop/RetailSense/.venv/lib/python3.12/site-packages/airflow/example_dags/plugins/workday.py for tasks to queue
[2026-07-18T15:41:00.420+0530] {logging_mixin.py:190} INFO - [2026-07-18T15:41:00.420+0530] {dagbag.py:588} INFO - Filling up the DagBag from /Users/bhavishyachallagolla/Desktop/RetailSense/.venv/lib/python3.12/site-packages/airflow/example_dags/plugins/workday.py
[2026-07-18T15:41:00.420+0530] {logging_mixin.py:190} INFO - [2026-07-18T15:41:00.420+0530] {workday.py:41} WARNING - Could not import pandas. Holidays will not be considered.
[2026-07-18T15:41:00.420+0530] {processor.py:927} WARNING - No viable dags retrieved from /Users/bhavishyachallagolla/Desktop/RetailSense/.venv/lib/python3.12/site-packages/airflow/example_dags/plugins/workday.py
[2026-07-18T15:41:00.443+0530] {processor.py:208} INFO - Processing /Users/bhavishyachallagolla/Desktop/RetailSense/.venv/lib/python3.12/site-packages/airflow/example_dags/plugins/workday.py took 0.026 seconds
[2026-07-18T15:41:51.005+0530] {processor.py:186} INFO - Started process (PID=4217) to work on /Users/bhavishyachallagolla/Desktop/RetailSense/.venv/lib/python3.12/site-packages/airflow/example_dags/plugins/workday.py
[2026-07-18T15:41:51.006+0530] {processor.py:914} INFO - Processing file /Users/bhavishyachallagolla/Desktop/RetailSense/.venv/lib/python3.12/site-packages/airflow/example_dags/plugins/workday.py for tasks to queue
[2026-07-18T15:41:51.006+0530] {logging_mixin.py:190} INFO - [2026-07-18T15:41:51.006+0530] {dagbag.py:588} INFO - Filling up the DagBag from /Users/bhavishyachallagolla/Desktop/RetailSense/.venv/lib/python3.12/site-packages/airflow/example_dags/plugins/workday.py
[2026-07-18T15:41:51.006+0530] {logging_mixin.py:190} INFO - [2026-07-18T15:41:51.006+0530] {workday.py:41} WARNING - Could not import pandas. Holidays will not be considered.
[2026-07-18T15:41:51.006+0530] {processor.py:927} WARNING - No viable dags retrieved from /Users/bhavishyachallagolla/Desktop/RetailSense/.venv/lib/python3.12/site-packages/airflow/example_dags/plugins/workday.py
[2026-07-18T15:41:51.028+0530] {processor.py:208} INFO - Processing /Users/bhavishyachallagolla/Desktop/RetailSense/.venv/lib/python3.12/site-packages/airflow/example_dags/plugins/workday.py took 0.024 seconds
[2026-07-18T15:42:43.323+0530] {processor.py:186} INFO - Started process (PID=4348) to work on /Users/bhavishyachallagolla/Desktop/RetailSense/.venv/lib/python3.12/site-packages/airflow/example_dags/plugins/workday.py
[2026-07-18T15:42:43.324+0530] {processor.py:914} INFO - Processing file /Users/bhavishyachallagolla/Desktop/RetailSense/.venv/lib/python3.12/site-packages/airflow/example_dags/plugins/workday.py for tasks to queue
[2026-07-18T15:42:43.324+0530] {logging_mixin.py:190} INFO - [2026-07-18T15:42:43.324+0530] {dagbag.py:588} INFO - Filling up the DagBag from /Users/bhavishyachallagolla/Desktop/RetailSense/.venv/lib/python3.12/site-packages/airflow/example_dags/plugins/workday.py
[2026-07-18T15:42:43.325+0530] {logging_mixin.py:190} INFO - [2026-07-18T15:42:43.325+0530] {workday.py:41} WARNING - Could not import pandas. Holidays will not be considered.
[2026-07-18T15:42:43.325+0530] {processor.py:927} WARNING - No viable dags retrieved from /Users/bhavishyachallagolla/Desktop/RetailSense/.venv/lib/python3.12/site-packages/airflow/example_dags/plugins/workday.py
[2026-07-18T15:42:43.347+0530] {processor.py:208} INFO - Processing /Users/bhavishyachallagolla/Desktop/RetailSense/.venv/lib/python3.12/site-packages/airflow/example_dags/plugins/workday.py took 0.025 seconds
[2026-07-18T15:43:36.586+0530] {processor.py:186} INFO - Started process (PID=4515) to work on /Users/bhavishyachallagolla/Desktop/RetailSense/.venv/lib/python3.12/site-packages/airflow/example_dags/plugins/workday.py
[2026-07-18T15:43:36.587+0530] {processor.py:914} INFO - Processing file /Users/bhavishyachallagolla/Desktop/RetailSense/.venv/lib/python3.12/site-packages/airflow/example_dags/plugins/workday.py for tasks to queue
[2026-07-18T15:43:36.588+0530] {logging_mixin.py:190} INFO - [2026-07-18T15:43:36.588+0530] {dagbag.py:588} INFO - Filling up the DagBag from /Users/bhavishyachallagolla/Desktop/RetailSense/.venv/lib/python3.12/site-packages/airflow/example_dags/plugins/workday.py
[2026-07-18T15:43:36.588+0530] {logging_mixin.py:190} INFO - [2026-07-18T15:43:36.588+0530] {workday.py:41} WARNING - Could not import pandas. Holidays will not be considered.
[2026-07-18T15:43:36.588+0530] {processor.py:927} WARNING - No viable dags retrieved from /Users/bhavishyachallagolla/Desktop/RetailSense/.venv/lib/python3.12/site-packages/airflow/example_dags/plugins/workday.py
[2026-07-18T15:43:36.610+0530] {processor.py:208} INFO - Processing /Users/bhavishyachallagolla/Desktop/RetailSense/.venv/lib/python3.12/site-packages/airflow/example_dags/plugins/workday.py took 0.025 seconds
[2026-07-18T15:44:38.091+0530] {processor.py:186} INFO - Started process (PID=4670) to work on /Users/bhavishyachallagolla/Desktop/RetailSense/.venv/lib/python3.12/site-packages/airflow/example_dags/plugins/workday.py
[2026-07-18T15:44:38.091+0530] {processor.py:914} INFO - Processing file /Users/bhavishyachallagolla/Desktop/RetailSense/.venv/lib/python3.12/site-packages/airflow/example_dags/plugins/workday.py for tasks to queue
[2026-07-18T15:44:38.092+0530] {logging_mixin.py:190} INFO - [2026-07-18T15:44:38.092+0530] {dagbag.py:588} INFO - Filling up the DagBag from /Users/bhavishyachallagolla/Desktop/RetailSense/.venv/lib/python3.12/site-packages/airflow/example_dags/plugins/workday.py
[2026-07-18T15:44:38.092+0530] {logging_mixin.py:190} INFO - [2026-07-18T15:44:38.092+0530] {workday.py:41} WARNING - Could not import pandas. Holidays will not be considered.
[2026-07-18T15:44:38.092+0530] {processor.py:927} WARNING - No viable dags retrieved from /Users/bhavishyachallagolla/Desktop/RetailSense/.venv/lib/python3.12/site-packages/airflow/example_dags/plugins/workday.py
[2026-07-18T15:44:38.115+0530] {processor.py:208} INFO - Processing /Users/bhavishyachallagolla/Desktop/RetailSense/.venv/lib/python3.12/site-packages/airflow/example_dags/plugins/workday.py took 0.025 seconds
[2026-07-18T15:45:30.203+0530] {processor.py:186} INFO - Started process (PID=4798) to work on /Users/bhavishyachallagolla/Desktop/RetailSense/.venv/lib/python3.12/site-packages/airflow/example_dags/plugins/workday.py
[2026-07-18T15:45:30.203+0530] {processor.py:914} INFO - Processing file /Users/bhavishyachallagolla/Desktop/RetailSense/.venv/lib/python3.12/site-packages/airflow/example_dags/plugins/workday.py for tasks to queue
[2026-07-18T15:45:30.203+0530] {logging_mixin.py:190} INFO - [2026-07-18T15:45:30.203+0530] {dagbag.py:588} INFO - Filling up the DagBag from /Users/bhavishyachallagolla/Desktop/RetailSense/.venv/lib/python3.12/site-packages/airflow/example_dags/plugins/workday.py
[2026-07-18T15:45:30.204+0530] {logging_mixin.py:190} INFO - [2026-07-18T15:45:30.204+0530] {workday.py:41} WARNING - Could not import pandas. Holidays will not be considered.
[2026-07-18T15:45:30.204+0530] {processor.py:927} WARNING - No viable dags retrieved from /Users/bhavishyachallagolla/Desktop/RetailSense/.venv/lib/python3.12/site-packages/airflow/example_dags/plugins/workday.py
[2026-07-18T15:45:30.226+0530] {processor.py:208} INFO - Processing /Users/bhavishyachallagolla/Desktop/RetailSense/.venv/lib/python3.12/site-packages/airflow/example_dags/plugins/workday.py took 0.024 seconds
[2026-07-18T15:46:22.670+0530] {processor.py:186} INFO - Started process (PID=4924) to work on /Users/bhavishyachallagolla/Desktop/RetailSense/.venv/lib/python3.12/site-packages/airflow/example_dags/plugins/workday.py
[2026-07-18T15:46:22.670+0530] {processor.py:914} INFO - Processing file /Users/bhavishyachallagolla/Desktop/RetailSense/.venv/lib/python3.12/site-packages/airflow/example_dags/plugins/workday.py for tasks to queue
[2026-07-18T15:46:22.671+0530] {logging_mixin.py:190} INFO - [2026-07-18T15:46:22.670+0530] {dagbag.py:588} INFO - Filling up the DagBag from /Users/bhavishyachallagolla/Desktop/RetailSense/.venv/lib/python3.12/site-packages/airflow/example_dags/plugins/workday.py
[2026-07-18T15:46:22.671+0530] {logging_mixin.py:190} INFO - [2026-07-18T15:46:22.671+0530] {workday.py:41} WARNING - Could not import pandas. Holidays will not be considered.
[2026-07-18T15:46:22.671+0530] {processor.py:927} WARNING - No viable dags retrieved from /Users/bhavishyachallagolla/Desktop/RetailSense/.venv/lib/python3.12/site-packages/airflow/example_dags/plugins/workday.py
[2026-07-18T15:46:22.693+0530] {processor.py:208} INFO - Processing /Users/bhavishyachallagolla/Desktop/RetailSense/.venv/lib/python3.12/site-packages/airflow/example_dags/plugins/workday.py took 0.024 seconds
[2026-07-18T15:47:14.519+0530] {processor.py:186} INFO - Started process (PID=5083) to work on /Users/bhavishyachallagolla/Desktop/RetailSense/.venv/lib/python3.12/site-packages/airflow/example_dags/plugins/workday.py
[2026-07-18T15:47:14.520+0530] {processor.py:914} INFO - Processing file /Users/bhavishyachallagolla/Desktop/RetailSense/.venv/lib/python3.12/site-packages/airflow/example_dags/plugins/workday.py for tasks to queue
[2026-07-18T15:47:14.521+0530] {logging_mixin.py:190} INFO - [2026-07-18T15:47:14.521+0530] {dagbag.py:588} INFO - Filling up the DagBag from /Users/bhavishyachallagolla/Desktop/RetailSense/.venv/lib/python3.12/site-packages/airflow/example_dags/plugins/workday.py
[2026-07-18T15:47:14.521+0530] {logging_mixin.py:190} INFO - [2026-07-18T15:47:14.521+0530] {workday.py:41} WARNING - Could not import pandas. Holidays will not be considered.
[2026-07-18T15:47:14.521+0530] {processor.py:927} WARNING - No viable dags retrieved from /Users/bhavishyachallagolla/Desktop/RetailSense/.venv/lib/python3.12/site-packages/airflow/example_dags/plugins/workday.py
[2026-07-18T15:47:14.543+0530] {processor.py:208} INFO - Processing /Users/bhavishyachallagolla/Desktop/RetailSense/.venv/lib/python3.12/site-packages/airflow/example_dags/plugins/workday.py took 0.025 seconds
[2026-07-18T15:48:07.119+0530] {processor.py:186} INFO - Started process (PID=5224) to work on /Users/bhavishyachallagolla/Desktop/RetailSense/.venv/lib/python3.12/site-packages/airflow/example_dags/plugins/workday.py
[2026-07-18T15:48:07.120+0530] {processor.py:914} INFO - Processing file /Users/bhavishyachallagolla/Desktop/RetailSense/.venv/lib/python3.12/site-packages/airflow/example_dags/plugins/workday.py for tasks to queue
[2026-07-18T15:48:07.120+0530] {logging_mixin.py:190} INFO - [2026-07-18T15:48:07.120+0530] {dagbag.py:588} INFO - Filling up the DagBag from /Users/bhavishyachallagolla/Desktop/RetailSense/.venv/lib/python3.12/site-packages/airflow/example_dags/plugins/workday.py
[2026-07-18T15:48:07.120+0530] {logging_mixin.py:190} INFO - [2026-07-18T15:48:07.120+0530] {workday.py:41} WARNING - Could not import pandas. Holidays will not be considered.
[2026-07-18T15:48:07.120+0530] {processor.py:927} WARNING - No viable dags retrieved from /Users/bhavishyachallagolla/Desktop/RetailSense/.venv/lib/python3.12/site-packages/airflow/example_dags/plugins/workday.py
[2026-07-18T15:48:07.143+0530] {processor.py:208} INFO - Processing /Users/bhavishyachallagolla/Desktop/RetailSense/.venv/lib/python3.12/site-packages/airflow/example_dags/plugins/workday.py took 0.025 seconds
[2026-07-18T15:48:59.390+0530] {processor.py:186} INFO - Started process (PID=5367) to work on /Users/bhavishyachallagolla/Desktop/RetailSense/.venv/lib/python3.12/site-packages/airflow/example_dags/plugins/workday.py
[2026-07-18T15:48:59.391+0530] {processor.py:914} INFO - Processing file /Users/bhavishyachallagolla/Desktop/RetailSense/.venv/lib/python3.12/site-packages/airflow/example_dags/plugins/workday.py for tasks to queue
[2026-07-18T15:48:59.391+0530] {logging_mixin.py:190} INFO - [2026-07-18T15:48:59.391+0530] {dagbag.py:588} INFO - Filling up the DagBag from /Users/bhavishyachallagolla/Desktop/RetailSense/.venv/lib/python3.12/site-packages/airflow/example_dags/plugins/workday.py
[2026-07-18T15:48:59.392+0530] {logging_mixin.py:190} INFO - [2026-07-18T15:48:59.392+0530] {workday.py:41} WARNING - Could not import pandas. Holidays will not be considered.
[2026-07-18T15:48:59.392+0530] {processor.py:927} WARNING - No viable dags retrieved from /Users/bhavishyachallagolla/Desktop/RetailSense/.venv/lib/python3.12/site-packages/airflow/example_dags/plugins/workday.py
[2026-07-18T15:48:59.414+0530] {processor.py:208} INFO - Processing /Users/bhavishyachallagolla/Desktop/RetailSense/.venv/lib/python3.12/site-packages/airflow/example_dags/plugins/workday.py took 0.026 seconds
[2026-07-18T15:49:53.842+0530] {processor.py:186} INFO - Started process (PID=5508) to work on /Users/bhavishyachallagolla/Desktop/RetailSense/.venv/lib/python3.12/site-packages/airflow/example_dags/plugins/workday.py
[2026-07-18T15:49:53.843+0530] {processor.py:914} INFO - Processing file /Users/bhavishyachallagolla/Desktop/RetailSense/.venv/lib/python3.12/site-packages/airflow/example_dags/plugins/workday.py for tasks to queue
[2026-07-18T15:49:53.844+0530] {logging_mixin.py:190} INFO - [2026-07-18T15:49:53.844+0530] {dagbag.py:588} INFO - Filling up the DagBag from /Users/bhavishyachallagolla/Desktop/RetailSense/.venv/lib/python3.12/site-packages/airflow/example_dags/plugins/workday.py
[2026-07-18T15:49:53.844+0530] {logging_mixin.py:190} INFO - [2026-07-18T15:49:53.844+0530] {workday.py:41} WARNING - Could not import pandas. Holidays will not be considered.
[2026-07-18T15:49:53.844+0530] {processor.py:927} WARNING - No viable dags retrieved from /Users/bhavishyachallagolla/Desktop/RetailSense/.venv/lib/python3.12/site-packages/airflow/example_dags/plugins/workday.py
[2026-07-18T15:49:53.866+0530] {processor.py:208} INFO - Processing /Users/bhavishyachallagolla/Desktop/RetailSense/.venv/lib/python3.12/site-packages/airflow/example_dags/plugins/workday.py took 0.025 seconds
[2026-07-18T15:50:47.575+0530] {processor.py:186} INFO - Started process (PID=5645) to work on /Users/bhavishyachallagolla/Desktop/RetailSense/.venv/lib/python3.12/site-packages/airflow/example_dags/plugins/workday.py
[2026-07-18T15:50:47.577+0530] {processor.py:914} INFO - Processing file /Users/bhavishyachallagolla/Desktop/RetailSense/.venv/lib/python3.12/site-packages/airflow/example_dags/plugins/workday.py for tasks to queue
[2026-07-18T15:50:47.577+0530] {logging_mixin.py:190} INFO - [2026-07-18T15:50:47.577+0530] {dagbag.py:588} INFO - Filling up the DagBag from /Users/bhavishyachallagolla/Desktop/RetailSense/.venv/lib/python3.12/site-packages/airflow/example_dags/plugins/workday.py
[2026-07-18T15:50:47.577+0530] {logging_mixin.py:190} INFO - [2026-07-18T15:50:47.577+0530] {workday.py:41} WARNING - Could not import pandas. Holidays will not be considered.
[2026-07-18T15:50:47.577+0530] {processor.py:927} WARNING - No viable dags retrieved from /Users/bhavishyachallagolla/Desktop/RetailSense/.venv/lib/python3.12/site-packages/airflow/example_dags/plugins/workday.py
[2026-07-18T15:50:47.600+0530] {processor.py:208} INFO - Processing /Users/bhavishyachallagolla/Desktop/RetailSense/.venv/lib/python3.12/site-packages/airflow/example_dags/plugins/workday.py took 0.025 seconds
[2026-07-18T15:51:38.133+0530] {processor.py:186} INFO - Started process (PID=5772) to work on /Users/bhavishyachallagolla/Desktop/RetailSense/.venv/lib/python3.12/site-packages/airflow/example_dags/plugins/workday.py
[2026-07-18T15:51:38.135+0530] {processor.py:914} INFO - Processing file /Users/bhavishyachallagolla/Desktop/RetailSense/.venv/lib/python3.12/site-packages/airflow/example_dags/plugins/workday.py for tasks to queue
[2026-07-18T15:51:38.135+0530] {logging_mixin.py:190} INFO - [2026-07-18T15:51:38.135+0530] {dagbag.py:588} INFO - Filling up the DagBag from /Users/bhavishyachallagolla/Desktop/RetailSense/.venv/lib/python3.12/site-packages/airflow/example_dags/plugins/workday.py
[2026-07-18T15:51:38.135+0530] {logging_mixin.py:190} INFO - [2026-07-18T15:51:38.135+0530] {workday.py:41} WARNING - Could not import pandas. Holidays will not be considered.
[2026-07-18T15:51:38.135+0530] {processor.py:927} WARNING - No viable dags retrieved from /Users/bhavishyachallagolla/Desktop/RetailSense/.venv/lib/python3.12/site-packages/airflow/example_dags/plugins/workday.py
[2026-07-18T15:51:38.157+0530] {processor.py:208} INFO - Processing /Users/bhavishyachallagolla/Desktop/RetailSense/.venv/lib/python3.12/site-packages/airflow/example_dags/plugins/workday.py took 0.025 seconds
[2026-07-18T15:52:28.679+0530] {processor.py:186} INFO - Started process (PID=5899) to work on /Users/bhavishyachallagolla/Desktop/RetailSense/.venv/lib/python3.12/site-packages/airflow/example_dags/plugins/workday.py
[2026-07-18T15:52:28.680+0530] {processor.py:914} INFO - Processing file /Users/bhavishyachallagolla/Desktop/RetailSense/.venv/lib/python3.12/site-packages/airflow/example_dags/plugins/workday.py for tasks to queue
[2026-07-18T15:52:28.680+0530] {logging_mixin.py:190} INFO - [2026-07-18T15:52:28.680+0530] {dagbag.py:588} INFO - Filling up the DagBag from /Users/bhavishyachallagolla/Desktop/RetailSense/.venv/lib/python3.12/site-packages/airflow/example_dags/plugins/workday.py
[2026-07-18T15:52:28.681+0530] {logging_mixin.py:190} INFO - [2026-07-18T15:52:28.681+0530] {workday.py:41} WARNING - Could not import pandas. Holidays will not be considered.
[2026-07-18T15:52:28.681+0530] {processor.py:927} WARNING - No viable dags retrieved from /Users/bhavishyachallagolla/Desktop/RetailSense/.venv/lib/python3.12/site-packages/airflow/example_dags/plugins/workday.py
[2026-07-18T15:52:28.703+0530] {processor.py:208} INFO - Processing /Users/bhavishyachallagolla/Desktop/RetailSense/.venv/lib/python3.12/site-packages/airflow/example_dags/plugins/workday.py took 0.025 seconds
[2026-07-18T15:53:19.141+0530] {processor.py:186} INFO - Started process (PID=6035) to work on /Users/bhavishyachallagolla/Desktop/RetailSense/.venv/lib/python3.12/site-packages/airflow/example_dags/plugins/workday.py
[2026-07-18T15:53:19.142+0530] {processor.py:914} INFO - Processing file /Users/bhavishyachallagolla/Desktop/RetailSense/.venv/lib/python3.12/site-packages/airflow/example_dags/plugins/workday.py for tasks to queue
[2026-07-18T15:53:19.142+0530] {logging_mixin.py:190} INFO - [2026-07-18T15:53:19.142+0530] {dagbag.py:588} INFO - Filling up the DagBag from /Users/bhavishyachallagolla/Desktop/RetailSense/.venv/lib/python3.12/site-packages/airflow/example_dags/plugins/workday.py
[2026-07-18T15:53:19.143+0530] {logging_mixin.py:190} INFO - [2026-07-18T15:53:19.143+0530] {workday.py:41} WARNING - Could not import pandas. Holidays will not be considered.
[2026-07-18T15:53:19.143+0530] {processor.py:927} WARNING - No viable dags retrieved from /Users/bhavishyachallagolla/Desktop/RetailSense/.venv/lib/python3.12/site-packages/airflow/example_dags/plugins/workday.py
[2026-07-18T15:53:19.165+0530] {processor.py:208} INFO - Processing /Users/bhavishyachallagolla/Desktop/RetailSense/.venv/lib/python3.12/site-packages/airflow/example_dags/plugins/workday.py took 0.026 seconds
[2026-07-18T15:54:11.728+0530] {processor.py:186} INFO - Started process (PID=6163) to work on /Users/bhavishyachallagolla/Desktop/RetailSense/.venv/lib/python3.12/site-packages/airflow/example_dags/plugins/workday.py
[2026-07-18T15:54:11.729+0530] {processor.py:914} INFO - Processing file /Users/bhavishyachallagolla/Desktop/RetailSense/.venv/lib/python3.12/site-packages/airflow/example_dags/plugins/workday.py for tasks to queue
[2026-07-18T15:54:11.729+0530] {logging_mixin.py:190} INFO - [2026-07-18T15:54:11.729+0530] {dagbag.py:588} INFO - Filling up the DagBag from /Users/bhavishyachallagolla/Desktop/RetailSense/.venv/lib/python3.12/site-packages/airflow/example_dags/plugins/workday.py
[2026-07-18T15:54:11.730+0530] {logging_mixin.py:190} INFO - [2026-07-18T15:54:11.730+0530] {workday.py:41} WARNING - Could not import pandas. Holidays will not be considered.
[2026-07-18T15:54:11.730+0530] {processor.py:927} WARNING - No viable dags retrieved from /Users/bhavishyachallagolla/Desktop/RetailSense/.venv/lib/python3.12/site-packages/airflow/example_dags/plugins/workday.py
[2026-07-18T15:54:11.752+0530] {processor.py:208} INFO - Processing /Users/bhavishyachallagolla/Desktop/RetailSense/.venv/lib/python3.12/site-packages/airflow/example_dags/plugins/workday.py took 0.026 seconds
[2026-07-18T15:55:05.682+0530] {processor.py:186} INFO - Started process (PID=6297) to work on /Users/bhavishyachallagolla/Desktop/RetailSense/.venv/lib/python3.12/site-packages/airflow/example_dags/plugins/workday.py
[2026-07-18T15:55:05.683+0530] {processor.py:914} INFO - Processing file /Users/bhavishyachallagolla/Desktop/RetailSense/.venv/lib/python3.12/site-packages/airflow/example_dags/plugins/workday.py for tasks to queue
[2026-07-18T15:55:05.683+0530] {logging_mixin.py:190} INFO - [2026-07-18T15:55:05.683+0530] {dagbag.py:588} INFO - Filling up the DagBag from /Users/bhavishyachallagolla/Desktop/RetailSense/.venv/lib/python3.12/site-packages/airflow/example_dags/plugins/workday.py
[2026-07-18T15:55:05.684+0530] {logging_mixin.py:190} INFO - [2026-07-18T15:55:05.684+0530] {workday.py:41} WARNING - Could not import pandas. Holidays will not be considered.
[2026-07-18T15:55:05.684+0530] {processor.py:927} WARNING - No viable dags retrieved from /Users/bhavishyachallagolla/Desktop/RetailSense/.venv/lib/python3.12/site-packages/airflow/example_dags/plugins/workday.py
[2026-07-18T15:55:05.707+0530] {processor.py:208} INFO - Processing /Users/bhavishyachallagolla/Desktop/RetailSense/.venv/lib/python3.12/site-packages/airflow/example_dags/plugins/workday.py took 0.025 seconds
[2026-07-18T15:55:57.271+0530] {processor.py:186} INFO - Started process (PID=6429) to work on /Users/bhavishyachallagolla/Desktop/RetailSense/.venv/lib/python3.12/site-packages/airflow/example_dags/plugins/workday.py
[2026-07-18T15:55:57.272+0530] {processor.py:914} INFO - Processing file /Users/bhavishyachallagolla/Desktop/RetailSense/.venv/lib/python3.12/site-packages/airflow/example_dags/plugins/workday.py for tasks to queue
[2026-07-18T15:55:57.272+0530] {logging_mixin.py:190} INFO - [2026-07-18T15:55:57.272+0530] {dagbag.py:588} INFO - Filling up the DagBag from /Users/bhavishyachallagolla/Desktop/RetailSense/.venv/lib/python3.12/site-packages/airflow/example_dags/plugins/workday.py
[2026-07-18T15:55:57.273+0530] {logging_mixin.py:190} INFO - [2026-07-18T15:55:57.273+0530] {workday.py:41} WARNING - Could not import pandas. Holidays will not be considered.
[2026-07-18T15:55:57.273+0530] {processor.py:927} WARNING - No viable dags retrieved from /Users/bhavishyachallagolla/Desktop/RetailSense/.venv/lib/python3.12/site-packages/airflow/example_dags/plugins/workday.py
[2026-07-18T15:55:57.295+0530] {processor.py:208} INFO - Processing /Users/bhavishyachallagolla/Desktop/RetailSense/.venv/lib/python3.12/site-packages/airflow/example_dags/plugins/workday.py took 0.025 seconds
[2026-07-18T15:56:48.810+0530] {processor.py:186} INFO - Started process (PID=6564) to work on /Users/bhavishyachallagolla/Desktop/RetailSense/.venv/lib/python3.12/site-packages/airflow/example_dags/plugins/workday.py
[2026-07-18T15:56:48.811+0530] {processor.py:914} INFO - Processing file /Users/bhavishyachallagolla/Desktop/RetailSense/.venv/lib/python3.12/site-packages/airflow/example_dags/plugins/workday.py for tasks to queue
[2026-07-18T15:56:48.812+0530] {logging_mixin.py:190} INFO - [2026-07-18T15:56:48.812+0530] {dagbag.py:588} INFO - Filling up the DagBag from /Users/bhavishyachallagolla/Desktop/RetailSense/.venv/lib/python3.12/site-packages/airflow/example_dags/plugins/workday.py
[2026-07-18T15:56:48.812+0530] {logging_mixin.py:190} INFO - [2026-07-18T15:56:48.812+0530] {workday.py:41} WARNING - Could not import pandas. Holidays will not be considered.
[2026-07-18T15:56:48.812+0530] {processor.py:927} WARNING - No viable dags retrieved from /Users/bhavishyachallagolla/Desktop/RetailSense/.venv/lib/python3.12/site-packages/airflow/example_dags/plugins/workday.py
[2026-07-18T15:56:48.834+0530] {processor.py:208} INFO - Processing /Users/bhavishyachallagolla/Desktop/RetailSense/.venv/lib/python3.12/site-packages/airflow/example_dags/plugins/workday.py took 0.025 seconds
