[2026-07-17T23:26:47.387+0530] {processor.py:186} INFO - Started process (PID=98112) to work on /Users/bhavishyachallagolla/Desktop/RetailSense/airflow/dags/retailsense_pipeline.py
[2026-07-17T23:26:47.387+0530] {processor.py:914} INFO - Processing file /Users/bhavishyachallagolla/Desktop/RetailSense/airflow/dags/retailsense_pipeline.py for tasks to queue
[2026-07-17T23:26:47.388+0530] {logging_mixin.py:190} INFO - [2026-07-17T23:26:47.387+0530] {dagbag.py:588} INFO - Filling up the DagBag from /Users/bhavishyachallagolla/Desktop/RetailSense/airflow/dags/retailsense_pipeline.py
[2026-07-17T23:26:47.388+0530] {logging_mixin.py:190} INFO - [2026-07-17T23:26:47.388+0530] {dagbag.py:387} ERROR - Failed to import: /Users/bhavishyachallagolla/Desktop/RetailSense/airflow/dags/retailsense_pipeline.py
Traceback (most recent call last):
  File "/Users/bhavishyachallagolla/Desktop/RetailSense/.venv/lib/python3.12/site-packages/airflow/models/dagbag.py", line 383, in parse
    loader.exec_module(new_module)
  File "<frozen importlib._bootstrap_external>", line 995, in exec_module
  File "<frozen importlib._bootstrap_external>", line 1133, in get_code
  File "<frozen importlib._bootstrap_external>", line 1063, in source_to_code
  File "<frozen importlib._bootstrap>", line 488, in _call_with_frames_removed
  File "/Users/bhavishyachallagolla/Desktop/RetailSense/airflow/dags/retailsense_pipeline.py", line 27
    gold_task = BashOperator(
                             ^
IndentationError: unindent does not match any outer indentation level
[2026-07-17T23:26:47.388+0530] {processor.py:927} WARNING - No viable dags retrieved from /Users/bhavishyachallagolla/Desktop/RetailSense/airflow/dags/retailsense_pipeline.py
[2026-07-17T23:26:47.413+0530] {logging_mixin.py:190} INFO - [2026-07-17T23:26:47.413+0530] {workday.py:41} WARNING - Could not import pandas. Holidays will not be considered.
[2026-07-17T23:26:47.417+0530] {processor.py:208} INFO - Processing /Users/bhavishyachallagolla/Desktop/RetailSense/airflow/dags/retailsense_pipeline.py took 0.031 seconds
[2026-07-17T23:27:24.439+0530] {processor.py:186} INFO - Started process (PID=98172) to work on /Users/bhavishyachallagolla/Desktop/RetailSense/airflow/dags/retailsense_pipeline.py
[2026-07-17T23:27:24.439+0530] {processor.py:914} INFO - Processing file /Users/bhavishyachallagolla/Desktop/RetailSense/airflow/dags/retailsense_pipeline.py for tasks to queue
[2026-07-17T23:27:24.439+0530] {logging_mixin.py:190} INFO - [2026-07-17T23:27:24.439+0530] {dagbag.py:588} INFO - Filling up the DagBag from /Users/bhavishyachallagolla/Desktop/RetailSense/airflow/dags/retailsense_pipeline.py
[2026-07-17T23:27:24.440+0530] {logging_mixin.py:190} INFO - [2026-07-17T23:27:24.440+0530] {dagbag.py:387} ERROR - Failed to import: /Users/bhavishyachallagolla/Desktop/RetailSense/airflow/dags/retailsense_pipeline.py
Traceback (most recent call last):
  File "/Users/bhavishyachallagolla/Desktop/RetailSense/.venv/lib/python3.12/site-packages/airflow/models/dagbag.py", line 383, in parse
    loader.exec_module(new_module)
  File "<frozen importlib._bootstrap_external>", line 995, in exec_module
  File "<frozen importlib._bootstrap_external>", line 1133, in get_code
  File "<frozen importlib._bootstrap_external>", line 1063, in source_to_code
  File "<frozen importlib._bootstrap>", line 488, in _call_with_frames_removed
  File "/Users/bhavishyachallagolla/Desktop/RetailSense/airflow/dags/retailsense_pipeline.py", line 27
    gold_task = BashOperator(
                             ^
IndentationError: unindent does not match any outer indentation level
[2026-07-17T23:27:24.440+0530] {processor.py:927} WARNING - No viable dags retrieved from /Users/bhavishyachallagolla/Desktop/RetailSense/airflow/dags/retailsense_pipeline.py
[2026-07-17T23:27:24.467+0530] {logging_mixin.py:190} INFO - [2026-07-17T23:27:24.467+0530] {workday.py:41} WARNING - Could not import pandas. Holidays will not be considered.
[2026-07-17T23:27:24.471+0530] {processor.py:208} INFO - Processing /Users/bhavishyachallagolla/Desktop/RetailSense/airflow/dags/retailsense_pipeline.py took 0.033 seconds
[2026-07-17T23:28:15.869+0530] {processor.py:186} INFO - Started process (PID=98252) to work on /Users/bhavishyachallagolla/Desktop/RetailSense/airflow/dags/retailsense_pipeline.py
[2026-07-17T23:28:15.870+0530] {processor.py:914} INFO - Processing file /Users/bhavishyachallagolla/Desktop/RetailSense/airflow/dags/retailsense_pipeline.py for tasks to queue
[2026-07-17T23:28:15.870+0530] {logging_mixin.py:190} INFO - [2026-07-17T23:28:15.870+0530] {dagbag.py:588} INFO - Filling up the DagBag from /Users/bhavishyachallagolla/Desktop/RetailSense/airflow/dags/retailsense_pipeline.py
[2026-07-17T23:28:15.871+0530] {logging_mixin.py:190} INFO - [2026-07-17T23:28:15.870+0530] {dagbag.py:387} ERROR - Failed to import: /Users/bhavishyachallagolla/Desktop/RetailSense/airflow/dags/retailsense_pipeline.py
Traceback (most recent call last):
  File "/Users/bhavishyachallagolla/Desktop/RetailSense/.venv/lib/python3.12/site-packages/airflow/models/dagbag.py", line 383, in parse
    loader.exec_module(new_module)
  File "<frozen importlib._bootstrap_external>", line 995, in exec_module
  File "<frozen importlib._bootstrap_external>", line 1133, in get_code
  File "<frozen importlib._bootstrap_external>", line 1063, in source_to_code
  File "<frozen importlib._bootstrap>", line 488, in _call_with_frames_removed
  File "/Users/bhavishyachallagolla/Desktop/RetailSense/airflow/dags/retailsense_pipeline.py", line 27
    gold_task = BashOperator(
                             ^
IndentationError: unindent does not match any outer indentation level
[2026-07-17T23:28:15.871+0530] {processor.py:927} WARNING - No viable dags retrieved from /Users/bhavishyachallagolla/Desktop/RetailSense/airflow/dags/retailsense_pipeline.py
[2026-07-17T23:28:15.894+0530] {logging_mixin.py:190} INFO - [2026-07-17T23:28:15.894+0530] {workday.py:41} WARNING - Could not import pandas. Holidays will not be considered.
[2026-07-17T23:28:15.898+0530] {processor.py:208} INFO - Processing /Users/bhavishyachallagolla/Desktop/RetailSense/airflow/dags/retailsense_pipeline.py took 0.030 seconds
[2026-07-17T23:29:06.501+0530] {processor.py:186} INFO - Started process (PID=98327) to work on /Users/bhavishyachallagolla/Desktop/RetailSense/airflow/dags/retailsense_pipeline.py
[2026-07-17T23:29:06.502+0530] {processor.py:914} INFO - Processing file /Users/bhavishyachallagolla/Desktop/RetailSense/airflow/dags/retailsense_pipeline.py for tasks to queue
[2026-07-17T23:29:06.502+0530] {logging_mixin.py:190} INFO - [2026-07-17T23:29:06.502+0530] {dagbag.py:588} INFO - Filling up the DagBag from /Users/bhavishyachallagolla/Desktop/RetailSense/airflow/dags/retailsense_pipeline.py
[2026-07-17T23:29:06.503+0530] {logging_mixin.py:190} INFO - [2026-07-17T23:29:06.502+0530] {dagbag.py:387} ERROR - Failed to import: /Users/bhavishyachallagolla/Desktop/RetailSense/airflow/dags/retailsense_pipeline.py
Traceback (most recent call last):
  File "/Users/bhavishyachallagolla/Desktop/RetailSense/.venv/lib/python3.12/site-packages/airflow/models/dagbag.py", line 383, in parse
    loader.exec_module(new_module)
  File "<frozen importlib._bootstrap_external>", line 995, in exec_module
  File "<frozen importlib._bootstrap_external>", line 1133, in get_code
  File "<frozen importlib._bootstrap_external>", line 1063, in source_to_code
  File "<frozen importlib._bootstrap>", line 488, in _call_with_frames_removed
  File "/Users/bhavishyachallagolla/Desktop/RetailSense/airflow/dags/retailsense_pipeline.py", line 27
    gold_task = BashOperator(
                             ^
IndentationError: unindent does not match any outer indentation level
[2026-07-17T23:29:06.503+0530] {processor.py:927} WARNING - No viable dags retrieved from /Users/bhavishyachallagolla/Desktop/RetailSense/airflow/dags/retailsense_pipeline.py
[2026-07-17T23:29:06.528+0530] {logging_mixin.py:190} INFO - [2026-07-17T23:29:06.528+0530] {workday.py:41} WARNING - Could not import pandas. Holidays will not be considered.
[2026-07-17T23:29:06.531+0530] {processor.py:208} INFO - Processing /Users/bhavishyachallagolla/Desktop/RetailSense/airflow/dags/retailsense_pipeline.py took 0.032 seconds
[2026-07-17T23:29:56.989+0530] {processor.py:186} INFO - Started process (PID=98406) to work on /Users/bhavishyachallagolla/Desktop/RetailSense/airflow/dags/retailsense_pipeline.py
[2026-07-17T23:29:56.989+0530] {processor.py:914} INFO - Processing file /Users/bhavishyachallagolla/Desktop/RetailSense/airflow/dags/retailsense_pipeline.py for tasks to queue
[2026-07-17T23:29:56.989+0530] {logging_mixin.py:190} INFO - [2026-07-17T23:29:56.989+0530] {dagbag.py:588} INFO - Filling up the DagBag from /Users/bhavishyachallagolla/Desktop/RetailSense/airflow/dags/retailsense_pipeline.py
[2026-07-17T23:29:56.990+0530] {logging_mixin.py:190} INFO - [2026-07-17T23:29:56.990+0530] {dagbag.py:387} ERROR - Failed to import: /Users/bhavishyachallagolla/Desktop/RetailSense/airflow/dags/retailsense_pipeline.py
Traceback (most recent call last):
  File "/Users/bhavishyachallagolla/Desktop/RetailSense/.venv/lib/python3.12/site-packages/airflow/models/dagbag.py", line 383, in parse
    loader.exec_module(new_module)
  File "<frozen importlib._bootstrap_external>", line 995, in exec_module
  File "<frozen importlib._bootstrap_external>", line 1133, in get_code
  File "<frozen importlib._bootstrap_external>", line 1063, in source_to_code
  File "<frozen importlib._bootstrap>", line 488, in _call_with_frames_removed
  File "/Users/bhavishyachallagolla/Desktop/RetailSense/airflow/dags/retailsense_pipeline.py", line 27
    gold_task = BashOperator(
                             ^
IndentationError: unindent does not match any outer indentation level
[2026-07-17T23:29:56.990+0530] {processor.py:927} WARNING - No viable dags retrieved from /Users/bhavishyachallagolla/Desktop/RetailSense/airflow/dags/retailsense_pipeline.py
[2026-07-17T23:29:57.014+0530] {logging_mixin.py:190} INFO - [2026-07-17T23:29:57.014+0530] {workday.py:41} WARNING - Could not import pandas. Holidays will not be considered.
[2026-07-17T23:29:57.018+0530] {processor.py:208} INFO - Processing /Users/bhavishyachallagolla/Desktop/RetailSense/airflow/dags/retailsense_pipeline.py took 0.031 seconds
[2026-07-17T23:30:48.742+0530] {processor.py:186} INFO - Started process (PID=98510) to work on /Users/bhavishyachallagolla/Desktop/RetailSense/airflow/dags/retailsense_pipeline.py
[2026-07-17T23:30:48.743+0530] {processor.py:914} INFO - Processing file /Users/bhavishyachallagolla/Desktop/RetailSense/airflow/dags/retailsense_pipeline.py for tasks to queue
[2026-07-17T23:30:48.744+0530] {logging_mixin.py:190} INFO - [2026-07-17T23:30:48.744+0530] {dagbag.py:588} INFO - Filling up the DagBag from /Users/bhavishyachallagolla/Desktop/RetailSense/airflow/dags/retailsense_pipeline.py
[2026-07-17T23:30:48.745+0530] {logging_mixin.py:190} INFO - [2026-07-17T23:30:48.744+0530] {dagbag.py:387} ERROR - Failed to import: /Users/bhavishyachallagolla/Desktop/RetailSense/airflow/dags/retailsense_pipeline.py
Traceback (most recent call last):
  File "/Users/bhavishyachallagolla/Desktop/RetailSense/.venv/lib/python3.12/site-packages/airflow/models/dagbag.py", line 383, in parse
    loader.exec_module(new_module)
  File "<frozen importlib._bootstrap_external>", line 995, in exec_module
  File "<frozen importlib._bootstrap_external>", line 1133, in get_code
  File "<frozen importlib._bootstrap_external>", line 1063, in source_to_code
  File "<frozen importlib._bootstrap>", line 488, in _call_with_frames_removed
  File "/Users/bhavishyachallagolla/Desktop/RetailSense/airflow/dags/retailsense_pipeline.py", line 27
    gold_task = BashOperator(
                             ^
IndentationError: unindent does not match any outer indentation level
[2026-07-17T23:30:48.745+0530] {processor.py:927} WARNING - No viable dags retrieved from /Users/bhavishyachallagolla/Desktop/RetailSense/airflow/dags/retailsense_pipeline.py
[2026-07-17T23:30:48.775+0530] {logging_mixin.py:190} INFO - [2026-07-17T23:30:48.774+0530] {workday.py:41} WARNING - Could not import pandas. Holidays will not be considered.
[2026-07-17T23:30:48.779+0530] {processor.py:208} INFO - Processing /Users/bhavishyachallagolla/Desktop/RetailSense/airflow/dags/retailsense_pipeline.py took 0.038 seconds
[2026-07-17T23:31:43.620+0530] {processor.py:186} INFO - Started process (PID=98605) to work on /Users/bhavishyachallagolla/Desktop/RetailSense/airflow/dags/retailsense_pipeline.py
[2026-07-17T23:31:43.621+0530] {processor.py:914} INFO - Processing file /Users/bhavishyachallagolla/Desktop/RetailSense/airflow/dags/retailsense_pipeline.py for tasks to queue
[2026-07-17T23:31:43.621+0530] {logging_mixin.py:190} INFO - [2026-07-17T23:31:43.621+0530] {dagbag.py:588} INFO - Filling up the DagBag from /Users/bhavishyachallagolla/Desktop/RetailSense/airflow/dags/retailsense_pipeline.py
[2026-07-17T23:31:43.622+0530] {logging_mixin.py:190} INFO - [2026-07-17T23:31:43.621+0530] {dagbag.py:387} ERROR - Failed to import: /Users/bhavishyachallagolla/Desktop/RetailSense/airflow/dags/retailsense_pipeline.py
Traceback (most recent call last):
  File "/Users/bhavishyachallagolla/Desktop/RetailSense/.venv/lib/python3.12/site-packages/airflow/models/dagbag.py", line 383, in parse
    loader.exec_module(new_module)
  File "<frozen importlib._bootstrap_external>", line 995, in exec_module
  File "<frozen importlib._bootstrap_external>", line 1133, in get_code
  File "<frozen importlib._bootstrap_external>", line 1063, in source_to_code
  File "<frozen importlib._bootstrap>", line 488, in _call_with_frames_removed
  File "/Users/bhavishyachallagolla/Desktop/RetailSense/airflow/dags/retailsense_pipeline.py", line 27
    gold_task = BashOperator(
                             ^
IndentationError: unindent does not match any outer indentation level
[2026-07-17T23:31:43.622+0530] {processor.py:927} WARNING - No viable dags retrieved from /Users/bhavishyachallagolla/Desktop/RetailSense/airflow/dags/retailsense_pipeline.py
[2026-07-17T23:31:43.648+0530] {logging_mixin.py:190} INFO - [2026-07-17T23:31:43.648+0530] {workday.py:41} WARNING - Could not import pandas. Holidays will not be considered.
[2026-07-17T23:31:43.652+0530] {processor.py:208} INFO - Processing /Users/bhavishyachallagolla/Desktop/RetailSense/airflow/dags/retailsense_pipeline.py took 0.033 seconds
[2026-07-17T23:32:38.596+0530] {processor.py:186} INFO - Started process (PID=98692) to work on /Users/bhavishyachallagolla/Desktop/RetailSense/airflow/dags/retailsense_pipeline.py
[2026-07-17T23:32:38.596+0530] {processor.py:914} INFO - Processing file /Users/bhavishyachallagolla/Desktop/RetailSense/airflow/dags/retailsense_pipeline.py for tasks to queue
[2026-07-17T23:32:38.597+0530] {logging_mixin.py:190} INFO - [2026-07-17T23:32:38.597+0530] {dagbag.py:588} INFO - Filling up the DagBag from /Users/bhavishyachallagolla/Desktop/RetailSense/airflow/dags/retailsense_pipeline.py
[2026-07-17T23:32:38.597+0530] {logging_mixin.py:190} INFO - [2026-07-17T23:32:38.597+0530] {dagbag.py:387} ERROR - Failed to import: /Users/bhavishyachallagolla/Desktop/RetailSense/airflow/dags/retailsense_pipeline.py
Traceback (most recent call last):
  File "/Users/bhavishyachallagolla/Desktop/RetailSense/.venv/lib/python3.12/site-packages/airflow/models/dagbag.py", line 383, in parse
    loader.exec_module(new_module)
  File "<frozen importlib._bootstrap_external>", line 995, in exec_module
  File "<frozen importlib._bootstrap_external>", line 1133, in get_code
  File "<frozen importlib._bootstrap_external>", line 1063, in source_to_code
  File "<frozen importlib._bootstrap>", line 488, in _call_with_frames_removed
  File "/Users/bhavishyachallagolla/Desktop/RetailSense/airflow/dags/retailsense_pipeline.py", line 27
    gold_task = BashOperator(
                             ^
IndentationError: unindent does not match any outer indentation level
[2026-07-17T23:32:38.598+0530] {processor.py:927} WARNING - No viable dags retrieved from /Users/bhavishyachallagolla/Desktop/RetailSense/airflow/dags/retailsense_pipeline.py
[2026-07-17T23:32:38.627+0530] {logging_mixin.py:190} INFO - [2026-07-17T23:32:38.627+0530] {workday.py:41} WARNING - Could not import pandas. Holidays will not be considered.
[2026-07-17T23:32:38.631+0530] {processor.py:208} INFO - Processing /Users/bhavishyachallagolla/Desktop/RetailSense/airflow/dags/retailsense_pipeline.py took 0.036 seconds
[2026-07-17T23:33:32.360+0530] {processor.py:186} INFO - Started process (PID=98774) to work on /Users/bhavishyachallagolla/Desktop/RetailSense/airflow/dags/retailsense_pipeline.py
[2026-07-17T23:33:32.360+0530] {processor.py:914} INFO - Processing file /Users/bhavishyachallagolla/Desktop/RetailSense/airflow/dags/retailsense_pipeline.py for tasks to queue
[2026-07-17T23:33:32.360+0530] {logging_mixin.py:190} INFO - [2026-07-17T23:33:32.360+0530] {dagbag.py:588} INFO - Filling up the DagBag from /Users/bhavishyachallagolla/Desktop/RetailSense/airflow/dags/retailsense_pipeline.py
[2026-07-17T23:33:32.361+0530] {logging_mixin.py:190} INFO - [2026-07-17T23:33:32.361+0530] {dagbag.py:387} ERROR - Failed to import: /Users/bhavishyachallagolla/Desktop/RetailSense/airflow/dags/retailsense_pipeline.py
Traceback (most recent call last):
  File "/Users/bhavishyachallagolla/Desktop/RetailSense/.venv/lib/python3.12/site-packages/airflow/models/dagbag.py", line 383, in parse
    loader.exec_module(new_module)
  File "<frozen importlib._bootstrap_external>", line 995, in exec_module
  File "<frozen importlib._bootstrap_external>", line 1133, in get_code
  File "<frozen importlib._bootstrap_external>", line 1063, in source_to_code
  File "<frozen importlib._bootstrap>", line 488, in _call_with_frames_removed
  File "/Users/bhavishyachallagolla/Desktop/RetailSense/airflow/dags/retailsense_pipeline.py", line 27
    gold_task = BashOperator(
                             ^
IndentationError: unindent does not match any outer indentation level
[2026-07-17T23:33:32.361+0530] {processor.py:927} WARNING - No viable dags retrieved from /Users/bhavishyachallagolla/Desktop/RetailSense/airflow/dags/retailsense_pipeline.py
[2026-07-17T23:33:32.385+0530] {logging_mixin.py:190} INFO - [2026-07-17T23:33:32.385+0530] {workday.py:41} WARNING - Could not import pandas. Holidays will not be considered.
[2026-07-17T23:33:32.390+0530] {processor.py:208} INFO - Processing /Users/bhavishyachallagolla/Desktop/RetailSense/airflow/dags/retailsense_pipeline.py took 0.031 seconds
[2026-07-17T23:34:24.726+0530] {processor.py:186} INFO - Started process (PID=98865) to work on /Users/bhavishyachallagolla/Desktop/RetailSense/airflow/dags/retailsense_pipeline.py
[2026-07-17T23:34:24.726+0530] {processor.py:914} INFO - Processing file /Users/bhavishyachallagolla/Desktop/RetailSense/airflow/dags/retailsense_pipeline.py for tasks to queue
[2026-07-17T23:34:24.727+0530] {logging_mixin.py:190} INFO - [2026-07-17T23:34:24.727+0530] {dagbag.py:588} INFO - Filling up the DagBag from /Users/bhavishyachallagolla/Desktop/RetailSense/airflow/dags/retailsense_pipeline.py
[2026-07-17T23:34:24.727+0530] {logging_mixin.py:190} INFO - [2026-07-17T23:34:24.727+0530] {dagbag.py:387} ERROR - Failed to import: /Users/bhavishyachallagolla/Desktop/RetailSense/airflow/dags/retailsense_pipeline.py
Traceback (most recent call last):
  File "/Users/bhavishyachallagolla/Desktop/RetailSense/.venv/lib/python3.12/site-packages/airflow/models/dagbag.py", line 383, in parse
    loader.exec_module(new_module)
  File "<frozen importlib._bootstrap_external>", line 995, in exec_module
  File "<frozen importlib._bootstrap_external>", line 1133, in get_code
  File "<frozen importlib._bootstrap_external>", line 1063, in source_to_code
  File "<frozen importlib._bootstrap>", line 488, in _call_with_frames_removed
  File "/Users/bhavishyachallagolla/Desktop/RetailSense/airflow/dags/retailsense_pipeline.py", line 27
    gold_task = BashOperator(
                             ^
IndentationError: unindent does not match any outer indentation level
[2026-07-17T23:34:24.727+0530] {processor.py:927} WARNING - No viable dags retrieved from /Users/bhavishyachallagolla/Desktop/RetailSense/airflow/dags/retailsense_pipeline.py
[2026-07-17T23:34:24.752+0530] {logging_mixin.py:190} INFO - [2026-07-17T23:34:24.751+0530] {workday.py:41} WARNING - Could not import pandas. Holidays will not be considered.
[2026-07-17T23:34:24.756+0530] {processor.py:208} INFO - Processing /Users/bhavishyachallagolla/Desktop/RetailSense/airflow/dags/retailsense_pipeline.py took 0.031 seconds
[2026-07-17T23:35:16.849+0530] {processor.py:186} INFO - Started process (PID=98941) to work on /Users/bhavishyachallagolla/Desktop/RetailSense/airflow/dags/retailsense_pipeline.py
[2026-07-17T23:35:16.849+0530] {processor.py:914} INFO - Processing file /Users/bhavishyachallagolla/Desktop/RetailSense/airflow/dags/retailsense_pipeline.py for tasks to queue
[2026-07-17T23:35:16.849+0530] {logging_mixin.py:190} INFO - [2026-07-17T23:35:16.849+0530] {dagbag.py:588} INFO - Filling up the DagBag from /Users/bhavishyachallagolla/Desktop/RetailSense/airflow/dags/retailsense_pipeline.py
[2026-07-17T23:35:16.850+0530] {logging_mixin.py:190} INFO - [2026-07-17T23:35:16.850+0530] {dagbag.py:387} ERROR - Failed to import: /Users/bhavishyachallagolla/Desktop/RetailSense/airflow/dags/retailsense_pipeline.py
Traceback (most recent call last):
  File "/Users/bhavishyachallagolla/Desktop/RetailSense/.venv/lib/python3.12/site-packages/airflow/models/dagbag.py", line 383, in parse
    loader.exec_module(new_module)
  File "<frozen importlib._bootstrap_external>", line 995, in exec_module
  File "<frozen importlib._bootstrap_external>", line 1133, in get_code
  File "<frozen importlib._bootstrap_external>", line 1063, in source_to_code
  File "<frozen importlib._bootstrap>", line 488, in _call_with_frames_removed
  File "/Users/bhavishyachallagolla/Desktop/RetailSense/airflow/dags/retailsense_pipeline.py", line 27
    gold_task = BashOperator(
                             ^
IndentationError: unindent does not match any outer indentation level
[2026-07-17T23:35:16.850+0530] {processor.py:927} WARNING - No viable dags retrieved from /Users/bhavishyachallagolla/Desktop/RetailSense/airflow/dags/retailsense_pipeline.py
[2026-07-17T23:35:16.874+0530] {logging_mixin.py:190} INFO - [2026-07-17T23:35:16.874+0530] {workday.py:41} WARNING - Could not import pandas. Holidays will not be considered.
[2026-07-17T23:35:16.878+0530] {processor.py:208} INFO - Processing /Users/bhavishyachallagolla/Desktop/RetailSense/airflow/dags/retailsense_pipeline.py took 0.030 seconds
[2026-07-17T23:36:08.158+0530] {processor.py:186} INFO - Started process (PID=99019) to work on /Users/bhavishyachallagolla/Desktop/RetailSense/airflow/dags/retailsense_pipeline.py
[2026-07-17T23:36:08.158+0530] {processor.py:914} INFO - Processing file /Users/bhavishyachallagolla/Desktop/RetailSense/airflow/dags/retailsense_pipeline.py for tasks to queue
[2026-07-17T23:36:08.158+0530] {logging_mixin.py:190} INFO - [2026-07-17T23:36:08.158+0530] {dagbag.py:588} INFO - Filling up the DagBag from /Users/bhavishyachallagolla/Desktop/RetailSense/airflow/dags/retailsense_pipeline.py
[2026-07-17T23:36:08.159+0530] {logging_mixin.py:190} INFO - [2026-07-17T23:36:08.159+0530] {dagbag.py:387} ERROR - Failed to import: /Users/bhavishyachallagolla/Desktop/RetailSense/airflow/dags/retailsense_pipeline.py
Traceback (most recent call last):
  File "/Users/bhavishyachallagolla/Desktop/RetailSense/.venv/lib/python3.12/site-packages/airflow/models/dagbag.py", line 383, in parse
    loader.exec_module(new_module)
  File "<frozen importlib._bootstrap_external>", line 995, in exec_module
  File "<frozen importlib._bootstrap_external>", line 1133, in get_code
  File "<frozen importlib._bootstrap_external>", line 1063, in source_to_code
  File "<frozen importlib._bootstrap>", line 488, in _call_with_frames_removed
  File "/Users/bhavishyachallagolla/Desktop/RetailSense/airflow/dags/retailsense_pipeline.py", line 27
    gold_task = BashOperator(
                             ^
IndentationError: unindent does not match any outer indentation level
[2026-07-17T23:36:08.159+0530] {processor.py:927} WARNING - No viable dags retrieved from /Users/bhavishyachallagolla/Desktop/RetailSense/airflow/dags/retailsense_pipeline.py
[2026-07-17T23:36:08.183+0530] {logging_mixin.py:190} INFO - [2026-07-17T23:36:08.183+0530] {workday.py:41} WARNING - Could not import pandas. Holidays will not be considered.
[2026-07-17T23:36:08.187+0530] {processor.py:208} INFO - Processing /Users/bhavishyachallagolla/Desktop/RetailSense/airflow/dags/retailsense_pipeline.py took 0.030 seconds
[2026-07-17T23:36:58.432+0530] {processor.py:186} INFO - Started process (PID=99095) to work on /Users/bhavishyachallagolla/Desktop/RetailSense/airflow/dags/retailsense_pipeline.py
[2026-07-17T23:36:58.432+0530] {processor.py:914} INFO - Processing file /Users/bhavishyachallagolla/Desktop/RetailSense/airflow/dags/retailsense_pipeline.py for tasks to queue
[2026-07-17T23:36:58.433+0530] {logging_mixin.py:190} INFO - [2026-07-17T23:36:58.433+0530] {dagbag.py:588} INFO - Filling up the DagBag from /Users/bhavishyachallagolla/Desktop/RetailSense/airflow/dags/retailsense_pipeline.py
[2026-07-17T23:36:58.433+0530] {logging_mixin.py:190} INFO - [2026-07-17T23:36:58.433+0530] {dagbag.py:387} ERROR - Failed to import: /Users/bhavishyachallagolla/Desktop/RetailSense/airflow/dags/retailsense_pipeline.py
Traceback (most recent call last):
  File "/Users/bhavishyachallagolla/Desktop/RetailSense/.venv/lib/python3.12/site-packages/airflow/models/dagbag.py", line 383, in parse
    loader.exec_module(new_module)
  File "<frozen importlib._bootstrap_external>", line 995, in exec_module
  File "<frozen importlib._bootstrap_external>", line 1133, in get_code
  File "<frozen importlib._bootstrap_external>", line 1063, in source_to_code
  File "<frozen importlib._bootstrap>", line 488, in _call_with_frames_removed
  File "/Users/bhavishyachallagolla/Desktop/RetailSense/airflow/dags/retailsense_pipeline.py", line 33
    bronze_task >> silver_task >> gold_task..
                                            ^
SyntaxError: invalid syntax
[2026-07-17T23:36:58.434+0530] {processor.py:927} WARNING - No viable dags retrieved from /Users/bhavishyachallagolla/Desktop/RetailSense/airflow/dags/retailsense_pipeline.py
[2026-07-17T23:36:58.457+0530] {logging_mixin.py:190} INFO - [2026-07-17T23:36:58.457+0530] {workday.py:41} WARNING - Could not import pandas. Holidays will not be considered.
[2026-07-17T23:36:58.461+0530] {processor.py:208} INFO - Processing /Users/bhavishyachallagolla/Desktop/RetailSense/airflow/dags/retailsense_pipeline.py took 0.030 seconds
[2026-07-17T23:37:48.870+0530] {processor.py:186} INFO - Started process (PID=99171) to work on /Users/bhavishyachallagolla/Desktop/RetailSense/airflow/dags/retailsense_pipeline.py
[2026-07-17T23:37:48.870+0530] {processor.py:914} INFO - Processing file /Users/bhavishyachallagolla/Desktop/RetailSense/airflow/dags/retailsense_pipeline.py for tasks to queue
[2026-07-17T23:37:48.871+0530] {logging_mixin.py:190} INFO - [2026-07-17T23:37:48.871+0530] {dagbag.py:588} INFO - Filling up the DagBag from /Users/bhavishyachallagolla/Desktop/RetailSense/airflow/dags/retailsense_pipeline.py
[2026-07-17T23:37:48.871+0530] {logging_mixin.py:190} INFO - [2026-07-17T23:37:48.871+0530] {dagbag.py:387} ERROR - Failed to import: /Users/bhavishyachallagolla/Desktop/RetailSense/airflow/dags/retailsense_pipeline.py
Traceback (most recent call last):
  File "/Users/bhavishyachallagolla/Desktop/RetailSense/.venv/lib/python3.12/site-packages/airflow/models/dagbag.py", line 383, in parse
    loader.exec_module(new_module)
  File "<frozen importlib._bootstrap_external>", line 995, in exec_module
  File "<frozen importlib._bootstrap_external>", line 1133, in get_code
  File "<frozen importlib._bootstrap_external>", line 1063, in source_to_code
  File "<frozen importlib._bootstrap>", line 488, in _call_with_frames_removed
  File "/Users/bhavishyachallagolla/Desktop/RetailSense/airflow/dags/retailsense_pipeline.py", line 33
    bronze_task >> silver_task >> gold_task..
                                            ^
SyntaxError: invalid syntax
[2026-07-17T23:37:48.871+0530] {processor.py:927} WARNING - No viable dags retrieved from /Users/bhavishyachallagolla/Desktop/RetailSense/airflow/dags/retailsense_pipeline.py
[2026-07-17T23:37:48.895+0530] {logging_mixin.py:190} INFO - [2026-07-17T23:37:48.895+0530] {workday.py:41} WARNING - Could not import pandas. Holidays will not be considered.
[2026-07-17T23:37:48.899+0530] {processor.py:208} INFO - Processing /Users/bhavishyachallagolla/Desktop/RetailSense/airflow/dags/retailsense_pipeline.py took 0.030 seconds
[2026-07-17T23:38:41.189+0530] {processor.py:186} INFO - Started process (PID=99257) to work on /Users/bhavishyachallagolla/Desktop/RetailSense/airflow/dags/retailsense_pipeline.py
[2026-07-17T23:38:41.189+0530] {processor.py:914} INFO - Processing file /Users/bhavishyachallagolla/Desktop/RetailSense/airflow/dags/retailsense_pipeline.py for tasks to queue
[2026-07-17T23:38:41.189+0530] {logging_mixin.py:190} INFO - [2026-07-17T23:38:41.189+0530] {dagbag.py:588} INFO - Filling up the DagBag from /Users/bhavishyachallagolla/Desktop/RetailSense/airflow/dags/retailsense_pipeline.py
[2026-07-17T23:38:41.190+0530] {logging_mixin.py:190} INFO - [2026-07-17T23:38:41.190+0530] {dagbag.py:387} ERROR - Failed to import: /Users/bhavishyachallagolla/Desktop/RetailSense/airflow/dags/retailsense_pipeline.py
Traceback (most recent call last):
  File "/Users/bhavishyachallagolla/Desktop/RetailSense/.venv/lib/python3.12/site-packages/airflow/models/dagbag.py", line 383, in parse
    loader.exec_module(new_module)
  File "<frozen importlib._bootstrap_external>", line 995, in exec_module
  File "<frozen importlib._bootstrap_external>", line 1133, in get_code
  File "<frozen importlib._bootstrap_external>", line 1063, in source_to_code
  File "<frozen importlib._bootstrap>", line 488, in _call_with_frames_removed
  File "/Users/bhavishyachallagolla/Desktop/RetailSense/airflow/dags/retailsense_pipeline.py", line 33
    bronze_task >> silver_task >> gold_task..
                                            ^
SyntaxError: invalid syntax
[2026-07-17T23:38:41.190+0530] {processor.py:927} WARNING - No viable dags retrieved from /Users/bhavishyachallagolla/Desktop/RetailSense/airflow/dags/retailsense_pipeline.py
[2026-07-17T23:38:41.215+0530] {logging_mixin.py:190} INFO - [2026-07-17T23:38:41.215+0530] {workday.py:41} WARNING - Could not import pandas. Holidays will not be considered.
[2026-07-17T23:38:41.219+0530] {processor.py:208} INFO - Processing /Users/bhavishyachallagolla/Desktop/RetailSense/airflow/dags/retailsense_pipeline.py took 0.031 seconds
[2026-07-17T23:39:31.600+0530] {processor.py:186} INFO - Started process (PID=99331) to work on /Users/bhavishyachallagolla/Desktop/RetailSense/airflow/dags/retailsense_pipeline.py
[2026-07-17T23:39:31.601+0530] {processor.py:914} INFO - Processing file /Users/bhavishyachallagolla/Desktop/RetailSense/airflow/dags/retailsense_pipeline.py for tasks to queue
[2026-07-17T23:39:31.601+0530] {logging_mixin.py:190} INFO - [2026-07-17T23:39:31.601+0530] {dagbag.py:588} INFO - Filling up the DagBag from /Users/bhavishyachallagolla/Desktop/RetailSense/airflow/dags/retailsense_pipeline.py
[2026-07-17T23:39:31.602+0530] {logging_mixin.py:190} INFO - [2026-07-17T23:39:31.601+0530] {dagbag.py:387} ERROR - Failed to import: /Users/bhavishyachallagolla/Desktop/RetailSense/airflow/dags/retailsense_pipeline.py
Traceback (most recent call last):
  File "/Users/bhavishyachallagolla/Desktop/RetailSense/.venv/lib/python3.12/site-packages/airflow/models/dagbag.py", line 383, in parse
    loader.exec_module(new_module)
  File "<frozen importlib._bootstrap_external>", line 995, in exec_module
  File "<frozen importlib._bootstrap_external>", line 1133, in get_code
  File "<frozen importlib._bootstrap_external>", line 1063, in source_to_code
  File "<frozen importlib._bootstrap>", line 488, in _call_with_frames_removed
  File "/Users/bhavishyachallagolla/Desktop/RetailSense/airflow/dags/retailsense_pipeline.py", line 33
    bronze_task >> silver_task >> gold_task..
                                            ^
SyntaxError: invalid syntax
[2026-07-17T23:39:31.602+0530] {processor.py:927} WARNING - No viable dags retrieved from /Users/bhavishyachallagolla/Desktop/RetailSense/airflow/dags/retailsense_pipeline.py
[2026-07-17T23:39:31.626+0530] {logging_mixin.py:190} INFO - [2026-07-17T23:39:31.626+0530] {workday.py:41} WARNING - Could not import pandas. Holidays will not be considered.
[2026-07-17T23:39:31.630+0530] {processor.py:208} INFO - Processing /Users/bhavishyachallagolla/Desktop/RetailSense/airflow/dags/retailsense_pipeline.py took 0.031 seconds
[2026-07-17T23:40:22.104+0530] {processor.py:186} INFO - Started process (PID=99407) to work on /Users/bhavishyachallagolla/Desktop/RetailSense/airflow/dags/retailsense_pipeline.py
[2026-07-17T23:40:22.104+0530] {processor.py:914} INFO - Processing file /Users/bhavishyachallagolla/Desktop/RetailSense/airflow/dags/retailsense_pipeline.py for tasks to queue
[2026-07-17T23:40:22.105+0530] {logging_mixin.py:190} INFO - [2026-07-17T23:40:22.105+0530] {dagbag.py:588} INFO - Filling up the DagBag from /Users/bhavishyachallagolla/Desktop/RetailSense/airflow/dags/retailsense_pipeline.py
[2026-07-17T23:40:22.108+0530] {processor.py:925} INFO - DAG(s) 'retailsense_pipeline' retrieved from /Users/bhavishyachallagolla/Desktop/RetailSense/airflow/dags/retailsense_pipeline.py
[2026-07-17T23:40:22.156+0530] {logging_mixin.py:190} INFO - [2026-07-17T23:40:22.155+0530] {override.py:1912} INFO - Created Permission View: can read on DAG:retailsense_pipeline
[2026-07-17T23:40:22.158+0530] {logging_mixin.py:190} INFO - [2026-07-17T23:40:22.158+0530] {override.py:1912} INFO - Created Permission View: can edit on DAG:retailsense_pipeline
[2026-07-17T23:40:22.159+0530] {logging_mixin.py:190} INFO - [2026-07-17T23:40:22.159+0530] {override.py:1912} INFO - Created Permission View: can delete on DAG:retailsense_pipeline
[2026-07-17T23:40:22.161+0530] {logging_mixin.py:190} INFO - [2026-07-17T23:40:22.161+0530] {override.py:1912} INFO - Created Permission View: can read on DAG Run:retailsense_pipeline
[2026-07-17T23:40:22.162+0530] {logging_mixin.py:190} INFO - [2026-07-17T23:40:22.162+0530] {override.py:1912} INFO - Created Permission View: can create on DAG Run:retailsense_pipeline
[2026-07-17T23:40:22.163+0530] {logging_mixin.py:190} INFO - [2026-07-17T23:40:22.163+0530] {override.py:1912} INFO - Created Permission View: menu access on DAG Run:retailsense_pipeline
[2026-07-17T23:40:22.164+0530] {logging_mixin.py:190} INFO - [2026-07-17T23:40:22.164+0530] {override.py:1912} INFO - Created Permission View: can delete on DAG Run:retailsense_pipeline
[2026-07-17T23:40:22.164+0530] {logging_mixin.py:190} INFO - [2026-07-17T23:40:22.164+0530] {dag.py:3239} INFO - Sync 1 DAGs
[2026-07-17T23:40:22.167+0530] {logging_mixin.py:190} INFO - [2026-07-17T23:40:22.167+0530] {dag.py:3262} INFO - Creating ORM DAG for retailsense_pipeline
[2026-07-17T23:40:22.169+0530] {logging_mixin.py:190} INFO - [2026-07-17T23:40:22.169+0530] {dag.py:4180} INFO - Setting next_dagrun for retailsense_pipeline to 2026-07-17 00:00:00+00:00, run_after=2026-07-18 00:00:00+00:00
[2026-07-17T23:40:22.174+0530] {processor.py:208} INFO - Processing /Users/bhavishyachallagolla/Desktop/RetailSense/airflow/dags/retailsense_pipeline.py took 0.070 seconds
[2026-07-17T23:41:13.934+0530] {processor.py:186} INFO - Started process (PID=99487) to work on /Users/bhavishyachallagolla/Desktop/RetailSense/airflow/dags/retailsense_pipeline.py
[2026-07-17T23:41:13.935+0530] {processor.py:914} INFO - Processing file /Users/bhavishyachallagolla/Desktop/RetailSense/airflow/dags/retailsense_pipeline.py for tasks to queue
[2026-07-17T23:41:13.936+0530] {logging_mixin.py:190} INFO - [2026-07-17T23:41:13.935+0530] {dagbag.py:588} INFO - Filling up the DagBag from /Users/bhavishyachallagolla/Desktop/RetailSense/airflow/dags/retailsense_pipeline.py
[2026-07-17T23:41:13.939+0530] {processor.py:925} INFO - DAG(s) 'retailsense_pipeline' retrieved from /Users/bhavishyachallagolla/Desktop/RetailSense/airflow/dags/retailsense_pipeline.py
[2026-07-17T23:41:13.965+0530] {logging_mixin.py:190} INFO - [2026-07-17T23:41:13.965+0530] {dag.py:3239} INFO - Sync 1 DAGs
[2026-07-17T23:41:13.970+0530] {logging_mixin.py:190} INFO - [2026-07-17T23:41:13.970+0530] {dag.py:4180} INFO - Setting next_dagrun for retailsense_pipeline to 2026-07-17 00:00:00+00:00, run_after=2026-07-18 00:00:00+00:00
[2026-07-17T23:41:13.975+0530] {processor.py:208} INFO - Processing /Users/bhavishyachallagolla/Desktop/RetailSense/airflow/dags/retailsense_pipeline.py took 0.042 seconds
[2026-07-17T23:42:07.132+0530] {processor.py:186} INFO - Started process (PID=99569) to work on /Users/bhavishyachallagolla/Desktop/RetailSense/airflow/dags/retailsense_pipeline.py
[2026-07-17T23:42:07.133+0530] {processor.py:914} INFO - Processing file /Users/bhavishyachallagolla/Desktop/RetailSense/airflow/dags/retailsense_pipeline.py for tasks to queue
[2026-07-17T23:42:07.133+0530] {logging_mixin.py:190} INFO - [2026-07-17T23:42:07.133+0530] {dagbag.py:588} INFO - Filling up the DagBag from /Users/bhavishyachallagolla/Desktop/RetailSense/airflow/dags/retailsense_pipeline.py
[2026-07-17T23:42:07.136+0530] {processor.py:925} INFO - DAG(s) 'retailsense_pipeline' retrieved from /Users/bhavishyachallagolla/Desktop/RetailSense/airflow/dags/retailsense_pipeline.py
[2026-07-17T23:42:07.160+0530] {logging_mixin.py:190} INFO - [2026-07-17T23:42:07.160+0530] {dag.py:3239} INFO - Sync 1 DAGs
[2026-07-17T23:42:07.165+0530] {logging_mixin.py:190} INFO - [2026-07-17T23:42:07.165+0530] {dag.py:4180} INFO - Setting next_dagrun for retailsense_pipeline to 2026-07-17 00:00:00+00:00, run_after=2026-07-18 00:00:00+00:00
[2026-07-17T23:42:07.170+0530] {processor.py:208} INFO - Processing /Users/bhavishyachallagolla/Desktop/RetailSense/airflow/dags/retailsense_pipeline.py took 0.038 seconds
[2026-07-17T23:42:55.476+0530] {processor.py:186} INFO - Started process (PID=99645) to work on /Users/bhavishyachallagolla/Desktop/RetailSense/airflow/dags/retailsense_pipeline.py
[2026-07-17T23:42:55.477+0530] {processor.py:914} INFO - Processing file /Users/bhavishyachallagolla/Desktop/RetailSense/airflow/dags/retailsense_pipeline.py for tasks to queue
[2026-07-17T23:42:55.477+0530] {logging_mixin.py:190} INFO - [2026-07-17T23:42:55.477+0530] {dagbag.py:588} INFO - Filling up the DagBag from /Users/bhavishyachallagolla/Desktop/RetailSense/airflow/dags/retailsense_pipeline.py
[2026-07-17T23:42:55.480+0530] {processor.py:925} INFO - DAG(s) 'retailsense_pipeline' retrieved from /Users/bhavishyachallagolla/Desktop/RetailSense/airflow/dags/retailsense_pipeline.py
[2026-07-17T23:42:55.505+0530] {logging_mixin.py:190} INFO - [2026-07-17T23:42:55.505+0530] {dag.py:3239} INFO - Sync 1 DAGs
[2026-07-17T23:42:55.510+0530] {logging_mixin.py:190} INFO - [2026-07-17T23:42:55.510+0530] {dag.py:4180} INFO - Setting next_dagrun for retailsense_pipeline to 2026-07-17 00:00:00+00:00, run_after=2026-07-18 00:00:00+00:00
[2026-07-17T23:42:55.515+0530] {processor.py:208} INFO - Processing /Users/bhavishyachallagolla/Desktop/RetailSense/airflow/dags/retailsense_pipeline.py took 0.041 seconds
[2026-07-17T23:43:46.145+0530] {processor.py:186} INFO - Started process (PID=99720) to work on /Users/bhavishyachallagolla/Desktop/RetailSense/airflow/dags/retailsense_pipeline.py
[2026-07-17T23:43:46.145+0530] {processor.py:914} INFO - Processing file /Users/bhavishyachallagolla/Desktop/RetailSense/airflow/dags/retailsense_pipeline.py for tasks to queue
[2026-07-17T23:43:46.145+0530] {logging_mixin.py:190} INFO - [2026-07-17T23:43:46.145+0530] {dagbag.py:588} INFO - Filling up the DagBag from /Users/bhavishyachallagolla/Desktop/RetailSense/airflow/dags/retailsense_pipeline.py
[2026-07-17T23:43:46.148+0530] {processor.py:925} INFO - DAG(s) 'retailsense_pipeline' retrieved from /Users/bhavishyachallagolla/Desktop/RetailSense/airflow/dags/retailsense_pipeline.py
[2026-07-17T23:43:46.173+0530] {logging_mixin.py:190} INFO - [2026-07-17T23:43:46.173+0530] {dag.py:3239} INFO - Sync 1 DAGs
[2026-07-17T23:43:46.178+0530] {logging_mixin.py:190} INFO - [2026-07-17T23:43:46.178+0530] {dag.py:4180} INFO - Setting next_dagrun for retailsense_pipeline to 2026-07-17 00:00:00+00:00, run_after=2026-07-18 00:00:00+00:00
[2026-07-17T23:43:46.183+0530] {processor.py:208} INFO - Processing /Users/bhavishyachallagolla/Desktop/RetailSense/airflow/dags/retailsense_pipeline.py took 0.039 seconds
[2026-07-17T23:44:37.830+0530] {processor.py:186} INFO - Started process (PID=99799) to work on /Users/bhavishyachallagolla/Desktop/RetailSense/airflow/dags/retailsense_pipeline.py
[2026-07-17T23:44:37.830+0530] {processor.py:914} INFO - Processing file /Users/bhavishyachallagolla/Desktop/RetailSense/airflow/dags/retailsense_pipeline.py for tasks to queue
[2026-07-17T23:44:37.831+0530] {logging_mixin.py:190} INFO - [2026-07-17T23:44:37.831+0530] {dagbag.py:588} INFO - Filling up the DagBag from /Users/bhavishyachallagolla/Desktop/RetailSense/airflow/dags/retailsense_pipeline.py
[2026-07-17T23:44:37.834+0530] {processor.py:925} INFO - DAG(s) 'retailsense_pipeline' retrieved from /Users/bhavishyachallagolla/Desktop/RetailSense/airflow/dags/retailsense_pipeline.py
[2026-07-17T23:44:37.860+0530] {logging_mixin.py:190} INFO - [2026-07-17T23:44:37.859+0530] {dag.py:3239} INFO - Sync 1 DAGs
[2026-07-17T23:44:37.865+0530] {logging_mixin.py:190} INFO - [2026-07-17T23:44:37.865+0530] {dag.py:4180} INFO - Setting next_dagrun for retailsense_pipeline to 2026-07-17 00:00:00+00:00, run_after=2026-07-18 00:00:00+00:00
[2026-07-17T23:44:37.869+0530] {processor.py:208} INFO - Processing /Users/bhavishyachallagolla/Desktop/RetailSense/airflow/dags/retailsense_pipeline.py took 0.041 seconds
[2026-07-17T23:45:29.385+0530] {processor.py:186} INFO - Started process (PID=99877) to work on /Users/bhavishyachallagolla/Desktop/RetailSense/airflow/dags/retailsense_pipeline.py
[2026-07-17T23:45:29.386+0530] {processor.py:914} INFO - Processing file /Users/bhavishyachallagolla/Desktop/RetailSense/airflow/dags/retailsense_pipeline.py for tasks to queue
[2026-07-17T23:45:29.386+0530] {logging_mixin.py:190} INFO - [2026-07-17T23:45:29.386+0530] {dagbag.py:588} INFO - Filling up the DagBag from /Users/bhavishyachallagolla/Desktop/RetailSense/airflow/dags/retailsense_pipeline.py
[2026-07-17T23:45:29.389+0530] {processor.py:925} INFO - DAG(s) 'retailsense_pipeline' retrieved from /Users/bhavishyachallagolla/Desktop/RetailSense/airflow/dags/retailsense_pipeline.py
[2026-07-17T23:45:29.416+0530] {logging_mixin.py:190} INFO - [2026-07-17T23:45:29.416+0530] {dag.py:3239} INFO - Sync 1 DAGs
[2026-07-17T23:45:29.421+0530] {logging_mixin.py:190} INFO - [2026-07-17T23:45:29.421+0530] {dag.py:4180} INFO - Setting next_dagrun for retailsense_pipeline to 2026-07-17 00:00:00+00:00, run_after=2026-07-18 00:00:00+00:00
[2026-07-17T23:45:29.426+0530] {processor.py:208} INFO - Processing /Users/bhavishyachallagolla/Desktop/RetailSense/airflow/dags/retailsense_pipeline.py took 0.042 seconds
[2026-07-17T23:46:22.011+0530] {processor.py:186} INFO - Started process (PID=99960) to work on /Users/bhavishyachallagolla/Desktop/RetailSense/airflow/dags/retailsense_pipeline.py
[2026-07-17T23:46:22.011+0530] {processor.py:914} INFO - Processing file /Users/bhavishyachallagolla/Desktop/RetailSense/airflow/dags/retailsense_pipeline.py for tasks to queue
[2026-07-17T23:46:22.012+0530] {logging_mixin.py:190} INFO - [2026-07-17T23:46:22.012+0530] {dagbag.py:588} INFO - Filling up the DagBag from /Users/bhavishyachallagolla/Desktop/RetailSense/airflow/dags/retailsense_pipeline.py
[2026-07-17T23:46:22.014+0530] {processor.py:925} INFO - DAG(s) 'retailsense_pipeline' retrieved from /Users/bhavishyachallagolla/Desktop/RetailSense/airflow/dags/retailsense_pipeline.py
[2026-07-17T23:46:22.038+0530] {logging_mixin.py:190} INFO - [2026-07-17T23:46:22.038+0530] {dag.py:3239} INFO - Sync 1 DAGs
[2026-07-17T23:46:22.043+0530] {logging_mixin.py:190} INFO - [2026-07-17T23:46:22.043+0530] {dag.py:4180} INFO - Setting next_dagrun for retailsense_pipeline to 2026-07-17 00:00:00+00:00, run_after=2026-07-18 00:00:00+00:00
[2026-07-17T23:46:22.048+0530] {processor.py:208} INFO - Processing /Users/bhavishyachallagolla/Desktop/RetailSense/airflow/dags/retailsense_pipeline.py took 0.038 seconds
[2026-07-17T23:47:13.409+0530] {processor.py:186} INFO - Started process (PID=136) to work on /Users/bhavishyachallagolla/Desktop/RetailSense/airflow/dags/retailsense_pipeline.py
[2026-07-17T23:47:13.409+0530] {processor.py:914} INFO - Processing file /Users/bhavishyachallagolla/Desktop/RetailSense/airflow/dags/retailsense_pipeline.py for tasks to queue
[2026-07-17T23:47:13.409+0530] {logging_mixin.py:190} INFO - [2026-07-17T23:47:13.409+0530] {dagbag.py:588} INFO - Filling up the DagBag from /Users/bhavishyachallagolla/Desktop/RetailSense/airflow/dags/retailsense_pipeline.py
[2026-07-17T23:47:13.412+0530] {processor.py:925} INFO - DAG(s) 'retailsense_pipeline' retrieved from /Users/bhavishyachallagolla/Desktop/RetailSense/airflow/dags/retailsense_pipeline.py
[2026-07-17T23:47:13.437+0530] {logging_mixin.py:190} INFO - [2026-07-17T23:47:13.437+0530] {dag.py:3239} INFO - Sync 1 DAGs
[2026-07-17T23:47:13.442+0530] {logging_mixin.py:190} INFO - [2026-07-17T23:47:13.442+0530] {dag.py:4180} INFO - Setting next_dagrun for retailsense_pipeline to 2026-07-17 00:00:00+00:00, run_after=2026-07-18 00:00:00+00:00
[2026-07-17T23:47:13.447+0530] {processor.py:208} INFO - Processing /Users/bhavishyachallagolla/Desktop/RetailSense/airflow/dags/retailsense_pipeline.py took 0.039 seconds
[2026-07-17T23:48:20.823+0530] {processor.py:186} INFO - Started process (PID=243) to work on /Users/bhavishyachallagolla/Desktop/RetailSense/airflow/dags/retailsense_pipeline.py
[2026-07-17T23:48:20.824+0530] {processor.py:914} INFO - Processing file /Users/bhavishyachallagolla/Desktop/RetailSense/airflow/dags/retailsense_pipeline.py for tasks to queue
[2026-07-17T23:48:20.825+0530] {logging_mixin.py:190} INFO - [2026-07-17T23:48:20.824+0530] {dagbag.py:588} INFO - Filling up the DagBag from /Users/bhavishyachallagolla/Desktop/RetailSense/airflow/dags/retailsense_pipeline.py
[2026-07-17T23:48:20.827+0530] {processor.py:925} INFO - DAG(s) 'retailsense_pipeline' retrieved from /Users/bhavishyachallagolla/Desktop/RetailSense/airflow/dags/retailsense_pipeline.py
[2026-07-17T23:48:20.852+0530] {logging_mixin.py:190} INFO - [2026-07-17T23:48:20.852+0530] {dag.py:3239} INFO - Sync 1 DAGs
[2026-07-17T23:48:20.858+0530] {logging_mixin.py:190} INFO - [2026-07-17T23:48:20.857+0530] {dag.py:4180} INFO - Setting next_dagrun for retailsense_pipeline to 2026-07-17 00:00:00+00:00, run_after=2026-07-18 00:00:00+00:00
[2026-07-17T23:48:20.862+0530] {processor.py:208} INFO - Processing /Users/bhavishyachallagolla/Desktop/RetailSense/airflow/dags/retailsense_pipeline.py took 0.040 seconds
[2026-07-17T23:49:14.447+0530] {processor.py:186} INFO - Started process (PID=329) to work on /Users/bhavishyachallagolla/Desktop/RetailSense/airflow/dags/retailsense_pipeline.py
[2026-07-17T23:49:14.448+0530] {processor.py:914} INFO - Processing file /Users/bhavishyachallagolla/Desktop/RetailSense/airflow/dags/retailsense_pipeline.py for tasks to queue
[2026-07-17T23:49:14.448+0530] {logging_mixin.py:190} INFO - [2026-07-17T23:49:14.448+0530] {dagbag.py:588} INFO - Filling up the DagBag from /Users/bhavishyachallagolla/Desktop/RetailSense/airflow/dags/retailsense_pipeline.py
[2026-07-17T23:49:14.451+0530] {processor.py:925} INFO - DAG(s) 'retailsense_pipeline' retrieved from /Users/bhavishyachallagolla/Desktop/RetailSense/airflow/dags/retailsense_pipeline.py
[2026-07-17T23:49:14.475+0530] {logging_mixin.py:190} INFO - [2026-07-17T23:49:14.475+0530] {dag.py:3239} INFO - Sync 1 DAGs
[2026-07-17T23:49:14.480+0530] {logging_mixin.py:190} INFO - [2026-07-17T23:49:14.480+0530] {dag.py:4180} INFO - Setting next_dagrun for retailsense_pipeline to 2026-07-17 00:00:00+00:00, run_after=2026-07-18 00:00:00+00:00
[2026-07-17T23:49:14.485+0530] {processor.py:208} INFO - Processing /Users/bhavishyachallagolla/Desktop/RetailSense/airflow/dags/retailsense_pipeline.py took 0.038 seconds
[2026-07-17T23:50:06.536+0530] {processor.py:186} INFO - Started process (PID=456) to work on /Users/bhavishyachallagolla/Desktop/RetailSense/airflow/dags/retailsense_pipeline.py
[2026-07-17T23:50:06.536+0530] {processor.py:914} INFO - Processing file /Users/bhavishyachallagolla/Desktop/RetailSense/airflow/dags/retailsense_pipeline.py for tasks to queue
[2026-07-17T23:50:06.537+0530] {logging_mixin.py:190} INFO - [2026-07-17T23:50:06.537+0530] {dagbag.py:588} INFO - Filling up the DagBag from /Users/bhavishyachallagolla/Desktop/RetailSense/airflow/dags/retailsense_pipeline.py
[2026-07-17T23:50:06.540+0530] {processor.py:925} INFO - DAG(s) 'retailsense_pipeline' retrieved from /Users/bhavishyachallagolla/Desktop/RetailSense/airflow/dags/retailsense_pipeline.py
[2026-07-17T23:50:06.566+0530] {logging_mixin.py:190} INFO - [2026-07-17T23:50:06.566+0530] {dag.py:3239} INFO - Sync 1 DAGs
[2026-07-17T23:50:06.571+0530] {logging_mixin.py:190} INFO - [2026-07-17T23:50:06.571+0530] {dag.py:4180} INFO - Setting next_dagrun for retailsense_pipeline to 2026-07-17 00:00:00+00:00, run_after=2026-07-18 00:00:00+00:00
[2026-07-17T23:50:06.576+0530] {processor.py:208} INFO - Processing /Users/bhavishyachallagolla/Desktop/RetailSense/airflow/dags/retailsense_pipeline.py took 0.041 seconds
[2026-07-17T23:50:58.749+0530] {processor.py:186} INFO - Started process (PID=560) to work on /Users/bhavishyachallagolla/Desktop/RetailSense/airflow/dags/retailsense_pipeline.py
[2026-07-17T23:50:58.749+0530] {processor.py:914} INFO - Processing file /Users/bhavishyachallagolla/Desktop/RetailSense/airflow/dags/retailsense_pipeline.py for tasks to queue
[2026-07-17T23:50:58.749+0530] {logging_mixin.py:190} INFO - [2026-07-17T23:50:58.749+0530] {dagbag.py:588} INFO - Filling up the DagBag from /Users/bhavishyachallagolla/Desktop/RetailSense/airflow/dags/retailsense_pipeline.py
[2026-07-17T23:50:58.752+0530] {processor.py:925} INFO - DAG(s) 'retailsense_pipeline' retrieved from /Users/bhavishyachallagolla/Desktop/RetailSense/airflow/dags/retailsense_pipeline.py
[2026-07-17T23:50:58.778+0530] {logging_mixin.py:190} INFO - [2026-07-17T23:50:58.777+0530] {dag.py:3239} INFO - Sync 1 DAGs
[2026-07-17T23:50:58.783+0530] {logging_mixin.py:190} INFO - [2026-07-17T23:50:58.783+0530] {dag.py:4180} INFO - Setting next_dagrun for retailsense_pipeline to 2026-07-17 00:00:00+00:00, run_after=2026-07-18 00:00:00+00:00
[2026-07-17T23:50:58.787+0530] {processor.py:208} INFO - Processing /Users/bhavishyachallagolla/Desktop/RetailSense/airflow/dags/retailsense_pipeline.py took 0.040 seconds
[2026-07-17T23:51:49.895+0530] {processor.py:186} INFO - Started process (PID=683) to work on /Users/bhavishyachallagolla/Desktop/RetailSense/airflow/dags/retailsense_pipeline.py
[2026-07-17T23:51:49.895+0530] {processor.py:914} INFO - Processing file /Users/bhavishyachallagolla/Desktop/RetailSense/airflow/dags/retailsense_pipeline.py for tasks to queue
[2026-07-17T23:51:49.895+0530] {logging_mixin.py:190} INFO - [2026-07-17T23:51:49.895+0530] {dagbag.py:588} INFO - Filling up the DagBag from /Users/bhavishyachallagolla/Desktop/RetailSense/airflow/dags/retailsense_pipeline.py
[2026-07-17T23:51:49.898+0530] {processor.py:925} INFO - DAG(s) 'retailsense_pipeline' retrieved from /Users/bhavishyachallagolla/Desktop/RetailSense/airflow/dags/retailsense_pipeline.py
[2026-07-17T23:51:49.923+0530] {logging_mixin.py:190} INFO - [2026-07-17T23:51:49.923+0530] {dag.py:3239} INFO - Sync 1 DAGs
[2026-07-17T23:51:49.928+0530] {logging_mixin.py:190} INFO - [2026-07-17T23:51:49.928+0530] {dag.py:4180} INFO - Setting next_dagrun for retailsense_pipeline to 2026-07-17 00:00:00+00:00, run_after=2026-07-18 00:00:00+00:00
[2026-07-17T23:51:49.932+0530] {processor.py:208} INFO - Processing /Users/bhavishyachallagolla/Desktop/RetailSense/airflow/dags/retailsense_pipeline.py took 0.039 seconds
[2026-07-17T23:52:40.385+0530] {processor.py:186} INFO - Started process (PID=808) to work on /Users/bhavishyachallagolla/Desktop/RetailSense/airflow/dags/retailsense_pipeline.py
[2026-07-17T23:52:40.385+0530] {processor.py:914} INFO - Processing file /Users/bhavishyachallagolla/Desktop/RetailSense/airflow/dags/retailsense_pipeline.py for tasks to queue
[2026-07-17T23:52:40.385+0530] {logging_mixin.py:190} INFO - [2026-07-17T23:52:40.385+0530] {dagbag.py:588} INFO - Filling up the DagBag from /Users/bhavishyachallagolla/Desktop/RetailSense/airflow/dags/retailsense_pipeline.py
[2026-07-17T23:52:40.388+0530] {processor.py:925} INFO - DAG(s) 'retailsense_pipeline' retrieved from /Users/bhavishyachallagolla/Desktop/RetailSense/airflow/dags/retailsense_pipeline.py
[2026-07-17T23:52:40.413+0530] {logging_mixin.py:190} INFO - [2026-07-17T23:52:40.413+0530] {dag.py:3239} INFO - Sync 1 DAGs
[2026-07-17T23:52:40.418+0530] {logging_mixin.py:190} INFO - [2026-07-17T23:52:40.418+0530] {dag.py:4180} INFO - Setting next_dagrun for retailsense_pipeline to 2026-07-17 00:00:00+00:00, run_after=2026-07-18 00:00:00+00:00
[2026-07-17T23:52:40.423+0530] {processor.py:208} INFO - Processing /Users/bhavishyachallagolla/Desktop/RetailSense/airflow/dags/retailsense_pipeline.py took 0.039 seconds
[2026-07-17T23:53:39.738+0530] {processor.py:186} INFO - Started process (PID=934) to work on /Users/bhavishyachallagolla/Desktop/RetailSense/airflow/dags/retailsense_pipeline.py
[2026-07-17T23:53:39.739+0530] {processor.py:914} INFO - Processing file /Users/bhavishyachallagolla/Desktop/RetailSense/airflow/dags/retailsense_pipeline.py for tasks to queue
[2026-07-17T23:53:39.739+0530] {logging_mixin.py:190} INFO - [2026-07-17T23:53:39.739+0530] {dagbag.py:588} INFO - Filling up the DagBag from /Users/bhavishyachallagolla/Desktop/RetailSense/airflow/dags/retailsense_pipeline.py
[2026-07-17T23:53:39.742+0530] {processor.py:925} INFO - DAG(s) 'retailsense_pipeline' retrieved from /Users/bhavishyachallagolla/Desktop/RetailSense/airflow/dags/retailsense_pipeline.py
[2026-07-17T23:53:39.767+0530] {logging_mixin.py:190} INFO - [2026-07-17T23:53:39.767+0530] {dag.py:3239} INFO - Sync 1 DAGs
[2026-07-17T23:53:39.772+0530] {logging_mixin.py:190} INFO - [2026-07-17T23:53:39.772+0530] {dag.py:4180} INFO - Setting next_dagrun for retailsense_pipeline to 2026-07-17 00:00:00+00:00, run_after=2026-07-18 00:00:00+00:00
[2026-07-17T23:53:39.777+0530] {processor.py:208} INFO - Processing /Users/bhavishyachallagolla/Desktop/RetailSense/airflow/dags/retailsense_pipeline.py took 0.040 seconds
[2026-07-17T23:54:39.096+0530] {processor.py:186} INFO - Started process (PID=1020) to work on /Users/bhavishyachallagolla/Desktop/RetailSense/airflow/dags/retailsense_pipeline.py
[2026-07-17T23:54:39.097+0530] {processor.py:914} INFO - Processing file /Users/bhavishyachallagolla/Desktop/RetailSense/airflow/dags/retailsense_pipeline.py for tasks to queue
[2026-07-17T23:54:39.097+0530] {logging_mixin.py:190} INFO - [2026-07-17T23:54:39.097+0530] {dagbag.py:588} INFO - Filling up the DagBag from /Users/bhavishyachallagolla/Desktop/RetailSense/airflow/dags/retailsense_pipeline.py
[2026-07-17T23:54:39.100+0530] {processor.py:925} INFO - DAG(s) 'retailsense_pipeline' retrieved from /Users/bhavishyachallagolla/Desktop/RetailSense/airflow/dags/retailsense_pipeline.py
[2026-07-17T23:54:39.125+0530] {logging_mixin.py:190} INFO - [2026-07-17T23:54:39.125+0530] {dag.py:3239} INFO - Sync 1 DAGs
[2026-07-17T23:54:39.130+0530] {logging_mixin.py:190} INFO - [2026-07-17T23:54:39.130+0530] {dag.py:4180} INFO - Setting next_dagrun for retailsense_pipeline to 2026-07-17 00:00:00+00:00, run_after=2026-07-18 00:00:00+00:00
[2026-07-17T23:54:39.135+0530] {processor.py:208} INFO - Processing /Users/bhavishyachallagolla/Desktop/RetailSense/airflow/dags/retailsense_pipeline.py took 0.039 seconds
[2026-07-17T23:55:40.962+0530] {processor.py:186} INFO - Started process (PID=1140) to work on /Users/bhavishyachallagolla/Desktop/RetailSense/airflow/dags/retailsense_pipeline.py
[2026-07-17T23:55:40.962+0530] {processor.py:914} INFO - Processing file /Users/bhavishyachallagolla/Desktop/RetailSense/airflow/dags/retailsense_pipeline.py for tasks to queue
[2026-07-17T23:55:40.963+0530] {logging_mixin.py:190} INFO - [2026-07-17T23:55:40.963+0530] {dagbag.py:588} INFO - Filling up the DagBag from /Users/bhavishyachallagolla/Desktop/RetailSense/airflow/dags/retailsense_pipeline.py
[2026-07-17T23:55:40.966+0530] {processor.py:925} INFO - DAG(s) 'retailsense_pipeline' retrieved from /Users/bhavishyachallagolla/Desktop/RetailSense/airflow/dags/retailsense_pipeline.py
[2026-07-17T23:55:40.990+0530] {logging_mixin.py:190} INFO - [2026-07-17T23:55:40.990+0530] {dag.py:3239} INFO - Sync 1 DAGs
[2026-07-17T23:55:40.995+0530] {logging_mixin.py:190} INFO - [2026-07-17T23:55:40.995+0530] {dag.py:4180} INFO - Setting next_dagrun for retailsense_pipeline to 2026-07-17 00:00:00+00:00, run_after=2026-07-18 00:00:00+00:00
[2026-07-17T23:55:40.999+0530] {processor.py:208} INFO - Processing /Users/bhavishyachallagolla/Desktop/RetailSense/airflow/dags/retailsense_pipeline.py took 0.038 seconds
[2026-07-17T23:56:32.645+0530] {processor.py:186} INFO - Started process (PID=1216) to work on /Users/bhavishyachallagolla/Desktop/RetailSense/airflow/dags/retailsense_pipeline.py
[2026-07-17T23:56:32.645+0530] {processor.py:914} INFO - Processing file /Users/bhavishyachallagolla/Desktop/RetailSense/airflow/dags/retailsense_pipeline.py for tasks to queue
[2026-07-17T23:56:32.646+0530] {logging_mixin.py:190} INFO - [2026-07-17T23:56:32.645+0530] {dagbag.py:588} INFO - Filling up the DagBag from /Users/bhavishyachallagolla/Desktop/RetailSense/airflow/dags/retailsense_pipeline.py
[2026-07-17T23:56:32.648+0530] {processor.py:925} INFO - DAG(s) 'retailsense_pipeline' retrieved from /Users/bhavishyachallagolla/Desktop/RetailSense/airflow/dags/retailsense_pipeline.py
[2026-07-17T23:56:32.672+0530] {logging_mixin.py:190} INFO - [2026-07-17T23:56:32.672+0530] {dag.py:3239} INFO - Sync 1 DAGs
[2026-07-17T23:56:32.678+0530] {logging_mixin.py:190} INFO - [2026-07-17T23:56:32.678+0530] {dag.py:4180} INFO - Setting next_dagrun for retailsense_pipeline to 2026-07-17 00:00:00+00:00, run_after=2026-07-18 00:00:00+00:00
[2026-07-17T23:56:32.683+0530] {processor.py:208} INFO - Processing /Users/bhavishyachallagolla/Desktop/RetailSense/airflow/dags/retailsense_pipeline.py took 0.039 seconds
