[2026-07-18T15:36:50.284+0530] {processor.py:186} INFO - Started process (PID=3425) to work on /Users/bhavishyachallagolla/Desktop/RetailSense/.venv/lib/python3.12/site-packages/airflow/example_dags/example_external_task_marker_dag.py
[2026-07-18T15:36:50.284+0530] {processor.py:914} INFO - Processing file /Users/bhavishyachallagolla/Desktop/RetailSense/.venv/lib/python3.12/site-packages/airflow/example_dags/example_external_task_marker_dag.py for tasks to queue
[2026-07-18T15:36:50.284+0530] {logging_mixin.py:190} INFO - [2026-07-18T15:36:50.284+0530] {dagbag.py:588} INFO - Filling up the DagBag from /Users/bhavishyachallagolla/Desktop/RetailSense/.venv/lib/python3.12/site-packages/airflow/example_dags/example_external_task_marker_dag.py
[2026-07-18T15:36:50.288+0530] {processor.py:925} INFO - DAG(s) 'example_external_task_marker_parent', 'example_external_task_marker_child' retrieved from /Users/bhavishyachallagolla/Desktop/RetailSense/.venv/lib/python3.12/site-packages/airflow/example_dags/example_external_task_marker_dag.py
[2026-07-18T15:36:50.311+0530] {logging_mixin.py:190} INFO - [2026-07-18T15:36:50.311+0530] {workday.py:41} WARNING - Could not import pandas. Holidays will not be considered.
[2026-07-18T15:36:50.315+0530] {logging_mixin.py:190} INFO - [2026-07-18T15:36:50.315+0530] {dag.py:3239} INFO - Sync 2 DAGs
[2026-07-18T15:36:50.317+0530] {logging_mixin.py:190} INFO - [2026-07-18T15:36:50.317+0530] {dag.py:4180} INFO - Setting next_dagrun for example_external_task_marker_child to None, run_after=None
[2026-07-18T15:36:50.318+0530] {logging_mixin.py:190} INFO - [2026-07-18T15:36:50.318+0530] {dag.py:4180} INFO - Setting next_dagrun for example_external_task_marker_parent to None, run_after=None
[2026-07-18T15:36:50.322+0530] {processor.py:208} INFO - Processing /Users/bhavishyachallagolla/Desktop/RetailSense/.venv/lib/python3.12/site-packages/airflow/example_dags/example_external_task_marker_dag.py took 0.040 seconds
[2026-07-18T15:38:53.847+0530] {processor.py:186} INFO - Started process (PID=3758) to work on /Users/bhavishyachallagolla/Desktop/RetailSense/.venv/lib/python3.12/site-packages/airflow/example_dags/example_external_task_marker_dag.py
[2026-07-18T15:38:53.848+0530] {processor.py:914} INFO - Processing file /Users/bhavishyachallagolla/Desktop/RetailSense/.venv/lib/python3.12/site-packages/airflow/example_dags/example_external_task_marker_dag.py for tasks to queue
[2026-07-18T15:38:53.848+0530] {logging_mixin.py:190} INFO - [2026-07-18T15:38:53.848+0530] {dagbag.py:588} INFO - Filling up the DagBag from /Users/bhavishyachallagolla/Desktop/RetailSense/.venv/lib/python3.12/site-packages/airflow/example_dags/example_external_task_marker_dag.py
[2026-07-18T15:38:53.852+0530] {processor.py:925} INFO - DAG(s) 'example_external_task_marker_child', 'example_external_task_marker_parent' retrieved from /Users/bhavishyachallagolla/Desktop/RetailSense/.venv/lib/python3.12/site-packages/airflow/example_dags/example_external_task_marker_dag.py
[2026-07-18T15:38:53.873+0530] {logging_mixin.py:190} INFO - [2026-07-18T15:38:53.873+0530] {workday.py:41} WARNING - Could not import pandas. Holidays will not be considered.
[2026-07-18T15:38:53.878+0530] {logging_mixin.py:190} INFO - [2026-07-18T15:38:53.878+0530] {dag.py:3239} INFO - Sync 2 DAGs
[2026-07-18T15:38:53.881+0530] {logging_mixin.py:190} INFO - [2026-07-18T15:38:53.881+0530] {dag.py:4180} INFO - Setting next_dagrun for example_external_task_marker_child to None, run_after=None
[2026-07-18T15:38:53.882+0530] {logging_mixin.py:190} INFO - [2026-07-18T15:38:53.882+0530] {dag.py:4180} INFO - Setting next_dagrun for example_external_task_marker_parent to None, run_after=None
[2026-07-18T15:38:53.886+0530] {processor.py:208} INFO - Processing /Users/bhavishyachallagolla/Desktop/RetailSense/.venv/lib/python3.12/site-packages/airflow/example_dags/example_external_task_marker_dag.py took 0.040 seconds
[2026-07-18T15:40:34.792+0530] {processor.py:186} INFO - Started process (PID=4013) to work on /Users/bhavishyachallagolla/Desktop/RetailSense/.venv/lib/python3.12/site-packages/airflow/example_dags/example_external_task_marker_dag.py
[2026-07-18T15:40:34.793+0530] {processor.py:914} INFO - Processing file /Users/bhavishyachallagolla/Desktop/RetailSense/.venv/lib/python3.12/site-packages/airflow/example_dags/example_external_task_marker_dag.py for tasks to queue
[2026-07-18T15:40:34.793+0530] {logging_mixin.py:190} INFO - [2026-07-18T15:40:34.793+0530] {dagbag.py:588} INFO - Filling up the DagBag from /Users/bhavishyachallagolla/Desktop/RetailSense/.venv/lib/python3.12/site-packages/airflow/example_dags/example_external_task_marker_dag.py
[2026-07-18T15:40:34.797+0530] {processor.py:925} INFO - DAG(s) 'example_external_task_marker_parent', 'example_external_task_marker_child' retrieved from /Users/bhavishyachallagolla/Desktop/RetailSense/.venv/lib/python3.12/site-packages/airflow/example_dags/example_external_task_marker_dag.py
[2026-07-18T15:40:34.822+0530] {logging_mixin.py:190} INFO - [2026-07-18T15:40:34.822+0530] {workday.py:41} WARNING - Could not import pandas. Holidays will not be considered.
[2026-07-18T15:40:34.826+0530] {logging_mixin.py:190} INFO - [2026-07-18T15:40:34.826+0530] {dag.py:3239} INFO - Sync 2 DAGs
[2026-07-18T15:40:34.829+0530] {logging_mixin.py:190} INFO - [2026-07-18T15:40:34.829+0530] {dag.py:4180} INFO - Setting next_dagrun for example_external_task_marker_child to None, run_after=None
[2026-07-18T15:40:34.830+0530] {logging_mixin.py:190} INFO - [2026-07-18T15:40:34.830+0530] {dag.py:4180} INFO - Setting next_dagrun for example_external_task_marker_parent to None, run_after=None
[2026-07-18T15:40:34.834+0530] {processor.py:208} INFO - Processing /Users/bhavishyachallagolla/Desktop/RetailSense/.venv/lib/python3.12/site-packages/airflow/example_dags/example_external_task_marker_dag.py took 0.044 seconds
[2026-07-18T15:42:15.818+0530] {processor.py:186} INFO - Started process (PID=4280) to work on /Users/bhavishyachallagolla/Desktop/RetailSense/.venv/lib/python3.12/site-packages/airflow/example_dags/example_external_task_marker_dag.py
[2026-07-18T15:42:15.819+0530] {processor.py:914} INFO - Processing file /Users/bhavishyachallagolla/Desktop/RetailSense/.venv/lib/python3.12/site-packages/airflow/example_dags/example_external_task_marker_dag.py for tasks to queue
[2026-07-18T15:42:15.819+0530] {logging_mixin.py:190} INFO - [2026-07-18T15:42:15.819+0530] {dagbag.py:588} INFO - Filling up the DagBag from /Users/bhavishyachallagolla/Desktop/RetailSense/.venv/lib/python3.12/site-packages/airflow/example_dags/example_external_task_marker_dag.py
[2026-07-18T15:42:15.824+0530] {processor.py:925} INFO - DAG(s) 'example_external_task_marker_parent', 'example_external_task_marker_child' retrieved from /Users/bhavishyachallagolla/Desktop/RetailSense/.venv/lib/python3.12/site-packages/airflow/example_dags/example_external_task_marker_dag.py
[2026-07-18T15:42:15.849+0530] {logging_mixin.py:190} INFO - [2026-07-18T15:42:15.849+0530] {workday.py:41} WARNING - Could not import pandas. Holidays will not be considered.
[2026-07-18T15:42:15.852+0530] {logging_mixin.py:190} INFO - [2026-07-18T15:42:15.852+0530] {dag.py:3239} INFO - Sync 2 DAGs
[2026-07-18T15:42:15.855+0530] {logging_mixin.py:190} INFO - [2026-07-18T15:42:15.855+0530] {dag.py:4180} INFO - Setting next_dagrun for example_external_task_marker_child to None, run_after=None
[2026-07-18T15:42:15.856+0530] {logging_mixin.py:190} INFO - [2026-07-18T15:42:15.856+0530] {dag.py:4180} INFO - Setting next_dagrun for example_external_task_marker_parent to None, run_after=None
[2026-07-18T15:42:15.861+0530] {processor.py:208} INFO - Processing /Users/bhavishyachallagolla/Desktop/RetailSense/.venv/lib/python3.12/site-packages/airflow/example_dags/example_external_task_marker_dag.py took 0.044 seconds
[2026-07-18T15:44:11.495+0530] {processor.py:186} INFO - Started process (PID=4604) to work on /Users/bhavishyachallagolla/Desktop/RetailSense/.venv/lib/python3.12/site-packages/airflow/example_dags/example_external_task_marker_dag.py
[2026-07-18T15:44:11.497+0530] {processor.py:914} INFO - Processing file /Users/bhavishyachallagolla/Desktop/RetailSense/.venv/lib/python3.12/site-packages/airflow/example_dags/example_external_task_marker_dag.py for tasks to queue
[2026-07-18T15:44:11.497+0530] {logging_mixin.py:190} INFO - [2026-07-18T15:44:11.497+0530] {dagbag.py:588} INFO - Filling up the DagBag from /Users/bhavishyachallagolla/Desktop/RetailSense/.venv/lib/python3.12/site-packages/airflow/example_dags/example_external_task_marker_dag.py
[2026-07-18T15:44:11.501+0530] {processor.py:925} INFO - DAG(s) 'example_external_task_marker_parent', 'example_external_task_marker_child' retrieved from /Users/bhavishyachallagolla/Desktop/RetailSense/.venv/lib/python3.12/site-packages/airflow/example_dags/example_external_task_marker_dag.py
[2026-07-18T15:44:11.524+0530] {logging_mixin.py:190} INFO - [2026-07-18T15:44:11.524+0530] {workday.py:41} WARNING - Could not import pandas. Holidays will not be considered.
[2026-07-18T15:44:11.527+0530] {logging_mixin.py:190} INFO - [2026-07-18T15:44:11.527+0530] {dag.py:3239} INFO - Sync 2 DAGs
[2026-07-18T15:44:11.531+0530] {logging_mixin.py:190} INFO - [2026-07-18T15:44:11.530+0530] {dag.py:4180} INFO - Setting next_dagrun for example_external_task_marker_child to None, run_after=None
[2026-07-18T15:44:11.531+0530] {logging_mixin.py:190} INFO - [2026-07-18T15:44:11.531+0530] {dag.py:4180} INFO - Setting next_dagrun for example_external_task_marker_parent to None, run_after=None
[2026-07-18T15:44:11.535+0530] {processor.py:208} INFO - Processing /Users/bhavishyachallagolla/Desktop/RetailSense/.venv/lib/python3.12/site-packages/airflow/example_dags/example_external_task_marker_dag.py took 0.041 seconds
[2026-07-18T15:45:55.935+0530] {processor.py:186} INFO - Started process (PID=4860) to work on /Users/bhavishyachallagolla/Desktop/RetailSense/.venv/lib/python3.12/site-packages/airflow/example_dags/example_external_task_marker_dag.py
[2026-07-18T15:45:55.936+0530] {processor.py:914} INFO - Processing file /Users/bhavishyachallagolla/Desktop/RetailSense/.venv/lib/python3.12/site-packages/airflow/example_dags/example_external_task_marker_dag.py for tasks to queue
[2026-07-18T15:45:55.937+0530] {logging_mixin.py:190} INFO - [2026-07-18T15:45:55.937+0530] {dagbag.py:588} INFO - Filling up the DagBag from /Users/bhavishyachallagolla/Desktop/RetailSense/.venv/lib/python3.12/site-packages/airflow/example_dags/example_external_task_marker_dag.py
[2026-07-18T15:45:55.940+0530] {processor.py:925} INFO - DAG(s) 'example_external_task_marker_child', 'example_external_task_marker_parent' retrieved from /Users/bhavishyachallagolla/Desktop/RetailSense/.venv/lib/python3.12/site-packages/airflow/example_dags/example_external_task_marker_dag.py
[2026-07-18T15:45:55.962+0530] {logging_mixin.py:190} INFO - [2026-07-18T15:45:55.962+0530] {workday.py:41} WARNING - Could not import pandas. Holidays will not be considered.
[2026-07-18T15:45:55.967+0530] {logging_mixin.py:190} INFO - [2026-07-18T15:45:55.967+0530] {dag.py:3239} INFO - Sync 2 DAGs
[2026-07-18T15:45:55.970+0530] {logging_mixin.py:190} INFO - [2026-07-18T15:45:55.970+0530] {dag.py:4180} INFO - Setting next_dagrun for example_external_task_marker_child to None, run_after=None
[2026-07-18T15:45:55.971+0530] {logging_mixin.py:190} INFO - [2026-07-18T15:45:55.971+0530] {dag.py:4180} INFO - Setting next_dagrun for example_external_task_marker_parent to None, run_after=None
[2026-07-18T15:45:55.975+0530] {processor.py:208} INFO - Processing /Users/bhavishyachallagolla/Desktop/RetailSense/.venv/lib/python3.12/site-packages/airflow/example_dags/example_external_task_marker_dag.py took 0.041 seconds
[2026-07-18T15:47:40.190+0530] {processor.py:186} INFO - Started process (PID=5148) to work on /Users/bhavishyachallagolla/Desktop/RetailSense/.venv/lib/python3.12/site-packages/airflow/example_dags/example_external_task_marker_dag.py
[2026-07-18T15:47:40.191+0530] {processor.py:914} INFO - Processing file /Users/bhavishyachallagolla/Desktop/RetailSense/.venv/lib/python3.12/site-packages/airflow/example_dags/example_external_task_marker_dag.py for tasks to queue
[2026-07-18T15:47:40.191+0530] {logging_mixin.py:190} INFO - [2026-07-18T15:47:40.191+0530] {dagbag.py:588} INFO - Filling up the DagBag from /Users/bhavishyachallagolla/Desktop/RetailSense/.venv/lib/python3.12/site-packages/airflow/example_dags/example_external_task_marker_dag.py
[2026-07-18T15:47:40.195+0530] {processor.py:925} INFO - DAG(s) 'example_external_task_marker_child', 'example_external_task_marker_parent' retrieved from /Users/bhavishyachallagolla/Desktop/RetailSense/.venv/lib/python3.12/site-packages/airflow/example_dags/example_external_task_marker_dag.py
[2026-07-18T15:47:40.219+0530] {logging_mixin.py:190} INFO - [2026-07-18T15:47:40.219+0530] {workday.py:41} WARNING - Could not import pandas. Holidays will not be considered.
[2026-07-18T15:47:40.224+0530] {logging_mixin.py:190} INFO - [2026-07-18T15:47:40.224+0530] {dag.py:3239} INFO - Sync 2 DAGs
[2026-07-18T15:47:40.228+0530] {logging_mixin.py:190} INFO - [2026-07-18T15:47:40.228+0530] {dag.py:4180} INFO - Setting next_dagrun for example_external_task_marker_child to None, run_after=None
[2026-07-18T15:47:40.229+0530] {logging_mixin.py:190} INFO - [2026-07-18T15:47:40.229+0530] {dag.py:4180} INFO - Setting next_dagrun for example_external_task_marker_parent to None, run_after=None
[2026-07-18T15:47:40.233+0530] {processor.py:208} INFO - Processing /Users/bhavishyachallagolla/Desktop/RetailSense/.venv/lib/python3.12/site-packages/airflow/example_dags/example_external_task_marker_dag.py took 0.044 seconds
[2026-07-18T15:49:26.224+0530] {processor.py:186} INFO - Started process (PID=5437) to work on /Users/bhavishyachallagolla/Desktop/RetailSense/.venv/lib/python3.12/site-packages/airflow/example_dags/example_external_task_marker_dag.py
[2026-07-18T15:49:26.225+0530] {processor.py:914} INFO - Processing file /Users/bhavishyachallagolla/Desktop/RetailSense/.venv/lib/python3.12/site-packages/airflow/example_dags/example_external_task_marker_dag.py for tasks to queue
[2026-07-18T15:49:26.226+0530] {logging_mixin.py:190} INFO - [2026-07-18T15:49:26.226+0530] {dagbag.py:588} INFO - Filling up the DagBag from /Users/bhavishyachallagolla/Desktop/RetailSense/.venv/lib/python3.12/site-packages/airflow/example_dags/example_external_task_marker_dag.py
[2026-07-18T15:49:26.233+0530] {processor.py:925} INFO - DAG(s) 'example_external_task_marker_child', 'example_external_task_marker_parent' retrieved from /Users/bhavishyachallagolla/Desktop/RetailSense/.venv/lib/python3.12/site-packages/airflow/example_dags/example_external_task_marker_dag.py
[2026-07-18T15:49:26.265+0530] {logging_mixin.py:190} INFO - [2026-07-18T15:49:26.265+0530] {workday.py:41} WARNING - Could not import pandas. Holidays will not be considered.
[2026-07-18T15:49:26.271+0530] {logging_mixin.py:190} INFO - [2026-07-18T15:49:26.271+0530] {dag.py:3239} INFO - Sync 2 DAGs
[2026-07-18T15:49:26.275+0530] {logging_mixin.py:190} INFO - [2026-07-18T15:49:26.275+0530] {dag.py:4180} INFO - Setting next_dagrun for example_external_task_marker_child to None, run_after=None
[2026-07-18T15:49:26.276+0530] {logging_mixin.py:190} INFO - [2026-07-18T15:49:26.276+0530] {dag.py:4180} INFO - Setting next_dagrun for example_external_task_marker_parent to None, run_after=None
[2026-07-18T15:49:26.280+0530] {processor.py:208} INFO - Processing /Users/bhavishyachallagolla/Desktop/RetailSense/.venv/lib/python3.12/site-packages/airflow/example_dags/example_external_task_marker_dag.py took 0.057 seconds
[2026-07-18T15:51:11.723+0530] {processor.py:186} INFO - Started process (PID=5708) to work on /Users/bhavishyachallagolla/Desktop/RetailSense/.venv/lib/python3.12/site-packages/airflow/example_dags/example_external_task_marker_dag.py
[2026-07-18T15:51:11.724+0530] {processor.py:914} INFO - Processing file /Users/bhavishyachallagolla/Desktop/RetailSense/.venv/lib/python3.12/site-packages/airflow/example_dags/example_external_task_marker_dag.py for tasks to queue
[2026-07-18T15:51:11.725+0530] {logging_mixin.py:190} INFO - [2026-07-18T15:51:11.725+0530] {dagbag.py:588} INFO - Filling up the DagBag from /Users/bhavishyachallagolla/Desktop/RetailSense/.venv/lib/python3.12/site-packages/airflow/example_dags/example_external_task_marker_dag.py
[2026-07-18T15:51:11.728+0530] {processor.py:925} INFO - DAG(s) 'example_external_task_marker_parent', 'example_external_task_marker_child' retrieved from /Users/bhavishyachallagolla/Desktop/RetailSense/.venv/lib/python3.12/site-packages/airflow/example_dags/example_external_task_marker_dag.py
[2026-07-18T15:51:11.752+0530] {logging_mixin.py:190} INFO - [2026-07-18T15:51:11.752+0530] {workday.py:41} WARNING - Could not import pandas. Holidays will not be considered.
[2026-07-18T15:51:11.755+0530] {logging_mixin.py:190} INFO - [2026-07-18T15:51:11.755+0530] {dag.py:3239} INFO - Sync 2 DAGs
[2026-07-18T15:51:11.759+0530] {logging_mixin.py:190} INFO - [2026-07-18T15:51:11.759+0530] {dag.py:4180} INFO - Setting next_dagrun for example_external_task_marker_child to None, run_after=None
[2026-07-18T15:51:11.759+0530] {logging_mixin.py:190} INFO - [2026-07-18T15:51:11.759+0530] {dag.py:4180} INFO - Setting next_dagrun for example_external_task_marker_parent to None, run_after=None
[2026-07-18T15:51:11.764+0530] {processor.py:208} INFO - Processing /Users/bhavishyachallagolla/Desktop/RetailSense/.venv/lib/python3.12/site-packages/airflow/example_dags/example_external_task_marker_dag.py took 0.041 seconds
[2026-07-18T15:52:52.320+0530] {processor.py:186} INFO - Started process (PID=5970) to work on /Users/bhavishyachallagolla/Desktop/RetailSense/.venv/lib/python3.12/site-packages/airflow/example_dags/example_external_task_marker_dag.py
[2026-07-18T15:52:52.321+0530] {processor.py:914} INFO - Processing file /Users/bhavishyachallagolla/Desktop/RetailSense/.venv/lib/python3.12/site-packages/airflow/example_dags/example_external_task_marker_dag.py for tasks to queue
[2026-07-18T15:52:52.321+0530] {logging_mixin.py:190} INFO - [2026-07-18T15:52:52.321+0530] {dagbag.py:588} INFO - Filling up the DagBag from /Users/bhavishyachallagolla/Desktop/RetailSense/.venv/lib/python3.12/site-packages/airflow/example_dags/example_external_task_marker_dag.py
[2026-07-18T15:52:52.325+0530] {processor.py:925} INFO - DAG(s) 'example_external_task_marker_parent', 'example_external_task_marker_child' retrieved from /Users/bhavishyachallagolla/Desktop/RetailSense/.venv/lib/python3.12/site-packages/airflow/example_dags/example_external_task_marker_dag.py
[2026-07-18T15:52:52.349+0530] {logging_mixin.py:190} INFO - [2026-07-18T15:52:52.348+0530] {workday.py:41} WARNING - Could not import pandas. Holidays will not be considered.
[2026-07-18T15:52:52.352+0530] {logging_mixin.py:190} INFO - [2026-07-18T15:52:52.352+0530] {dag.py:3239} INFO - Sync 2 DAGs
[2026-07-18T15:52:52.355+0530] {logging_mixin.py:190} INFO - [2026-07-18T15:52:52.355+0530] {dag.py:4180} INFO - Setting next_dagrun for example_external_task_marker_child to None, run_after=None
[2026-07-18T15:52:52.356+0530] {logging_mixin.py:190} INFO - [2026-07-18T15:52:52.356+0530] {dag.py:4180} INFO - Setting next_dagrun for example_external_task_marker_parent to None, run_after=None
[2026-07-18T15:52:52.360+0530] {processor.py:208} INFO - Processing /Users/bhavishyachallagolla/Desktop/RetailSense/.venv/lib/python3.12/site-packages/airflow/example_dags/example_external_task_marker_dag.py took 0.042 seconds
[2026-07-18T15:54:38.113+0530] {processor.py:186} INFO - Started process (PID=6227) to work on /Users/bhavishyachallagolla/Desktop/RetailSense/.venv/lib/python3.12/site-packages/airflow/example_dags/example_external_task_marker_dag.py
[2026-07-18T15:54:38.114+0530] {processor.py:914} INFO - Processing file /Users/bhavishyachallagolla/Desktop/RetailSense/.venv/lib/python3.12/site-packages/airflow/example_dags/example_external_task_marker_dag.py for tasks to queue
[2026-07-18T15:54:38.114+0530] {logging_mixin.py:190} INFO - [2026-07-18T15:54:38.114+0530] {dagbag.py:588} INFO - Filling up the DagBag from /Users/bhavishyachallagolla/Desktop/RetailSense/.venv/lib/python3.12/site-packages/airflow/example_dags/example_external_task_marker_dag.py
[2026-07-18T15:54:38.118+0530] {processor.py:925} INFO - DAG(s) 'example_external_task_marker_parent', 'example_external_task_marker_child' retrieved from /Users/bhavishyachallagolla/Desktop/RetailSense/.venv/lib/python3.12/site-packages/airflow/example_dags/example_external_task_marker_dag.py
[2026-07-18T15:54:38.142+0530] {logging_mixin.py:190} INFO - [2026-07-18T15:54:38.142+0530] {workday.py:41} WARNING - Could not import pandas. Holidays will not be considered.
[2026-07-18T15:54:38.146+0530] {logging_mixin.py:190} INFO - [2026-07-18T15:54:38.146+0530] {dag.py:3239} INFO - Sync 2 DAGs
[2026-07-18T15:54:38.149+0530] {logging_mixin.py:190} INFO - [2026-07-18T15:54:38.149+0530] {dag.py:4180} INFO - Setting next_dagrun for example_external_task_marker_child to None, run_after=None
[2026-07-18T15:54:38.150+0530] {logging_mixin.py:190} INFO - [2026-07-18T15:54:38.149+0530] {dag.py:4180} INFO - Setting next_dagrun for example_external_task_marker_parent to None, run_after=None
[2026-07-18T15:54:38.154+0530] {processor.py:208} INFO - Processing /Users/bhavishyachallagolla/Desktop/RetailSense/.venv/lib/python3.12/site-packages/airflow/example_dags/example_external_task_marker_dag.py took 0.042 seconds
[2026-07-18T15:56:22.965+0530] {processor.py:186} INFO - Started process (PID=6491) to work on /Users/bhavishyachallagolla/Desktop/RetailSense/.venv/lib/python3.12/site-packages/airflow/example_dags/example_external_task_marker_dag.py
[2026-07-18T15:56:22.967+0530] {processor.py:914} INFO - Processing file /Users/bhavishyachallagolla/Desktop/RetailSense/.venv/lib/python3.12/site-packages/airflow/example_dags/example_external_task_marker_dag.py for tasks to queue
[2026-07-18T15:56:22.967+0530] {logging_mixin.py:190} INFO - [2026-07-18T15:56:22.967+0530] {dagbag.py:588} INFO - Filling up the DagBag from /Users/bhavishyachallagolla/Desktop/RetailSense/.venv/lib/python3.12/site-packages/airflow/example_dags/example_external_task_marker_dag.py
[2026-07-18T15:56:22.971+0530] {processor.py:925} INFO - DAG(s) 'example_external_task_marker_parent', 'example_external_task_marker_child' retrieved from /Users/bhavishyachallagolla/Desktop/RetailSense/.venv/lib/python3.12/site-packages/airflow/example_dags/example_external_task_marker_dag.py
[2026-07-18T15:56:22.995+0530] {logging_mixin.py:190} INFO - [2026-07-18T15:56:22.995+0530] {workday.py:41} WARNING - Could not import pandas. Holidays will not be considered.
[2026-07-18T15:56:22.998+0530] {logging_mixin.py:190} INFO - [2026-07-18T15:56:22.998+0530] {dag.py:3239} INFO - Sync 2 DAGs
[2026-07-18T15:56:23.001+0530] {logging_mixin.py:190} INFO - [2026-07-18T15:56:23.001+0530] {dag.py:4180} INFO - Setting next_dagrun for example_external_task_marker_child to None, run_after=None
[2026-07-18T15:56:23.002+0530] {logging_mixin.py:190} INFO - [2026-07-18T15:56:23.002+0530] {dag.py:4180} INFO - Setting next_dagrun for example_external_task_marker_parent to None, run_after=None
[2026-07-18T15:56:23.006+0530] {processor.py:208} INFO - Processing /Users/bhavishyachallagolla/Desktop/RetailSense/.venv/lib/python3.12/site-packages/airflow/example_dags/example_external_task_marker_dag.py took 0.042 seconds
