[2026-07-18T15:36:20.566+0530] {processor.py:186} INFO - Started process (PID=3350) to work on /Users/bhavishyachallagolla/Desktop/RetailSense/.venv/lib/python3.12/site-packages/airflow/example_dags/example_subdag_operator.py
[2026-07-18T15:36:20.566+0530] {processor.py:914} INFO - Processing file /Users/bhavishyachallagolla/Desktop/RetailSense/.venv/lib/python3.12/site-packages/airflow/example_dags/example_subdag_operator.py for tasks to queue
[2026-07-18T15:36:20.567+0530] {logging_mixin.py:190} INFO - [2026-07-18T15:36:20.566+0530] {dagbag.py:588} INFO - Filling up the DagBag from /Users/bhavishyachallagolla/Desktop/RetailSense/.venv/lib/python3.12/site-packages/airflow/example_dags/example_subdag_operator.py
[2026-07-18T15:36:20.595+0530] {processor.py:925} INFO - DAG(s) 'example_subdag_operator.section-1', 'example_subdag_operator.section-2', 'example_subdag_operator' retrieved from /Users/bhavishyachallagolla/Desktop/RetailSense/.venv/lib/python3.12/site-packages/airflow/example_dags/example_subdag_operator.py
[2026-07-18T15:36:20.599+0530] {logging_mixin.py:190} INFO - [2026-07-18T15:36:20.599+0530] {workday.py:41} WARNING - Could not import pandas. Holidays will not be considered.
[2026-07-18T15:36:20.603+0530] {logging_mixin.py:190} INFO - [2026-07-18T15:36:20.603+0530] {dag.py:3239} INFO - Sync 3 DAGs
[2026-07-18T15:36:20.608+0530] {logging_mixin.py:190} INFO - [2026-07-18T15:36:20.608+0530] {dag.py:4180} INFO - Setting next_dagrun for example_subdag_operator to 2022-01-01 00:00:00+00:00, run_after=2022-01-01 00:00:00+00:00
[2026-07-18T15:36:20.609+0530] {logging_mixin.py:190} INFO - [2026-07-18T15:36:20.609+0530] {dag.py:4180} INFO - Setting next_dagrun for example_subdag_operator.section-1 to None, run_after=None
[2026-07-18T15:36:20.609+0530] {logging_mixin.py:190} INFO - [2026-07-18T15:36:20.609+0530] {dag.py:4180} INFO - Setting next_dagrun for example_subdag_operator.section-2 to None, run_after=None
[2026-07-18T15:36:20.611+0530] {logging_mixin.py:190} INFO - [2026-07-18T15:36:20.611+0530] {dag.py:3239} INFO - Sync 2 DAGs
[2026-07-18T15:36:20.612+0530] {logging_mixin.py:190} INFO - [2026-07-18T15:36:20.612+0530] {dag.py:4180} INFO - Setting next_dagrun for example_subdag_operator.section-1 to None, run_after=None
[2026-07-18T15:36:20.612+0530] {logging_mixin.py:190} INFO - [2026-07-18T15:36:20.612+0530] {dag.py:4180} INFO - Setting next_dagrun for example_subdag_operator.section-2 to None, run_after=None
[2026-07-18T15:36:20.615+0530] {processor.py:208} INFO - Processing /Users/bhavishyachallagolla/Desktop/RetailSense/.venv/lib/python3.12/site-packages/airflow/example_dags/example_subdag_operator.py took 0.050 seconds
[2026-07-18T15:37:41.627+0530] {processor.py:186} INFO - Started process (PID=3556) to work on /Users/bhavishyachallagolla/Desktop/RetailSense/.venv/lib/python3.12/site-packages/airflow/example_dags/example_subdag_operator.py
[2026-07-18T15:37:41.628+0530] {processor.py:914} INFO - Processing file /Users/bhavishyachallagolla/Desktop/RetailSense/.venv/lib/python3.12/site-packages/airflow/example_dags/example_subdag_operator.py for tasks to queue
[2026-07-18T15:37:41.629+0530] {logging_mixin.py:190} INFO - [2026-07-18T15:37:41.629+0530] {dagbag.py:588} INFO - Filling up the DagBag from /Users/bhavishyachallagolla/Desktop/RetailSense/.venv/lib/python3.12/site-packages/airflow/example_dags/example_subdag_operator.py
[2026-07-18T15:37:41.655+0530] {processor.py:925} INFO - DAG(s) 'example_subdag_operator.section-1', 'example_subdag_operator.section-2', 'example_subdag_operator' retrieved from /Users/bhavishyachallagolla/Desktop/RetailSense/.venv/lib/python3.12/site-packages/airflow/example_dags/example_subdag_operator.py
[2026-07-18T15:37:41.659+0530] {logging_mixin.py:190} INFO - [2026-07-18T15:37:41.659+0530] {workday.py:41} WARNING - Could not import pandas. Holidays will not be considered.
[2026-07-18T15:37:41.664+0530] {logging_mixin.py:190} INFO - [2026-07-18T15:37:41.664+0530] {dag.py:3239} INFO - Sync 3 DAGs
[2026-07-18T15:37:41.669+0530] {logging_mixin.py:190} INFO - [2026-07-18T15:37:41.669+0530] {dag.py:4180} INFO - Setting next_dagrun for example_subdag_operator to 2022-01-01 00:00:00+00:00, run_after=2022-01-01 00:00:00+00:00
[2026-07-18T15:37:41.670+0530] {logging_mixin.py:190} INFO - [2026-07-18T15:37:41.670+0530] {dag.py:4180} INFO - Setting next_dagrun for example_subdag_operator.section-1 to None, run_after=None
[2026-07-18T15:37:41.670+0530] {logging_mixin.py:190} INFO - [2026-07-18T15:37:41.670+0530] {dag.py:4180} INFO - Setting next_dagrun for example_subdag_operator.section-2 to None, run_after=None
[2026-07-18T15:37:41.672+0530] {logging_mixin.py:190} INFO - [2026-07-18T15:37:41.671+0530] {dag.py:3239} INFO - Sync 2 DAGs
[2026-07-18T15:37:41.673+0530] {logging_mixin.py:190} INFO - [2026-07-18T15:37:41.672+0530] {dag.py:4180} INFO - Setting next_dagrun for example_subdag_operator.section-1 to None, run_after=None
[2026-07-18T15:37:41.673+0530] {logging_mixin.py:190} INFO - [2026-07-18T15:37:41.673+0530] {dag.py:4180} INFO - Setting next_dagrun for example_subdag_operator.section-2 to None, run_after=None
[2026-07-18T15:37:41.676+0530] {processor.py:208} INFO - Processing /Users/bhavishyachallagolla/Desktop/RetailSense/.venv/lib/python3.12/site-packages/airflow/example_dags/example_subdag_operator.py took 0.049 seconds
[2026-07-18T15:38:44.273+0530] {processor.py:186} INFO - Started process (PID=3719) to work on /Users/bhavishyachallagolla/Desktop/RetailSense/.venv/lib/python3.12/site-packages/airflow/example_dags/example_subdag_operator.py
[2026-07-18T15:38:44.274+0530] {processor.py:914} INFO - Processing file /Users/bhavishyachallagolla/Desktop/RetailSense/.venv/lib/python3.12/site-packages/airflow/example_dags/example_subdag_operator.py for tasks to queue
[2026-07-18T15:38:44.275+0530] {logging_mixin.py:190} INFO - [2026-07-18T15:38:44.275+0530] {dagbag.py:588} INFO - Filling up the DagBag from /Users/bhavishyachallagolla/Desktop/RetailSense/.venv/lib/python3.12/site-packages/airflow/example_dags/example_subdag_operator.py
[2026-07-18T15:38:44.301+0530] {processor.py:925} INFO - DAG(s) 'example_subdag_operator.section-1', 'example_subdag_operator.section-2', 'example_subdag_operator' retrieved from /Users/bhavishyachallagolla/Desktop/RetailSense/.venv/lib/python3.12/site-packages/airflow/example_dags/example_subdag_operator.py
[2026-07-18T15:38:44.304+0530] {logging_mixin.py:190} INFO - [2026-07-18T15:38:44.304+0530] {workday.py:41} WARNING - Could not import pandas. Holidays will not be considered.
[2026-07-18T15:38:44.309+0530] {logging_mixin.py:190} INFO - [2026-07-18T15:38:44.309+0530] {dag.py:3239} INFO - Sync 3 DAGs
[2026-07-18T15:38:44.314+0530] {logging_mixin.py:190} INFO - [2026-07-18T15:38:44.314+0530] {dag.py:4180} INFO - Setting next_dagrun for example_subdag_operator to 2022-01-01 00:00:00+00:00, run_after=2022-01-01 00:00:00+00:00
[2026-07-18T15:38:44.315+0530] {logging_mixin.py:190} INFO - [2026-07-18T15:38:44.315+0530] {dag.py:4180} INFO - Setting next_dagrun for example_subdag_operator.section-1 to None, run_after=None
[2026-07-18T15:38:44.315+0530] {logging_mixin.py:190} INFO - [2026-07-18T15:38:44.315+0530] {dag.py:4180} INFO - Setting next_dagrun for example_subdag_operator.section-2 to None, run_after=None
[2026-07-18T15:38:44.316+0530] {logging_mixin.py:190} INFO - [2026-07-18T15:38:44.316+0530] {dag.py:3239} INFO - Sync 2 DAGs
[2026-07-18T15:38:44.317+0530] {logging_mixin.py:190} INFO - [2026-07-18T15:38:44.317+0530] {dag.py:4180} INFO - Setting next_dagrun for example_subdag_operator.section-1 to None, run_after=None
[2026-07-18T15:38:44.317+0530] {logging_mixin.py:190} INFO - [2026-07-18T15:38:44.317+0530] {dag.py:4180} INFO - Setting next_dagrun for example_subdag_operator.section-2 to None, run_after=None
[2026-07-18T15:38:44.320+0530] {processor.py:208} INFO - Processing /Users/bhavishyachallagolla/Desktop/RetailSense/.venv/lib/python3.12/site-packages/airflow/example_dags/example_subdag_operator.py took 0.048 seconds
[2026-07-18T15:39:45.965+0530] {processor.py:186} INFO - Started process (PID=3895) to work on /Users/bhavishyachallagolla/Desktop/RetailSense/.venv/lib/python3.12/site-packages/airflow/example_dags/example_subdag_operator.py
[2026-07-18T15:39:45.966+0530] {processor.py:914} INFO - Processing file /Users/bhavishyachallagolla/Desktop/RetailSense/.venv/lib/python3.12/site-packages/airflow/example_dags/example_subdag_operator.py for tasks to queue
[2026-07-18T15:39:45.967+0530] {logging_mixin.py:190} INFO - [2026-07-18T15:39:45.967+0530] {dagbag.py:588} INFO - Filling up the DagBag from /Users/bhavishyachallagolla/Desktop/RetailSense/.venv/lib/python3.12/site-packages/airflow/example_dags/example_subdag_operator.py
[2026-07-18T15:39:45.994+0530] {processor.py:925} INFO - DAG(s) 'example_subdag_operator.section-1', 'example_subdag_operator.section-2', 'example_subdag_operator' retrieved from /Users/bhavishyachallagolla/Desktop/RetailSense/.venv/lib/python3.12/site-packages/airflow/example_dags/example_subdag_operator.py
[2026-07-18T15:39:45.998+0530] {logging_mixin.py:190} INFO - [2026-07-18T15:39:45.998+0530] {workday.py:41} WARNING - Could not import pandas. Holidays will not be considered.
[2026-07-18T15:39:46.002+0530] {logging_mixin.py:190} INFO - [2026-07-18T15:39:46.002+0530] {dag.py:3239} INFO - Sync 3 DAGs
[2026-07-18T15:39:46.007+0530] {logging_mixin.py:190} INFO - [2026-07-18T15:39:46.007+0530] {dag.py:4180} INFO - Setting next_dagrun for example_subdag_operator to 2022-01-01 00:00:00+00:00, run_after=2022-01-01 00:00:00+00:00
[2026-07-18T15:39:46.008+0530] {logging_mixin.py:190} INFO - [2026-07-18T15:39:46.008+0530] {dag.py:4180} INFO - Setting next_dagrun for example_subdag_operator.section-1 to None, run_after=None
[2026-07-18T15:39:46.008+0530] {logging_mixin.py:190} INFO - [2026-07-18T15:39:46.008+0530] {dag.py:4180} INFO - Setting next_dagrun for example_subdag_operator.section-2 to None, run_after=None
[2026-07-18T15:39:46.010+0530] {logging_mixin.py:190} INFO - [2026-07-18T15:39:46.010+0530] {dag.py:3239} INFO - Sync 2 DAGs
[2026-07-18T15:39:46.010+0530] {logging_mixin.py:190} INFO - [2026-07-18T15:39:46.010+0530] {dag.py:4180} INFO - Setting next_dagrun for example_subdag_operator.section-1 to None, run_after=None
[2026-07-18T15:39:46.011+0530] {logging_mixin.py:190} INFO - [2026-07-18T15:39:46.011+0530] {dag.py:4180} INFO - Setting next_dagrun for example_subdag_operator.section-2 to None, run_after=None
[2026-07-18T15:39:46.013+0530] {processor.py:208} INFO - Processing /Users/bhavishyachallagolla/Desktop/RetailSense/.venv/lib/python3.12/site-packages/airflow/example_dags/example_subdag_operator.py took 0.049 seconds
[2026-07-18T15:41:25.262+0530] {processor.py:186} INFO - Started process (PID=4153) to work on /Users/bhavishyachallagolla/Desktop/RetailSense/.venv/lib/python3.12/site-packages/airflow/example_dags/example_subdag_operator.py
[2026-07-18T15:41:25.264+0530] {processor.py:914} INFO - Processing file /Users/bhavishyachallagolla/Desktop/RetailSense/.venv/lib/python3.12/site-packages/airflow/example_dags/example_subdag_operator.py for tasks to queue
[2026-07-18T15:41:25.264+0530] {logging_mixin.py:190} INFO - [2026-07-18T15:41:25.264+0530] {dagbag.py:588} INFO - Filling up the DagBag from /Users/bhavishyachallagolla/Desktop/RetailSense/.venv/lib/python3.12/site-packages/airflow/example_dags/example_subdag_operator.py
[2026-07-18T15:41:25.290+0530] {processor.py:925} INFO - DAG(s) 'example_subdag_operator.section-1', 'example_subdag_operator.section-2', 'example_subdag_operator' retrieved from /Users/bhavishyachallagolla/Desktop/RetailSense/.venv/lib/python3.12/site-packages/airflow/example_dags/example_subdag_operator.py
[2026-07-18T15:41:25.294+0530] {logging_mixin.py:190} INFO - [2026-07-18T15:41:25.294+0530] {workday.py:41} WARNING - Could not import pandas. Holidays will not be considered.
[2026-07-18T15:41:25.299+0530] {logging_mixin.py:190} INFO - [2026-07-18T15:41:25.299+0530] {dag.py:3239} INFO - Sync 3 DAGs
[2026-07-18T15:41:25.304+0530] {logging_mixin.py:190} INFO - [2026-07-18T15:41:25.304+0530] {dag.py:4180} INFO - Setting next_dagrun for example_subdag_operator to 2022-01-01 00:00:00+00:00, run_after=2022-01-01 00:00:00+00:00
[2026-07-18T15:41:25.305+0530] {logging_mixin.py:190} INFO - [2026-07-18T15:41:25.304+0530] {dag.py:4180} INFO - Setting next_dagrun for example_subdag_operator.section-1 to None, run_after=None
[2026-07-18T15:41:25.305+0530] {logging_mixin.py:190} INFO - [2026-07-18T15:41:25.305+0530] {dag.py:4180} INFO - Setting next_dagrun for example_subdag_operator.section-2 to None, run_after=None
[2026-07-18T15:41:25.306+0530] {logging_mixin.py:190} INFO - [2026-07-18T15:41:25.306+0530] {dag.py:3239} INFO - Sync 2 DAGs
[2026-07-18T15:41:25.307+0530] {logging_mixin.py:190} INFO - [2026-07-18T15:41:25.307+0530] {dag.py:4180} INFO - Setting next_dagrun for example_subdag_operator.section-1 to None, run_after=None
[2026-07-18T15:41:25.307+0530] {logging_mixin.py:190} INFO - [2026-07-18T15:41:25.307+0530] {dag.py:4180} INFO - Setting next_dagrun for example_subdag_operator.section-2 to None, run_after=None
[2026-07-18T15:41:25.310+0530] {processor.py:208} INFO - Processing /Users/bhavishyachallagolla/Desktop/RetailSense/.venv/lib/python3.12/site-packages/airflow/example_dags/example_subdag_operator.py took 0.049 seconds
[2026-07-18T15:43:10.373+0530] {processor.py:186} INFO - Started process (PID=4445) to work on /Users/bhavishyachallagolla/Desktop/RetailSense/.venv/lib/python3.12/site-packages/airflow/example_dags/example_subdag_operator.py
[2026-07-18T15:43:10.373+0530] {processor.py:914} INFO - Processing file /Users/bhavishyachallagolla/Desktop/RetailSense/.venv/lib/python3.12/site-packages/airflow/example_dags/example_subdag_operator.py for tasks to queue
[2026-07-18T15:43:10.374+0530] {logging_mixin.py:190} INFO - [2026-07-18T15:43:10.374+0530] {dagbag.py:588} INFO - Filling up the DagBag from /Users/bhavishyachallagolla/Desktop/RetailSense/.venv/lib/python3.12/site-packages/airflow/example_dags/example_subdag_operator.py
[2026-07-18T15:43:10.400+0530] {processor.py:925} INFO - DAG(s) 'example_subdag_operator.section-1', 'example_subdag_operator.section-2', 'example_subdag_operator' retrieved from /Users/bhavishyachallagolla/Desktop/RetailSense/.venv/lib/python3.12/site-packages/airflow/example_dags/example_subdag_operator.py
[2026-07-18T15:43:10.404+0530] {logging_mixin.py:190} INFO - [2026-07-18T15:43:10.404+0530] {workday.py:41} WARNING - Could not import pandas. Holidays will not be considered.
[2026-07-18T15:43:10.408+0530] {logging_mixin.py:190} INFO - [2026-07-18T15:43:10.408+0530] {dag.py:3239} INFO - Sync 3 DAGs
[2026-07-18T15:43:10.413+0530] {logging_mixin.py:190} INFO - [2026-07-18T15:43:10.413+0530] {dag.py:4180} INFO - Setting next_dagrun for example_subdag_operator to 2022-01-01 00:00:00+00:00, run_after=2022-01-01 00:00:00+00:00
[2026-07-18T15:43:10.414+0530] {logging_mixin.py:190} INFO - [2026-07-18T15:43:10.414+0530] {dag.py:4180} INFO - Setting next_dagrun for example_subdag_operator.section-1 to None, run_after=None
[2026-07-18T15:43:10.414+0530] {logging_mixin.py:190} INFO - [2026-07-18T15:43:10.414+0530] {dag.py:4180} INFO - Setting next_dagrun for example_subdag_operator.section-2 to None, run_after=None
[2026-07-18T15:43:10.416+0530] {logging_mixin.py:190} INFO - [2026-07-18T15:43:10.416+0530] {dag.py:3239} INFO - Sync 2 DAGs
[2026-07-18T15:43:10.416+0530] {logging_mixin.py:190} INFO - [2026-07-18T15:43:10.416+0530] {dag.py:4180} INFO - Setting next_dagrun for example_subdag_operator.section-1 to None, run_after=None
[2026-07-18T15:43:10.417+0530] {logging_mixin.py:190} INFO - [2026-07-18T15:43:10.417+0530] {dag.py:4180} INFO - Setting next_dagrun for example_subdag_operator.section-2 to None, run_after=None
[2026-07-18T15:43:10.419+0530] {processor.py:208} INFO - Processing /Users/bhavishyachallagolla/Desktop/RetailSense/.venv/lib/python3.12/site-packages/airflow/example_dags/example_subdag_operator.py took 0.047 seconds
[2026-07-18T15:45:03.773+0530] {processor.py:186} INFO - Started process (PID=4733) to work on /Users/bhavishyachallagolla/Desktop/RetailSense/.venv/lib/python3.12/site-packages/airflow/example_dags/example_subdag_operator.py
[2026-07-18T15:45:03.774+0530] {processor.py:914} INFO - Processing file /Users/bhavishyachallagolla/Desktop/RetailSense/.venv/lib/python3.12/site-packages/airflow/example_dags/example_subdag_operator.py for tasks to queue
[2026-07-18T15:45:03.775+0530] {logging_mixin.py:190} INFO - [2026-07-18T15:45:03.775+0530] {dagbag.py:588} INFO - Filling up the DagBag from /Users/bhavishyachallagolla/Desktop/RetailSense/.venv/lib/python3.12/site-packages/airflow/example_dags/example_subdag_operator.py
[2026-07-18T15:45:03.800+0530] {processor.py:925} INFO - DAG(s) 'example_subdag_operator.section-1', 'example_subdag_operator.section-2', 'example_subdag_operator' retrieved from /Users/bhavishyachallagolla/Desktop/RetailSense/.venv/lib/python3.12/site-packages/airflow/example_dags/example_subdag_operator.py
[2026-07-18T15:45:03.804+0530] {logging_mixin.py:190} INFO - [2026-07-18T15:45:03.804+0530] {workday.py:41} WARNING - Could not import pandas. Holidays will not be considered.
[2026-07-18T15:45:03.809+0530] {logging_mixin.py:190} INFO - [2026-07-18T15:45:03.808+0530] {dag.py:3239} INFO - Sync 3 DAGs
[2026-07-18T15:45:03.813+0530] {logging_mixin.py:190} INFO - [2026-07-18T15:45:03.813+0530] {dag.py:4180} INFO - Setting next_dagrun for example_subdag_operator to 2022-01-01 00:00:00+00:00, run_after=2022-01-01 00:00:00+00:00
[2026-07-18T15:45:03.814+0530] {logging_mixin.py:190} INFO - [2026-07-18T15:45:03.814+0530] {dag.py:4180} INFO - Setting next_dagrun for example_subdag_operator.section-1 to None, run_after=None
[2026-07-18T15:45:03.815+0530] {logging_mixin.py:190} INFO - [2026-07-18T15:45:03.814+0530] {dag.py:4180} INFO - Setting next_dagrun for example_subdag_operator.section-2 to None, run_after=None
[2026-07-18T15:45:03.816+0530] {logging_mixin.py:190} INFO - [2026-07-18T15:45:03.816+0530] {dag.py:3239} INFO - Sync 2 DAGs
[2026-07-18T15:45:03.817+0530] {logging_mixin.py:190} INFO - [2026-07-18T15:45:03.817+0530] {dag.py:4180} INFO - Setting next_dagrun for example_subdag_operator.section-1 to None, run_after=None
[2026-07-18T15:45:03.817+0530] {logging_mixin.py:190} INFO - [2026-07-18T15:45:03.817+0530] {dag.py:4180} INFO - Setting next_dagrun for example_subdag_operator.section-2 to None, run_after=None
[2026-07-18T15:45:03.820+0530] {processor.py:208} INFO - Processing /Users/bhavishyachallagolla/Desktop/RetailSense/.venv/lib/python3.12/site-packages/airflow/example_dags/example_subdag_operator.py took 0.047 seconds
[2026-07-18T15:46:48.077+0530] {processor.py:186} INFO - Started process (PID=4992) to work on /Users/bhavishyachallagolla/Desktop/RetailSense/.venv/lib/python3.12/site-packages/airflow/example_dags/example_subdag_operator.py
[2026-07-18T15:46:48.078+0530] {processor.py:914} INFO - Processing file /Users/bhavishyachallagolla/Desktop/RetailSense/.venv/lib/python3.12/site-packages/airflow/example_dags/example_subdag_operator.py for tasks to queue
[2026-07-18T15:46:48.078+0530] {logging_mixin.py:190} INFO - [2026-07-18T15:46:48.078+0530] {dagbag.py:588} INFO - Filling up the DagBag from /Users/bhavishyachallagolla/Desktop/RetailSense/.venv/lib/python3.12/site-packages/airflow/example_dags/example_subdag_operator.py
[2026-07-18T15:46:48.104+0530] {processor.py:925} INFO - DAG(s) 'example_subdag_operator.section-1', 'example_subdag_operator.section-2', 'example_subdag_operator' retrieved from /Users/bhavishyachallagolla/Desktop/RetailSense/.venv/lib/python3.12/site-packages/airflow/example_dags/example_subdag_operator.py
[2026-07-18T15:46:48.108+0530] {logging_mixin.py:190} INFO - [2026-07-18T15:46:48.108+0530] {workday.py:41} WARNING - Could not import pandas. Holidays will not be considered.
[2026-07-18T15:46:48.112+0530] {logging_mixin.py:190} INFO - [2026-07-18T15:46:48.112+0530] {dag.py:3239} INFO - Sync 3 DAGs
[2026-07-18T15:46:48.117+0530] {logging_mixin.py:190} INFO - [2026-07-18T15:46:48.117+0530] {dag.py:4180} INFO - Setting next_dagrun for example_subdag_operator to 2022-01-01 00:00:00+00:00, run_after=2022-01-01 00:00:00+00:00
[2026-07-18T15:46:48.118+0530] {logging_mixin.py:190} INFO - [2026-07-18T15:46:48.118+0530] {dag.py:4180} INFO - Setting next_dagrun for example_subdag_operator.section-1 to None, run_after=None
[2026-07-18T15:46:48.118+0530] {logging_mixin.py:190} INFO - [2026-07-18T15:46:48.118+0530] {dag.py:4180} INFO - Setting next_dagrun for example_subdag_operator.section-2 to None, run_after=None
[2026-07-18T15:46:48.119+0530] {logging_mixin.py:190} INFO - [2026-07-18T15:46:48.119+0530] {dag.py:3239} INFO - Sync 2 DAGs
[2026-07-18T15:46:48.120+0530] {logging_mixin.py:190} INFO - [2026-07-18T15:46:48.120+0530] {dag.py:4180} INFO - Setting next_dagrun for example_subdag_operator.section-1 to None, run_after=None
[2026-07-18T15:46:48.120+0530] {logging_mixin.py:190} INFO - [2026-07-18T15:46:48.120+0530] {dag.py:4180} INFO - Setting next_dagrun for example_subdag_operator.section-2 to None, run_after=None
[2026-07-18T15:46:48.123+0530] {processor.py:208} INFO - Processing /Users/bhavishyachallagolla/Desktop/RetailSense/.venv/lib/python3.12/site-packages/airflow/example_dags/example_subdag_operator.py took 0.047 seconds
[2026-07-18T15:48:31.958+0530] {processor.py:186} INFO - Started process (PID=5296) to work on /Users/bhavishyachallagolla/Desktop/RetailSense/.venv/lib/python3.12/site-packages/airflow/example_dags/example_subdag_operator.py
[2026-07-18T15:48:31.958+0530] {processor.py:914} INFO - Processing file /Users/bhavishyachallagolla/Desktop/RetailSense/.venv/lib/python3.12/site-packages/airflow/example_dags/example_subdag_operator.py for tasks to queue
[2026-07-18T15:48:31.959+0530] {logging_mixin.py:190} INFO - [2026-07-18T15:48:31.959+0530] {dagbag.py:588} INFO - Filling up the DagBag from /Users/bhavishyachallagolla/Desktop/RetailSense/.venv/lib/python3.12/site-packages/airflow/example_dags/example_subdag_operator.py
[2026-07-18T15:48:31.985+0530] {processor.py:925} INFO - DAG(s) 'example_subdag_operator.section-1', 'example_subdag_operator.section-2', 'example_subdag_operator' retrieved from /Users/bhavishyachallagolla/Desktop/RetailSense/.venv/lib/python3.12/site-packages/airflow/example_dags/example_subdag_operator.py
[2026-07-18T15:48:31.989+0530] {logging_mixin.py:190} INFO - [2026-07-18T15:48:31.989+0530] {workday.py:41} WARNING - Could not import pandas. Holidays will not be considered.
[2026-07-18T15:48:31.994+0530] {logging_mixin.py:190} INFO - [2026-07-18T15:48:31.994+0530] {dag.py:3239} INFO - Sync 3 DAGs
[2026-07-18T15:48:31.999+0530] {logging_mixin.py:190} INFO - [2026-07-18T15:48:31.999+0530] {dag.py:4180} INFO - Setting next_dagrun for example_subdag_operator to 2022-01-01 00:00:00+00:00, run_after=2022-01-01 00:00:00+00:00
[2026-07-18T15:48:31.999+0530] {logging_mixin.py:190} INFO - [2026-07-18T15:48:31.999+0530] {dag.py:4180} INFO - Setting next_dagrun for example_subdag_operator.section-1 to None, run_after=None
[2026-07-18T15:48:32.000+0530] {logging_mixin.py:190} INFO - [2026-07-18T15:48:32.000+0530] {dag.py:4180} INFO - Setting next_dagrun for example_subdag_operator.section-2 to None, run_after=None
[2026-07-18T15:48:32.001+0530] {logging_mixin.py:190} INFO - [2026-07-18T15:48:32.001+0530] {dag.py:3239} INFO - Sync 2 DAGs
[2026-07-18T15:48:32.002+0530] {logging_mixin.py:190} INFO - [2026-07-18T15:48:32.002+0530] {dag.py:4180} INFO - Setting next_dagrun for example_subdag_operator.section-1 to None, run_after=None
[2026-07-18T15:48:32.002+0530] {logging_mixin.py:190} INFO - [2026-07-18T15:48:32.002+0530] {dag.py:4180} INFO - Setting next_dagrun for example_subdag_operator.section-2 to None, run_after=None
[2026-07-18T15:48:32.005+0530] {processor.py:208} INFO - Processing /Users/bhavishyachallagolla/Desktop/RetailSense/.venv/lib/python3.12/site-packages/airflow/example_dags/example_subdag_operator.py took 0.048 seconds
[2026-07-18T15:50:19.539+0530] {processor.py:186} INFO - Started process (PID=5577) to work on /Users/bhavishyachallagolla/Desktop/RetailSense/.venv/lib/python3.12/site-packages/airflow/example_dags/example_subdag_operator.py
[2026-07-18T15:50:19.540+0530] {processor.py:914} INFO - Processing file /Users/bhavishyachallagolla/Desktop/RetailSense/.venv/lib/python3.12/site-packages/airflow/example_dags/example_subdag_operator.py for tasks to queue
[2026-07-18T15:50:19.540+0530] {logging_mixin.py:190} INFO - [2026-07-18T15:50:19.540+0530] {dagbag.py:588} INFO - Filling up the DagBag from /Users/bhavishyachallagolla/Desktop/RetailSense/.venv/lib/python3.12/site-packages/airflow/example_dags/example_subdag_operator.py
[2026-07-18T15:50:19.566+0530] {processor.py:925} INFO - DAG(s) 'example_subdag_operator.section-1', 'example_subdag_operator.section-2', 'example_subdag_operator' retrieved from /Users/bhavishyachallagolla/Desktop/RetailSense/.venv/lib/python3.12/site-packages/airflow/example_dags/example_subdag_operator.py
[2026-07-18T15:50:19.570+0530] {logging_mixin.py:190} INFO - [2026-07-18T15:50:19.569+0530] {workday.py:41} WARNING - Could not import pandas. Holidays will not be considered.
[2026-07-18T15:50:19.574+0530] {logging_mixin.py:190} INFO - [2026-07-18T15:50:19.574+0530] {dag.py:3239} INFO - Sync 3 DAGs
[2026-07-18T15:50:19.579+0530] {logging_mixin.py:190} INFO - [2026-07-18T15:50:19.579+0530] {dag.py:4180} INFO - Setting next_dagrun for example_subdag_operator to 2022-01-01 00:00:00+00:00, run_after=2022-01-01 00:00:00+00:00
[2026-07-18T15:50:19.580+0530] {logging_mixin.py:190} INFO - [2026-07-18T15:50:19.580+0530] {dag.py:4180} INFO - Setting next_dagrun for example_subdag_operator.section-1 to None, run_after=None
[2026-07-18T15:50:19.580+0530] {logging_mixin.py:190} INFO - [2026-07-18T15:50:19.580+0530] {dag.py:4180} INFO - Setting next_dagrun for example_subdag_operator.section-2 to None, run_after=None
[2026-07-18T15:50:19.581+0530] {logging_mixin.py:190} INFO - [2026-07-18T15:50:19.581+0530] {dag.py:3239} INFO - Sync 2 DAGs
[2026-07-18T15:50:19.582+0530] {logging_mixin.py:190} INFO - [2026-07-18T15:50:19.582+0530] {dag.py:4180} INFO - Setting next_dagrun for example_subdag_operator.section-1 to None, run_after=None
[2026-07-18T15:50:19.582+0530] {logging_mixin.py:190} INFO - [2026-07-18T15:50:19.582+0530] {dag.py:4180} INFO - Setting next_dagrun for example_subdag_operator.section-2 to None, run_after=None
[2026-07-18T15:50:19.585+0530] {processor.py:208} INFO - Processing /Users/bhavishyachallagolla/Desktop/RetailSense/.venv/lib/python3.12/site-packages/airflow/example_dags/example_subdag_operator.py took 0.047 seconds
[2026-07-18T15:52:00.616+0530] {processor.py:186} INFO - Started process (PID=5830) to work on /Users/bhavishyachallagolla/Desktop/RetailSense/.venv/lib/python3.12/site-packages/airflow/example_dags/example_subdag_operator.py
[2026-07-18T15:52:00.617+0530] {processor.py:914} INFO - Processing file /Users/bhavishyachallagolla/Desktop/RetailSense/.venv/lib/python3.12/site-packages/airflow/example_dags/example_subdag_operator.py for tasks to queue
[2026-07-18T15:52:00.618+0530] {logging_mixin.py:190} INFO - [2026-07-18T15:52:00.618+0530] {dagbag.py:588} INFO - Filling up the DagBag from /Users/bhavishyachallagolla/Desktop/RetailSense/.venv/lib/python3.12/site-packages/airflow/example_dags/example_subdag_operator.py
[2026-07-18T15:52:00.643+0530] {processor.py:925} INFO - DAG(s) 'example_subdag_operator.section-1', 'example_subdag_operator.section-2', 'example_subdag_operator' retrieved from /Users/bhavishyachallagolla/Desktop/RetailSense/.venv/lib/python3.12/site-packages/airflow/example_dags/example_subdag_operator.py
[2026-07-18T15:52:00.647+0530] {logging_mixin.py:190} INFO - [2026-07-18T15:52:00.647+0530] {workday.py:41} WARNING - Could not import pandas. Holidays will not be considered.
[2026-07-18T15:52:00.651+0530] {logging_mixin.py:190} INFO - [2026-07-18T15:52:00.651+0530] {dag.py:3239} INFO - Sync 3 DAGs
[2026-07-18T15:52:00.656+0530] {logging_mixin.py:190} INFO - [2026-07-18T15:52:00.656+0530] {dag.py:4180} INFO - Setting next_dagrun for example_subdag_operator to 2022-01-01 00:00:00+00:00, run_after=2022-01-01 00:00:00+00:00
[2026-07-18T15:52:00.657+0530] {logging_mixin.py:190} INFO - [2026-07-18T15:52:00.657+0530] {dag.py:4180} INFO - Setting next_dagrun for example_subdag_operator.section-1 to None, run_after=None
[2026-07-18T15:52:00.657+0530] {logging_mixin.py:190} INFO - [2026-07-18T15:52:00.657+0530] {dag.py:4180} INFO - Setting next_dagrun for example_subdag_operator.section-2 to None, run_after=None
[2026-07-18T15:52:00.659+0530] {logging_mixin.py:190} INFO - [2026-07-18T15:52:00.658+0530] {dag.py:3239} INFO - Sync 2 DAGs
[2026-07-18T15:52:00.659+0530] {logging_mixin.py:190} INFO - [2026-07-18T15:52:00.659+0530] {dag.py:4180} INFO - Setting next_dagrun for example_subdag_operator.section-1 to None, run_after=None
[2026-07-18T15:52:00.659+0530] {logging_mixin.py:190} INFO - [2026-07-18T15:52:00.659+0530] {dag.py:4180} INFO - Setting next_dagrun for example_subdag_operator.section-2 to None, run_after=None
[2026-07-18T15:52:00.662+0530] {processor.py:208} INFO - Processing /Users/bhavishyachallagolla/Desktop/RetailSense/.venv/lib/python3.12/site-packages/airflow/example_dags/example_subdag_operator.py took 0.047 seconds
[2026-07-18T15:53:43.167+0530] {processor.py:186} INFO - Started process (PID=6095) to work on /Users/bhavishyachallagolla/Desktop/RetailSense/.venv/lib/python3.12/site-packages/airflow/example_dags/example_subdag_operator.py
[2026-07-18T15:53:43.168+0530] {processor.py:914} INFO - Processing file /Users/bhavishyachallagolla/Desktop/RetailSense/.venv/lib/python3.12/site-packages/airflow/example_dags/example_subdag_operator.py for tasks to queue
[2026-07-18T15:53:43.168+0530] {logging_mixin.py:190} INFO - [2026-07-18T15:53:43.168+0530] {dagbag.py:588} INFO - Filling up the DagBag from /Users/bhavishyachallagolla/Desktop/RetailSense/.venv/lib/python3.12/site-packages/airflow/example_dags/example_subdag_operator.py
[2026-07-18T15:53:43.194+0530] {processor.py:925} INFO - DAG(s) 'example_subdag_operator.section-1', 'example_subdag_operator.section-2', 'example_subdag_operator' retrieved from /Users/bhavishyachallagolla/Desktop/RetailSense/.venv/lib/python3.12/site-packages/airflow/example_dags/example_subdag_operator.py
[2026-07-18T15:53:43.198+0530] {logging_mixin.py:190} INFO - [2026-07-18T15:53:43.198+0530] {workday.py:41} WARNING - Could not import pandas. Holidays will not be considered.
[2026-07-18T15:53:43.202+0530] {logging_mixin.py:190} INFO - [2026-07-18T15:53:43.202+0530] {dag.py:3239} INFO - Sync 3 DAGs
[2026-07-18T15:53:43.207+0530] {logging_mixin.py:190} INFO - [2026-07-18T15:53:43.207+0530] {dag.py:4180} INFO - Setting next_dagrun for example_subdag_operator to 2022-01-01 00:00:00+00:00, run_after=2022-01-01 00:00:00+00:00
[2026-07-18T15:53:43.208+0530] {logging_mixin.py:190} INFO - [2026-07-18T15:53:43.208+0530] {dag.py:4180} INFO - Setting next_dagrun for example_subdag_operator.section-1 to None, run_after=None
[2026-07-18T15:53:43.208+0530] {logging_mixin.py:190} INFO - [2026-07-18T15:53:43.208+0530] {dag.py:4180} INFO - Setting next_dagrun for example_subdag_operator.section-2 to None, run_after=None
[2026-07-18T15:53:43.209+0530] {logging_mixin.py:190} INFO - [2026-07-18T15:53:43.209+0530] {dag.py:3239} INFO - Sync 2 DAGs
[2026-07-18T15:53:43.210+0530] {logging_mixin.py:190} INFO - [2026-07-18T15:53:43.210+0530] {dag.py:4180} INFO - Setting next_dagrun for example_subdag_operator.section-1 to None, run_after=None
[2026-07-18T15:53:43.210+0530] {logging_mixin.py:190} INFO - [2026-07-18T15:53:43.210+0530] {dag.py:4180} INFO - Setting next_dagrun for example_subdag_operator.section-2 to None, run_after=None
[2026-07-18T15:53:43.213+0530] {processor.py:208} INFO - Processing /Users/bhavishyachallagolla/Desktop/RetailSense/.venv/lib/python3.12/site-packages/airflow/example_dags/example_subdag_operator.py took 0.047 seconds
[2026-07-18T15:55:29.289+0530] {processor.py:186} INFO - Started process (PID=6357) to work on /Users/bhavishyachallagolla/Desktop/RetailSense/.venv/lib/python3.12/site-packages/airflow/example_dags/example_subdag_operator.py
[2026-07-18T15:55:29.291+0530] {processor.py:914} INFO - Processing file /Users/bhavishyachallagolla/Desktop/RetailSense/.venv/lib/python3.12/site-packages/airflow/example_dags/example_subdag_operator.py for tasks to queue
[2026-07-18T15:55:29.291+0530] {logging_mixin.py:190} INFO - [2026-07-18T15:55:29.291+0530] {dagbag.py:588} INFO - Filling up the DagBag from /Users/bhavishyachallagolla/Desktop/RetailSense/.venv/lib/python3.12/site-packages/airflow/example_dags/example_subdag_operator.py
[2026-07-18T15:55:29.318+0530] {processor.py:925} INFO - DAG(s) 'example_subdag_operator.section-1', 'example_subdag_operator.section-2', 'example_subdag_operator' retrieved from /Users/bhavishyachallagolla/Desktop/RetailSense/.venv/lib/python3.12/site-packages/airflow/example_dags/example_subdag_operator.py
[2026-07-18T15:55:29.322+0530] {logging_mixin.py:190} INFO - [2026-07-18T15:55:29.322+0530] {workday.py:41} WARNING - Could not import pandas. Holidays will not be considered.
[2026-07-18T15:55:29.326+0530] {logging_mixin.py:190} INFO - [2026-07-18T15:55:29.326+0530] {dag.py:3239} INFO - Sync 3 DAGs
[2026-07-18T15:55:29.332+0530] {logging_mixin.py:190} INFO - [2026-07-18T15:55:29.332+0530] {dag.py:4180} INFO - Setting next_dagrun for example_subdag_operator to 2022-01-01 00:00:00+00:00, run_after=2022-01-01 00:00:00+00:00
[2026-07-18T15:55:29.332+0530] {logging_mixin.py:190} INFO - [2026-07-18T15:55:29.332+0530] {dag.py:4180} INFO - Setting next_dagrun for example_subdag_operator.section-1 to None, run_after=None
[2026-07-18T15:55:29.333+0530] {logging_mixin.py:190} INFO - [2026-07-18T15:55:29.333+0530] {dag.py:4180} INFO - Setting next_dagrun for example_subdag_operator.section-2 to None, run_after=None
[2026-07-18T15:55:29.334+0530] {logging_mixin.py:190} INFO - [2026-07-18T15:55:29.334+0530] {dag.py:3239} INFO - Sync 2 DAGs
[2026-07-18T15:55:29.335+0530] {logging_mixin.py:190} INFO - [2026-07-18T15:55:29.335+0530] {dag.py:4180} INFO - Setting next_dagrun for example_subdag_operator.section-1 to None, run_after=None
[2026-07-18T15:55:29.335+0530] {logging_mixin.py:190} INFO - [2026-07-18T15:55:29.335+0530] {dag.py:4180} INFO - Setting next_dagrun for example_subdag_operator.section-2 to None, run_after=None
[2026-07-18T15:55:29.338+0530] {processor.py:208} INFO - Processing /Users/bhavishyachallagolla/Desktop/RetailSense/.venv/lib/python3.12/site-packages/airflow/example_dags/example_subdag_operator.py took 0.050 seconds
