[2026-07-18T15:36:48.668+0530] {processor.py:186} INFO - Started process (PID=3423) to work on /Users/bhavishyachallagolla/Desktop/RetailSense/.venv/lib/python3.12/site-packages/airflow/example_dags/example_inlet_event_extra.py
[2026-07-18T15:36:48.668+0530] {processor.py:914} INFO - Processing file /Users/bhavishyachallagolla/Desktop/RetailSense/.venv/lib/python3.12/site-packages/airflow/example_dags/example_inlet_event_extra.py for tasks to queue
[2026-07-18T15:36:48.669+0530] {logging_mixin.py:190} INFO - [2026-07-18T15:36:48.669+0530] {dagbag.py:588} INFO - Filling up the DagBag from /Users/bhavishyachallagolla/Desktop/RetailSense/.venv/lib/python3.12/site-packages/airflow/example_dags/example_inlet_event_extra.py
[2026-07-18T15:36:48.690+0530] {processor.py:925} INFO - DAG(s) 'read_dataset_event_from_classic', 'read_dataset_event' retrieved from /Users/bhavishyachallagolla/Desktop/RetailSense/.venv/lib/python3.12/site-packages/airflow/example_dags/example_inlet_event_extra.py
[2026-07-18T15:36:48.714+0530] {logging_mixin.py:190} INFO - [2026-07-18T15:36:48.714+0530] {dag.py:3239} INFO - Sync 2 DAGs
[2026-07-18T15:36:48.719+0530] {logging_mixin.py:190} INFO - [2026-07-18T15:36:48.719+0530] {dag.py:4180} INFO - Setting next_dagrun for read_dataset_event to 2026-07-17 00:00:00+00:00, run_after=2026-07-18 00:00:00+00:00
[2026-07-18T15:36:48.720+0530] {logging_mixin.py:190} INFO - [2026-07-18T15:36:48.720+0530] {dag.py:4180} INFO - Setting next_dagrun for read_dataset_event_from_classic to 2026-07-17 00:00:00+00:00, run_after=2026-07-18 00:00:00+00:00
[2026-07-18T15:36:48.724+0530] {processor.py:208} INFO - Processing /Users/bhavishyachallagolla/Desktop/RetailSense/.venv/lib/python3.12/site-packages/airflow/example_dags/example_inlet_event_extra.py took 0.057 seconds
[2026-07-18T15:38:52.451+0530] {processor.py:186} INFO - Started process (PID=3750) to work on /Users/bhavishyachallagolla/Desktop/RetailSense/.venv/lib/python3.12/site-packages/airflow/example_dags/example_inlet_event_extra.py
[2026-07-18T15:38:52.452+0530] {processor.py:914} INFO - Processing file /Users/bhavishyachallagolla/Desktop/RetailSense/.venv/lib/python3.12/site-packages/airflow/example_dags/example_inlet_event_extra.py for tasks to queue
[2026-07-18T15:38:52.453+0530] {logging_mixin.py:190} INFO - [2026-07-18T15:38:52.453+0530] {dagbag.py:588} INFO - Filling up the DagBag from /Users/bhavishyachallagolla/Desktop/RetailSense/.venv/lib/python3.12/site-packages/airflow/example_dags/example_inlet_event_extra.py
[2026-07-18T15:38:52.473+0530] {processor.py:925} INFO - DAG(s) 'read_dataset_event', 'read_dataset_event_from_classic' retrieved from /Users/bhavishyachallagolla/Desktop/RetailSense/.venv/lib/python3.12/site-packages/airflow/example_dags/example_inlet_event_extra.py
[2026-07-18T15:38:52.497+0530] {logging_mixin.py:190} INFO - [2026-07-18T15:38:52.497+0530] {dag.py:3239} INFO - Sync 2 DAGs
[2026-07-18T15:38:52.502+0530] {logging_mixin.py:190} INFO - [2026-07-18T15:38:52.502+0530] {dag.py:4180} INFO - Setting next_dagrun for read_dataset_event to 2026-07-17 00:00:00+00:00, run_after=2026-07-18 00:00:00+00:00
[2026-07-18T15:38:52.503+0530] {logging_mixin.py:190} INFO - [2026-07-18T15:38:52.503+0530] {dag.py:4180} INFO - Setting next_dagrun for read_dataset_event_from_classic to 2026-07-17 00:00:00+00:00, run_after=2026-07-18 00:00:00+00:00
[2026-07-18T15:38:52.507+0530] {processor.py:208} INFO - Processing /Users/bhavishyachallagolla/Desktop/RetailSense/.venv/lib/python3.12/site-packages/airflow/example_dags/example_inlet_event_extra.py took 0.057 seconds
[2026-07-18T15:40:34.054+0530] {processor.py:186} INFO - Started process (PID=4011) to work on /Users/bhavishyachallagolla/Desktop/RetailSense/.venv/lib/python3.12/site-packages/airflow/example_dags/example_inlet_event_extra.py
[2026-07-18T15:40:34.054+0530] {processor.py:914} INFO - Processing file /Users/bhavishyachallagolla/Desktop/RetailSense/.venv/lib/python3.12/site-packages/airflow/example_dags/example_inlet_event_extra.py for tasks to queue
[2026-07-18T15:40:34.054+0530] {logging_mixin.py:190} INFO - [2026-07-18T15:40:34.054+0530] {dagbag.py:588} INFO - Filling up the DagBag from /Users/bhavishyachallagolla/Desktop/RetailSense/.venv/lib/python3.12/site-packages/airflow/example_dags/example_inlet_event_extra.py
[2026-07-18T15:40:34.085+0530] {processor.py:925} INFO - DAG(s) 'read_dataset_event', 'read_dataset_event_from_classic' retrieved from /Users/bhavishyachallagolla/Desktop/RetailSense/.venv/lib/python3.12/site-packages/airflow/example_dags/example_inlet_event_extra.py
[2026-07-18T15:40:34.110+0530] {logging_mixin.py:190} INFO - [2026-07-18T15:40:34.110+0530] {dag.py:3239} INFO - Sync 2 DAGs
[2026-07-18T15:40:34.115+0530] {logging_mixin.py:190} INFO - [2026-07-18T15:40:34.115+0530] {dag.py:4180} INFO - Setting next_dagrun for read_dataset_event to 2026-07-17 00:00:00+00:00, run_after=2026-07-18 00:00:00+00:00
[2026-07-18T15:40:34.116+0530] {logging_mixin.py:190} INFO - [2026-07-18T15:40:34.116+0530] {dag.py:4180} INFO - Setting next_dagrun for read_dataset_event_from_classic to 2026-07-17 00:00:00+00:00, run_after=2026-07-18 00:00:00+00:00
[2026-07-18T15:40:34.120+0530] {processor.py:208} INFO - Processing /Users/bhavishyachallagolla/Desktop/RetailSense/.venv/lib/python3.12/site-packages/airflow/example_dags/example_inlet_event_extra.py took 0.067 seconds
[2026-07-18T15:42:15.051+0530] {processor.py:186} INFO - Started process (PID=4277) to work on /Users/bhavishyachallagolla/Desktop/RetailSense/.venv/lib/python3.12/site-packages/airflow/example_dags/example_inlet_event_extra.py
[2026-07-18T15:42:15.052+0530] {processor.py:914} INFO - Processing file /Users/bhavishyachallagolla/Desktop/RetailSense/.venv/lib/python3.12/site-packages/airflow/example_dags/example_inlet_event_extra.py for tasks to queue
[2026-07-18T15:42:15.053+0530] {logging_mixin.py:190} INFO - [2026-07-18T15:42:15.053+0530] {dagbag.py:588} INFO - Filling up the DagBag from /Users/bhavishyachallagolla/Desktop/RetailSense/.venv/lib/python3.12/site-packages/airflow/example_dags/example_inlet_event_extra.py
[2026-07-18T15:42:15.074+0530] {processor.py:925} INFO - DAG(s) 'read_dataset_event_from_classic', 'read_dataset_event' retrieved from /Users/bhavishyachallagolla/Desktop/RetailSense/.venv/lib/python3.12/site-packages/airflow/example_dags/example_inlet_event_extra.py
[2026-07-18T15:42:15.100+0530] {logging_mixin.py:190} INFO - [2026-07-18T15:42:15.100+0530] {dag.py:3239} INFO - Sync 2 DAGs
[2026-07-18T15:42:15.105+0530] {logging_mixin.py:190} INFO - [2026-07-18T15:42:15.105+0530] {dag.py:4180} INFO - Setting next_dagrun for read_dataset_event to 2026-07-17 00:00:00+00:00, run_after=2026-07-18 00:00:00+00:00
[2026-07-18T15:42:15.106+0530] {logging_mixin.py:190} INFO - [2026-07-18T15:42:15.106+0530] {dag.py:4180} INFO - Setting next_dagrun for read_dataset_event_from_classic to 2026-07-17 00:00:00+00:00, run_after=2026-07-18 00:00:00+00:00
[2026-07-18T15:42:15.110+0530] {processor.py:208} INFO - Processing /Users/bhavishyachallagolla/Desktop/RetailSense/.venv/lib/python3.12/site-packages/airflow/example_dags/example_inlet_event_extra.py took 0.060 seconds
[2026-07-18T15:44:09.864+0530] {processor.py:186} INFO - Started process (PID=4596) to work on /Users/bhavishyachallagolla/Desktop/RetailSense/.venv/lib/python3.12/site-packages/airflow/example_dags/example_inlet_event_extra.py
[2026-07-18T15:44:09.865+0530] {processor.py:914} INFO - Processing file /Users/bhavishyachallagolla/Desktop/RetailSense/.venv/lib/python3.12/site-packages/airflow/example_dags/example_inlet_event_extra.py for tasks to queue
[2026-07-18T15:44:09.865+0530] {logging_mixin.py:190} INFO - [2026-07-18T15:44:09.865+0530] {dagbag.py:588} INFO - Filling up the DagBag from /Users/bhavishyachallagolla/Desktop/RetailSense/.venv/lib/python3.12/site-packages/airflow/example_dags/example_inlet_event_extra.py
[2026-07-18T15:44:09.888+0530] {processor.py:925} INFO - DAG(s) 'read_dataset_event_from_classic', 'read_dataset_event' retrieved from /Users/bhavishyachallagolla/Desktop/RetailSense/.venv/lib/python3.12/site-packages/airflow/example_dags/example_inlet_event_extra.py
[2026-07-18T15:44:09.913+0530] {logging_mixin.py:190} INFO - [2026-07-18T15:44:09.913+0530] {dag.py:3239} INFO - Sync 2 DAGs
[2026-07-18T15:44:09.918+0530] {logging_mixin.py:190} INFO - [2026-07-18T15:44:09.918+0530] {dag.py:4180} INFO - Setting next_dagrun for read_dataset_event to 2026-07-17 00:00:00+00:00, run_after=2026-07-18 00:00:00+00:00
[2026-07-18T15:44:09.919+0530] {logging_mixin.py:190} INFO - [2026-07-18T15:44:09.919+0530] {dag.py:4180} INFO - Setting next_dagrun for read_dataset_event_from_classic to 2026-07-17 00:00:00+00:00, run_after=2026-07-18 00:00:00+00:00
[2026-07-18T15:44:09.923+0530] {processor.py:208} INFO - Processing /Users/bhavishyachallagolla/Desktop/RetailSense/.venv/lib/python3.12/site-packages/airflow/example_dags/example_inlet_event_extra.py took 0.061 seconds
[2026-07-18T15:45:54.300+0530] {processor.py:186} INFO - Started process (PID=4858) to work on /Users/bhavishyachallagolla/Desktop/RetailSense/.venv/lib/python3.12/site-packages/airflow/example_dags/example_inlet_event_extra.py
[2026-07-18T15:45:54.300+0530] {processor.py:914} INFO - Processing file /Users/bhavishyachallagolla/Desktop/RetailSense/.venv/lib/python3.12/site-packages/airflow/example_dags/example_inlet_event_extra.py for tasks to queue
[2026-07-18T15:45:54.300+0530] {logging_mixin.py:190} INFO - [2026-07-18T15:45:54.300+0530] {dagbag.py:588} INFO - Filling up the DagBag from /Users/bhavishyachallagolla/Desktop/RetailSense/.venv/lib/python3.12/site-packages/airflow/example_dags/example_inlet_event_extra.py
[2026-07-18T15:45:54.321+0530] {processor.py:925} INFO - DAG(s) 'read_dataset_event_from_classic', 'read_dataset_event' retrieved from /Users/bhavishyachallagolla/Desktop/RetailSense/.venv/lib/python3.12/site-packages/airflow/example_dags/example_inlet_event_extra.py
[2026-07-18T15:45:54.345+0530] {logging_mixin.py:190} INFO - [2026-07-18T15:45:54.345+0530] {dag.py:3239} INFO - Sync 2 DAGs
[2026-07-18T15:45:54.349+0530] {logging_mixin.py:190} INFO - [2026-07-18T15:45:54.349+0530] {dag.py:4180} INFO - Setting next_dagrun for read_dataset_event to 2026-07-17 00:00:00+00:00, run_after=2026-07-18 00:00:00+00:00
[2026-07-18T15:45:54.350+0530] {logging_mixin.py:190} INFO - [2026-07-18T15:45:54.350+0530] {dag.py:4180} INFO - Setting next_dagrun for read_dataset_event_from_classic to 2026-07-17 00:00:00+00:00, run_after=2026-07-18 00:00:00+00:00
[2026-07-18T15:45:54.355+0530] {processor.py:208} INFO - Processing /Users/bhavishyachallagolla/Desktop/RetailSense/.venv/lib/python3.12/site-packages/airflow/example_dags/example_inlet_event_extra.py took 0.056 seconds
[2026-07-18T15:47:38.558+0530] {processor.py:186} INFO - Started process (PID=5142) to work on /Users/bhavishyachallagolla/Desktop/RetailSense/.venv/lib/python3.12/site-packages/airflow/example_dags/example_inlet_event_extra.py
[2026-07-18T15:47:38.559+0530] {processor.py:914} INFO - Processing file /Users/bhavishyachallagolla/Desktop/RetailSense/.venv/lib/python3.12/site-packages/airflow/example_dags/example_inlet_event_extra.py for tasks to queue
[2026-07-18T15:47:38.559+0530] {logging_mixin.py:190} INFO - [2026-07-18T15:47:38.559+0530] {dagbag.py:588} INFO - Filling up the DagBag from /Users/bhavishyachallagolla/Desktop/RetailSense/.venv/lib/python3.12/site-packages/airflow/example_dags/example_inlet_event_extra.py
[2026-07-18T15:47:38.580+0530] {processor.py:925} INFO - DAG(s) 'read_dataset_event', 'read_dataset_event_from_classic' retrieved from /Users/bhavishyachallagolla/Desktop/RetailSense/.venv/lib/python3.12/site-packages/airflow/example_dags/example_inlet_event_extra.py
[2026-07-18T15:47:38.605+0530] {logging_mixin.py:190} INFO - [2026-07-18T15:47:38.604+0530] {dag.py:3239} INFO - Sync 2 DAGs
[2026-07-18T15:47:38.609+0530] {logging_mixin.py:190} INFO - [2026-07-18T15:47:38.609+0530] {dag.py:4180} INFO - Setting next_dagrun for read_dataset_event to 2026-07-17 00:00:00+00:00, run_after=2026-07-18 00:00:00+00:00
[2026-07-18T15:47:38.610+0530] {logging_mixin.py:190} INFO - [2026-07-18T15:47:38.610+0530] {dag.py:4180} INFO - Setting next_dagrun for read_dataset_event_from_classic to 2026-07-17 00:00:00+00:00, run_after=2026-07-18 00:00:00+00:00
[2026-07-18T15:47:38.615+0530] {processor.py:208} INFO - Processing /Users/bhavishyachallagolla/Desktop/RetailSense/.venv/lib/python3.12/site-packages/airflow/example_dags/example_inlet_event_extra.py took 0.058 seconds
[2026-07-18T15:49:24.480+0530] {processor.py:186} INFO - Started process (PID=5435) to work on /Users/bhavishyachallagolla/Desktop/RetailSense/.venv/lib/python3.12/site-packages/airflow/example_dags/example_inlet_event_extra.py
[2026-07-18T15:49:24.481+0530] {processor.py:914} INFO - Processing file /Users/bhavishyachallagolla/Desktop/RetailSense/.venv/lib/python3.12/site-packages/airflow/example_dags/example_inlet_event_extra.py for tasks to queue
[2026-07-18T15:49:24.481+0530] {logging_mixin.py:190} INFO - [2026-07-18T15:49:24.481+0530] {dagbag.py:588} INFO - Filling up the DagBag from /Users/bhavishyachallagolla/Desktop/RetailSense/.venv/lib/python3.12/site-packages/airflow/example_dags/example_inlet_event_extra.py
[2026-07-18T15:49:24.511+0530] {processor.py:925} INFO - DAG(s) 'read_dataset_event', 'read_dataset_event_from_classic' retrieved from /Users/bhavishyachallagolla/Desktop/RetailSense/.venv/lib/python3.12/site-packages/airflow/example_dags/example_inlet_event_extra.py
[2026-07-18T15:49:24.537+0530] {logging_mixin.py:190} INFO - [2026-07-18T15:49:24.537+0530] {dag.py:3239} INFO - Sync 2 DAGs
[2026-07-18T15:49:24.542+0530] {logging_mixin.py:190} INFO - [2026-07-18T15:49:24.542+0530] {dag.py:4180} INFO - Setting next_dagrun for read_dataset_event to 2026-07-17 00:00:00+00:00, run_after=2026-07-18 00:00:00+00:00
[2026-07-18T15:49:24.543+0530] {logging_mixin.py:190} INFO - [2026-07-18T15:49:24.543+0530] {dag.py:4180} INFO - Setting next_dagrun for read_dataset_event_from_classic to 2026-07-17 00:00:00+00:00, run_after=2026-07-18 00:00:00+00:00
[2026-07-18T15:49:24.548+0530] {processor.py:208} INFO - Processing /Users/bhavishyachallagolla/Desktop/RetailSense/.venv/lib/python3.12/site-packages/airflow/example_dags/example_inlet_event_extra.py took 0.069 seconds
[2026-07-18T15:51:10.051+0530] {processor.py:186} INFO - Started process (PID=5705) to work on /Users/bhavishyachallagolla/Desktop/RetailSense/.venv/lib/python3.12/site-packages/airflow/example_dags/example_inlet_event_extra.py
[2026-07-18T15:51:10.052+0530] {processor.py:914} INFO - Processing file /Users/bhavishyachallagolla/Desktop/RetailSense/.venv/lib/python3.12/site-packages/airflow/example_dags/example_inlet_event_extra.py for tasks to queue
[2026-07-18T15:51:10.052+0530] {logging_mixin.py:190} INFO - [2026-07-18T15:51:10.052+0530] {dagbag.py:588} INFO - Filling up the DagBag from /Users/bhavishyachallagolla/Desktop/RetailSense/.venv/lib/python3.12/site-packages/airflow/example_dags/example_inlet_event_extra.py
[2026-07-18T15:51:10.083+0530] {processor.py:925} INFO - DAG(s) 'read_dataset_event_from_classic', 'read_dataset_event' retrieved from /Users/bhavishyachallagolla/Desktop/RetailSense/.venv/lib/python3.12/site-packages/airflow/example_dags/example_inlet_event_extra.py
[2026-07-18T15:51:10.107+0530] {logging_mixin.py:190} INFO - [2026-07-18T15:51:10.107+0530] {dag.py:3239} INFO - Sync 2 DAGs
[2026-07-18T15:51:10.113+0530] {logging_mixin.py:190} INFO - [2026-07-18T15:51:10.113+0530] {dag.py:4180} INFO - Setting next_dagrun for read_dataset_event to 2026-07-17 00:00:00+00:00, run_after=2026-07-18 00:00:00+00:00
[2026-07-18T15:51:10.114+0530] {logging_mixin.py:190} INFO - [2026-07-18T15:51:10.114+0530] {dag.py:4180} INFO - Setting next_dagrun for read_dataset_event_from_classic to 2026-07-17 00:00:00+00:00, run_after=2026-07-18 00:00:00+00:00
[2026-07-18T15:51:10.118+0530] {processor.py:208} INFO - Processing /Users/bhavishyachallagolla/Desktop/RetailSense/.venv/lib/python3.12/site-packages/airflow/example_dags/example_inlet_event_extra.py took 0.068 seconds
[2026-07-18T15:52:51.150+0530] {processor.py:186} INFO - Started process (PID=5964) to work on /Users/bhavishyachallagolla/Desktop/RetailSense/.venv/lib/python3.12/site-packages/airflow/example_dags/example_inlet_event_extra.py
[2026-07-18T15:52:51.151+0530] {processor.py:914} INFO - Processing file /Users/bhavishyachallagolla/Desktop/RetailSense/.venv/lib/python3.12/site-packages/airflow/example_dags/example_inlet_event_extra.py for tasks to queue
[2026-07-18T15:52:51.151+0530] {logging_mixin.py:190} INFO - [2026-07-18T15:52:51.151+0530] {dagbag.py:588} INFO - Filling up the DagBag from /Users/bhavishyachallagolla/Desktop/RetailSense/.venv/lib/python3.12/site-packages/airflow/example_dags/example_inlet_event_extra.py
[2026-07-18T15:52:51.182+0530] {processor.py:925} INFO - DAG(s) 'read_dataset_event', 'read_dataset_event_from_classic' retrieved from /Users/bhavishyachallagolla/Desktop/RetailSense/.venv/lib/python3.12/site-packages/airflow/example_dags/example_inlet_event_extra.py
[2026-07-18T15:52:51.207+0530] {logging_mixin.py:190} INFO - [2026-07-18T15:52:51.207+0530] {dag.py:3239} INFO - Sync 2 DAGs
[2026-07-18T15:52:51.212+0530] {logging_mixin.py:190} INFO - [2026-07-18T15:52:51.212+0530] {dag.py:4180} INFO - Setting next_dagrun for read_dataset_event to 2026-07-17 00:00:00+00:00, run_after=2026-07-18 00:00:00+00:00
[2026-07-18T15:52:51.213+0530] {logging_mixin.py:190} INFO - [2026-07-18T15:52:51.213+0530] {dag.py:4180} INFO - Setting next_dagrun for read_dataset_event_from_classic to 2026-07-17 00:00:00+00:00, run_after=2026-07-18 00:00:00+00:00
[2026-07-18T15:52:51.218+0530] {processor.py:208} INFO - Processing /Users/bhavishyachallagolla/Desktop/RetailSense/.venv/lib/python3.12/site-packages/airflow/example_dags/example_inlet_event_extra.py took 0.069 seconds
[2026-07-18T15:54:37.333+0530] {processor.py:186} INFO - Started process (PID=6225) to work on /Users/bhavishyachallagolla/Desktop/RetailSense/.venv/lib/python3.12/site-packages/airflow/example_dags/example_inlet_event_extra.py
[2026-07-18T15:54:37.334+0530] {processor.py:914} INFO - Processing file /Users/bhavishyachallagolla/Desktop/RetailSense/.venv/lib/python3.12/site-packages/airflow/example_dags/example_inlet_event_extra.py for tasks to queue
[2026-07-18T15:54:37.334+0530] {logging_mixin.py:190} INFO - [2026-07-18T15:54:37.334+0530] {dagbag.py:588} INFO - Filling up the DagBag from /Users/bhavishyachallagolla/Desktop/RetailSense/.venv/lib/python3.12/site-packages/airflow/example_dags/example_inlet_event_extra.py
[2026-07-18T15:54:37.355+0530] {processor.py:925} INFO - DAG(s) 'read_dataset_event', 'read_dataset_event_from_classic' retrieved from /Users/bhavishyachallagolla/Desktop/RetailSense/.venv/lib/python3.12/site-packages/airflow/example_dags/example_inlet_event_extra.py
[2026-07-18T15:54:37.381+0530] {logging_mixin.py:190} INFO - [2026-07-18T15:54:37.381+0530] {dag.py:3239} INFO - Sync 2 DAGs
[2026-07-18T15:54:37.386+0530] {logging_mixin.py:190} INFO - [2026-07-18T15:54:37.386+0530] {dag.py:4180} INFO - Setting next_dagrun for read_dataset_event to 2026-07-17 00:00:00+00:00, run_after=2026-07-18 00:00:00+00:00
[2026-07-18T15:54:37.387+0530] {logging_mixin.py:190} INFO - [2026-07-18T15:54:37.387+0530] {dag.py:4180} INFO - Setting next_dagrun for read_dataset_event_from_classic to 2026-07-17 00:00:00+00:00, run_after=2026-07-18 00:00:00+00:00
[2026-07-18T15:54:37.391+0530] {processor.py:208} INFO - Processing /Users/bhavishyachallagolla/Desktop/RetailSense/.venv/lib/python3.12/site-packages/airflow/example_dags/example_inlet_event_extra.py took 0.059 seconds
[2026-07-18T15:56:21.337+0530] {processor.py:186} INFO - Started process (PID=6488) to work on /Users/bhavishyachallagolla/Desktop/RetailSense/.venv/lib/python3.12/site-packages/airflow/example_dags/example_inlet_event_extra.py
[2026-07-18T15:56:21.338+0530] {processor.py:914} INFO - Processing file /Users/bhavishyachallagolla/Desktop/RetailSense/.venv/lib/python3.12/site-packages/airflow/example_dags/example_inlet_event_extra.py for tasks to queue
[2026-07-18T15:56:21.339+0530] {logging_mixin.py:190} INFO - [2026-07-18T15:56:21.339+0530] {dagbag.py:588} INFO - Filling up the DagBag from /Users/bhavishyachallagolla/Desktop/RetailSense/.venv/lib/python3.12/site-packages/airflow/example_dags/example_inlet_event_extra.py
[2026-07-18T15:56:21.367+0530] {processor.py:925} INFO - DAG(s) 'read_dataset_event', 'read_dataset_event_from_classic' retrieved from /Users/bhavishyachallagolla/Desktop/RetailSense/.venv/lib/python3.12/site-packages/airflow/example_dags/example_inlet_event_extra.py
[2026-07-18T15:56:21.392+0530] {logging_mixin.py:190} INFO - [2026-07-18T15:56:21.392+0530] {dag.py:3239} INFO - Sync 2 DAGs
[2026-07-18T15:56:21.397+0530] {logging_mixin.py:190} INFO - [2026-07-18T15:56:21.397+0530] {dag.py:4180} INFO - Setting next_dagrun for read_dataset_event to 2026-07-17 00:00:00+00:00, run_after=2026-07-18 00:00:00+00:00
[2026-07-18T15:56:21.398+0530] {logging_mixin.py:190} INFO - [2026-07-18T15:56:21.398+0530] {dag.py:4180} INFO - Setting next_dagrun for read_dataset_event_from_classic to 2026-07-17 00:00:00+00:00, run_after=2026-07-18 00:00:00+00:00
[2026-07-18T15:56:21.403+0530] {processor.py:208} INFO - Processing /Users/bhavishyachallagolla/Desktop/RetailSense/.venv/lib/python3.12/site-packages/airflow/example_dags/example_inlet_event_extra.py took 0.067 seconds
