[2026-07-18T15:36:37.428+0530] {processor.py:186} INFO - Started process (PID=3396) to work on /Users/bhavishyachallagolla/Desktop/RetailSense/.venv/lib/python3.12/site-packages/airflow/example_dags/example_params_ui_tutorial.py
[2026-07-18T15:36:37.428+0530] {processor.py:914} INFO - Processing file /Users/bhavishyachallagolla/Desktop/RetailSense/.venv/lib/python3.12/site-packages/airflow/example_dags/example_params_ui_tutorial.py for tasks to queue
[2026-07-18T15:36:37.428+0530] {logging_mixin.py:190} INFO - [2026-07-18T15:36:37.428+0530] {dagbag.py:588} INFO - Filling up the DagBag from /Users/bhavishyachallagolla/Desktop/RetailSense/.venv/lib/python3.12/site-packages/airflow/example_dags/example_params_ui_tutorial.py
[2026-07-18T15:36:37.440+0530] {processor.py:925} INFO - DAG(s) 'example_params_ui_tutorial' retrieved from /Users/bhavishyachallagolla/Desktop/RetailSense/.venv/lib/python3.12/site-packages/airflow/example_dags/example_params_ui_tutorial.py
[2026-07-18T15:36:37.509+0530] {logging_mixin.py:190} INFO - [2026-07-18T15:36:37.508+0530] {dag.py:3239} INFO - Sync 1 DAGs
[2026-07-18T15:36:37.511+0530] {logging_mixin.py:190} INFO - [2026-07-18T15:36:37.511+0530] {dag.py:4180} INFO - Setting next_dagrun for example_params_ui_tutorial to None, run_after=None
[2026-07-18T15:36:37.534+0530] {processor.py:208} INFO - Processing /Users/bhavishyachallagolla/Desktop/RetailSense/.venv/lib/python3.12/site-packages/airflow/example_dags/example_params_ui_tutorial.py took 0.107 seconds
[2026-07-18T15:37:59.277+0530] {processor.py:186} INFO - Started process (PID=3602) to work on /Users/bhavishyachallagolla/Desktop/RetailSense/.venv/lib/python3.12/site-packages/airflow/example_dags/example_params_ui_tutorial.py
[2026-07-18T15:37:59.278+0530] {processor.py:914} INFO - Processing file /Users/bhavishyachallagolla/Desktop/RetailSense/.venv/lib/python3.12/site-packages/airflow/example_dags/example_params_ui_tutorial.py for tasks to queue
[2026-07-18T15:37:59.279+0530] {logging_mixin.py:190} INFO - [2026-07-18T15:37:59.278+0530] {dagbag.py:588} INFO - Filling up the DagBag from /Users/bhavishyachallagolla/Desktop/RetailSense/.venv/lib/python3.12/site-packages/airflow/example_dags/example_params_ui_tutorial.py
[2026-07-18T15:37:59.291+0530] {processor.py:925} INFO - DAG(s) 'example_params_ui_tutorial' retrieved from /Users/bhavishyachallagolla/Desktop/RetailSense/.venv/lib/python3.12/site-packages/airflow/example_dags/example_params_ui_tutorial.py
[2026-07-18T15:37:59.322+0530] {logging_mixin.py:190} INFO - [2026-07-18T15:37:59.322+0530] {dag.py:3239} INFO - Sync 1 DAGs
[2026-07-18T15:37:59.325+0530] {logging_mixin.py:190} INFO - [2026-07-18T15:37:59.325+0530] {dag.py:4180} INFO - Setting next_dagrun for example_params_ui_tutorial to None, run_after=None
[2026-07-18T15:37:59.329+0530] {processor.py:208} INFO - Processing /Users/bhavishyachallagolla/Desktop/RetailSense/.venv/lib/python3.12/site-packages/airflow/example_dags/example_params_ui_tutorial.py took 0.054 seconds
[2026-07-18T15:40:01.151+0530] {processor.py:186} INFO - Started process (PID=3933) to work on /Users/bhavishyachallagolla/Desktop/RetailSense/.venv/lib/python3.12/site-packages/airflow/example_dags/example_params_ui_tutorial.py
[2026-07-18T15:40:01.152+0530] {processor.py:914} INFO - Processing file /Users/bhavishyachallagolla/Desktop/RetailSense/.venv/lib/python3.12/site-packages/airflow/example_dags/example_params_ui_tutorial.py for tasks to queue
[2026-07-18T15:40:01.153+0530] {logging_mixin.py:190} INFO - [2026-07-18T15:40:01.153+0530] {dagbag.py:588} INFO - Filling up the DagBag from /Users/bhavishyachallagolla/Desktop/RetailSense/.venv/lib/python3.12/site-packages/airflow/example_dags/example_params_ui_tutorial.py
[2026-07-18T15:40:01.165+0530] {processor.py:925} INFO - DAG(s) 'example_params_ui_tutorial' retrieved from /Users/bhavishyachallagolla/Desktop/RetailSense/.venv/lib/python3.12/site-packages/airflow/example_dags/example_params_ui_tutorial.py
[2026-07-18T15:40:01.195+0530] {logging_mixin.py:190} INFO - [2026-07-18T15:40:01.195+0530] {dag.py:3239} INFO - Sync 1 DAGs
[2026-07-18T15:40:01.198+0530] {logging_mixin.py:190} INFO - [2026-07-18T15:40:01.198+0530] {dag.py:4180} INFO - Setting next_dagrun for example_params_ui_tutorial to None, run_after=None
[2026-07-18T15:40:01.203+0530] {processor.py:208} INFO - Processing /Users/bhavishyachallagolla/Desktop/RetailSense/.venv/lib/python3.12/site-packages/airflow/example_dags/example_params_ui_tutorial.py took 0.052 seconds
[2026-07-18T15:41:40.725+0530] {processor.py:186} INFO - Started process (PID=4192) to work on /Users/bhavishyachallagolla/Desktop/RetailSense/.venv/lib/python3.12/site-packages/airflow/example_dags/example_params_ui_tutorial.py
[2026-07-18T15:41:40.726+0530] {processor.py:914} INFO - Processing file /Users/bhavishyachallagolla/Desktop/RetailSense/.venv/lib/python3.12/site-packages/airflow/example_dags/example_params_ui_tutorial.py for tasks to queue
[2026-07-18T15:41:40.726+0530] {logging_mixin.py:190} INFO - [2026-07-18T15:41:40.726+0530] {dagbag.py:588} INFO - Filling up the DagBag from /Users/bhavishyachallagolla/Desktop/RetailSense/.venv/lib/python3.12/site-packages/airflow/example_dags/example_params_ui_tutorial.py
[2026-07-18T15:41:40.740+0530] {processor.py:925} INFO - DAG(s) 'example_params_ui_tutorial' retrieved from /Users/bhavishyachallagolla/Desktop/RetailSense/.venv/lib/python3.12/site-packages/airflow/example_dags/example_params_ui_tutorial.py
[2026-07-18T15:41:40.771+0530] {logging_mixin.py:190} INFO - [2026-07-18T15:41:40.771+0530] {dag.py:3239} INFO - Sync 1 DAGs
[2026-07-18T15:41:40.774+0530] {logging_mixin.py:190} INFO - [2026-07-18T15:41:40.774+0530] {dag.py:4180} INFO - Setting next_dagrun for example_params_ui_tutorial to None, run_after=None
[2026-07-18T15:41:40.779+0530] {processor.py:208} INFO - Processing /Users/bhavishyachallagolla/Desktop/RetailSense/.venv/lib/python3.12/site-packages/airflow/example_dags/example_params_ui_tutorial.py took 0.055 seconds
[2026-07-18T15:43:27.239+0530] {processor.py:186} INFO - Started process (PID=4484) to work on /Users/bhavishyachallagolla/Desktop/RetailSense/.venv/lib/python3.12/site-packages/airflow/example_dags/example_params_ui_tutorial.py
[2026-07-18T15:43:27.240+0530] {processor.py:914} INFO - Processing file /Users/bhavishyachallagolla/Desktop/RetailSense/.venv/lib/python3.12/site-packages/airflow/example_dags/example_params_ui_tutorial.py for tasks to queue
[2026-07-18T15:43:27.241+0530] {logging_mixin.py:190} INFO - [2026-07-18T15:43:27.241+0530] {dagbag.py:588} INFO - Filling up the DagBag from /Users/bhavishyachallagolla/Desktop/RetailSense/.venv/lib/python3.12/site-packages/airflow/example_dags/example_params_ui_tutorial.py
[2026-07-18T15:43:27.253+0530] {processor.py:925} INFO - DAG(s) 'example_params_ui_tutorial' retrieved from /Users/bhavishyachallagolla/Desktop/RetailSense/.venv/lib/python3.12/site-packages/airflow/example_dags/example_params_ui_tutorial.py
[2026-07-18T15:43:27.283+0530] {logging_mixin.py:190} INFO - [2026-07-18T15:43:27.283+0530] {dag.py:3239} INFO - Sync 1 DAGs
[2026-07-18T15:43:27.286+0530] {logging_mixin.py:190} INFO - [2026-07-18T15:43:27.286+0530] {dag.py:4180} INFO - Setting next_dagrun for example_params_ui_tutorial to None, run_after=None
[2026-07-18T15:43:27.291+0530] {processor.py:208} INFO - Processing /Users/bhavishyachallagolla/Desktop/RetailSense/.venv/lib/python3.12/site-packages/airflow/example_dags/example_params_ui_tutorial.py took 0.053 seconds
[2026-07-18T15:45:20.604+0530] {processor.py:186} INFO - Started process (PID=4773) to work on /Users/bhavishyachallagolla/Desktop/RetailSense/.venv/lib/python3.12/site-packages/airflow/example_dags/example_params_ui_tutorial.py
[2026-07-18T15:45:20.605+0530] {processor.py:914} INFO - Processing file /Users/bhavishyachallagolla/Desktop/RetailSense/.venv/lib/python3.12/site-packages/airflow/example_dags/example_params_ui_tutorial.py for tasks to queue
[2026-07-18T15:45:20.605+0530] {logging_mixin.py:190} INFO - [2026-07-18T15:45:20.605+0530] {dagbag.py:588} INFO - Filling up the DagBag from /Users/bhavishyachallagolla/Desktop/RetailSense/.venv/lib/python3.12/site-packages/airflow/example_dags/example_params_ui_tutorial.py
[2026-07-18T15:45:20.618+0530] {processor.py:925} INFO - DAG(s) 'example_params_ui_tutorial' retrieved from /Users/bhavishyachallagolla/Desktop/RetailSense/.venv/lib/python3.12/site-packages/airflow/example_dags/example_params_ui_tutorial.py
[2026-07-18T15:45:20.648+0530] {logging_mixin.py:190} INFO - [2026-07-18T15:45:20.648+0530] {dag.py:3239} INFO - Sync 1 DAGs
[2026-07-18T15:45:20.651+0530] {logging_mixin.py:190} INFO - [2026-07-18T15:45:20.651+0530] {dag.py:4180} INFO - Setting next_dagrun for example_params_ui_tutorial to None, run_after=None
[2026-07-18T15:45:20.656+0530] {processor.py:208} INFO - Processing /Users/bhavishyachallagolla/Desktop/RetailSense/.venv/lib/python3.12/site-packages/airflow/example_dags/example_params_ui_tutorial.py took 0.053 seconds
[2026-07-18T15:47:04.920+0530] {processor.py:186} INFO - Started process (PID=5055) to work on /Users/bhavishyachallagolla/Desktop/RetailSense/.venv/lib/python3.12/site-packages/airflow/example_dags/example_params_ui_tutorial.py
[2026-07-18T15:47:04.922+0530] {processor.py:914} INFO - Processing file /Users/bhavishyachallagolla/Desktop/RetailSense/.venv/lib/python3.12/site-packages/airflow/example_dags/example_params_ui_tutorial.py for tasks to queue
[2026-07-18T15:47:04.922+0530] {logging_mixin.py:190} INFO - [2026-07-18T15:47:04.922+0530] {dagbag.py:588} INFO - Filling up the DagBag from /Users/bhavishyachallagolla/Desktop/RetailSense/.venv/lib/python3.12/site-packages/airflow/example_dags/example_params_ui_tutorial.py
[2026-07-18T15:47:04.935+0530] {processor.py:925} INFO - DAG(s) 'example_params_ui_tutorial' retrieved from /Users/bhavishyachallagolla/Desktop/RetailSense/.venv/lib/python3.12/site-packages/airflow/example_dags/example_params_ui_tutorial.py
[2026-07-18T15:47:04.966+0530] {logging_mixin.py:190} INFO - [2026-07-18T15:47:04.966+0530] {dag.py:3239} INFO - Sync 1 DAGs
[2026-07-18T15:47:04.968+0530] {logging_mixin.py:190} INFO - [2026-07-18T15:47:04.968+0530] {dag.py:4180} INFO - Setting next_dagrun for example_params_ui_tutorial to None, run_after=None
[2026-07-18T15:47:04.973+0530] {processor.py:208} INFO - Processing /Users/bhavishyachallagolla/Desktop/RetailSense/.venv/lib/python3.12/site-packages/airflow/example_dags/example_params_ui_tutorial.py took 0.053 seconds
[2026-07-18T15:48:48.818+0530] {processor.py:186} INFO - Started process (PID=5343) to work on /Users/bhavishyachallagolla/Desktop/RetailSense/.venv/lib/python3.12/site-packages/airflow/example_dags/example_params_ui_tutorial.py
[2026-07-18T15:48:48.818+0530] {processor.py:914} INFO - Processing file /Users/bhavishyachallagolla/Desktop/RetailSense/.venv/lib/python3.12/site-packages/airflow/example_dags/example_params_ui_tutorial.py for tasks to queue
[2026-07-18T15:48:48.819+0530] {logging_mixin.py:190} INFO - [2026-07-18T15:48:48.819+0530] {dagbag.py:588} INFO - Filling up the DagBag from /Users/bhavishyachallagolla/Desktop/RetailSense/.venv/lib/python3.12/site-packages/airflow/example_dags/example_params_ui_tutorial.py
[2026-07-18T15:48:48.833+0530] {processor.py:925} INFO - DAG(s) 'example_params_ui_tutorial' retrieved from /Users/bhavishyachallagolla/Desktop/RetailSense/.venv/lib/python3.12/site-packages/airflow/example_dags/example_params_ui_tutorial.py
[2026-07-18T15:48:48.864+0530] {logging_mixin.py:190} INFO - [2026-07-18T15:48:48.864+0530] {dag.py:3239} INFO - Sync 1 DAGs
[2026-07-18T15:48:48.867+0530] {logging_mixin.py:190} INFO - [2026-07-18T15:48:48.867+0530] {dag.py:4180} INFO - Setting next_dagrun for example_params_ui_tutorial to None, run_after=None
[2026-07-18T15:48:48.872+0530] {processor.py:208} INFO - Processing /Users/bhavishyachallagolla/Desktop/RetailSense/.venv/lib/python3.12/site-packages/airflow/example_dags/example_params_ui_tutorial.py took 0.055 seconds
[2026-07-18T15:50:36.308+0530] {processor.py:186} INFO - Started process (PID=5618) to work on /Users/bhavishyachallagolla/Desktop/RetailSense/.venv/lib/python3.12/site-packages/airflow/example_dags/example_params_ui_tutorial.py
[2026-07-18T15:50:36.309+0530] {processor.py:914} INFO - Processing file /Users/bhavishyachallagolla/Desktop/RetailSense/.venv/lib/python3.12/site-packages/airflow/example_dags/example_params_ui_tutorial.py for tasks to queue
[2026-07-18T15:50:36.309+0530] {logging_mixin.py:190} INFO - [2026-07-18T15:50:36.309+0530] {dagbag.py:588} INFO - Filling up the DagBag from /Users/bhavishyachallagolla/Desktop/RetailSense/.venv/lib/python3.12/site-packages/airflow/example_dags/example_params_ui_tutorial.py
[2026-07-18T15:50:36.322+0530] {processor.py:925} INFO - DAG(s) 'example_params_ui_tutorial' retrieved from /Users/bhavishyachallagolla/Desktop/RetailSense/.venv/lib/python3.12/site-packages/airflow/example_dags/example_params_ui_tutorial.py
[2026-07-18T15:50:36.353+0530] {logging_mixin.py:190} INFO - [2026-07-18T15:50:36.353+0530] {dag.py:3239} INFO - Sync 1 DAGs
[2026-07-18T15:50:36.355+0530] {logging_mixin.py:190} INFO - [2026-07-18T15:50:36.355+0530] {dag.py:4180} INFO - Setting next_dagrun for example_params_ui_tutorial to None, run_after=None
[2026-07-18T15:50:36.360+0530] {processor.py:208} INFO - Processing /Users/bhavishyachallagolla/Desktop/RetailSense/.venv/lib/python3.12/site-packages/airflow/example_dags/example_params_ui_tutorial.py took 0.054 seconds
[2026-07-18T15:52:17.480+0530] {processor.py:186} INFO - Started process (PID=5872) to work on /Users/bhavishyachallagolla/Desktop/RetailSense/.venv/lib/python3.12/site-packages/airflow/example_dags/example_params_ui_tutorial.py
[2026-07-18T15:52:17.481+0530] {processor.py:914} INFO - Processing file /Users/bhavishyachallagolla/Desktop/RetailSense/.venv/lib/python3.12/site-packages/airflow/example_dags/example_params_ui_tutorial.py for tasks to queue
[2026-07-18T15:52:17.481+0530] {logging_mixin.py:190} INFO - [2026-07-18T15:52:17.481+0530] {dagbag.py:588} INFO - Filling up the DagBag from /Users/bhavishyachallagolla/Desktop/RetailSense/.venv/lib/python3.12/site-packages/airflow/example_dags/example_params_ui_tutorial.py
[2026-07-18T15:52:17.494+0530] {processor.py:925} INFO - DAG(s) 'example_params_ui_tutorial' retrieved from /Users/bhavishyachallagolla/Desktop/RetailSense/.venv/lib/python3.12/site-packages/airflow/example_dags/example_params_ui_tutorial.py
[2026-07-18T15:52:17.524+0530] {logging_mixin.py:190} INFO - [2026-07-18T15:52:17.524+0530] {dag.py:3239} INFO - Sync 1 DAGs
[2026-07-18T15:52:17.527+0530] {logging_mixin.py:190} INFO - [2026-07-18T15:52:17.527+0530] {dag.py:4180} INFO - Setting next_dagrun for example_params_ui_tutorial to None, run_after=None
[2026-07-18T15:52:17.532+0530] {processor.py:208} INFO - Processing /Users/bhavishyachallagolla/Desktop/RetailSense/.venv/lib/python3.12/site-packages/airflow/example_dags/example_params_ui_tutorial.py took 0.053 seconds
[2026-07-18T15:53:59.483+0530] {processor.py:186} INFO - Started process (PID=6136) to work on /Users/bhavishyachallagolla/Desktop/RetailSense/.venv/lib/python3.12/site-packages/airflow/example_dags/example_params_ui_tutorial.py
[2026-07-18T15:53:59.485+0530] {processor.py:914} INFO - Processing file /Users/bhavishyachallagolla/Desktop/RetailSense/.venv/lib/python3.12/site-packages/airflow/example_dags/example_params_ui_tutorial.py for tasks to queue
[2026-07-18T15:53:59.485+0530] {logging_mixin.py:190} INFO - [2026-07-18T15:53:59.485+0530] {dagbag.py:588} INFO - Filling up the DagBag from /Users/bhavishyachallagolla/Desktop/RetailSense/.venv/lib/python3.12/site-packages/airflow/example_dags/example_params_ui_tutorial.py
[2026-07-18T15:53:59.498+0530] {processor.py:925} INFO - DAG(s) 'example_params_ui_tutorial' retrieved from /Users/bhavishyachallagolla/Desktop/RetailSense/.venv/lib/python3.12/site-packages/airflow/example_dags/example_params_ui_tutorial.py
[2026-07-18T15:53:59.530+0530] {logging_mixin.py:190} INFO - [2026-07-18T15:53:59.530+0530] {dag.py:3239} INFO - Sync 1 DAGs
[2026-07-18T15:53:59.533+0530] {logging_mixin.py:190} INFO - [2026-07-18T15:53:59.533+0530] {dag.py:4180} INFO - Setting next_dagrun for example_params_ui_tutorial to None, run_after=None
[2026-07-18T15:53:59.538+0530] {processor.py:208} INFO - Processing /Users/bhavishyachallagolla/Desktop/RetailSense/.venv/lib/python3.12/site-packages/airflow/example_dags/example_params_ui_tutorial.py took 0.056 seconds
[2026-07-18T15:55:46.138+0530] {processor.py:186} INFO - Started process (PID=6401) to work on /Users/bhavishyachallagolla/Desktop/RetailSense/.venv/lib/python3.12/site-packages/airflow/example_dags/example_params_ui_tutorial.py
[2026-07-18T15:55:46.139+0530] {processor.py:914} INFO - Processing file /Users/bhavishyachallagolla/Desktop/RetailSense/.venv/lib/python3.12/site-packages/airflow/example_dags/example_params_ui_tutorial.py for tasks to queue
[2026-07-18T15:55:46.139+0530] {logging_mixin.py:190} INFO - [2026-07-18T15:55:46.139+0530] {dagbag.py:588} INFO - Filling up the DagBag from /Users/bhavishyachallagolla/Desktop/RetailSense/.venv/lib/python3.12/site-packages/airflow/example_dags/example_params_ui_tutorial.py
[2026-07-18T15:55:46.151+0530] {processor.py:925} INFO - DAG(s) 'example_params_ui_tutorial' retrieved from /Users/bhavishyachallagolla/Desktop/RetailSense/.venv/lib/python3.12/site-packages/airflow/example_dags/example_params_ui_tutorial.py
[2026-07-18T15:55:46.182+0530] {logging_mixin.py:190} INFO - [2026-07-18T15:55:46.182+0530] {dag.py:3239} INFO - Sync 1 DAGs
[2026-07-18T15:55:46.185+0530] {logging_mixin.py:190} INFO - [2026-07-18T15:55:46.185+0530] {dag.py:4180} INFO - Setting next_dagrun for example_params_ui_tutorial to None, run_after=None
[2026-07-18T15:55:46.190+0530] {processor.py:208} INFO - Processing /Users/bhavishyachallagolla/Desktop/RetailSense/.venv/lib/python3.12/site-packages/airflow/example_dags/example_params_ui_tutorial.py took 0.053 seconds
