[2026-07-18T15:36:19.855+0530] {processor.py:186} INFO - Started process (PID=3348) to work on /Users/bhavishyachallagolla/Desktop/RetailSense/.venv/lib/python3.12/site-packages/airflow/example_dags/example_task_group.py
[2026-07-18T15:36:19.855+0530] {processor.py:914} INFO - Processing file /Users/bhavishyachallagolla/Desktop/RetailSense/.venv/lib/python3.12/site-packages/airflow/example_dags/example_task_group.py for tasks to queue
[2026-07-18T15:36:19.856+0530] {logging_mixin.py:190} INFO - [2026-07-18T15:36:19.856+0530] {dagbag.py:588} INFO - Filling up the DagBag from /Users/bhavishyachallagolla/Desktop/RetailSense/.venv/lib/python3.12/site-packages/airflow/example_dags/example_task_group.py
[2026-07-18T15:36:19.858+0530] {processor.py:925} INFO - DAG(s) 'example_task_group' retrieved from /Users/bhavishyachallagolla/Desktop/RetailSense/.venv/lib/python3.12/site-packages/airflow/example_dags/example_task_group.py
[2026-07-18T15:36:19.883+0530] {logging_mixin.py:190} INFO - [2026-07-18T15:36:19.883+0530] {dag.py:3239} INFO - Sync 1 DAGs
[2026-07-18T15:36:19.886+0530] {logging_mixin.py:190} INFO - [2026-07-18T15:36:19.886+0530] {dag.py:4180} INFO - Setting next_dagrun for example_task_group to None, run_after=None
[2026-07-18T15:36:19.891+0530] {processor.py:208} INFO - Processing /Users/bhavishyachallagolla/Desktop/RetailSense/.venv/lib/python3.12/site-packages/airflow/example_dags/example_task_group.py took 0.037 seconds
[2026-07-18T15:37:40.838+0530] {processor.py:186} INFO - Started process (PID=3554) to work on /Users/bhavishyachallagolla/Desktop/RetailSense/.venv/lib/python3.12/site-packages/airflow/example_dags/example_task_group.py
[2026-07-18T15:37:40.839+0530] {processor.py:914} INFO - Processing file /Users/bhavishyachallagolla/Desktop/RetailSense/.venv/lib/python3.12/site-packages/airflow/example_dags/example_task_group.py for tasks to queue
[2026-07-18T15:37:40.839+0530] {logging_mixin.py:190} INFO - [2026-07-18T15:37:40.839+0530] {dagbag.py:588} INFO - Filling up the DagBag from /Users/bhavishyachallagolla/Desktop/RetailSense/.venv/lib/python3.12/site-packages/airflow/example_dags/example_task_group.py
[2026-07-18T15:37:40.842+0530] {processor.py:925} INFO - DAG(s) 'example_task_group' retrieved from /Users/bhavishyachallagolla/Desktop/RetailSense/.venv/lib/python3.12/site-packages/airflow/example_dags/example_task_group.py
[2026-07-18T15:37:40.868+0530] {logging_mixin.py:190} INFO - [2026-07-18T15:37:40.868+0530] {dag.py:3239} INFO - Sync 1 DAGs
[2026-07-18T15:37:40.870+0530] {logging_mixin.py:190} INFO - [2026-07-18T15:37:40.870+0530] {dag.py:4180} INFO - Setting next_dagrun for example_task_group to None, run_after=None
[2026-07-18T15:37:40.875+0530] {processor.py:208} INFO - Processing /Users/bhavishyachallagolla/Desktop/RetailSense/.venv/lib/python3.12/site-packages/airflow/example_dags/example_task_group.py took 0.038 seconds
[2026-07-18T15:38:42.675+0530] {processor.py:186} INFO - Started process (PID=3713) to work on /Users/bhavishyachallagolla/Desktop/RetailSense/.venv/lib/python3.12/site-packages/airflow/example_dags/example_task_group.py
[2026-07-18T15:38:42.676+0530] {processor.py:914} INFO - Processing file /Users/bhavishyachallagolla/Desktop/RetailSense/.venv/lib/python3.12/site-packages/airflow/example_dags/example_task_group.py for tasks to queue
[2026-07-18T15:38:42.676+0530] {logging_mixin.py:190} INFO - [2026-07-18T15:38:42.676+0530] {dagbag.py:588} INFO - Filling up the DagBag from /Users/bhavishyachallagolla/Desktop/RetailSense/.venv/lib/python3.12/site-packages/airflow/example_dags/example_task_group.py
[2026-07-18T15:38:42.679+0530] {processor.py:925} INFO - DAG(s) 'example_task_group' retrieved from /Users/bhavishyachallagolla/Desktop/RetailSense/.venv/lib/python3.12/site-packages/airflow/example_dags/example_task_group.py
[2026-07-18T15:38:42.704+0530] {logging_mixin.py:190} INFO - [2026-07-18T15:38:42.704+0530] {dag.py:3239} INFO - Sync 1 DAGs
[2026-07-18T15:38:42.707+0530] {logging_mixin.py:190} INFO - [2026-07-18T15:38:42.707+0530] {dag.py:4180} INFO - Setting next_dagrun for example_task_group to None, run_after=None
[2026-07-18T15:38:42.711+0530] {processor.py:208} INFO - Processing /Users/bhavishyachallagolla/Desktop/RetailSense/.venv/lib/python3.12/site-packages/airflow/example_dags/example_task_group.py took 0.038 seconds
[2026-07-18T15:39:44.351+0530] {processor.py:186} INFO - Started process (PID=3888) to work on /Users/bhavishyachallagolla/Desktop/RetailSense/.venv/lib/python3.12/site-packages/airflow/example_dags/example_task_group.py
[2026-07-18T15:39:44.352+0530] {processor.py:914} INFO - Processing file /Users/bhavishyachallagolla/Desktop/RetailSense/.venv/lib/python3.12/site-packages/airflow/example_dags/example_task_group.py for tasks to queue
[2026-07-18T15:39:44.352+0530] {logging_mixin.py:190} INFO - [2026-07-18T15:39:44.352+0530] {dagbag.py:588} INFO - Filling up the DagBag from /Users/bhavishyachallagolla/Desktop/RetailSense/.venv/lib/python3.12/site-packages/airflow/example_dags/example_task_group.py
[2026-07-18T15:39:44.355+0530] {processor.py:925} INFO - DAG(s) 'example_task_group' retrieved from /Users/bhavishyachallagolla/Desktop/RetailSense/.venv/lib/python3.12/site-packages/airflow/example_dags/example_task_group.py
[2026-07-18T15:39:44.382+0530] {logging_mixin.py:190} INFO - [2026-07-18T15:39:44.382+0530] {dag.py:3239} INFO - Sync 1 DAGs
[2026-07-18T15:39:44.385+0530] {logging_mixin.py:190} INFO - [2026-07-18T15:39:44.385+0530] {dag.py:4180} INFO - Setting next_dagrun for example_task_group to None, run_after=None
[2026-07-18T15:39:44.390+0530] {processor.py:208} INFO - Processing /Users/bhavishyachallagolla/Desktop/RetailSense/.venv/lib/python3.12/site-packages/airflow/example_dags/example_task_group.py took 0.040 seconds
[2026-07-18T15:41:24.466+0530] {processor.py:186} INFO - Started process (PID=4151) to work on /Users/bhavishyachallagolla/Desktop/RetailSense/.venv/lib/python3.12/site-packages/airflow/example_dags/example_task_group.py
[2026-07-18T15:41:24.468+0530] {processor.py:914} INFO - Processing file /Users/bhavishyachallagolla/Desktop/RetailSense/.venv/lib/python3.12/site-packages/airflow/example_dags/example_task_group.py for tasks to queue
[2026-07-18T15:41:24.468+0530] {logging_mixin.py:190} INFO - [2026-07-18T15:41:24.468+0530] {dagbag.py:588} INFO - Filling up the DagBag from /Users/bhavishyachallagolla/Desktop/RetailSense/.venv/lib/python3.12/site-packages/airflow/example_dags/example_task_group.py
[2026-07-18T15:41:24.471+0530] {processor.py:925} INFO - DAG(s) 'example_task_group' retrieved from /Users/bhavishyachallagolla/Desktop/RetailSense/.venv/lib/python3.12/site-packages/airflow/example_dags/example_task_group.py
[2026-07-18T15:41:24.496+0530] {logging_mixin.py:190} INFO - [2026-07-18T15:41:24.496+0530] {dag.py:3239} INFO - Sync 1 DAGs
[2026-07-18T15:41:24.499+0530] {logging_mixin.py:190} INFO - [2026-07-18T15:41:24.498+0530] {dag.py:4180} INFO - Setting next_dagrun for example_task_group to None, run_after=None
[2026-07-18T15:41:24.503+0530] {processor.py:208} INFO - Processing /Users/bhavishyachallagolla/Desktop/RetailSense/.venv/lib/python3.12/site-packages/airflow/example_dags/example_task_group.py took 0.038 seconds
[2026-07-18T15:43:08.742+0530] {processor.py:186} INFO - Started process (PID=4438) to work on /Users/bhavishyachallagolla/Desktop/RetailSense/.venv/lib/python3.12/site-packages/airflow/example_dags/example_task_group.py
[2026-07-18T15:43:08.743+0530] {processor.py:914} INFO - Processing file /Users/bhavishyachallagolla/Desktop/RetailSense/.venv/lib/python3.12/site-packages/airflow/example_dags/example_task_group.py for tasks to queue
[2026-07-18T15:43:08.743+0530] {logging_mixin.py:190} INFO - [2026-07-18T15:43:08.743+0530] {dagbag.py:588} INFO - Filling up the DagBag from /Users/bhavishyachallagolla/Desktop/RetailSense/.venv/lib/python3.12/site-packages/airflow/example_dags/example_task_group.py
[2026-07-18T15:43:08.746+0530] {processor.py:925} INFO - DAG(s) 'example_task_group' retrieved from /Users/bhavishyachallagolla/Desktop/RetailSense/.venv/lib/python3.12/site-packages/airflow/example_dags/example_task_group.py
[2026-07-18T15:43:08.774+0530] {logging_mixin.py:190} INFO - [2026-07-18T15:43:08.774+0530] {dag.py:3239} INFO - Sync 1 DAGs
[2026-07-18T15:43:08.778+0530] {logging_mixin.py:190} INFO - [2026-07-18T15:43:08.778+0530] {dag.py:4180} INFO - Setting next_dagrun for example_task_group to None, run_after=None
[2026-07-18T15:43:08.783+0530] {processor.py:208} INFO - Processing /Users/bhavishyachallagolla/Desktop/RetailSense/.venv/lib/python3.12/site-packages/airflow/example_dags/example_task_group.py took 0.042 seconds
[2026-07-18T15:45:02.155+0530] {processor.py:186} INFO - Started process (PID=4730) to work on /Users/bhavishyachallagolla/Desktop/RetailSense/.venv/lib/python3.12/site-packages/airflow/example_dags/example_task_group.py
[2026-07-18T15:45:02.156+0530] {processor.py:914} INFO - Processing file /Users/bhavishyachallagolla/Desktop/RetailSense/.venv/lib/python3.12/site-packages/airflow/example_dags/example_task_group.py for tasks to queue
[2026-07-18T15:45:02.156+0530] {logging_mixin.py:190} INFO - [2026-07-18T15:45:02.156+0530] {dagbag.py:588} INFO - Filling up the DagBag from /Users/bhavishyachallagolla/Desktop/RetailSense/.venv/lib/python3.12/site-packages/airflow/example_dags/example_task_group.py
[2026-07-18T15:45:02.159+0530] {processor.py:925} INFO - DAG(s) 'example_task_group' retrieved from /Users/bhavishyachallagolla/Desktop/RetailSense/.venv/lib/python3.12/site-packages/airflow/example_dags/example_task_group.py
[2026-07-18T15:45:02.185+0530] {logging_mixin.py:190} INFO - [2026-07-18T15:45:02.185+0530] {dag.py:3239} INFO - Sync 1 DAGs
[2026-07-18T15:45:02.188+0530] {logging_mixin.py:190} INFO - [2026-07-18T15:45:02.188+0530] {dag.py:4180} INFO - Setting next_dagrun for example_task_group to None, run_after=None
[2026-07-18T15:45:02.192+0530] {processor.py:208} INFO - Processing /Users/bhavishyachallagolla/Desktop/RetailSense/.venv/lib/python3.12/site-packages/airflow/example_dags/example_task_group.py took 0.038 seconds
[2026-07-18T15:46:46.437+0530] {processor.py:186} INFO - Started process (PID=4987) to work on /Users/bhavishyachallagolla/Desktop/RetailSense/.venv/lib/python3.12/site-packages/airflow/example_dags/example_task_group.py
[2026-07-18T15:46:46.438+0530] {processor.py:914} INFO - Processing file /Users/bhavishyachallagolla/Desktop/RetailSense/.venv/lib/python3.12/site-packages/airflow/example_dags/example_task_group.py for tasks to queue
[2026-07-18T15:46:46.439+0530] {logging_mixin.py:190} INFO - [2026-07-18T15:46:46.439+0530] {dagbag.py:588} INFO - Filling up the DagBag from /Users/bhavishyachallagolla/Desktop/RetailSense/.venv/lib/python3.12/site-packages/airflow/example_dags/example_task_group.py
[2026-07-18T15:46:46.441+0530] {processor.py:925} INFO - DAG(s) 'example_task_group' retrieved from /Users/bhavishyachallagolla/Desktop/RetailSense/.venv/lib/python3.12/site-packages/airflow/example_dags/example_task_group.py
[2026-07-18T15:46:46.467+0530] {logging_mixin.py:190} INFO - [2026-07-18T15:46:46.467+0530] {dag.py:3239} INFO - Sync 1 DAGs
[2026-07-18T15:46:46.470+0530] {logging_mixin.py:190} INFO - [2026-07-18T15:46:46.470+0530] {dag.py:4180} INFO - Setting next_dagrun for example_task_group to None, run_after=None
[2026-07-18T15:46:46.475+0530] {processor.py:208} INFO - Processing /Users/bhavishyachallagolla/Desktop/RetailSense/.venv/lib/python3.12/site-packages/airflow/example_dags/example_task_group.py took 0.039 seconds
[2026-07-18T15:48:30.694+0530] {processor.py:186} INFO - Started process (PID=5289) to work on /Users/bhavishyachallagolla/Desktop/RetailSense/.venv/lib/python3.12/site-packages/airflow/example_dags/example_task_group.py
[2026-07-18T15:48:30.694+0530] {processor.py:914} INFO - Processing file /Users/bhavishyachallagolla/Desktop/RetailSense/.venv/lib/python3.12/site-packages/airflow/example_dags/example_task_group.py for tasks to queue
[2026-07-18T15:48:30.695+0530] {logging_mixin.py:190} INFO - [2026-07-18T15:48:30.695+0530] {dagbag.py:588} INFO - Filling up the DagBag from /Users/bhavishyachallagolla/Desktop/RetailSense/.venv/lib/python3.12/site-packages/airflow/example_dags/example_task_group.py
[2026-07-18T15:48:30.698+0530] {processor.py:925} INFO - DAG(s) 'example_task_group' retrieved from /Users/bhavishyachallagolla/Desktop/RetailSense/.venv/lib/python3.12/site-packages/airflow/example_dags/example_task_group.py
[2026-07-18T15:48:30.724+0530] {logging_mixin.py:190} INFO - [2026-07-18T15:48:30.724+0530] {dag.py:3239} INFO - Sync 1 DAGs
[2026-07-18T15:48:30.728+0530] {logging_mixin.py:190} INFO - [2026-07-18T15:48:30.728+0530] {dag.py:4180} INFO - Setting next_dagrun for example_task_group to None, run_after=None
[2026-07-18T15:48:30.733+0530] {processor.py:208} INFO - Processing /Users/bhavishyachallagolla/Desktop/RetailSense/.venv/lib/python3.12/site-packages/airflow/example_dags/example_task_group.py took 0.040 seconds
[2026-07-18T15:50:17.883+0530] {processor.py:186} INFO - Started process (PID=5571) to work on /Users/bhavishyachallagolla/Desktop/RetailSense/.venv/lib/python3.12/site-packages/airflow/example_dags/example_task_group.py
[2026-07-18T15:50:17.884+0530] {processor.py:914} INFO - Processing file /Users/bhavishyachallagolla/Desktop/RetailSense/.venv/lib/python3.12/site-packages/airflow/example_dags/example_task_group.py for tasks to queue
[2026-07-18T15:50:17.884+0530] {logging_mixin.py:190} INFO - [2026-07-18T15:50:17.884+0530] {dagbag.py:588} INFO - Filling up the DagBag from /Users/bhavishyachallagolla/Desktop/RetailSense/.venv/lib/python3.12/site-packages/airflow/example_dags/example_task_group.py
[2026-07-18T15:50:17.887+0530] {processor.py:925} INFO - DAG(s) 'example_task_group' retrieved from /Users/bhavishyachallagolla/Desktop/RetailSense/.venv/lib/python3.12/site-packages/airflow/example_dags/example_task_group.py
[2026-07-18T15:50:17.914+0530] {logging_mixin.py:190} INFO - [2026-07-18T15:50:17.914+0530] {dag.py:3239} INFO - Sync 1 DAGs
[2026-07-18T15:50:17.918+0530] {logging_mixin.py:190} INFO - [2026-07-18T15:50:17.918+0530] {dag.py:4180} INFO - Setting next_dagrun for example_task_group to None, run_after=None
[2026-07-18T15:50:17.923+0530] {processor.py:208} INFO - Processing /Users/bhavishyachallagolla/Desktop/RetailSense/.venv/lib/python3.12/site-packages/airflow/example_dags/example_task_group.py took 0.041 seconds
[2026-07-18T15:51:58.985+0530] {processor.py:186} INFO - Started process (PID=5823) to work on /Users/bhavishyachallagolla/Desktop/RetailSense/.venv/lib/python3.12/site-packages/airflow/example_dags/example_task_group.py
[2026-07-18T15:51:58.986+0530] {processor.py:914} INFO - Processing file /Users/bhavishyachallagolla/Desktop/RetailSense/.venv/lib/python3.12/site-packages/airflow/example_dags/example_task_group.py for tasks to queue
[2026-07-18T15:51:58.986+0530] {logging_mixin.py:190} INFO - [2026-07-18T15:51:58.986+0530] {dagbag.py:588} INFO - Filling up the DagBag from /Users/bhavishyachallagolla/Desktop/RetailSense/.venv/lib/python3.12/site-packages/airflow/example_dags/example_task_group.py
[2026-07-18T15:51:58.990+0530] {processor.py:925} INFO - DAG(s) 'example_task_group' retrieved from /Users/bhavishyachallagolla/Desktop/RetailSense/.venv/lib/python3.12/site-packages/airflow/example_dags/example_task_group.py
[2026-07-18T15:51:59.016+0530] {logging_mixin.py:190} INFO - [2026-07-18T15:51:59.016+0530] {dag.py:3239} INFO - Sync 1 DAGs
[2026-07-18T15:51:59.019+0530] {logging_mixin.py:190} INFO - [2026-07-18T15:51:59.019+0530] {dag.py:4180} INFO - Setting next_dagrun for example_task_group to None, run_after=None
[2026-07-18T15:51:59.024+0530] {processor.py:208} INFO - Processing /Users/bhavishyachallagolla/Desktop/RetailSense/.venv/lib/python3.12/site-packages/airflow/example_dags/example_task_group.py took 0.040 seconds
[2026-07-18T15:53:41.855+0530] {processor.py:186} INFO - Started process (PID=6089) to work on /Users/bhavishyachallagolla/Desktop/RetailSense/.venv/lib/python3.12/site-packages/airflow/example_dags/example_task_group.py
[2026-07-18T15:53:41.856+0530] {processor.py:914} INFO - Processing file /Users/bhavishyachallagolla/Desktop/RetailSense/.venv/lib/python3.12/site-packages/airflow/example_dags/example_task_group.py for tasks to queue
[2026-07-18T15:53:41.856+0530] {logging_mixin.py:190} INFO - [2026-07-18T15:53:41.856+0530] {dagbag.py:588} INFO - Filling up the DagBag from /Users/bhavishyachallagolla/Desktop/RetailSense/.venv/lib/python3.12/site-packages/airflow/example_dags/example_task_group.py
[2026-07-18T15:53:41.859+0530] {processor.py:925} INFO - DAG(s) 'example_task_group' retrieved from /Users/bhavishyachallagolla/Desktop/RetailSense/.venv/lib/python3.12/site-packages/airflow/example_dags/example_task_group.py
[2026-07-18T15:53:41.886+0530] {logging_mixin.py:190} INFO - [2026-07-18T15:53:41.886+0530] {dag.py:3239} INFO - Sync 1 DAGs
[2026-07-18T15:53:41.889+0530] {logging_mixin.py:190} INFO - [2026-07-18T15:53:41.889+0530] {dag.py:4180} INFO - Setting next_dagrun for example_task_group to None, run_after=None
[2026-07-18T15:53:41.894+0530] {processor.py:208} INFO - Processing /Users/bhavishyachallagolla/Desktop/RetailSense/.venv/lib/python3.12/site-packages/airflow/example_dags/example_task_group.py took 0.040 seconds
[2026-07-18T15:55:27.680+0530] {processor.py:186} INFO - Started process (PID=6354) to work on /Users/bhavishyachallagolla/Desktop/RetailSense/.venv/lib/python3.12/site-packages/airflow/example_dags/example_task_group.py
[2026-07-18T15:55:27.681+0530] {processor.py:914} INFO - Processing file /Users/bhavishyachallagolla/Desktop/RetailSense/.venv/lib/python3.12/site-packages/airflow/example_dags/example_task_group.py for tasks to queue
[2026-07-18T15:55:27.682+0530] {logging_mixin.py:190} INFO - [2026-07-18T15:55:27.682+0530] {dagbag.py:588} INFO - Filling up the DagBag from /Users/bhavishyachallagolla/Desktop/RetailSense/.venv/lib/python3.12/site-packages/airflow/example_dags/example_task_group.py
[2026-07-18T15:55:27.684+0530] {processor.py:925} INFO - DAG(s) 'example_task_group' retrieved from /Users/bhavishyachallagolla/Desktop/RetailSense/.venv/lib/python3.12/site-packages/airflow/example_dags/example_task_group.py
[2026-07-18T15:55:27.710+0530] {logging_mixin.py:190} INFO - [2026-07-18T15:55:27.710+0530] {dag.py:3239} INFO - Sync 1 DAGs
[2026-07-18T15:55:27.713+0530] {logging_mixin.py:190} INFO - [2026-07-18T15:55:27.713+0530] {dag.py:4180} INFO - Setting next_dagrun for example_task_group to None, run_after=None
[2026-07-18T15:55:27.718+0530] {processor.py:208} INFO - Processing /Users/bhavishyachallagolla/Desktop/RetailSense/.venv/lib/python3.12/site-packages/airflow/example_dags/example_task_group.py took 0.039 seconds
