[2026-07-18T15:36:58.638+0530] {processor.py:186} INFO - Started process (PID=3447) to work on /Users/bhavishyachallagolla/Desktop/RetailSense/.venv/lib/python3.12/site-packages/airflow/example_dags/example_dataset_alias.py
[2026-07-18T15:36:58.639+0530] {processor.py:914} INFO - Processing file /Users/bhavishyachallagolla/Desktop/RetailSense/.venv/lib/python3.12/site-packages/airflow/example_dags/example_dataset_alias.py for tasks to queue
[2026-07-18T15:36:58.639+0530] {logging_mixin.py:190} INFO - [2026-07-18T15:36:58.639+0530] {dagbag.py:588} INFO - Filling up the DagBag from /Users/bhavishyachallagolla/Desktop/RetailSense/.venv/lib/python3.12/site-packages/airflow/example_dags/example_dataset_alias.py
[2026-07-18T15:36:58.681+0530] {processor.py:925} INFO - DAG(s) 'dataset_s3_bucket_producer', 'dataset_alias_example_alias_consumer', 'dataset_alias_example_alias_producer', 'dataset_s3_bucket_consumer' retrieved from /Users/bhavishyachallagolla/Desktop/RetailSense/.venv/lib/python3.12/site-packages/airflow/example_dags/example_dataset_alias.py
[2026-07-18T15:36:58.687+0530] {logging_mixin.py:190} INFO - [2026-07-18T15:36:58.687+0530] {dag.py:3239} INFO - Sync 4 DAGs
[2026-07-18T15:36:58.691+0530] {logging_mixin.py:190} INFO - [2026-07-18T15:36:58.691+0530] {dag.py:4180} INFO - Setting next_dagrun for dataset_alias_example_alias_consumer to None, run_after=None
[2026-07-18T15:36:58.692+0530] {logging_mixin.py:190} INFO - [2026-07-18T15:36:58.692+0530] {dag.py:4180} INFO - Setting next_dagrun for dataset_alias_example_alias_producer to None, run_after=None
[2026-07-18T15:36:58.692+0530] {logging_mixin.py:190} INFO - [2026-07-18T15:36:58.692+0530] {dag.py:4180} INFO - Setting next_dagrun for dataset_s3_bucket_consumer to None, run_after=None
[2026-07-18T15:36:58.692+0530] {logging_mixin.py:190} INFO - [2026-07-18T15:36:58.692+0530] {dag.py:4180} INFO - Setting next_dagrun for dataset_s3_bucket_producer to None, run_after=None
[2026-07-18T15:36:58.698+0530] {processor.py:208} INFO - Processing /Users/bhavishyachallagolla/Desktop/RetailSense/.venv/lib/python3.12/site-packages/airflow/example_dags/example_dataset_alias.py took 0.060 seconds
[2026-07-18T15:39:02.752+0530] {processor.py:186} INFO - Started process (PID=3778) to work on /Users/bhavishyachallagolla/Desktop/RetailSense/.venv/lib/python3.12/site-packages/airflow/example_dags/example_dataset_alias.py
[2026-07-18T15:39:02.753+0530] {processor.py:914} INFO - Processing file /Users/bhavishyachallagolla/Desktop/RetailSense/.venv/lib/python3.12/site-packages/airflow/example_dags/example_dataset_alias.py for tasks to queue
[2026-07-18T15:39:02.753+0530] {logging_mixin.py:190} INFO - [2026-07-18T15:39:02.753+0530] {dagbag.py:588} INFO - Filling up the DagBag from /Users/bhavishyachallagolla/Desktop/RetailSense/.venv/lib/python3.12/site-packages/airflow/example_dags/example_dataset_alias.py
[2026-07-18T15:39:02.795+0530] {processor.py:925} INFO - DAG(s) 'dataset_alias_example_alias_consumer', 'dataset_alias_example_alias_producer', 'dataset_s3_bucket_producer', 'dataset_s3_bucket_consumer' retrieved from /Users/bhavishyachallagolla/Desktop/RetailSense/.venv/lib/python3.12/site-packages/airflow/example_dags/example_dataset_alias.py
[2026-07-18T15:39:02.801+0530] {logging_mixin.py:190} INFO - [2026-07-18T15:39:02.801+0530] {dag.py:3239} INFO - Sync 4 DAGs
[2026-07-18T15:39:02.806+0530] {logging_mixin.py:190} INFO - [2026-07-18T15:39:02.806+0530] {dag.py:4180} INFO - Setting next_dagrun for dataset_alias_example_alias_consumer to None, run_after=None
[2026-07-18T15:39:02.806+0530] {logging_mixin.py:190} INFO - [2026-07-18T15:39:02.806+0530] {dag.py:4180} INFO - Setting next_dagrun for dataset_alias_example_alias_producer to None, run_after=None
[2026-07-18T15:39:02.807+0530] {logging_mixin.py:190} INFO - [2026-07-18T15:39:02.807+0530] {dag.py:4180} INFO - Setting next_dagrun for dataset_s3_bucket_consumer to None, run_after=None
[2026-07-18T15:39:02.807+0530] {logging_mixin.py:190} INFO - [2026-07-18T15:39:02.807+0530] {dag.py:4180} INFO - Setting next_dagrun for dataset_s3_bucket_producer to None, run_after=None
[2026-07-18T15:39:02.813+0530] {processor.py:208} INFO - Processing /Users/bhavishyachallagolla/Desktop/RetailSense/.venv/lib/python3.12/site-packages/airflow/example_dags/example_dataset_alias.py took 0.061 seconds
[2026-07-18T15:40:42.585+0530] {processor.py:186} INFO - Started process (PID=4035) to work on /Users/bhavishyachallagolla/Desktop/RetailSense/.venv/lib/python3.12/site-packages/airflow/example_dags/example_dataset_alias.py
[2026-07-18T15:40:42.586+0530] {processor.py:914} INFO - Processing file /Users/bhavishyachallagolla/Desktop/RetailSense/.venv/lib/python3.12/site-packages/airflow/example_dags/example_dataset_alias.py for tasks to queue
[2026-07-18T15:40:42.587+0530] {logging_mixin.py:190} INFO - [2026-07-18T15:40:42.587+0530] {dagbag.py:588} INFO - Filling up the DagBag from /Users/bhavishyachallagolla/Desktop/RetailSense/.venv/lib/python3.12/site-packages/airflow/example_dags/example_dataset_alias.py
[2026-07-18T15:40:42.628+0530] {processor.py:925} INFO - DAG(s) 'dataset_s3_bucket_producer', 'dataset_s3_bucket_consumer', 'dataset_alias_example_alias_producer', 'dataset_alias_example_alias_consumer' retrieved from /Users/bhavishyachallagolla/Desktop/RetailSense/.venv/lib/python3.12/site-packages/airflow/example_dags/example_dataset_alias.py
[2026-07-18T15:40:42.634+0530] {logging_mixin.py:190} INFO - [2026-07-18T15:40:42.634+0530] {dag.py:3239} INFO - Sync 4 DAGs
[2026-07-18T15:40:42.638+0530] {logging_mixin.py:190} INFO - [2026-07-18T15:40:42.638+0530] {dag.py:4180} INFO - Setting next_dagrun for dataset_alias_example_alias_consumer to None, run_after=None
[2026-07-18T15:40:42.639+0530] {logging_mixin.py:190} INFO - [2026-07-18T15:40:42.639+0530] {dag.py:4180} INFO - Setting next_dagrun for dataset_alias_example_alias_producer to None, run_after=None
[2026-07-18T15:40:42.639+0530] {logging_mixin.py:190} INFO - [2026-07-18T15:40:42.639+0530] {dag.py:4180} INFO - Setting next_dagrun for dataset_s3_bucket_consumer to None, run_after=None
[2026-07-18T15:40:42.639+0530] {logging_mixin.py:190} INFO - [2026-07-18T15:40:42.639+0530] {dag.py:4180} INFO - Setting next_dagrun for dataset_s3_bucket_producer to None, run_after=None
[2026-07-18T15:40:42.645+0530] {processor.py:208} INFO - Processing /Users/bhavishyachallagolla/Desktop/RetailSense/.venv/lib/python3.12/site-packages/airflow/example_dags/example_dataset_alias.py took 0.061 seconds
[2026-07-18T15:42:24.691+0530] {processor.py:186} INFO - Started process (PID=4302) to work on /Users/bhavishyachallagolla/Desktop/RetailSense/.venv/lib/python3.12/site-packages/airflow/example_dags/example_dataset_alias.py
[2026-07-18T15:42:24.692+0530] {processor.py:914} INFO - Processing file /Users/bhavishyachallagolla/Desktop/RetailSense/.venv/lib/python3.12/site-packages/airflow/example_dags/example_dataset_alias.py for tasks to queue
[2026-07-18T15:42:24.693+0530] {logging_mixin.py:190} INFO - [2026-07-18T15:42:24.693+0530] {dagbag.py:588} INFO - Filling up the DagBag from /Users/bhavishyachallagolla/Desktop/RetailSense/.venv/lib/python3.12/site-packages/airflow/example_dags/example_dataset_alias.py
[2026-07-18T15:42:24.736+0530] {processor.py:925} INFO - DAG(s) 'dataset_s3_bucket_producer', 'dataset_alias_example_alias_consumer', 'dataset_s3_bucket_consumer', 'dataset_alias_example_alias_producer' retrieved from /Users/bhavishyachallagolla/Desktop/RetailSense/.venv/lib/python3.12/site-packages/airflow/example_dags/example_dataset_alias.py
[2026-07-18T15:42:24.743+0530] {logging_mixin.py:190} INFO - [2026-07-18T15:42:24.743+0530] {dag.py:3239} INFO - Sync 4 DAGs
[2026-07-18T15:42:24.748+0530] {logging_mixin.py:190} INFO - [2026-07-18T15:42:24.748+0530] {dag.py:4180} INFO - Setting next_dagrun for dataset_alias_example_alias_consumer to None, run_after=None
[2026-07-18T15:42:24.748+0530] {logging_mixin.py:190} INFO - [2026-07-18T15:42:24.748+0530] {dag.py:4180} INFO - Setting next_dagrun for dataset_alias_example_alias_producer to None, run_after=None
[2026-07-18T15:42:24.749+0530] {logging_mixin.py:190} INFO - [2026-07-18T15:42:24.749+0530] {dag.py:4180} INFO - Setting next_dagrun for dataset_s3_bucket_consumer to None, run_after=None
[2026-07-18T15:42:24.749+0530] {logging_mixin.py:190} INFO - [2026-07-18T15:42:24.749+0530] {dag.py:4180} INFO - Setting next_dagrun for dataset_s3_bucket_producer to None, run_after=None
[2026-07-18T15:42:24.755+0530] {processor.py:208} INFO - Processing /Users/bhavishyachallagolla/Desktop/RetailSense/.venv/lib/python3.12/site-packages/airflow/example_dags/example_dataset_alias.py took 0.065 seconds
[2026-07-18T15:44:20.436+0530] {processor.py:186} INFO - Started process (PID=4622) to work on /Users/bhavishyachallagolla/Desktop/RetailSense/.venv/lib/python3.12/site-packages/airflow/example_dags/example_dataset_alias.py
[2026-07-18T15:44:20.437+0530] {processor.py:914} INFO - Processing file /Users/bhavishyachallagolla/Desktop/RetailSense/.venv/lib/python3.12/site-packages/airflow/example_dags/example_dataset_alias.py for tasks to queue
[2026-07-18T15:44:20.437+0530] {logging_mixin.py:190} INFO - [2026-07-18T15:44:20.437+0530] {dagbag.py:588} INFO - Filling up the DagBag from /Users/bhavishyachallagolla/Desktop/RetailSense/.venv/lib/python3.12/site-packages/airflow/example_dags/example_dataset_alias.py
[2026-07-18T15:44:20.479+0530] {processor.py:925} INFO - DAG(s) 'dataset_alias_example_alias_producer', 'dataset_alias_example_alias_consumer', 'dataset_s3_bucket_producer', 'dataset_s3_bucket_consumer' retrieved from /Users/bhavishyachallagolla/Desktop/RetailSense/.venv/lib/python3.12/site-packages/airflow/example_dags/example_dataset_alias.py
[2026-07-18T15:44:20.485+0530] {logging_mixin.py:190} INFO - [2026-07-18T15:44:20.485+0530] {dag.py:3239} INFO - Sync 4 DAGs
[2026-07-18T15:44:20.490+0530] {logging_mixin.py:190} INFO - [2026-07-18T15:44:20.489+0530] {dag.py:4180} INFO - Setting next_dagrun for dataset_alias_example_alias_consumer to None, run_after=None
[2026-07-18T15:44:20.490+0530] {logging_mixin.py:190} INFO - [2026-07-18T15:44:20.490+0530] {dag.py:4180} INFO - Setting next_dagrun for dataset_alias_example_alias_producer to None, run_after=None
[2026-07-18T15:44:20.491+0530] {logging_mixin.py:190} INFO - [2026-07-18T15:44:20.491+0530] {dag.py:4180} INFO - Setting next_dagrun for dataset_s3_bucket_consumer to None, run_after=None
[2026-07-18T15:44:20.491+0530] {logging_mixin.py:190} INFO - [2026-07-18T15:44:20.491+0530] {dag.py:4180} INFO - Setting next_dagrun for dataset_s3_bucket_producer to None, run_after=None
[2026-07-18T15:44:20.496+0530] {processor.py:208} INFO - Processing /Users/bhavishyachallagolla/Desktop/RetailSense/.venv/lib/python3.12/site-packages/airflow/example_dags/example_dataset_alias.py took 0.061 seconds
[2026-07-18T15:46:03.868+0530] {processor.py:186} INFO - Started process (PID=4882) to work on /Users/bhavishyachallagolla/Desktop/RetailSense/.venv/lib/python3.12/site-packages/airflow/example_dags/example_dataset_alias.py
[2026-07-18T15:46:03.869+0530] {processor.py:914} INFO - Processing file /Users/bhavishyachallagolla/Desktop/RetailSense/.venv/lib/python3.12/site-packages/airflow/example_dags/example_dataset_alias.py for tasks to queue
[2026-07-18T15:46:03.869+0530] {logging_mixin.py:190} INFO - [2026-07-18T15:46:03.869+0530] {dagbag.py:588} INFO - Filling up the DagBag from /Users/bhavishyachallagolla/Desktop/RetailSense/.venv/lib/python3.12/site-packages/airflow/example_dags/example_dataset_alias.py
[2026-07-18T15:46:03.912+0530] {processor.py:925} INFO - DAG(s) 'dataset_s3_bucket_producer', 'dataset_alias_example_alias_consumer', 'dataset_alias_example_alias_producer', 'dataset_s3_bucket_consumer' retrieved from /Users/bhavishyachallagolla/Desktop/RetailSense/.venv/lib/python3.12/site-packages/airflow/example_dags/example_dataset_alias.py
[2026-07-18T15:46:03.918+0530] {logging_mixin.py:190} INFO - [2026-07-18T15:46:03.918+0530] {dag.py:3239} INFO - Sync 4 DAGs
[2026-07-18T15:46:03.923+0530] {logging_mixin.py:190} INFO - [2026-07-18T15:46:03.923+0530] {dag.py:4180} INFO - Setting next_dagrun for dataset_alias_example_alias_consumer to None, run_after=None
[2026-07-18T15:46:03.924+0530] {logging_mixin.py:190} INFO - [2026-07-18T15:46:03.924+0530] {dag.py:4180} INFO - Setting next_dagrun for dataset_alias_example_alias_producer to None, run_after=None
[2026-07-18T15:46:03.924+0530] {logging_mixin.py:190} INFO - [2026-07-18T15:46:03.924+0530] {dag.py:4180} INFO - Setting next_dagrun for dataset_s3_bucket_consumer to None, run_after=None
[2026-07-18T15:46:03.924+0530] {logging_mixin.py:190} INFO - [2026-07-18T15:46:03.924+0530] {dag.py:4180} INFO - Setting next_dagrun for dataset_s3_bucket_producer to None, run_after=None
[2026-07-18T15:46:03.929+0530] {processor.py:208} INFO - Processing /Users/bhavishyachallagolla/Desktop/RetailSense/.venv/lib/python3.12/site-packages/airflow/example_dags/example_dataset_alias.py took 0.062 seconds
[2026-07-18T15:47:48.125+0530] {processor.py:186} INFO - Started process (PID=5169) to work on /Users/bhavishyachallagolla/Desktop/RetailSense/.venv/lib/python3.12/site-packages/airflow/example_dags/example_dataset_alias.py
[2026-07-18T15:47:48.126+0530] {processor.py:914} INFO - Processing file /Users/bhavishyachallagolla/Desktop/RetailSense/.venv/lib/python3.12/site-packages/airflow/example_dags/example_dataset_alias.py for tasks to queue
[2026-07-18T15:47:48.126+0530] {logging_mixin.py:190} INFO - [2026-07-18T15:47:48.126+0530] {dagbag.py:588} INFO - Filling up the DagBag from /Users/bhavishyachallagolla/Desktop/RetailSense/.venv/lib/python3.12/site-packages/airflow/example_dags/example_dataset_alias.py
[2026-07-18T15:47:48.170+0530] {processor.py:925} INFO - DAG(s) 'dataset_alias_example_alias_consumer', 'dataset_s3_bucket_producer', 'dataset_s3_bucket_consumer', 'dataset_alias_example_alias_producer' retrieved from /Users/bhavishyachallagolla/Desktop/RetailSense/.venv/lib/python3.12/site-packages/airflow/example_dags/example_dataset_alias.py
[2026-07-18T15:47:48.176+0530] {logging_mixin.py:190} INFO - [2026-07-18T15:47:48.176+0530] {dag.py:3239} INFO - Sync 4 DAGs
[2026-07-18T15:47:48.180+0530] {logging_mixin.py:190} INFO - [2026-07-18T15:47:48.180+0530] {dag.py:4180} INFO - Setting next_dagrun for dataset_alias_example_alias_consumer to None, run_after=None
[2026-07-18T15:47:48.181+0530] {logging_mixin.py:190} INFO - [2026-07-18T15:47:48.181+0530] {dag.py:4180} INFO - Setting next_dagrun for dataset_alias_example_alias_producer to None, run_after=None
[2026-07-18T15:47:48.182+0530] {logging_mixin.py:190} INFO - [2026-07-18T15:47:48.182+0530] {dag.py:4180} INFO - Setting next_dagrun for dataset_s3_bucket_consumer to None, run_after=None
[2026-07-18T15:47:48.182+0530] {logging_mixin.py:190} INFO - [2026-07-18T15:47:48.182+0530] {dag.py:4180} INFO - Setting next_dagrun for dataset_s3_bucket_producer to None, run_after=None
[2026-07-18T15:47:48.187+0530] {processor.py:208} INFO - Processing /Users/bhavishyachallagolla/Desktop/RetailSense/.venv/lib/python3.12/site-packages/airflow/example_dags/example_dataset_alias.py took 0.063 seconds
[2026-07-18T15:49:35.205+0530] {processor.py:186} INFO - Started process (PID=5460) to work on /Users/bhavishyachallagolla/Desktop/RetailSense/.venv/lib/python3.12/site-packages/airflow/example_dags/example_dataset_alias.py
[2026-07-18T15:49:35.206+0530] {processor.py:914} INFO - Processing file /Users/bhavishyachallagolla/Desktop/RetailSense/.venv/lib/python3.12/site-packages/airflow/example_dags/example_dataset_alias.py for tasks to queue
[2026-07-18T15:49:35.206+0530] {logging_mixin.py:190} INFO - [2026-07-18T15:49:35.206+0530] {dagbag.py:588} INFO - Filling up the DagBag from /Users/bhavishyachallagolla/Desktop/RetailSense/.venv/lib/python3.12/site-packages/airflow/example_dags/example_dataset_alias.py
[2026-07-18T15:49:35.248+0530] {processor.py:925} INFO - DAG(s) 'dataset_s3_bucket_consumer', 'dataset_s3_bucket_producer', 'dataset_alias_example_alias_consumer', 'dataset_alias_example_alias_producer' retrieved from /Users/bhavishyachallagolla/Desktop/RetailSense/.venv/lib/python3.12/site-packages/airflow/example_dags/example_dataset_alias.py
[2026-07-18T15:49:35.254+0530] {logging_mixin.py:190} INFO - [2026-07-18T15:49:35.254+0530] {dag.py:3239} INFO - Sync 4 DAGs
[2026-07-18T15:49:35.259+0530] {logging_mixin.py:190} INFO - [2026-07-18T15:49:35.259+0530] {dag.py:4180} INFO - Setting next_dagrun for dataset_alias_example_alias_consumer to None, run_after=None
[2026-07-18T15:49:35.260+0530] {logging_mixin.py:190} INFO - [2026-07-18T15:49:35.260+0530] {dag.py:4180} INFO - Setting next_dagrun for dataset_alias_example_alias_producer to None, run_after=None
[2026-07-18T15:49:35.260+0530] {logging_mixin.py:190} INFO - [2026-07-18T15:49:35.260+0530] {dag.py:4180} INFO - Setting next_dagrun for dataset_s3_bucket_consumer to None, run_after=None
[2026-07-18T15:49:35.260+0530] {logging_mixin.py:190} INFO - [2026-07-18T15:49:35.260+0530] {dag.py:4180} INFO - Setting next_dagrun for dataset_s3_bucket_producer to None, run_after=None
[2026-07-18T15:49:35.265+0530] {processor.py:208} INFO - Processing /Users/bhavishyachallagolla/Desktop/RetailSense/.venv/lib/python3.12/site-packages/airflow/example_dags/example_dataset_alias.py took 0.061 seconds
[2026-07-18T15:51:19.647+0530] {processor.py:186} INFO - Started process (PID=5729) to work on /Users/bhavishyachallagolla/Desktop/RetailSense/.venv/lib/python3.12/site-packages/airflow/example_dags/example_dataset_alias.py
[2026-07-18T15:51:19.649+0530] {processor.py:914} INFO - Processing file /Users/bhavishyachallagolla/Desktop/RetailSense/.venv/lib/python3.12/site-packages/airflow/example_dags/example_dataset_alias.py for tasks to queue
[2026-07-18T15:51:19.649+0530] {logging_mixin.py:190} INFO - [2026-07-18T15:51:19.649+0530] {dagbag.py:588} INFO - Filling up the DagBag from /Users/bhavishyachallagolla/Desktop/RetailSense/.venv/lib/python3.12/site-packages/airflow/example_dags/example_dataset_alias.py
[2026-07-18T15:51:19.693+0530] {processor.py:925} INFO - DAG(s) 'dataset_alias_example_alias_producer', 'dataset_alias_example_alias_consumer', 'dataset_s3_bucket_producer', 'dataset_s3_bucket_consumer' retrieved from /Users/bhavishyachallagolla/Desktop/RetailSense/.venv/lib/python3.12/site-packages/airflow/example_dags/example_dataset_alias.py
[2026-07-18T15:51:19.699+0530] {logging_mixin.py:190} INFO - [2026-07-18T15:51:19.699+0530] {dag.py:3239} INFO - Sync 4 DAGs
[2026-07-18T15:51:19.703+0530] {logging_mixin.py:190} INFO - [2026-07-18T15:51:19.703+0530] {dag.py:4180} INFO - Setting next_dagrun for dataset_alias_example_alias_consumer to None, run_after=None
[2026-07-18T15:51:19.704+0530] {logging_mixin.py:190} INFO - [2026-07-18T15:51:19.704+0530] {dag.py:4180} INFO - Setting next_dagrun for dataset_alias_example_alias_producer to None, run_after=None
[2026-07-18T15:51:19.704+0530] {logging_mixin.py:190} INFO - [2026-07-18T15:51:19.704+0530] {dag.py:4180} INFO - Setting next_dagrun for dataset_s3_bucket_consumer to None, run_after=None
[2026-07-18T15:51:19.705+0530] {logging_mixin.py:190} INFO - [2026-07-18T15:51:19.705+0530] {dag.py:4180} INFO - Setting next_dagrun for dataset_s3_bucket_producer to None, run_after=None
[2026-07-18T15:51:19.710+0530] {processor.py:208} INFO - Processing /Users/bhavishyachallagolla/Desktop/RetailSense/.venv/lib/python3.12/site-packages/airflow/example_dags/example_dataset_alias.py took 0.063 seconds
[2026-07-18T15:53:00.784+0530] {processor.py:186} INFO - Started process (PID=5988) to work on /Users/bhavishyachallagolla/Desktop/RetailSense/.venv/lib/python3.12/site-packages/airflow/example_dags/example_dataset_alias.py
[2026-07-18T15:53:00.785+0530] {processor.py:914} INFO - Processing file /Users/bhavishyachallagolla/Desktop/RetailSense/.venv/lib/python3.12/site-packages/airflow/example_dags/example_dataset_alias.py for tasks to queue
[2026-07-18T15:53:00.785+0530] {logging_mixin.py:190} INFO - [2026-07-18T15:53:00.785+0530] {dagbag.py:588} INFO - Filling up the DagBag from /Users/bhavishyachallagolla/Desktop/RetailSense/.venv/lib/python3.12/site-packages/airflow/example_dags/example_dataset_alias.py
[2026-07-18T15:53:00.827+0530] {processor.py:925} INFO - DAG(s) 'dataset_alias_example_alias_producer', 'dataset_s3_bucket_consumer', 'dataset_alias_example_alias_consumer', 'dataset_s3_bucket_producer' retrieved from /Users/bhavishyachallagolla/Desktop/RetailSense/.venv/lib/python3.12/site-packages/airflow/example_dags/example_dataset_alias.py
[2026-07-18T15:53:00.833+0530] {logging_mixin.py:190} INFO - [2026-07-18T15:53:00.833+0530] {dag.py:3239} INFO - Sync 4 DAGs
[2026-07-18T15:53:00.838+0530] {logging_mixin.py:190} INFO - [2026-07-18T15:53:00.837+0530] {dag.py:4180} INFO - Setting next_dagrun for dataset_alias_example_alias_consumer to None, run_after=None
[2026-07-18T15:53:00.838+0530] {logging_mixin.py:190} INFO - [2026-07-18T15:53:00.838+0530] {dag.py:4180} INFO - Setting next_dagrun for dataset_alias_example_alias_producer to None, run_after=None
[2026-07-18T15:53:00.839+0530] {logging_mixin.py:190} INFO - [2026-07-18T15:53:00.839+0530] {dag.py:4180} INFO - Setting next_dagrun for dataset_s3_bucket_consumer to None, run_after=None
[2026-07-18T15:53:00.839+0530] {logging_mixin.py:190} INFO - [2026-07-18T15:53:00.839+0530] {dag.py:4180} INFO - Setting next_dagrun for dataset_s3_bucket_producer to None, run_after=None
[2026-07-18T15:53:00.844+0530] {processor.py:208} INFO - Processing /Users/bhavishyachallagolla/Desktop/RetailSense/.venv/lib/python3.12/site-packages/airflow/example_dags/example_dataset_alias.py took 0.061 seconds
[2026-07-18T15:54:47.019+0530] {processor.py:186} INFO - Started process (PID=6249) to work on /Users/bhavishyachallagolla/Desktop/RetailSense/.venv/lib/python3.12/site-packages/airflow/example_dags/example_dataset_alias.py
[2026-07-18T15:54:47.021+0530] {processor.py:914} INFO - Processing file /Users/bhavishyachallagolla/Desktop/RetailSense/.venv/lib/python3.12/site-packages/airflow/example_dags/example_dataset_alias.py for tasks to queue
[2026-07-18T15:54:47.021+0530] {logging_mixin.py:190} INFO - [2026-07-18T15:54:47.021+0530] {dagbag.py:588} INFO - Filling up the DagBag from /Users/bhavishyachallagolla/Desktop/RetailSense/.venv/lib/python3.12/site-packages/airflow/example_dags/example_dataset_alias.py
[2026-07-18T15:54:47.063+0530] {processor.py:925} INFO - DAG(s) 'dataset_s3_bucket_producer', 'dataset_alias_example_alias_consumer', 'dataset_alias_example_alias_producer', 'dataset_s3_bucket_consumer' retrieved from /Users/bhavishyachallagolla/Desktop/RetailSense/.venv/lib/python3.12/site-packages/airflow/example_dags/example_dataset_alias.py
[2026-07-18T15:54:47.069+0530] {logging_mixin.py:190} INFO - [2026-07-18T15:54:47.069+0530] {dag.py:3239} INFO - Sync 4 DAGs
[2026-07-18T15:54:47.073+0530] {logging_mixin.py:190} INFO - [2026-07-18T15:54:47.073+0530] {dag.py:4180} INFO - Setting next_dagrun for dataset_alias_example_alias_consumer to None, run_after=None
[2026-07-18T15:54:47.074+0530] {logging_mixin.py:190} INFO - [2026-07-18T15:54:47.074+0530] {dag.py:4180} INFO - Setting next_dagrun for dataset_alias_example_alias_producer to None, run_after=None
[2026-07-18T15:54:47.074+0530] {logging_mixin.py:190} INFO - [2026-07-18T15:54:47.074+0530] {dag.py:4180} INFO - Setting next_dagrun for dataset_s3_bucket_consumer to None, run_after=None
[2026-07-18T15:54:47.075+0530] {logging_mixin.py:190} INFO - [2026-07-18T15:54:47.075+0530] {dag.py:4180} INFO - Setting next_dagrun for dataset_s3_bucket_producer to None, run_after=None
[2026-07-18T15:54:47.080+0530] {processor.py:208} INFO - Processing /Users/bhavishyachallagolla/Desktop/RetailSense/.venv/lib/python3.12/site-packages/airflow/example_dags/example_dataset_alias.py took 0.061 seconds
[2026-07-18T15:56:31.016+0530] {processor.py:186} INFO - Started process (PID=6514) to work on /Users/bhavishyachallagolla/Desktop/RetailSense/.venv/lib/python3.12/site-packages/airflow/example_dags/example_dataset_alias.py
[2026-07-18T15:56:31.017+0530] {processor.py:914} INFO - Processing file /Users/bhavishyachallagolla/Desktop/RetailSense/.venv/lib/python3.12/site-packages/airflow/example_dags/example_dataset_alias.py for tasks to queue
[2026-07-18T15:56:31.017+0530] {logging_mixin.py:190} INFO - [2026-07-18T15:56:31.017+0530] {dagbag.py:588} INFO - Filling up the DagBag from /Users/bhavishyachallagolla/Desktop/RetailSense/.venv/lib/python3.12/site-packages/airflow/example_dags/example_dataset_alias.py
[2026-07-18T15:56:31.059+0530] {processor.py:925} INFO - DAG(s) 'dataset_alias_example_alias_producer', 'dataset_s3_bucket_consumer', 'dataset_s3_bucket_producer', 'dataset_alias_example_alias_consumer' retrieved from /Users/bhavishyachallagolla/Desktop/RetailSense/.venv/lib/python3.12/site-packages/airflow/example_dags/example_dataset_alias.py
[2026-07-18T15:56:31.065+0530] {logging_mixin.py:190} INFO - [2026-07-18T15:56:31.065+0530] {dag.py:3239} INFO - Sync 4 DAGs
[2026-07-18T15:56:31.070+0530] {logging_mixin.py:190} INFO - [2026-07-18T15:56:31.070+0530] {dag.py:4180} INFO - Setting next_dagrun for dataset_alias_example_alias_consumer to None, run_after=None
[2026-07-18T15:56:31.071+0530] {logging_mixin.py:190} INFO - [2026-07-18T15:56:31.071+0530] {dag.py:4180} INFO - Setting next_dagrun for dataset_alias_example_alias_producer to None, run_after=None
[2026-07-18T15:56:31.071+0530] {logging_mixin.py:190} INFO - [2026-07-18T15:56:31.071+0530] {dag.py:4180} INFO - Setting next_dagrun for dataset_s3_bucket_consumer to None, run_after=None
[2026-07-18T15:56:31.071+0530] {logging_mixin.py:190} INFO - [2026-07-18T15:56:31.071+0530] {dag.py:4180} INFO - Setting next_dagrun for dataset_s3_bucket_producer to None, run_after=None
[2026-07-18T15:56:31.076+0530] {processor.py:208} INFO - Processing /Users/bhavishyachallagolla/Desktop/RetailSense/.venv/lib/python3.12/site-packages/airflow/example_dags/example_dataset_alias.py took 0.061 seconds
