[2026-07-18T15:37:08.765+0530] {processor.py:186} INFO - Started process (PID=3472) to work on /Users/bhavishyachallagolla/Desktop/RetailSense/.venv/lib/python3.12/site-packages/airflow/example_dags/example_branch_day_of_week_operator.py
[2026-07-18T15:37:08.765+0530] {processor.py:914} INFO - Processing file /Users/bhavishyachallagolla/Desktop/RetailSense/.venv/lib/python3.12/site-packages/airflow/example_dags/example_branch_day_of_week_operator.py for tasks to queue
[2026-07-18T15:37:08.766+0530] {logging_mixin.py:190} INFO - [2026-07-18T15:37:08.766+0530] {dagbag.py:588} INFO - Filling up the DagBag from /Users/bhavishyachallagolla/Desktop/RetailSense/.venv/lib/python3.12/site-packages/airflow/example_dags/example_branch_day_of_week_operator.py
[2026-07-18T15:37:08.768+0530] {processor.py:925} INFO - DAG(s) 'example_weekday_branch_operator' retrieved from /Users/bhavishyachallagolla/Desktop/RetailSense/.venv/lib/python3.12/site-packages/airflow/example_dags/example_branch_day_of_week_operator.py
[2026-07-18T15:37:08.794+0530] {logging_mixin.py:190} INFO - [2026-07-18T15:37:08.793+0530] {dag.py:3239} INFO - Sync 1 DAGs
[2026-07-18T15:37:08.799+0530] {logging_mixin.py:190} INFO - [2026-07-18T15:37:08.799+0530] {dag.py:4180} INFO - Setting next_dagrun for example_weekday_branch_operator to 2026-07-17 00:00:00+00:00, run_after=2026-07-18 00:00:00+00:00
[2026-07-18T15:37:08.803+0530] {processor.py:208} INFO - Processing /Users/bhavishyachallagolla/Desktop/RetailSense/.venv/lib/python3.12/site-packages/airflow/example_dags/example_branch_day_of_week_operator.py took 0.039 seconds
[2026-07-18T15:39:11.769+0530] {processor.py:186} INFO - Started process (PID=3807) to work on /Users/bhavishyachallagolla/Desktop/RetailSense/.venv/lib/python3.12/site-packages/airflow/example_dags/example_branch_day_of_week_operator.py
[2026-07-18T15:39:11.770+0530] {processor.py:914} INFO - Processing file /Users/bhavishyachallagolla/Desktop/RetailSense/.venv/lib/python3.12/site-packages/airflow/example_dags/example_branch_day_of_week_operator.py for tasks to queue
[2026-07-18T15:39:11.771+0530] {logging_mixin.py:190} INFO - [2026-07-18T15:39:11.771+0530] {dagbag.py:588} INFO - Filling up the DagBag from /Users/bhavishyachallagolla/Desktop/RetailSense/.venv/lib/python3.12/site-packages/airflow/example_dags/example_branch_day_of_week_operator.py
[2026-07-18T15:39:11.773+0530] {processor.py:925} INFO - DAG(s) 'example_weekday_branch_operator' retrieved from /Users/bhavishyachallagolla/Desktop/RetailSense/.venv/lib/python3.12/site-packages/airflow/example_dags/example_branch_day_of_week_operator.py
[2026-07-18T15:39:11.798+0530] {logging_mixin.py:190} INFO - [2026-07-18T15:39:11.798+0530] {dag.py:3239} INFO - Sync 1 DAGs
[2026-07-18T15:39:11.803+0530] {logging_mixin.py:190} INFO - [2026-07-18T15:39:11.803+0530] {dag.py:4180} INFO - Setting next_dagrun for example_weekday_branch_operator to 2026-07-17 00:00:00+00:00, run_after=2026-07-18 00:00:00+00:00
[2026-07-18T15:39:11.808+0530] {processor.py:208} INFO - Processing /Users/bhavishyachallagolla/Desktop/RetailSense/.venv/lib/python3.12/site-packages/airflow/example_dags/example_branch_day_of_week_operator.py took 0.040 seconds
[2026-07-18T15:40:51.647+0530] {processor.py:186} INFO - Started process (PID=4059) to work on /Users/bhavishyachallagolla/Desktop/RetailSense/.venv/lib/python3.12/site-packages/airflow/example_dags/example_branch_day_of_week_operator.py
[2026-07-18T15:40:51.648+0530] {processor.py:914} INFO - Processing file /Users/bhavishyachallagolla/Desktop/RetailSense/.venv/lib/python3.12/site-packages/airflow/example_dags/example_branch_day_of_week_operator.py for tasks to queue
[2026-07-18T15:40:51.648+0530] {logging_mixin.py:190} INFO - [2026-07-18T15:40:51.648+0530] {dagbag.py:588} INFO - Filling up the DagBag from /Users/bhavishyachallagolla/Desktop/RetailSense/.venv/lib/python3.12/site-packages/airflow/example_dags/example_branch_day_of_week_operator.py
[2026-07-18T15:40:51.651+0530] {processor.py:925} INFO - DAG(s) 'example_weekday_branch_operator' retrieved from /Users/bhavishyachallagolla/Desktop/RetailSense/.venv/lib/python3.12/site-packages/airflow/example_dags/example_branch_day_of_week_operator.py
[2026-07-18T15:40:51.676+0530] {logging_mixin.py:190} INFO - [2026-07-18T15:40:51.676+0530] {dag.py:3239} INFO - Sync 1 DAGs
[2026-07-18T15:40:51.681+0530] {logging_mixin.py:190} INFO - [2026-07-18T15:40:51.681+0530] {dag.py:4180} INFO - Setting next_dagrun for example_weekday_branch_operator to 2026-07-17 00:00:00+00:00, run_after=2026-07-18 00:00:00+00:00
[2026-07-18T15:40:51.685+0530] {processor.py:208} INFO - Processing /Users/bhavishyachallagolla/Desktop/RetailSense/.venv/lib/python3.12/site-packages/airflow/example_dags/example_branch_day_of_week_operator.py took 0.040 seconds
[2026-07-18T15:42:35.255+0530] {processor.py:186} INFO - Started process (PID=4327) to work on /Users/bhavishyachallagolla/Desktop/RetailSense/.venv/lib/python3.12/site-packages/airflow/example_dags/example_branch_day_of_week_operator.py
[2026-07-18T15:42:35.256+0530] {processor.py:914} INFO - Processing file /Users/bhavishyachallagolla/Desktop/RetailSense/.venv/lib/python3.12/site-packages/airflow/example_dags/example_branch_day_of_week_operator.py for tasks to queue
[2026-07-18T15:42:35.257+0530] {logging_mixin.py:190} INFO - [2026-07-18T15:42:35.257+0530] {dagbag.py:588} INFO - Filling up the DagBag from /Users/bhavishyachallagolla/Desktop/RetailSense/.venv/lib/python3.12/site-packages/airflow/example_dags/example_branch_day_of_week_operator.py
[2026-07-18T15:42:35.260+0530] {processor.py:925} INFO - DAG(s) 'example_weekday_branch_operator' retrieved from /Users/bhavishyachallagolla/Desktop/RetailSense/.venv/lib/python3.12/site-packages/airflow/example_dags/example_branch_day_of_week_operator.py
[2026-07-18T15:42:35.284+0530] {logging_mixin.py:190} INFO - [2026-07-18T15:42:35.284+0530] {dag.py:3239} INFO - Sync 1 DAGs
[2026-07-18T15:42:35.289+0530] {logging_mixin.py:190} INFO - [2026-07-18T15:42:35.289+0530] {dag.py:4180} INFO - Setting next_dagrun for example_weekday_branch_operator to 2026-07-17 00:00:00+00:00, run_after=2026-07-18 00:00:00+00:00
[2026-07-18T15:42:35.294+0530] {processor.py:208} INFO - Processing /Users/bhavishyachallagolla/Desktop/RetailSense/.venv/lib/python3.12/site-packages/airflow/example_dags/example_branch_day_of_week_operator.py took 0.040 seconds
[2026-07-18T15:44:30.084+0530] {processor.py:186} INFO - Started process (PID=4648) to work on /Users/bhavishyachallagolla/Desktop/RetailSense/.venv/lib/python3.12/site-packages/airflow/example_dags/example_branch_day_of_week_operator.py
[2026-07-18T15:44:30.085+0530] {processor.py:914} INFO - Processing file /Users/bhavishyachallagolla/Desktop/RetailSense/.venv/lib/python3.12/site-packages/airflow/example_dags/example_branch_day_of_week_operator.py for tasks to queue
[2026-07-18T15:44:30.085+0530] {logging_mixin.py:190} INFO - [2026-07-18T15:44:30.085+0530] {dagbag.py:588} INFO - Filling up the DagBag from /Users/bhavishyachallagolla/Desktop/RetailSense/.venv/lib/python3.12/site-packages/airflow/example_dags/example_branch_day_of_week_operator.py
[2026-07-18T15:44:30.088+0530] {processor.py:925} INFO - DAG(s) 'example_weekday_branch_operator' retrieved from /Users/bhavishyachallagolla/Desktop/RetailSense/.venv/lib/python3.12/site-packages/airflow/example_dags/example_branch_day_of_week_operator.py
[2026-07-18T15:44:30.113+0530] {logging_mixin.py:190} INFO - [2026-07-18T15:44:30.113+0530] {dag.py:3239} INFO - Sync 1 DAGs
[2026-07-18T15:44:30.118+0530] {logging_mixin.py:190} INFO - [2026-07-18T15:44:30.118+0530] {dag.py:4180} INFO - Setting next_dagrun for example_weekday_branch_operator to 2026-07-17 00:00:00+00:00, run_after=2026-07-18 00:00:00+00:00
[2026-07-18T15:44:30.122+0530] {processor.py:208} INFO - Processing /Users/bhavishyachallagolla/Desktop/RetailSense/.venv/lib/python3.12/site-packages/airflow/example_dags/example_branch_day_of_week_operator.py took 0.039 seconds
[2026-07-18T15:46:13.487+0530] {processor.py:186} INFO - Started process (PID=4906) to work on /Users/bhavishyachallagolla/Desktop/RetailSense/.venv/lib/python3.12/site-packages/airflow/example_dags/example_branch_day_of_week_operator.py
[2026-07-18T15:46:13.488+0530] {processor.py:914} INFO - Processing file /Users/bhavishyachallagolla/Desktop/RetailSense/.venv/lib/python3.12/site-packages/airflow/example_dags/example_branch_day_of_week_operator.py for tasks to queue
[2026-07-18T15:46:13.488+0530] {logging_mixin.py:190} INFO - [2026-07-18T15:46:13.488+0530] {dagbag.py:588} INFO - Filling up the DagBag from /Users/bhavishyachallagolla/Desktop/RetailSense/.venv/lib/python3.12/site-packages/airflow/example_dags/example_branch_day_of_week_operator.py
[2026-07-18T15:46:13.491+0530] {processor.py:925} INFO - DAG(s) 'example_weekday_branch_operator' retrieved from /Users/bhavishyachallagolla/Desktop/RetailSense/.venv/lib/python3.12/site-packages/airflow/example_dags/example_branch_day_of_week_operator.py
[2026-07-18T15:46:13.516+0530] {logging_mixin.py:190} INFO - [2026-07-18T15:46:13.516+0530] {dag.py:3239} INFO - Sync 1 DAGs
[2026-07-18T15:46:13.521+0530] {logging_mixin.py:190} INFO - [2026-07-18T15:46:13.521+0530] {dag.py:4180} INFO - Setting next_dagrun for example_weekday_branch_operator to 2026-07-17 00:00:00+00:00, run_after=2026-07-18 00:00:00+00:00
[2026-07-18T15:46:13.526+0530] {processor.py:208} INFO - Processing /Users/bhavishyachallagolla/Desktop/RetailSense/.venv/lib/python3.12/site-packages/airflow/example_dags/example_branch_day_of_week_operator.py took 0.039 seconds
[2026-07-18T15:47:58.765+0530] {processor.py:186} INFO - Started process (PID=5197) to work on /Users/bhavishyachallagolla/Desktop/RetailSense/.venv/lib/python3.12/site-packages/airflow/example_dags/example_branch_day_of_week_operator.py
[2026-07-18T15:47:58.766+0530] {processor.py:914} INFO - Processing file /Users/bhavishyachallagolla/Desktop/RetailSense/.venv/lib/python3.12/site-packages/airflow/example_dags/example_branch_day_of_week_operator.py for tasks to queue
[2026-07-18T15:47:58.766+0530] {logging_mixin.py:190} INFO - [2026-07-18T15:47:58.766+0530] {dagbag.py:588} INFO - Filling up the DagBag from /Users/bhavishyachallagolla/Desktop/RetailSense/.venv/lib/python3.12/site-packages/airflow/example_dags/example_branch_day_of_week_operator.py
[2026-07-18T15:47:58.770+0530] {processor.py:925} INFO - DAG(s) 'example_weekday_branch_operator' retrieved from /Users/bhavishyachallagolla/Desktop/RetailSense/.venv/lib/python3.12/site-packages/airflow/example_dags/example_branch_day_of_week_operator.py
[2026-07-18T15:47:58.795+0530] {logging_mixin.py:190} INFO - [2026-07-18T15:47:58.795+0530] {dag.py:3239} INFO - Sync 1 DAGs
[2026-07-18T15:47:58.800+0530] {logging_mixin.py:190} INFO - [2026-07-18T15:47:58.800+0530] {dag.py:4180} INFO - Setting next_dagrun for example_weekday_branch_operator to 2026-07-17 00:00:00+00:00, run_after=2026-07-18 00:00:00+00:00
[2026-07-18T15:47:58.804+0530] {processor.py:208} INFO - Processing /Users/bhavishyachallagolla/Desktop/RetailSense/.venv/lib/python3.12/site-packages/airflow/example_dags/example_branch_day_of_week_operator.py took 0.040 seconds
[2026-07-18T15:49:45.841+0530] {processor.py:186} INFO - Started process (PID=5485) to work on /Users/bhavishyachallagolla/Desktop/RetailSense/.venv/lib/python3.12/site-packages/airflow/example_dags/example_branch_day_of_week_operator.py
[2026-07-18T15:49:45.842+0530] {processor.py:914} INFO - Processing file /Users/bhavishyachallagolla/Desktop/RetailSense/.venv/lib/python3.12/site-packages/airflow/example_dags/example_branch_day_of_week_operator.py for tasks to queue
[2026-07-18T15:49:45.842+0530] {logging_mixin.py:190} INFO - [2026-07-18T15:49:45.842+0530] {dagbag.py:588} INFO - Filling up the DagBag from /Users/bhavishyachallagolla/Desktop/RetailSense/.venv/lib/python3.12/site-packages/airflow/example_dags/example_branch_day_of_week_operator.py
[2026-07-18T15:49:45.846+0530] {processor.py:925} INFO - DAG(s) 'example_weekday_branch_operator' retrieved from /Users/bhavishyachallagolla/Desktop/RetailSense/.venv/lib/python3.12/site-packages/airflow/example_dags/example_branch_day_of_week_operator.py
[2026-07-18T15:49:45.871+0530] {logging_mixin.py:190} INFO - [2026-07-18T15:49:45.871+0530] {dag.py:3239} INFO - Sync 1 DAGs
[2026-07-18T15:49:45.876+0530] {logging_mixin.py:190} INFO - [2026-07-18T15:49:45.876+0530] {dag.py:4180} INFO - Setting next_dagrun for example_weekday_branch_operator to 2026-07-17 00:00:00+00:00, run_after=2026-07-18 00:00:00+00:00
[2026-07-18T15:49:45.881+0530] {processor.py:208} INFO - Processing /Users/bhavishyachallagolla/Desktop/RetailSense/.venv/lib/python3.12/site-packages/airflow/example_dags/example_branch_day_of_week_operator.py took 0.041 seconds
[2026-07-18T15:51:29.253+0530] {processor.py:186} INFO - Started process (PID=5750) to work on /Users/bhavishyachallagolla/Desktop/RetailSense/.venv/lib/python3.12/site-packages/airflow/example_dags/example_branch_day_of_week_operator.py
[2026-07-18T15:51:29.254+0530] {processor.py:914} INFO - Processing file /Users/bhavishyachallagolla/Desktop/RetailSense/.venv/lib/python3.12/site-packages/airflow/example_dags/example_branch_day_of_week_operator.py for tasks to queue
[2026-07-18T15:51:29.254+0530] {logging_mixin.py:190} INFO - [2026-07-18T15:51:29.254+0530] {dagbag.py:588} INFO - Filling up the DagBag from /Users/bhavishyachallagolla/Desktop/RetailSense/.venv/lib/python3.12/site-packages/airflow/example_dags/example_branch_day_of_week_operator.py
[2026-07-18T15:51:29.258+0530] {processor.py:925} INFO - DAG(s) 'example_weekday_branch_operator' retrieved from /Users/bhavishyachallagolla/Desktop/RetailSense/.venv/lib/python3.12/site-packages/airflow/example_dags/example_branch_day_of_week_operator.py
[2026-07-18T15:51:29.283+0530] {logging_mixin.py:190} INFO - [2026-07-18T15:51:29.283+0530] {dag.py:3239} INFO - Sync 1 DAGs
[2026-07-18T15:51:29.288+0530] {logging_mixin.py:190} INFO - [2026-07-18T15:51:29.288+0530] {dag.py:4180} INFO - Setting next_dagrun for example_weekday_branch_operator to 2026-07-17 00:00:00+00:00, run_after=2026-07-18 00:00:00+00:00
[2026-07-18T15:51:29.293+0530] {processor.py:208} INFO - Processing /Users/bhavishyachallagolla/Desktop/RetailSense/.venv/lib/python3.12/site-packages/airflow/example_dags/example_branch_day_of_week_operator.py took 0.041 seconds
[2026-07-18T15:53:11.145+0530] {processor.py:186} INFO - Started process (PID=6013) to work on /Users/bhavishyachallagolla/Desktop/RetailSense/.venv/lib/python3.12/site-packages/airflow/example_dags/example_branch_day_of_week_operator.py
[2026-07-18T15:53:11.147+0530] {processor.py:914} INFO - Processing file /Users/bhavishyachallagolla/Desktop/RetailSense/.venv/lib/python3.12/site-packages/airflow/example_dags/example_branch_day_of_week_operator.py for tasks to queue
[2026-07-18T15:53:11.147+0530] {logging_mixin.py:190} INFO - [2026-07-18T15:53:11.147+0530] {dagbag.py:588} INFO - Filling up the DagBag from /Users/bhavishyachallagolla/Desktop/RetailSense/.venv/lib/python3.12/site-packages/airflow/example_dags/example_branch_day_of_week_operator.py
[2026-07-18T15:53:11.151+0530] {processor.py:925} INFO - DAG(s) 'example_weekday_branch_operator' retrieved from /Users/bhavishyachallagolla/Desktop/RetailSense/.venv/lib/python3.12/site-packages/airflow/example_dags/example_branch_day_of_week_operator.py
[2026-07-18T15:53:11.176+0530] {logging_mixin.py:190} INFO - [2026-07-18T15:53:11.176+0530] {dag.py:3239} INFO - Sync 1 DAGs
[2026-07-18T15:53:11.181+0530] {logging_mixin.py:190} INFO - [2026-07-18T15:53:11.181+0530] {dag.py:4180} INFO - Setting next_dagrun for example_weekday_branch_operator to 2026-07-17 00:00:00+00:00, run_after=2026-07-18 00:00:00+00:00
[2026-07-18T15:53:11.186+0530] {processor.py:208} INFO - Processing /Users/bhavishyachallagolla/Desktop/RetailSense/.venv/lib/python3.12/site-packages/airflow/example_dags/example_branch_day_of_week_operator.py took 0.041 seconds
[2026-07-18T15:54:57.028+0530] {processor.py:186} INFO - Started process (PID=6274) to work on /Users/bhavishyachallagolla/Desktop/RetailSense/.venv/lib/python3.12/site-packages/airflow/example_dags/example_branch_day_of_week_operator.py
[2026-07-18T15:54:57.029+0530] {processor.py:914} INFO - Processing file /Users/bhavishyachallagolla/Desktop/RetailSense/.venv/lib/python3.12/site-packages/airflow/example_dags/example_branch_day_of_week_operator.py for tasks to queue
[2026-07-18T15:54:57.030+0530] {logging_mixin.py:190} INFO - [2026-07-18T15:54:57.030+0530] {dagbag.py:588} INFO - Filling up the DagBag from /Users/bhavishyachallagolla/Desktop/RetailSense/.venv/lib/python3.12/site-packages/airflow/example_dags/example_branch_day_of_week_operator.py
[2026-07-18T15:54:57.033+0530] {processor.py:925} INFO - DAG(s) 'example_weekday_branch_operator' retrieved from /Users/bhavishyachallagolla/Desktop/RetailSense/.venv/lib/python3.12/site-packages/airflow/example_dags/example_branch_day_of_week_operator.py
[2026-07-18T15:54:57.058+0530] {logging_mixin.py:190} INFO - [2026-07-18T15:54:57.058+0530] {dag.py:3239} INFO - Sync 1 DAGs
[2026-07-18T15:54:57.063+0530] {logging_mixin.py:190} INFO - [2026-07-18T15:54:57.063+0530] {dag.py:4180} INFO - Setting next_dagrun for example_weekday_branch_operator to 2026-07-17 00:00:00+00:00, run_after=2026-07-18 00:00:00+00:00
[2026-07-18T15:54:57.067+0530] {processor.py:208} INFO - Processing /Users/bhavishyachallagolla/Desktop/RetailSense/.venv/lib/python3.12/site-packages/airflow/example_dags/example_branch_day_of_week_operator.py took 0.040 seconds
[2026-07-18T15:56:40.561+0530] {processor.py:186} INFO - Started process (PID=6539) to work on /Users/bhavishyachallagolla/Desktop/RetailSense/.venv/lib/python3.12/site-packages/airflow/example_dags/example_branch_day_of_week_operator.py
[2026-07-18T15:56:40.562+0530] {processor.py:914} INFO - Processing file /Users/bhavishyachallagolla/Desktop/RetailSense/.venv/lib/python3.12/site-packages/airflow/example_dags/example_branch_day_of_week_operator.py for tasks to queue
[2026-07-18T15:56:40.563+0530] {logging_mixin.py:190} INFO - [2026-07-18T15:56:40.563+0530] {dagbag.py:588} INFO - Filling up the DagBag from /Users/bhavishyachallagolla/Desktop/RetailSense/.venv/lib/python3.12/site-packages/airflow/example_dags/example_branch_day_of_week_operator.py
[2026-07-18T15:56:40.566+0530] {processor.py:925} INFO - DAG(s) 'example_weekday_branch_operator' retrieved from /Users/bhavishyachallagolla/Desktop/RetailSense/.venv/lib/python3.12/site-packages/airflow/example_dags/example_branch_day_of_week_operator.py
[2026-07-18T15:56:40.591+0530] {logging_mixin.py:190} INFO - [2026-07-18T15:56:40.591+0530] {dag.py:3239} INFO - Sync 1 DAGs
[2026-07-18T15:56:40.596+0530] {logging_mixin.py:190} INFO - [2026-07-18T15:56:40.596+0530] {dag.py:4180} INFO - Setting next_dagrun for example_weekday_branch_operator to 2026-07-17 00:00:00+00:00, run_after=2026-07-18 00:00:00+00:00
[2026-07-18T15:56:40.600+0530] {processor.py:208} INFO - Processing /Users/bhavishyachallagolla/Desktop/RetailSense/.venv/lib/python3.12/site-packages/airflow/example_dags/example_branch_day_of_week_operator.py took 0.040 seconds
