[2026-07-18T15:36:41.640+0530] {processor.py:186} INFO - Started process (PID=3406) to work on /Users/bhavishyachallagolla/Desktop/RetailSense/.venv/lib/python3.12/site-packages/airflow/example_dags/example_nested_branch_dag.py
[2026-07-18T15:36:41.640+0530] {processor.py:914} INFO - Processing file /Users/bhavishyachallagolla/Desktop/RetailSense/.venv/lib/python3.12/site-packages/airflow/example_dags/example_nested_branch_dag.py for tasks to queue
[2026-07-18T15:36:41.640+0530] {logging_mixin.py:190} INFO - [2026-07-18T15:36:41.640+0530] {dagbag.py:588} INFO - Filling up the DagBag from /Users/bhavishyachallagolla/Desktop/RetailSense/.venv/lib/python3.12/site-packages/airflow/example_dags/example_nested_branch_dag.py
[2026-07-18T15:36:41.653+0530] {processor.py:925} INFO - DAG(s) 'example_nested_branch_dag' retrieved from /Users/bhavishyachallagolla/Desktop/RetailSense/.venv/lib/python3.12/site-packages/airflow/example_dags/example_nested_branch_dag.py
[2026-07-18T15:36:41.677+0530] {logging_mixin.py:190} INFO - [2026-07-18T15:36:41.677+0530] {dag.py:3239} INFO - Sync 1 DAGs
[2026-07-18T15:36:41.682+0530] {logging_mixin.py:190} INFO - [2026-07-18T15:36:41.682+0530] {dag.py:4180} INFO - Setting next_dagrun for example_nested_branch_dag to 2026-07-17 00:00:00+00:00, run_after=2026-07-18 00:00:00+00:00
[2026-07-18T15:36:41.686+0530] {processor.py:208} INFO - Processing /Users/bhavishyachallagolla/Desktop/RetailSense/.venv/lib/python3.12/site-packages/airflow/example_dags/example_nested_branch_dag.py took 0.048 seconds
[2026-07-18T15:38:13.651+0530] {processor.py:186} INFO - Started process (PID=3641) to work on /Users/bhavishyachallagolla/Desktop/RetailSense/.venv/lib/python3.12/site-packages/airflow/example_dags/example_nested_branch_dag.py
[2026-07-18T15:38:13.652+0530] {processor.py:914} INFO - Processing file /Users/bhavishyachallagolla/Desktop/RetailSense/.venv/lib/python3.12/site-packages/airflow/example_dags/example_nested_branch_dag.py for tasks to queue
[2026-07-18T15:38:13.652+0530] {logging_mixin.py:190} INFO - [2026-07-18T15:38:13.652+0530] {dagbag.py:588} INFO - Filling up the DagBag from /Users/bhavishyachallagolla/Desktop/RetailSense/.venv/lib/python3.12/site-packages/airflow/example_dags/example_nested_branch_dag.py
[2026-07-18T15:38:13.665+0530] {processor.py:925} INFO - DAG(s) 'example_nested_branch_dag' retrieved from /Users/bhavishyachallagolla/Desktop/RetailSense/.venv/lib/python3.12/site-packages/airflow/example_dags/example_nested_branch_dag.py
[2026-07-18T15:38:13.689+0530] {logging_mixin.py:190} INFO - [2026-07-18T15:38:13.689+0530] {dag.py:3239} INFO - Sync 1 DAGs
[2026-07-18T15:38:13.694+0530] {logging_mixin.py:190} INFO - [2026-07-18T15:38:13.694+0530] {dag.py:4180} INFO - Setting next_dagrun for example_nested_branch_dag to 2026-07-17 00:00:00+00:00, run_after=2026-07-18 00:00:00+00:00
[2026-07-18T15:38:13.698+0530] {processor.py:208} INFO - Processing /Users/bhavishyachallagolla/Desktop/RetailSense/.venv/lib/python3.12/site-packages/airflow/example_dags/example_nested_branch_dag.py took 0.048 seconds
[2026-07-18T15:40:05.484+0530] {processor.py:186} INFO - Started process (PID=3943) to work on /Users/bhavishyachallagolla/Desktop/RetailSense/.venv/lib/python3.12/site-packages/airflow/example_dags/example_nested_branch_dag.py
[2026-07-18T15:40:05.486+0530] {processor.py:914} INFO - Processing file /Users/bhavishyachallagolla/Desktop/RetailSense/.venv/lib/python3.12/site-packages/airflow/example_dags/example_nested_branch_dag.py for tasks to queue
[2026-07-18T15:40:05.486+0530] {logging_mixin.py:190} INFO - [2026-07-18T15:40:05.486+0530] {dagbag.py:588} INFO - Filling up the DagBag from /Users/bhavishyachallagolla/Desktop/RetailSense/.venv/lib/python3.12/site-packages/airflow/example_dags/example_nested_branch_dag.py
[2026-07-18T15:40:05.498+0530] {processor.py:925} INFO - DAG(s) 'example_nested_branch_dag' retrieved from /Users/bhavishyachallagolla/Desktop/RetailSense/.venv/lib/python3.12/site-packages/airflow/example_dags/example_nested_branch_dag.py
[2026-07-18T15:40:05.523+0530] {logging_mixin.py:190} INFO - [2026-07-18T15:40:05.523+0530] {dag.py:3239} INFO - Sync 1 DAGs
[2026-07-18T15:40:05.527+0530] {logging_mixin.py:190} INFO - [2026-07-18T15:40:05.527+0530] {dag.py:4180} INFO - Setting next_dagrun for example_nested_branch_dag to 2026-07-17 00:00:00+00:00, run_after=2026-07-18 00:00:00+00:00
[2026-07-18T15:40:05.532+0530] {processor.py:208} INFO - Processing /Users/bhavishyachallagolla/Desktop/RetailSense/.venv/lib/python3.12/site-packages/airflow/example_dags/example_nested_branch_dag.py took 0.048 seconds
[2026-07-18T15:41:44.848+0530] {processor.py:186} INFO - Started process (PID=4203) to work on /Users/bhavishyachallagolla/Desktop/RetailSense/.venv/lib/python3.12/site-packages/airflow/example_dags/example_nested_branch_dag.py
[2026-07-18T15:41:44.850+0530] {processor.py:914} INFO - Processing file /Users/bhavishyachallagolla/Desktop/RetailSense/.venv/lib/python3.12/site-packages/airflow/example_dags/example_nested_branch_dag.py for tasks to queue
[2026-07-18T15:41:44.850+0530] {logging_mixin.py:190} INFO - [2026-07-18T15:41:44.850+0530] {dagbag.py:588} INFO - Filling up the DagBag from /Users/bhavishyachallagolla/Desktop/RetailSense/.venv/lib/python3.12/site-packages/airflow/example_dags/example_nested_branch_dag.py
[2026-07-18T15:41:44.862+0530] {processor.py:925} INFO - DAG(s) 'example_nested_branch_dag' retrieved from /Users/bhavishyachallagolla/Desktop/RetailSense/.venv/lib/python3.12/site-packages/airflow/example_dags/example_nested_branch_dag.py
[2026-07-18T15:41:44.886+0530] {logging_mixin.py:190} INFO - [2026-07-18T15:41:44.886+0530] {dag.py:3239} INFO - Sync 1 DAGs
[2026-07-18T15:41:44.891+0530] {logging_mixin.py:190} INFO - [2026-07-18T15:41:44.891+0530] {dag.py:4180} INFO - Setting next_dagrun for example_nested_branch_dag to 2026-07-17 00:00:00+00:00, run_after=2026-07-18 00:00:00+00:00
[2026-07-18T15:41:44.895+0530] {processor.py:208} INFO - Processing /Users/bhavishyachallagolla/Desktop/RetailSense/.venv/lib/python3.12/site-packages/airflow/example_dags/example_nested_branch_dag.py took 0.048 seconds
[2026-07-18T15:43:31.030+0530] {processor.py:186} INFO - Started process (PID=4501) to work on /Users/bhavishyachallagolla/Desktop/RetailSense/.venv/lib/python3.12/site-packages/airflow/example_dags/example_nested_branch_dag.py
[2026-07-18T15:43:31.031+0530] {processor.py:914} INFO - Processing file /Users/bhavishyachallagolla/Desktop/RetailSense/.venv/lib/python3.12/site-packages/airflow/example_dags/example_nested_branch_dag.py for tasks to queue
[2026-07-18T15:43:31.032+0530] {logging_mixin.py:190} INFO - [2026-07-18T15:43:31.032+0530] {dagbag.py:588} INFO - Filling up the DagBag from /Users/bhavishyachallagolla/Desktop/RetailSense/.venv/lib/python3.12/site-packages/airflow/example_dags/example_nested_branch_dag.py
[2026-07-18T15:43:31.045+0530] {processor.py:925} INFO - DAG(s) 'example_nested_branch_dag' retrieved from /Users/bhavishyachallagolla/Desktop/RetailSense/.venv/lib/python3.12/site-packages/airflow/example_dags/example_nested_branch_dag.py
[2026-07-18T15:43:31.069+0530] {logging_mixin.py:190} INFO - [2026-07-18T15:43:31.069+0530] {dag.py:3239} INFO - Sync 1 DAGs
[2026-07-18T15:43:31.074+0530] {logging_mixin.py:190} INFO - [2026-07-18T15:43:31.073+0530] {dag.py:4180} INFO - Setting next_dagrun for example_nested_branch_dag to 2026-07-17 00:00:00+00:00, run_after=2026-07-18 00:00:00+00:00
[2026-07-18T15:43:31.078+0530] {processor.py:208} INFO - Processing /Users/bhavishyachallagolla/Desktop/RetailSense/.venv/lib/python3.12/site-packages/airflow/example_dags/example_nested_branch_dag.py took 0.049 seconds
[2026-07-18T15:45:24.618+0530] {processor.py:186} INFO - Started process (PID=4784) to work on /Users/bhavishyachallagolla/Desktop/RetailSense/.venv/lib/python3.12/site-packages/airflow/example_dags/example_nested_branch_dag.py
[2026-07-18T15:45:24.619+0530] {processor.py:914} INFO - Processing file /Users/bhavishyachallagolla/Desktop/RetailSense/.venv/lib/python3.12/site-packages/airflow/example_dags/example_nested_branch_dag.py for tasks to queue
[2026-07-18T15:45:24.619+0530] {logging_mixin.py:190} INFO - [2026-07-18T15:45:24.619+0530] {dagbag.py:588} INFO - Filling up the DagBag from /Users/bhavishyachallagolla/Desktop/RetailSense/.venv/lib/python3.12/site-packages/airflow/example_dags/example_nested_branch_dag.py
[2026-07-18T15:45:24.632+0530] {processor.py:925} INFO - DAG(s) 'example_nested_branch_dag' retrieved from /Users/bhavishyachallagolla/Desktop/RetailSense/.venv/lib/python3.12/site-packages/airflow/example_dags/example_nested_branch_dag.py
[2026-07-18T15:45:24.657+0530] {logging_mixin.py:190} INFO - [2026-07-18T15:45:24.657+0530] {dag.py:3239} INFO - Sync 1 DAGs
[2026-07-18T15:45:24.662+0530] {logging_mixin.py:190} INFO - [2026-07-18T15:45:24.662+0530] {dag.py:4180} INFO - Setting next_dagrun for example_nested_branch_dag to 2026-07-17 00:00:00+00:00, run_after=2026-07-18 00:00:00+00:00
[2026-07-18T15:45:24.666+0530] {processor.py:208} INFO - Processing /Users/bhavishyachallagolla/Desktop/RetailSense/.venv/lib/python3.12/site-packages/airflow/example_dags/example_nested_branch_dag.py took 0.050 seconds
[2026-07-18T15:47:08.882+0530] {processor.py:186} INFO - Started process (PID=5065) to work on /Users/bhavishyachallagolla/Desktop/RetailSense/.venv/lib/python3.12/site-packages/airflow/example_dags/example_nested_branch_dag.py
[2026-07-18T15:47:08.883+0530] {processor.py:914} INFO - Processing file /Users/bhavishyachallagolla/Desktop/RetailSense/.venv/lib/python3.12/site-packages/airflow/example_dags/example_nested_branch_dag.py for tasks to queue
[2026-07-18T15:47:08.883+0530] {logging_mixin.py:190} INFO - [2026-07-18T15:47:08.883+0530] {dagbag.py:588} INFO - Filling up the DagBag from /Users/bhavishyachallagolla/Desktop/RetailSense/.venv/lib/python3.12/site-packages/airflow/example_dags/example_nested_branch_dag.py
[2026-07-18T15:47:08.897+0530] {processor.py:925} INFO - DAG(s) 'example_nested_branch_dag' retrieved from /Users/bhavishyachallagolla/Desktop/RetailSense/.venv/lib/python3.12/site-packages/airflow/example_dags/example_nested_branch_dag.py
[2026-07-18T15:47:08.922+0530] {logging_mixin.py:190} INFO - [2026-07-18T15:47:08.922+0530] {dag.py:3239} INFO - Sync 1 DAGs
[2026-07-18T15:47:08.927+0530] {logging_mixin.py:190} INFO - [2026-07-18T15:47:08.927+0530] {dag.py:4180} INFO - Setting next_dagrun for example_nested_branch_dag to 2026-07-17 00:00:00+00:00, run_after=2026-07-18 00:00:00+00:00
[2026-07-18T15:47:08.932+0530] {processor.py:208} INFO - Processing /Users/bhavishyachallagolla/Desktop/RetailSense/.venv/lib/python3.12/site-packages/airflow/example_dags/example_nested_branch_dag.py took 0.051 seconds
[2026-07-18T15:48:53.831+0530] {processor.py:186} INFO - Started process (PID=5354) to work on /Users/bhavishyachallagolla/Desktop/RetailSense/.venv/lib/python3.12/site-packages/airflow/example_dags/example_nested_branch_dag.py
[2026-07-18T15:48:53.832+0530] {processor.py:914} INFO - Processing file /Users/bhavishyachallagolla/Desktop/RetailSense/.venv/lib/python3.12/site-packages/airflow/example_dags/example_nested_branch_dag.py for tasks to queue
[2026-07-18T15:48:53.832+0530] {logging_mixin.py:190} INFO - [2026-07-18T15:48:53.832+0530] {dagbag.py:588} INFO - Filling up the DagBag from /Users/bhavishyachallagolla/Desktop/RetailSense/.venv/lib/python3.12/site-packages/airflow/example_dags/example_nested_branch_dag.py
[2026-07-18T15:48:53.846+0530] {processor.py:925} INFO - DAG(s) 'example_nested_branch_dag' retrieved from /Users/bhavishyachallagolla/Desktop/RetailSense/.venv/lib/python3.12/site-packages/airflow/example_dags/example_nested_branch_dag.py
[2026-07-18T15:48:53.872+0530] {logging_mixin.py:190} INFO - [2026-07-18T15:48:53.872+0530] {dag.py:3239} INFO - Sync 1 DAGs
[2026-07-18T15:48:53.878+0530] {logging_mixin.py:190} INFO - [2026-07-18T15:48:53.878+0530] {dag.py:4180} INFO - Setting next_dagrun for example_nested_branch_dag to 2026-07-17 00:00:00+00:00, run_after=2026-07-18 00:00:00+00:00
[2026-07-18T15:48:53.883+0530] {processor.py:208} INFO - Processing /Users/bhavishyachallagolla/Desktop/RetailSense/.venv/lib/python3.12/site-packages/airflow/example_dags/example_nested_branch_dag.py took 0.053 seconds
[2026-07-18T15:50:40.326+0530] {processor.py:186} INFO - Started process (PID=5629) to work on /Users/bhavishyachallagolla/Desktop/RetailSense/.venv/lib/python3.12/site-packages/airflow/example_dags/example_nested_branch_dag.py
[2026-07-18T15:50:40.326+0530] {processor.py:914} INFO - Processing file /Users/bhavishyachallagolla/Desktop/RetailSense/.venv/lib/python3.12/site-packages/airflow/example_dags/example_nested_branch_dag.py for tasks to queue
[2026-07-18T15:50:40.326+0530] {logging_mixin.py:190} INFO - [2026-07-18T15:50:40.326+0530] {dagbag.py:588} INFO - Filling up the DagBag from /Users/bhavishyachallagolla/Desktop/RetailSense/.venv/lib/python3.12/site-packages/airflow/example_dags/example_nested_branch_dag.py
[2026-07-18T15:50:40.339+0530] {processor.py:925} INFO - DAG(s) 'example_nested_branch_dag' retrieved from /Users/bhavishyachallagolla/Desktop/RetailSense/.venv/lib/python3.12/site-packages/airflow/example_dags/example_nested_branch_dag.py
[2026-07-18T15:50:40.364+0530] {logging_mixin.py:190} INFO - [2026-07-18T15:50:40.364+0530] {dag.py:3239} INFO - Sync 1 DAGs
[2026-07-18T15:50:40.369+0530] {logging_mixin.py:190} INFO - [2026-07-18T15:50:40.369+0530] {dag.py:4180} INFO - Setting next_dagrun for example_nested_branch_dag to 2026-07-17 00:00:00+00:00, run_after=2026-07-18 00:00:00+00:00
[2026-07-18T15:50:40.373+0530] {processor.py:208} INFO - Processing /Users/bhavishyachallagolla/Desktop/RetailSense/.venv/lib/python3.12/site-packages/airflow/example_dags/example_nested_branch_dag.py took 0.049 seconds
[2026-07-18T15:52:21.270+0530] {processor.py:186} INFO - Started process (PID=5882) to work on /Users/bhavishyachallagolla/Desktop/RetailSense/.venv/lib/python3.12/site-packages/airflow/example_dags/example_nested_branch_dag.py
[2026-07-18T15:52:21.272+0530] {processor.py:914} INFO - Processing file /Users/bhavishyachallagolla/Desktop/RetailSense/.venv/lib/python3.12/site-packages/airflow/example_dags/example_nested_branch_dag.py for tasks to queue
[2026-07-18T15:52:21.272+0530] {logging_mixin.py:190} INFO - [2026-07-18T15:52:21.272+0530] {dagbag.py:588} INFO - Filling up the DagBag from /Users/bhavishyachallagolla/Desktop/RetailSense/.venv/lib/python3.12/site-packages/airflow/example_dags/example_nested_branch_dag.py
[2026-07-18T15:52:21.285+0530] {processor.py:925} INFO - DAG(s) 'example_nested_branch_dag' retrieved from /Users/bhavishyachallagolla/Desktop/RetailSense/.venv/lib/python3.12/site-packages/airflow/example_dags/example_nested_branch_dag.py
[2026-07-18T15:52:21.310+0530] {logging_mixin.py:190} INFO - [2026-07-18T15:52:21.309+0530] {dag.py:3239} INFO - Sync 1 DAGs
[2026-07-18T15:52:21.314+0530] {logging_mixin.py:190} INFO - [2026-07-18T15:52:21.314+0530] {dag.py:4180} INFO - Setting next_dagrun for example_nested_branch_dag to 2026-07-17 00:00:00+00:00, run_after=2026-07-18 00:00:00+00:00
[2026-07-18T15:52:21.319+0530] {processor.py:208} INFO - Processing /Users/bhavishyachallagolla/Desktop/RetailSense/.venv/lib/python3.12/site-packages/airflow/example_dags/example_nested_branch_dag.py took 0.049 seconds
[2026-07-18T15:54:04.539+0530] {processor.py:186} INFO - Started process (PID=6147) to work on /Users/bhavishyachallagolla/Desktop/RetailSense/.venv/lib/python3.12/site-packages/airflow/example_dags/example_nested_branch_dag.py
[2026-07-18T15:54:04.540+0530] {processor.py:914} INFO - Processing file /Users/bhavishyachallagolla/Desktop/RetailSense/.venv/lib/python3.12/site-packages/airflow/example_dags/example_nested_branch_dag.py for tasks to queue
[2026-07-18T15:54:04.541+0530] {logging_mixin.py:190} INFO - [2026-07-18T15:54:04.541+0530] {dagbag.py:588} INFO - Filling up the DagBag from /Users/bhavishyachallagolla/Desktop/RetailSense/.venv/lib/python3.12/site-packages/airflow/example_dags/example_nested_branch_dag.py
[2026-07-18T15:54:04.553+0530] {processor.py:925} INFO - DAG(s) 'example_nested_branch_dag' retrieved from /Users/bhavishyachallagolla/Desktop/RetailSense/.venv/lib/python3.12/site-packages/airflow/example_dags/example_nested_branch_dag.py
[2026-07-18T15:54:04.578+0530] {logging_mixin.py:190} INFO - [2026-07-18T15:54:04.577+0530] {dag.py:3239} INFO - Sync 1 DAGs
[2026-07-18T15:54:04.582+0530] {logging_mixin.py:190} INFO - [2026-07-18T15:54:04.582+0530] {dag.py:4180} INFO - Setting next_dagrun for example_nested_branch_dag to 2026-07-17 00:00:00+00:00, run_after=2026-07-18 00:00:00+00:00
[2026-07-18T15:54:04.587+0530] {processor.py:208} INFO - Processing /Users/bhavishyachallagolla/Desktop/RetailSense/.venv/lib/python3.12/site-packages/airflow/example_dags/example_nested_branch_dag.py took 0.049 seconds
[2026-07-18T15:55:50.143+0530] {processor.py:186} INFO - Started process (PID=6412) to work on /Users/bhavishyachallagolla/Desktop/RetailSense/.venv/lib/python3.12/site-packages/airflow/example_dags/example_nested_branch_dag.py
[2026-07-18T15:55:50.144+0530] {processor.py:914} INFO - Processing file /Users/bhavishyachallagolla/Desktop/RetailSense/.venv/lib/python3.12/site-packages/airflow/example_dags/example_nested_branch_dag.py for tasks to queue
[2026-07-18T15:55:50.145+0530] {logging_mixin.py:190} INFO - [2026-07-18T15:55:50.145+0530] {dagbag.py:588} INFO - Filling up the DagBag from /Users/bhavishyachallagolla/Desktop/RetailSense/.venv/lib/python3.12/site-packages/airflow/example_dags/example_nested_branch_dag.py
[2026-07-18T15:55:50.157+0530] {processor.py:925} INFO - DAG(s) 'example_nested_branch_dag' retrieved from /Users/bhavishyachallagolla/Desktop/RetailSense/.venv/lib/python3.12/site-packages/airflow/example_dags/example_nested_branch_dag.py
[2026-07-18T15:55:50.182+0530] {logging_mixin.py:190} INFO - [2026-07-18T15:55:50.182+0530] {dag.py:3239} INFO - Sync 1 DAGs
[2026-07-18T15:55:50.187+0530] {logging_mixin.py:190} INFO - [2026-07-18T15:55:50.187+0530] {dag.py:4180} INFO - Setting next_dagrun for example_nested_branch_dag to 2026-07-17 00:00:00+00:00, run_after=2026-07-18 00:00:00+00:00
[2026-07-18T15:55:50.192+0530] {processor.py:208} INFO - Processing /Users/bhavishyachallagolla/Desktop/RetailSense/.venv/lib/python3.12/site-packages/airflow/example_dags/example_nested_branch_dag.py took 0.049 seconds
