[2026-07-18T15:36:53.461+0530] {processor.py:186} INFO - Started process (PID=3434) to work on /Users/bhavishyachallagolla/Desktop/RetailSense/.venv/lib/python3.12/site-packages/airflow/example_dags/example_dynamic_task_mapping.py
[2026-07-18T15:36:53.462+0530] {processor.py:914} INFO - Processing file /Users/bhavishyachallagolla/Desktop/RetailSense/.venv/lib/python3.12/site-packages/airflow/example_dags/example_dynamic_task_mapping.py for tasks to queue
[2026-07-18T15:36:53.462+0530] {logging_mixin.py:190} INFO - [2026-07-18T15:36:53.462+0530] {dagbag.py:588} INFO - Filling up the DagBag from /Users/bhavishyachallagolla/Desktop/RetailSense/.venv/lib/python3.12/site-packages/airflow/example_dags/example_dynamic_task_mapping.py
[2026-07-18T15:36:53.474+0530] {processor.py:925} INFO - DAG(s) 'example_dynamic_task_mapping' retrieved from /Users/bhavishyachallagolla/Desktop/RetailSense/.venv/lib/python3.12/site-packages/airflow/example_dags/example_dynamic_task_mapping.py
[2026-07-18T15:36:53.498+0530] {logging_mixin.py:190} INFO - [2026-07-18T15:36:53.498+0530] {dag.py:3239} INFO - Sync 1 DAGs
[2026-07-18T15:36:53.501+0530] {logging_mixin.py:190} INFO - [2026-07-18T15:36:53.501+0530] {dag.py:4180} INFO - Setting next_dagrun for example_dynamic_task_mapping to None, run_after=None
[2026-07-18T15:36:53.507+0530] {processor.py:208} INFO - Processing /Users/bhavishyachallagolla/Desktop/RetailSense/.venv/lib/python3.12/site-packages/airflow/example_dags/example_dynamic_task_mapping.py took 0.046 seconds
[2026-07-18T15:38:57.051+0530] {processor.py:186} INFO - Started process (PID=3765) to work on /Users/bhavishyachallagolla/Desktop/RetailSense/.venv/lib/python3.12/site-packages/airflow/example_dags/example_dynamic_task_mapping.py
[2026-07-18T15:38:57.052+0530] {processor.py:914} INFO - Processing file /Users/bhavishyachallagolla/Desktop/RetailSense/.venv/lib/python3.12/site-packages/airflow/example_dags/example_dynamic_task_mapping.py for tasks to queue
[2026-07-18T15:38:57.052+0530] {logging_mixin.py:190} INFO - [2026-07-18T15:38:57.052+0530] {dagbag.py:588} INFO - Filling up the DagBag from /Users/bhavishyachallagolla/Desktop/RetailSense/.venv/lib/python3.12/site-packages/airflow/example_dags/example_dynamic_task_mapping.py
[2026-07-18T15:38:57.064+0530] {processor.py:925} INFO - DAG(s) 'example_dynamic_task_mapping' retrieved from /Users/bhavishyachallagolla/Desktop/RetailSense/.venv/lib/python3.12/site-packages/airflow/example_dags/example_dynamic_task_mapping.py
[2026-07-18T15:38:57.087+0530] {logging_mixin.py:190} INFO - [2026-07-18T15:38:57.087+0530] {dag.py:3239} INFO - Sync 1 DAGs
[2026-07-18T15:38:57.090+0530] {logging_mixin.py:190} INFO - [2026-07-18T15:38:57.090+0530] {dag.py:4180} INFO - Setting next_dagrun for example_dynamic_task_mapping to None, run_after=None
[2026-07-18T15:38:57.094+0530] {processor.py:208} INFO - Processing /Users/bhavishyachallagolla/Desktop/RetailSense/.venv/lib/python3.12/site-packages/airflow/example_dags/example_dynamic_task_mapping.py took 0.044 seconds
[2026-07-18T15:40:38.019+0530] {processor.py:186} INFO - Started process (PID=4022) to work on /Users/bhavishyachallagolla/Desktop/RetailSense/.venv/lib/python3.12/site-packages/airflow/example_dags/example_dynamic_task_mapping.py
[2026-07-18T15:40:38.020+0530] {processor.py:914} INFO - Processing file /Users/bhavishyachallagolla/Desktop/RetailSense/.venv/lib/python3.12/site-packages/airflow/example_dags/example_dynamic_task_mapping.py for tasks to queue
[2026-07-18T15:40:38.020+0530] {logging_mixin.py:190} INFO - [2026-07-18T15:40:38.020+0530] {dagbag.py:588} INFO - Filling up the DagBag from /Users/bhavishyachallagolla/Desktop/RetailSense/.venv/lib/python3.12/site-packages/airflow/example_dags/example_dynamic_task_mapping.py
[2026-07-18T15:40:38.033+0530] {processor.py:925} INFO - DAG(s) 'example_dynamic_task_mapping' retrieved from /Users/bhavishyachallagolla/Desktop/RetailSense/.venv/lib/python3.12/site-packages/airflow/example_dags/example_dynamic_task_mapping.py
[2026-07-18T15:40:38.057+0530] {logging_mixin.py:190} INFO - [2026-07-18T15:40:38.056+0530] {dag.py:3239} INFO - Sync 1 DAGs
[2026-07-18T15:40:38.059+0530] {logging_mixin.py:190} INFO - [2026-07-18T15:40:38.059+0530] {dag.py:4180} INFO - Setting next_dagrun for example_dynamic_task_mapping to None, run_after=None
[2026-07-18T15:40:38.064+0530] {processor.py:208} INFO - Processing /Users/bhavishyachallagolla/Desktop/RetailSense/.venv/lib/python3.12/site-packages/airflow/example_dags/example_dynamic_task_mapping.py took 0.046 seconds
[2026-07-18T15:42:19.112+0530] {processor.py:186} INFO - Started process (PID=4289) to work on /Users/bhavishyachallagolla/Desktop/RetailSense/.venv/lib/python3.12/site-packages/airflow/example_dags/example_dynamic_task_mapping.py
[2026-07-18T15:42:19.113+0530] {processor.py:914} INFO - Processing file /Users/bhavishyachallagolla/Desktop/RetailSense/.venv/lib/python3.12/site-packages/airflow/example_dags/example_dynamic_task_mapping.py for tasks to queue
[2026-07-18T15:42:19.113+0530] {logging_mixin.py:190} INFO - [2026-07-18T15:42:19.113+0530] {dagbag.py:588} INFO - Filling up the DagBag from /Users/bhavishyachallagolla/Desktop/RetailSense/.venv/lib/python3.12/site-packages/airflow/example_dags/example_dynamic_task_mapping.py
[2026-07-18T15:42:19.125+0530] {processor.py:925} INFO - DAG(s) 'example_dynamic_task_mapping' retrieved from /Users/bhavishyachallagolla/Desktop/RetailSense/.venv/lib/python3.12/site-packages/airflow/example_dags/example_dynamic_task_mapping.py
[2026-07-18T15:42:19.150+0530] {logging_mixin.py:190} INFO - [2026-07-18T15:42:19.150+0530] {dag.py:3239} INFO - Sync 1 DAGs
[2026-07-18T15:42:19.153+0530] {logging_mixin.py:190} INFO - [2026-07-18T15:42:19.153+0530] {dag.py:4180} INFO - Setting next_dagrun for example_dynamic_task_mapping to None, run_after=None
[2026-07-18T15:42:19.158+0530] {processor.py:208} INFO - Processing /Users/bhavishyachallagolla/Desktop/RetailSense/.venv/lib/python3.12/site-packages/airflow/example_dags/example_dynamic_task_mapping.py took 0.047 seconds
[2026-07-18T15:44:14.204+0530] {processor.py:186} INFO - Started process (PID=4609) to work on /Users/bhavishyachallagolla/Desktop/RetailSense/.venv/lib/python3.12/site-packages/airflow/example_dags/example_dynamic_task_mapping.py
[2026-07-18T15:44:14.205+0530] {processor.py:914} INFO - Processing file /Users/bhavishyachallagolla/Desktop/RetailSense/.venv/lib/python3.12/site-packages/airflow/example_dags/example_dynamic_task_mapping.py for tasks to queue
[2026-07-18T15:44:14.205+0530] {logging_mixin.py:190} INFO - [2026-07-18T15:44:14.205+0530] {dagbag.py:588} INFO - Filling up the DagBag from /Users/bhavishyachallagolla/Desktop/RetailSense/.venv/lib/python3.12/site-packages/airflow/example_dags/example_dynamic_task_mapping.py
[2026-07-18T15:44:14.217+0530] {processor.py:925} INFO - DAG(s) 'example_dynamic_task_mapping' retrieved from /Users/bhavishyachallagolla/Desktop/RetailSense/.venv/lib/python3.12/site-packages/airflow/example_dags/example_dynamic_task_mapping.py
[2026-07-18T15:44:14.241+0530] {logging_mixin.py:190} INFO - [2026-07-18T15:44:14.240+0530] {dag.py:3239} INFO - Sync 1 DAGs
[2026-07-18T15:44:14.243+0530] {logging_mixin.py:190} INFO - [2026-07-18T15:44:14.243+0530] {dag.py:4180} INFO - Setting next_dagrun for example_dynamic_task_mapping to None, run_after=None
[2026-07-18T15:44:14.248+0530] {processor.py:208} INFO - Processing /Users/bhavishyachallagolla/Desktop/RetailSense/.venv/lib/python3.12/site-packages/airflow/example_dags/example_dynamic_task_mapping.py took 0.045 seconds
[2026-07-18T15:45:58.239+0530] {processor.py:186} INFO - Started process (PID=4868) to work on /Users/bhavishyachallagolla/Desktop/RetailSense/.venv/lib/python3.12/site-packages/airflow/example_dags/example_dynamic_task_mapping.py
[2026-07-18T15:45:58.240+0530] {processor.py:914} INFO - Processing file /Users/bhavishyachallagolla/Desktop/RetailSense/.venv/lib/python3.12/site-packages/airflow/example_dags/example_dynamic_task_mapping.py for tasks to queue
[2026-07-18T15:45:58.240+0530] {logging_mixin.py:190} INFO - [2026-07-18T15:45:58.240+0530] {dagbag.py:588} INFO - Filling up the DagBag from /Users/bhavishyachallagolla/Desktop/RetailSense/.venv/lib/python3.12/site-packages/airflow/example_dags/example_dynamic_task_mapping.py
[2026-07-18T15:45:58.252+0530] {processor.py:925} INFO - DAG(s) 'example_dynamic_task_mapping' retrieved from /Users/bhavishyachallagolla/Desktop/RetailSense/.venv/lib/python3.12/site-packages/airflow/example_dags/example_dynamic_task_mapping.py
[2026-07-18T15:45:58.276+0530] {logging_mixin.py:190} INFO - [2026-07-18T15:45:58.276+0530] {dag.py:3239} INFO - Sync 1 DAGs
[2026-07-18T15:45:58.279+0530] {logging_mixin.py:190} INFO - [2026-07-18T15:45:58.279+0530] {dag.py:4180} INFO - Setting next_dagrun for example_dynamic_task_mapping to None, run_after=None
[2026-07-18T15:45:58.283+0530] {processor.py:208} INFO - Processing /Users/bhavishyachallagolla/Desktop/RetailSense/.venv/lib/python3.12/site-packages/airflow/example_dags/example_dynamic_task_mapping.py took 0.045 seconds
[2026-07-18T15:47:42.535+0530] {processor.py:186} INFO - Started process (PID=5154) to work on /Users/bhavishyachallagolla/Desktop/RetailSense/.venv/lib/python3.12/site-packages/airflow/example_dags/example_dynamic_task_mapping.py
[2026-07-18T15:47:42.536+0530] {processor.py:914} INFO - Processing file /Users/bhavishyachallagolla/Desktop/RetailSense/.venv/lib/python3.12/site-packages/airflow/example_dags/example_dynamic_task_mapping.py for tasks to queue
[2026-07-18T15:47:42.536+0530] {logging_mixin.py:190} INFO - [2026-07-18T15:47:42.536+0530] {dagbag.py:588} INFO - Filling up the DagBag from /Users/bhavishyachallagolla/Desktop/RetailSense/.venv/lib/python3.12/site-packages/airflow/example_dags/example_dynamic_task_mapping.py
[2026-07-18T15:47:42.548+0530] {processor.py:925} INFO - DAG(s) 'example_dynamic_task_mapping' retrieved from /Users/bhavishyachallagolla/Desktop/RetailSense/.venv/lib/python3.12/site-packages/airflow/example_dags/example_dynamic_task_mapping.py
[2026-07-18T15:47:42.572+0530] {logging_mixin.py:190} INFO - [2026-07-18T15:47:42.571+0530] {dag.py:3239} INFO - Sync 1 DAGs
[2026-07-18T15:47:42.574+0530] {logging_mixin.py:190} INFO - [2026-07-18T15:47:42.574+0530] {dag.py:4180} INFO - Setting next_dagrun for example_dynamic_task_mapping to None, run_after=None
[2026-07-18T15:47:42.579+0530] {processor.py:208} INFO - Processing /Users/bhavishyachallagolla/Desktop/RetailSense/.venv/lib/python3.12/site-packages/airflow/example_dags/example_dynamic_task_mapping.py took 0.045 seconds
[2026-07-18T15:49:28.980+0530] {processor.py:186} INFO - Started process (PID=5447) to work on /Users/bhavishyachallagolla/Desktop/RetailSense/.venv/lib/python3.12/site-packages/airflow/example_dags/example_dynamic_task_mapping.py
[2026-07-18T15:49:28.981+0530] {processor.py:914} INFO - Processing file /Users/bhavishyachallagolla/Desktop/RetailSense/.venv/lib/python3.12/site-packages/airflow/example_dags/example_dynamic_task_mapping.py for tasks to queue
[2026-07-18T15:49:28.982+0530] {logging_mixin.py:190} INFO - [2026-07-18T15:49:28.982+0530] {dagbag.py:588} INFO - Filling up the DagBag from /Users/bhavishyachallagolla/Desktop/RetailSense/.venv/lib/python3.12/site-packages/airflow/example_dags/example_dynamic_task_mapping.py
[2026-07-18T15:49:28.994+0530] {processor.py:925} INFO - DAG(s) 'example_dynamic_task_mapping' retrieved from /Users/bhavishyachallagolla/Desktop/RetailSense/.venv/lib/python3.12/site-packages/airflow/example_dags/example_dynamic_task_mapping.py
[2026-07-18T15:49:29.020+0530] {logging_mixin.py:190} INFO - [2026-07-18T15:49:29.020+0530] {dag.py:3239} INFO - Sync 1 DAGs
[2026-07-18T15:49:29.023+0530] {logging_mixin.py:190} INFO - [2026-07-18T15:49:29.023+0530] {dag.py:4180} INFO - Setting next_dagrun for example_dynamic_task_mapping to None, run_after=None
[2026-07-18T15:49:29.028+0530] {processor.py:208} INFO - Processing /Users/bhavishyachallagolla/Desktop/RetailSense/.venv/lib/python3.12/site-packages/airflow/example_dags/example_dynamic_task_mapping.py took 0.048 seconds
[2026-07-18T15:51:13.989+0530] {processor.py:186} INFO - Started process (PID=5712) to work on /Users/bhavishyachallagolla/Desktop/RetailSense/.venv/lib/python3.12/site-packages/airflow/example_dags/example_dynamic_task_mapping.py
[2026-07-18T15:51:13.991+0530] {processor.py:914} INFO - Processing file /Users/bhavishyachallagolla/Desktop/RetailSense/.venv/lib/python3.12/site-packages/airflow/example_dags/example_dynamic_task_mapping.py for tasks to queue
[2026-07-18T15:51:13.991+0530] {logging_mixin.py:190} INFO - [2026-07-18T15:51:13.991+0530] {dagbag.py:588} INFO - Filling up the DagBag from /Users/bhavishyachallagolla/Desktop/RetailSense/.venv/lib/python3.12/site-packages/airflow/example_dags/example_dynamic_task_mapping.py
[2026-07-18T15:51:14.004+0530] {processor.py:925} INFO - DAG(s) 'example_dynamic_task_mapping' retrieved from /Users/bhavishyachallagolla/Desktop/RetailSense/.venv/lib/python3.12/site-packages/airflow/example_dags/example_dynamic_task_mapping.py
[2026-07-18T15:51:14.029+0530] {logging_mixin.py:190} INFO - [2026-07-18T15:51:14.029+0530] {dag.py:3239} INFO - Sync 1 DAGs
[2026-07-18T15:51:14.032+0530] {logging_mixin.py:190} INFO - [2026-07-18T15:51:14.032+0530] {dag.py:4180} INFO - Setting next_dagrun for example_dynamic_task_mapping to None, run_after=None
[2026-07-18T15:51:14.037+0530] {processor.py:208} INFO - Processing /Users/bhavishyachallagolla/Desktop/RetailSense/.venv/lib/python3.12/site-packages/airflow/example_dags/example_dynamic_task_mapping.py took 0.048 seconds
[2026-07-18T15:52:55.156+0530] {processor.py:186} INFO - Started process (PID=5975) to work on /Users/bhavishyachallagolla/Desktop/RetailSense/.venv/lib/python3.12/site-packages/airflow/example_dags/example_dynamic_task_mapping.py
[2026-07-18T15:52:55.157+0530] {processor.py:914} INFO - Processing file /Users/bhavishyachallagolla/Desktop/RetailSense/.venv/lib/python3.12/site-packages/airflow/example_dags/example_dynamic_task_mapping.py for tasks to queue
[2026-07-18T15:52:55.157+0530] {logging_mixin.py:190} INFO - [2026-07-18T15:52:55.157+0530] {dagbag.py:588} INFO - Filling up the DagBag from /Users/bhavishyachallagolla/Desktop/RetailSense/.venv/lib/python3.12/site-packages/airflow/example_dags/example_dynamic_task_mapping.py
[2026-07-18T15:52:55.169+0530] {processor.py:925} INFO - DAG(s) 'example_dynamic_task_mapping' retrieved from /Users/bhavishyachallagolla/Desktop/RetailSense/.venv/lib/python3.12/site-packages/airflow/example_dags/example_dynamic_task_mapping.py
[2026-07-18T15:52:55.193+0530] {logging_mixin.py:190} INFO - [2026-07-18T15:52:55.193+0530] {dag.py:3239} INFO - Sync 1 DAGs
[2026-07-18T15:52:55.195+0530] {logging_mixin.py:190} INFO - [2026-07-18T15:52:55.195+0530] {dag.py:4180} INFO - Setting next_dagrun for example_dynamic_task_mapping to None, run_after=None
[2026-07-18T15:52:55.200+0530] {processor.py:208} INFO - Processing /Users/bhavishyachallagolla/Desktop/RetailSense/.venv/lib/python3.12/site-packages/airflow/example_dags/example_dynamic_task_mapping.py took 0.045 seconds
[2026-07-18T15:54:41.378+0530] {processor.py:186} INFO - Started process (PID=6236) to work on /Users/bhavishyachallagolla/Desktop/RetailSense/.venv/lib/python3.12/site-packages/airflow/example_dags/example_dynamic_task_mapping.py
[2026-07-18T15:54:41.379+0530] {processor.py:914} INFO - Processing file /Users/bhavishyachallagolla/Desktop/RetailSense/.venv/lib/python3.12/site-packages/airflow/example_dags/example_dynamic_task_mapping.py for tasks to queue
[2026-07-18T15:54:41.379+0530] {logging_mixin.py:190} INFO - [2026-07-18T15:54:41.379+0530] {dagbag.py:588} INFO - Filling up the DagBag from /Users/bhavishyachallagolla/Desktop/RetailSense/.venv/lib/python3.12/site-packages/airflow/example_dags/example_dynamic_task_mapping.py
[2026-07-18T15:54:41.391+0530] {processor.py:925} INFO - DAG(s) 'example_dynamic_task_mapping' retrieved from /Users/bhavishyachallagolla/Desktop/RetailSense/.venv/lib/python3.12/site-packages/airflow/example_dags/example_dynamic_task_mapping.py
[2026-07-18T15:54:41.414+0530] {logging_mixin.py:190} INFO - [2026-07-18T15:54:41.414+0530] {dag.py:3239} INFO - Sync 1 DAGs
[2026-07-18T15:54:41.417+0530] {logging_mixin.py:190} INFO - [2026-07-18T15:54:41.417+0530] {dag.py:4180} INFO - Setting next_dagrun for example_dynamic_task_mapping to None, run_after=None
[2026-07-18T15:54:41.422+0530] {processor.py:208} INFO - Processing /Users/bhavishyachallagolla/Desktop/RetailSense/.venv/lib/python3.12/site-packages/airflow/example_dags/example_dynamic_task_mapping.py took 0.045 seconds
[2026-07-18T15:56:25.347+0530] {processor.py:186} INFO - Started process (PID=6495) to work on /Users/bhavishyachallagolla/Desktop/RetailSense/.venv/lib/python3.12/site-packages/airflow/example_dags/example_dynamic_task_mapping.py
[2026-07-18T15:56:25.348+0530] {processor.py:914} INFO - Processing file /Users/bhavishyachallagolla/Desktop/RetailSense/.venv/lib/python3.12/site-packages/airflow/example_dags/example_dynamic_task_mapping.py for tasks to queue
[2026-07-18T15:56:25.349+0530] {logging_mixin.py:190} INFO - [2026-07-18T15:56:25.349+0530] {dagbag.py:588} INFO - Filling up the DagBag from /Users/bhavishyachallagolla/Desktop/RetailSense/.venv/lib/python3.12/site-packages/airflow/example_dags/example_dynamic_task_mapping.py
[2026-07-18T15:56:25.362+0530] {processor.py:925} INFO - DAG(s) 'example_dynamic_task_mapping' retrieved from /Users/bhavishyachallagolla/Desktop/RetailSense/.venv/lib/python3.12/site-packages/airflow/example_dags/example_dynamic_task_mapping.py
[2026-07-18T15:56:25.386+0530] {logging_mixin.py:190} INFO - [2026-07-18T15:56:25.386+0530] {dag.py:3239} INFO - Sync 1 DAGs
[2026-07-18T15:56:25.389+0530] {logging_mixin.py:190} INFO - [2026-07-18T15:56:25.389+0530] {dag.py:4180} INFO - Setting next_dagrun for example_dynamic_task_mapping to None, run_after=None
[2026-07-18T15:56:25.394+0530] {processor.py:208} INFO - Processing /Users/bhavishyachallagolla/Desktop/RetailSense/.venv/lib/python3.12/site-packages/airflow/example_dags/example_dynamic_task_mapping.py took 0.048 seconds
