[2026-07-18T15:36:33.439+0530] {processor.py:186} INFO - Started process (PID=3385) to work on /Users/bhavishyachallagolla/Desktop/RetailSense/.venv/lib/python3.12/site-packages/airflow/example_dags/example_python_operator.py
[2026-07-18T15:36:33.440+0530] {processor.py:914} INFO - Processing file /Users/bhavishyachallagolla/Desktop/RetailSense/.venv/lib/python3.12/site-packages/airflow/example_dags/example_python_operator.py for tasks to queue
[2026-07-18T15:36:33.440+0530] {logging_mixin.py:190} INFO - [2026-07-18T15:36:33.440+0530] {dagbag.py:588} INFO - Filling up the DagBag from /Users/bhavishyachallagolla/Desktop/RetailSense/.venv/lib/python3.12/site-packages/airflow/example_dags/example_python_operator.py
[2026-07-18T15:36:33.447+0530] {logging_mixin.py:190} INFO - [2026-07-18T15:36:33.447+0530] {example_python_operator.py:93} WARNING - The virtalenv_python example task requires virtualenv, please install it.
[2026-07-18T15:36:33.448+0530] {processor.py:925} INFO - DAG(s) 'example_python_operator' retrieved from /Users/bhavishyachallagolla/Desktop/RetailSense/.venv/lib/python3.12/site-packages/airflow/example_dags/example_python_operator.py
[2026-07-18T15:36:33.472+0530] {logging_mixin.py:190} INFO - [2026-07-18T15:36:33.472+0530] {dag.py:3239} INFO - Sync 1 DAGs
[2026-07-18T15:36:33.475+0530] {logging_mixin.py:190} INFO - [2026-07-18T15:36:33.475+0530] {dag.py:4180} INFO - Setting next_dagrun for example_python_operator to None, run_after=None
[2026-07-18T15:36:33.479+0530] {processor.py:208} INFO - Processing /Users/bhavishyachallagolla/Desktop/RetailSense/.venv/lib/python3.12/site-packages/airflow/example_dags/example_python_operator.py took 0.041 seconds
[2026-07-18T15:37:55.267+0530] {processor.py:186} INFO - Started process (PID=3591) to work on /Users/bhavishyachallagolla/Desktop/RetailSense/.venv/lib/python3.12/site-packages/airflow/example_dags/example_python_operator.py
[2026-07-18T15:37:55.268+0530] {processor.py:914} INFO - Processing file /Users/bhavishyachallagolla/Desktop/RetailSense/.venv/lib/python3.12/site-packages/airflow/example_dags/example_python_operator.py for tasks to queue
[2026-07-18T15:37:55.268+0530] {logging_mixin.py:190} INFO - [2026-07-18T15:37:55.268+0530] {dagbag.py:588} INFO - Filling up the DagBag from /Users/bhavishyachallagolla/Desktop/RetailSense/.venv/lib/python3.12/site-packages/airflow/example_dags/example_python_operator.py
[2026-07-18T15:37:55.276+0530] {logging_mixin.py:190} INFO - [2026-07-18T15:37:55.276+0530] {example_python_operator.py:93} WARNING - The virtalenv_python example task requires virtualenv, please install it.
[2026-07-18T15:37:55.277+0530] {processor.py:925} INFO - DAG(s) 'example_python_operator' retrieved from /Users/bhavishyachallagolla/Desktop/RetailSense/.venv/lib/python3.12/site-packages/airflow/example_dags/example_python_operator.py
[2026-07-18T15:37:55.301+0530] {logging_mixin.py:190} INFO - [2026-07-18T15:37:55.301+0530] {dag.py:3239} INFO - Sync 1 DAGs
[2026-07-18T15:37:55.304+0530] {logging_mixin.py:190} INFO - [2026-07-18T15:37:55.304+0530] {dag.py:4180} INFO - Setting next_dagrun for example_python_operator to None, run_after=None
[2026-07-18T15:37:55.309+0530] {processor.py:208} INFO - Processing /Users/bhavishyachallagolla/Desktop/RetailSense/.venv/lib/python3.12/site-packages/airflow/example_dags/example_python_operator.py took 0.043 seconds
[2026-07-18T15:39:57.163+0530] {processor.py:186} INFO - Started process (PID=3922) to work on /Users/bhavishyachallagolla/Desktop/RetailSense/.venv/lib/python3.12/site-packages/airflow/example_dags/example_python_operator.py
[2026-07-18T15:39:57.164+0530] {processor.py:914} INFO - Processing file /Users/bhavishyachallagolla/Desktop/RetailSense/.venv/lib/python3.12/site-packages/airflow/example_dags/example_python_operator.py for tasks to queue
[2026-07-18T15:39:57.165+0530] {logging_mixin.py:190} INFO - [2026-07-18T15:39:57.164+0530] {dagbag.py:588} INFO - Filling up the DagBag from /Users/bhavishyachallagolla/Desktop/RetailSense/.venv/lib/python3.12/site-packages/airflow/example_dags/example_python_operator.py
[2026-07-18T15:39:57.173+0530] {logging_mixin.py:190} INFO - [2026-07-18T15:39:57.173+0530] {example_python_operator.py:93} WARNING - The virtalenv_python example task requires virtualenv, please install it.
[2026-07-18T15:39:57.174+0530] {processor.py:925} INFO - DAG(s) 'example_python_operator' retrieved from /Users/bhavishyachallagolla/Desktop/RetailSense/.venv/lib/python3.12/site-packages/airflow/example_dags/example_python_operator.py
[2026-07-18T15:39:57.198+0530] {logging_mixin.py:190} INFO - [2026-07-18T15:39:57.198+0530] {dag.py:3239} INFO - Sync 1 DAGs
[2026-07-18T15:39:57.201+0530] {logging_mixin.py:190} INFO - [2026-07-18T15:39:57.201+0530] {dag.py:4180} INFO - Setting next_dagrun for example_python_operator to None, run_after=None
[2026-07-18T15:39:57.206+0530] {processor.py:208} INFO - Processing /Users/bhavishyachallagolla/Desktop/RetailSense/.venv/lib/python3.12/site-packages/airflow/example_dags/example_python_operator.py took 0.044 seconds
[2026-07-18T15:41:36.518+0530] {processor.py:186} INFO - Started process (PID=4181) to work on /Users/bhavishyachallagolla/Desktop/RetailSense/.venv/lib/python3.12/site-packages/airflow/example_dags/example_python_operator.py
[2026-07-18T15:41:36.519+0530] {processor.py:914} INFO - Processing file /Users/bhavishyachallagolla/Desktop/RetailSense/.venv/lib/python3.12/site-packages/airflow/example_dags/example_python_operator.py for tasks to queue
[2026-07-18T15:41:36.519+0530] {logging_mixin.py:190} INFO - [2026-07-18T15:41:36.519+0530] {dagbag.py:588} INFO - Filling up the DagBag from /Users/bhavishyachallagolla/Desktop/RetailSense/.venv/lib/python3.12/site-packages/airflow/example_dags/example_python_operator.py
[2026-07-18T15:41:36.527+0530] {logging_mixin.py:190} INFO - [2026-07-18T15:41:36.527+0530] {example_python_operator.py:93} WARNING - The virtalenv_python example task requires virtualenv, please install it.
[2026-07-18T15:41:36.528+0530] {processor.py:925} INFO - DAG(s) 'example_python_operator' retrieved from /Users/bhavishyachallagolla/Desktop/RetailSense/.venv/lib/python3.12/site-packages/airflow/example_dags/example_python_operator.py
[2026-07-18T15:41:36.553+0530] {logging_mixin.py:190} INFO - [2026-07-18T15:41:36.553+0530] {dag.py:3239} INFO - Sync 1 DAGs
[2026-07-18T15:41:36.556+0530] {logging_mixin.py:190} INFO - [2026-07-18T15:41:36.556+0530] {dag.py:4180} INFO - Setting next_dagrun for example_python_operator to None, run_after=None
[2026-07-18T15:41:36.561+0530] {processor.py:208} INFO - Processing /Users/bhavishyachallagolla/Desktop/RetailSense/.venv/lib/python3.12/site-packages/airflow/example_dags/example_python_operator.py took 0.044 seconds
[2026-07-18T15:43:22.308+0530] {processor.py:186} INFO - Started process (PID=4473) to work on /Users/bhavishyachallagolla/Desktop/RetailSense/.venv/lib/python3.12/site-packages/airflow/example_dags/example_python_operator.py
[2026-07-18T15:43:22.308+0530] {processor.py:914} INFO - Processing file /Users/bhavishyachallagolla/Desktop/RetailSense/.venv/lib/python3.12/site-packages/airflow/example_dags/example_python_operator.py for tasks to queue
[2026-07-18T15:43:22.309+0530] {logging_mixin.py:190} INFO - [2026-07-18T15:43:22.309+0530] {dagbag.py:588} INFO - Filling up the DagBag from /Users/bhavishyachallagolla/Desktop/RetailSense/.venv/lib/python3.12/site-packages/airflow/example_dags/example_python_operator.py
[2026-07-18T15:43:22.317+0530] {logging_mixin.py:190} INFO - [2026-07-18T15:43:22.317+0530] {example_python_operator.py:93} WARNING - The virtalenv_python example task requires virtualenv, please install it.
[2026-07-18T15:43:22.318+0530] {processor.py:925} INFO - DAG(s) 'example_python_operator' retrieved from /Users/bhavishyachallagolla/Desktop/RetailSense/.venv/lib/python3.12/site-packages/airflow/example_dags/example_python_operator.py
[2026-07-18T15:43:22.343+0530] {logging_mixin.py:190} INFO - [2026-07-18T15:43:22.343+0530] {dag.py:3239} INFO - Sync 1 DAGs
[2026-07-18T15:43:22.345+0530] {logging_mixin.py:190} INFO - [2026-07-18T15:43:22.345+0530] {dag.py:4180} INFO - Setting next_dagrun for example_python_operator to None, run_after=None
[2026-07-18T15:43:22.350+0530] {processor.py:208} INFO - Processing /Users/bhavishyachallagolla/Desktop/RetailSense/.venv/lib/python3.12/site-packages/airflow/example_dags/example_python_operator.py took 0.043 seconds
[2026-07-18T15:45:16.640+0530] {processor.py:186} INFO - Started process (PID=4762) to work on /Users/bhavishyachallagolla/Desktop/RetailSense/.venv/lib/python3.12/site-packages/airflow/example_dags/example_python_operator.py
[2026-07-18T15:45:16.641+0530] {processor.py:914} INFO - Processing file /Users/bhavishyachallagolla/Desktop/RetailSense/.venv/lib/python3.12/site-packages/airflow/example_dags/example_python_operator.py for tasks to queue
[2026-07-18T15:45:16.642+0530] {logging_mixin.py:190} INFO - [2026-07-18T15:45:16.642+0530] {dagbag.py:588} INFO - Filling up the DagBag from /Users/bhavishyachallagolla/Desktop/RetailSense/.venv/lib/python3.12/site-packages/airflow/example_dags/example_python_operator.py
[2026-07-18T15:45:16.650+0530] {logging_mixin.py:190} INFO - [2026-07-18T15:45:16.650+0530] {example_python_operator.py:93} WARNING - The virtalenv_python example task requires virtualenv, please install it.
[2026-07-18T15:45:16.651+0530] {processor.py:925} INFO - DAG(s) 'example_python_operator' retrieved from /Users/bhavishyachallagolla/Desktop/RetailSense/.venv/lib/python3.12/site-packages/airflow/example_dags/example_python_operator.py
[2026-07-18T15:45:16.676+0530] {logging_mixin.py:190} INFO - [2026-07-18T15:45:16.676+0530] {dag.py:3239} INFO - Sync 1 DAGs
[2026-07-18T15:45:16.679+0530] {logging_mixin.py:190} INFO - [2026-07-18T15:45:16.679+0530] {dag.py:4180} INFO - Setting next_dagrun for example_python_operator to None, run_after=None
[2026-07-18T15:45:16.684+0530] {processor.py:208} INFO - Processing /Users/bhavishyachallagolla/Desktop/RetailSense/.venv/lib/python3.12/site-packages/airflow/example_dags/example_python_operator.py took 0.045 seconds
[2026-07-18T15:47:01.014+0530] {processor.py:186} INFO - Started process (PID=5045) to work on /Users/bhavishyachallagolla/Desktop/RetailSense/.venv/lib/python3.12/site-packages/airflow/example_dags/example_python_operator.py
[2026-07-18T15:47:01.014+0530] {processor.py:914} INFO - Processing file /Users/bhavishyachallagolla/Desktop/RetailSense/.venv/lib/python3.12/site-packages/airflow/example_dags/example_python_operator.py for tasks to queue
[2026-07-18T15:47:01.015+0530] {logging_mixin.py:190} INFO - [2026-07-18T15:47:01.015+0530] {dagbag.py:588} INFO - Filling up the DagBag from /Users/bhavishyachallagolla/Desktop/RetailSense/.venv/lib/python3.12/site-packages/airflow/example_dags/example_python_operator.py
[2026-07-18T15:47:01.023+0530] {logging_mixin.py:190} INFO - [2026-07-18T15:47:01.023+0530] {example_python_operator.py:93} WARNING - The virtalenv_python example task requires virtualenv, please install it.
[2026-07-18T15:47:01.024+0530] {processor.py:925} INFO - DAG(s) 'example_python_operator' retrieved from /Users/bhavishyachallagolla/Desktop/RetailSense/.venv/lib/python3.12/site-packages/airflow/example_dags/example_python_operator.py
[2026-07-18T15:47:01.049+0530] {logging_mixin.py:190} INFO - [2026-07-18T15:47:01.049+0530] {dag.py:3239} INFO - Sync 1 DAGs
[2026-07-18T15:47:01.052+0530] {logging_mixin.py:190} INFO - [2026-07-18T15:47:01.052+0530] {dag.py:4180} INFO - Setting next_dagrun for example_python_operator to None, run_after=None
[2026-07-18T15:47:01.056+0530] {processor.py:208} INFO - Processing /Users/bhavishyachallagolla/Desktop/RetailSense/.venv/lib/python3.12/site-packages/airflow/example_dags/example_python_operator.py took 0.043 seconds
[2026-07-18T15:48:44.788+0530] {processor.py:186} INFO - Started process (PID=5331) to work on /Users/bhavishyachallagolla/Desktop/RetailSense/.venv/lib/python3.12/site-packages/airflow/example_dags/example_python_operator.py
[2026-07-18T15:48:44.788+0530] {processor.py:914} INFO - Processing file /Users/bhavishyachallagolla/Desktop/RetailSense/.venv/lib/python3.12/site-packages/airflow/example_dags/example_python_operator.py for tasks to queue
[2026-07-18T15:48:44.789+0530] {logging_mixin.py:190} INFO - [2026-07-18T15:48:44.789+0530] {dagbag.py:588} INFO - Filling up the DagBag from /Users/bhavishyachallagolla/Desktop/RetailSense/.venv/lib/python3.12/site-packages/airflow/example_dags/example_python_operator.py
[2026-07-18T15:48:44.798+0530] {logging_mixin.py:190} INFO - [2026-07-18T15:48:44.798+0530] {example_python_operator.py:93} WARNING - The virtalenv_python example task requires virtualenv, please install it.
[2026-07-18T15:48:44.799+0530] {processor.py:925} INFO - DAG(s) 'example_python_operator' retrieved from /Users/bhavishyachallagolla/Desktop/RetailSense/.venv/lib/python3.12/site-packages/airflow/example_dags/example_python_operator.py
[2026-07-18T15:48:44.823+0530] {logging_mixin.py:190} INFO - [2026-07-18T15:48:44.823+0530] {dag.py:3239} INFO - Sync 1 DAGs
[2026-07-18T15:48:44.826+0530] {logging_mixin.py:190} INFO - [2026-07-18T15:48:44.826+0530] {dag.py:4180} INFO - Setting next_dagrun for example_python_operator to None, run_after=None
[2026-07-18T15:48:44.831+0530] {processor.py:208} INFO - Processing /Users/bhavishyachallagolla/Desktop/RetailSense/.venv/lib/python3.12/site-packages/airflow/example_dags/example_python_operator.py took 0.044 seconds
[2026-07-18T15:50:31.799+0530] {processor.py:186} INFO - Started process (PID=5607) to work on /Users/bhavishyachallagolla/Desktop/RetailSense/.venv/lib/python3.12/site-packages/airflow/example_dags/example_python_operator.py
[2026-07-18T15:50:31.800+0530] {processor.py:914} INFO - Processing file /Users/bhavishyachallagolla/Desktop/RetailSense/.venv/lib/python3.12/site-packages/airflow/example_dags/example_python_operator.py for tasks to queue
[2026-07-18T15:50:31.800+0530] {logging_mixin.py:190} INFO - [2026-07-18T15:50:31.800+0530] {dagbag.py:588} INFO - Filling up the DagBag from /Users/bhavishyachallagolla/Desktop/RetailSense/.venv/lib/python3.12/site-packages/airflow/example_dags/example_python_operator.py
[2026-07-18T15:50:31.808+0530] {logging_mixin.py:190} INFO - [2026-07-18T15:50:31.808+0530] {example_python_operator.py:93} WARNING - The virtalenv_python example task requires virtualenv, please install it.
[2026-07-18T15:50:31.809+0530] {processor.py:925} INFO - DAG(s) 'example_python_operator' retrieved from /Users/bhavishyachallagolla/Desktop/RetailSense/.venv/lib/python3.12/site-packages/airflow/example_dags/example_python_operator.py
[2026-07-18T15:50:31.833+0530] {logging_mixin.py:190} INFO - [2026-07-18T15:50:31.833+0530] {dag.py:3239} INFO - Sync 1 DAGs
[2026-07-18T15:50:31.836+0530] {logging_mixin.py:190} INFO - [2026-07-18T15:50:31.836+0530] {dag.py:4180} INFO - Setting next_dagrun for example_python_operator to None, run_after=None
[2026-07-18T15:50:31.841+0530] {processor.py:208} INFO - Processing /Users/bhavishyachallagolla/Desktop/RetailSense/.venv/lib/python3.12/site-packages/airflow/example_dags/example_python_operator.py took 0.043 seconds
[2026-07-18T15:52:13.515+0530] {processor.py:186} INFO - Started process (PID=5861) to work on /Users/bhavishyachallagolla/Desktop/RetailSense/.venv/lib/python3.12/site-packages/airflow/example_dags/example_python_operator.py
[2026-07-18T15:52:13.516+0530] {processor.py:914} INFO - Processing file /Users/bhavishyachallagolla/Desktop/RetailSense/.venv/lib/python3.12/site-packages/airflow/example_dags/example_python_operator.py for tasks to queue
[2026-07-18T15:52:13.517+0530] {logging_mixin.py:190} INFO - [2026-07-18T15:52:13.517+0530] {dagbag.py:588} INFO - Filling up the DagBag from /Users/bhavishyachallagolla/Desktop/RetailSense/.venv/lib/python3.12/site-packages/airflow/example_dags/example_python_operator.py
[2026-07-18T15:52:13.525+0530] {logging_mixin.py:190} INFO - [2026-07-18T15:52:13.525+0530] {example_python_operator.py:93} WARNING - The virtalenv_python example task requires virtualenv, please install it.
[2026-07-18T15:52:13.526+0530] {processor.py:925} INFO - DAG(s) 'example_python_operator' retrieved from /Users/bhavishyachallagolla/Desktop/RetailSense/.venv/lib/python3.12/site-packages/airflow/example_dags/example_python_operator.py
[2026-07-18T15:52:13.552+0530] {logging_mixin.py:190} INFO - [2026-07-18T15:52:13.552+0530] {dag.py:3239} INFO - Sync 1 DAGs
[2026-07-18T15:52:13.555+0530] {logging_mixin.py:190} INFO - [2026-07-18T15:52:13.555+0530] {dag.py:4180} INFO - Setting next_dagrun for example_python_operator to None, run_after=None
[2026-07-18T15:52:13.560+0530] {processor.py:208} INFO - Processing /Users/bhavishyachallagolla/Desktop/RetailSense/.venv/lib/python3.12/site-packages/airflow/example_dags/example_python_operator.py took 0.045 seconds
[2026-07-18T15:53:56.107+0530] {processor.py:186} INFO - Started process (PID=6125) to work on /Users/bhavishyachallagolla/Desktop/RetailSense/.venv/lib/python3.12/site-packages/airflow/example_dags/example_python_operator.py
[2026-07-18T15:53:56.108+0530] {processor.py:914} INFO - Processing file /Users/bhavishyachallagolla/Desktop/RetailSense/.venv/lib/python3.12/site-packages/airflow/example_dags/example_python_operator.py for tasks to queue
[2026-07-18T15:53:56.109+0530] {logging_mixin.py:190} INFO - [2026-07-18T15:53:56.109+0530] {dagbag.py:588} INFO - Filling up the DagBag from /Users/bhavishyachallagolla/Desktop/RetailSense/.venv/lib/python3.12/site-packages/airflow/example_dags/example_python_operator.py
[2026-07-18T15:53:56.117+0530] {logging_mixin.py:190} INFO - [2026-07-18T15:53:56.117+0530] {example_python_operator.py:93} WARNING - The virtalenv_python example task requires virtualenv, please install it.
[2026-07-18T15:53:56.118+0530] {processor.py:925} INFO - DAG(s) 'example_python_operator' retrieved from /Users/bhavishyachallagolla/Desktop/RetailSense/.venv/lib/python3.12/site-packages/airflow/example_dags/example_python_operator.py
[2026-07-18T15:53:56.142+0530] {logging_mixin.py:190} INFO - [2026-07-18T15:53:56.142+0530] {dag.py:3239} INFO - Sync 1 DAGs
[2026-07-18T15:53:56.145+0530] {logging_mixin.py:190} INFO - [2026-07-18T15:53:56.145+0530] {dag.py:4180} INFO - Setting next_dagrun for example_python_operator to None, run_after=None
[2026-07-18T15:53:56.150+0530] {processor.py:208} INFO - Processing /Users/bhavishyachallagolla/Desktop/RetailSense/.venv/lib/python3.12/site-packages/airflow/example_dags/example_python_operator.py took 0.043 seconds
[2026-07-18T15:55:41.670+0530] {processor.py:186} INFO - Started process (PID=6390) to work on /Users/bhavishyachallagolla/Desktop/RetailSense/.venv/lib/python3.12/site-packages/airflow/example_dags/example_python_operator.py
[2026-07-18T15:55:41.671+0530] {processor.py:914} INFO - Processing file /Users/bhavishyachallagolla/Desktop/RetailSense/.venv/lib/python3.12/site-packages/airflow/example_dags/example_python_operator.py for tasks to queue
[2026-07-18T15:55:41.671+0530] {logging_mixin.py:190} INFO - [2026-07-18T15:55:41.671+0530] {dagbag.py:588} INFO - Filling up the DagBag from /Users/bhavishyachallagolla/Desktop/RetailSense/.venv/lib/python3.12/site-packages/airflow/example_dags/example_python_operator.py
[2026-07-18T15:55:41.679+0530] {logging_mixin.py:190} INFO - [2026-07-18T15:55:41.679+0530] {example_python_operator.py:93} WARNING - The virtalenv_python example task requires virtualenv, please install it.
[2026-07-18T15:55:41.680+0530] {processor.py:925} INFO - DAG(s) 'example_python_operator' retrieved from /Users/bhavishyachallagolla/Desktop/RetailSense/.venv/lib/python3.12/site-packages/airflow/example_dags/example_python_operator.py
[2026-07-18T15:55:41.705+0530] {logging_mixin.py:190} INFO - [2026-07-18T15:55:41.705+0530] {dag.py:3239} INFO - Sync 1 DAGs
[2026-07-18T15:55:41.707+0530] {logging_mixin.py:190} INFO - [2026-07-18T15:55:41.707+0530] {dag.py:4180} INFO - Setting next_dagrun for example_python_operator to None, run_after=None
[2026-07-18T15:55:41.712+0530] {processor.py:208} INFO - Processing /Users/bhavishyachallagolla/Desktop/RetailSense/.venv/lib/python3.12/site-packages/airflow/example_dags/example_python_operator.py took 0.043 seconds
