[2026-07-18T15:36:14.955+0530] {processor.py:186} INFO - Started process (PID=3333) to work on /Users/bhavishyachallagolla/Desktop/RetailSense/.venv/lib/python3.12/site-packages/airflow/example_dags/example_trigger_controller_dag.py
[2026-07-18T15:36:14.955+0530] {processor.py:914} INFO - Processing file /Users/bhavishyachallagolla/Desktop/RetailSense/.venv/lib/python3.12/site-packages/airflow/example_dags/example_trigger_controller_dag.py for tasks to queue
[2026-07-18T15:36:14.956+0530] {logging_mixin.py:190} INFO - [2026-07-18T15:36:14.956+0530] {dagbag.py:588} INFO - Filling up the DagBag from /Users/bhavishyachallagolla/Desktop/RetailSense/.venv/lib/python3.12/site-packages/airflow/example_dags/example_trigger_controller_dag.py
[2026-07-18T15:36:14.959+0530] {processor.py:925} INFO - DAG(s) 'example_trigger_controller_dag' retrieved from /Users/bhavishyachallagolla/Desktop/RetailSense/.venv/lib/python3.12/site-packages/airflow/example_dags/example_trigger_controller_dag.py
[2026-07-18T15:36:14.982+0530] {logging_mixin.py:190} INFO - [2026-07-18T15:36:14.982+0530] {dag.py:3239} INFO - Sync 1 DAGs
[2026-07-18T15:36:14.987+0530] {logging_mixin.py:190} INFO - [2026-07-18T15:36:14.987+0530] {dag.py:4180} INFO - Setting next_dagrun for example_trigger_controller_dag to 2021-01-01 00:00:00+00:00, run_after=2021-01-01 00:00:00+00:00
[2026-07-18T15:36:14.992+0530] {processor.py:208} INFO - Processing /Users/bhavishyachallagolla/Desktop/RetailSense/.venv/lib/python3.12/site-packages/airflow/example_dags/example_trigger_controller_dag.py took 0.038 seconds
[2026-07-18T15:37:36.967+0530] {processor.py:186} INFO - Started process (PID=3539) to work on /Users/bhavishyachallagolla/Desktop/RetailSense/.venv/lib/python3.12/site-packages/airflow/example_dags/example_trigger_controller_dag.py
[2026-07-18T15:37:36.968+0530] {processor.py:914} INFO - Processing file /Users/bhavishyachallagolla/Desktop/RetailSense/.venv/lib/python3.12/site-packages/airflow/example_dags/example_trigger_controller_dag.py for tasks to queue
[2026-07-18T15:37:36.968+0530] {logging_mixin.py:190} INFO - [2026-07-18T15:37:36.968+0530] {dagbag.py:588} INFO - Filling up the DagBag from /Users/bhavishyachallagolla/Desktop/RetailSense/.venv/lib/python3.12/site-packages/airflow/example_dags/example_trigger_controller_dag.py
[2026-07-18T15:37:36.972+0530] {processor.py:925} INFO - DAG(s) 'example_trigger_controller_dag' retrieved from /Users/bhavishyachallagolla/Desktop/RetailSense/.venv/lib/python3.12/site-packages/airflow/example_dags/example_trigger_controller_dag.py
[2026-07-18T15:37:36.996+0530] {logging_mixin.py:190} INFO - [2026-07-18T15:37:36.996+0530] {dag.py:3239} INFO - Sync 1 DAGs
[2026-07-18T15:37:37.001+0530] {logging_mixin.py:190} INFO - [2026-07-18T15:37:37.000+0530] {dag.py:4180} INFO - Setting next_dagrun for example_trigger_controller_dag to 2021-01-01 00:00:00+00:00, run_after=2021-01-01 00:00:00+00:00
[2026-07-18T15:37:37.006+0530] {processor.py:208} INFO - Processing /Users/bhavishyachallagolla/Desktop/RetailSense/.venv/lib/python3.12/site-packages/airflow/example_dags/example_trigger_controller_dag.py took 0.040 seconds
[2026-07-18T15:38:38.660+0530] {processor.py:186} INFO - Started process (PID=3705) to work on /Users/bhavishyachallagolla/Desktop/RetailSense/.venv/lib/python3.12/site-packages/airflow/example_dags/example_trigger_controller_dag.py
[2026-07-18T15:38:38.661+0530] {processor.py:914} INFO - Processing file /Users/bhavishyachallagolla/Desktop/RetailSense/.venv/lib/python3.12/site-packages/airflow/example_dags/example_trigger_controller_dag.py for tasks to queue
[2026-07-18T15:38:38.662+0530] {logging_mixin.py:190} INFO - [2026-07-18T15:38:38.661+0530] {dagbag.py:588} INFO - Filling up the DagBag from /Users/bhavishyachallagolla/Desktop/RetailSense/.venv/lib/python3.12/site-packages/airflow/example_dags/example_trigger_controller_dag.py
[2026-07-18T15:38:38.665+0530] {processor.py:925} INFO - DAG(s) 'example_trigger_controller_dag' retrieved from /Users/bhavishyachallagolla/Desktop/RetailSense/.venv/lib/python3.12/site-packages/airflow/example_dags/example_trigger_controller_dag.py
[2026-07-18T15:38:38.688+0530] {logging_mixin.py:190} INFO - [2026-07-18T15:38:38.688+0530] {dag.py:3239} INFO - Sync 1 DAGs
[2026-07-18T15:38:38.693+0530] {logging_mixin.py:190} INFO - [2026-07-18T15:38:38.693+0530] {dag.py:4180} INFO - Setting next_dagrun for example_trigger_controller_dag to 2021-01-01 00:00:00+00:00, run_after=2021-01-01 00:00:00+00:00
[2026-07-18T15:38:38.697+0530] {processor.py:208} INFO - Processing /Users/bhavishyachallagolla/Desktop/RetailSense/.venv/lib/python3.12/site-packages/airflow/example_dags/example_trigger_controller_dag.py took 0.038 seconds
[2026-07-18T15:39:40.354+0530] {processor.py:186} INFO - Started process (PID=3881) to work on /Users/bhavishyachallagolla/Desktop/RetailSense/.venv/lib/python3.12/site-packages/airflow/example_dags/example_trigger_controller_dag.py
[2026-07-18T15:39:40.354+0530] {processor.py:914} INFO - Processing file /Users/bhavishyachallagolla/Desktop/RetailSense/.venv/lib/python3.12/site-packages/airflow/example_dags/example_trigger_controller_dag.py for tasks to queue
[2026-07-18T15:39:40.354+0530] {logging_mixin.py:190} INFO - [2026-07-18T15:39:40.354+0530] {dagbag.py:588} INFO - Filling up the DagBag from /Users/bhavishyachallagolla/Desktop/RetailSense/.venv/lib/python3.12/site-packages/airflow/example_dags/example_trigger_controller_dag.py
[2026-07-18T15:39:40.357+0530] {processor.py:925} INFO - DAG(s) 'example_trigger_controller_dag' retrieved from /Users/bhavishyachallagolla/Desktop/RetailSense/.venv/lib/python3.12/site-packages/airflow/example_dags/example_trigger_controller_dag.py
[2026-07-18T15:39:40.380+0530] {logging_mixin.py:190} INFO - [2026-07-18T15:39:40.380+0530] {dag.py:3239} INFO - Sync 1 DAGs
[2026-07-18T15:39:40.385+0530] {logging_mixin.py:190} INFO - [2026-07-18T15:39:40.385+0530] {dag.py:4180} INFO - Setting next_dagrun for example_trigger_controller_dag to 2021-01-01 00:00:00+00:00, run_after=2021-01-01 00:00:00+00:00
[2026-07-18T15:39:40.389+0530] {processor.py:208} INFO - Processing /Users/bhavishyachallagolla/Desktop/RetailSense/.venv/lib/python3.12/site-packages/airflow/example_dags/example_trigger_controller_dag.py took 0.037 seconds
[2026-07-18T15:41:19.674+0530] {processor.py:186} INFO - Started process (PID=4140) to work on /Users/bhavishyachallagolla/Desktop/RetailSense/.venv/lib/python3.12/site-packages/airflow/example_dags/example_trigger_controller_dag.py
[2026-07-18T15:41:19.675+0530] {processor.py:914} INFO - Processing file /Users/bhavishyachallagolla/Desktop/RetailSense/.venv/lib/python3.12/site-packages/airflow/example_dags/example_trigger_controller_dag.py for tasks to queue
[2026-07-18T15:41:19.675+0530] {logging_mixin.py:190} INFO - [2026-07-18T15:41:19.675+0530] {dagbag.py:588} INFO - Filling up the DagBag from /Users/bhavishyachallagolla/Desktop/RetailSense/.venv/lib/python3.12/site-packages/airflow/example_dags/example_trigger_controller_dag.py
[2026-07-18T15:41:19.679+0530] {processor.py:925} INFO - DAG(s) 'example_trigger_controller_dag' retrieved from /Users/bhavishyachallagolla/Desktop/RetailSense/.venv/lib/python3.12/site-packages/airflow/example_dags/example_trigger_controller_dag.py
[2026-07-18T15:41:19.702+0530] {logging_mixin.py:190} INFO - [2026-07-18T15:41:19.702+0530] {dag.py:3239} INFO - Sync 1 DAGs
[2026-07-18T15:41:19.707+0530] {logging_mixin.py:190} INFO - [2026-07-18T15:41:19.707+0530] {dag.py:4180} INFO - Setting next_dagrun for example_trigger_controller_dag to 2021-01-01 00:00:00+00:00, run_after=2021-01-01 00:00:00+00:00
[2026-07-18T15:41:19.712+0530] {processor.py:208} INFO - Processing /Users/bhavishyachallagolla/Desktop/RetailSense/.venv/lib/python3.12/site-packages/airflow/example_dags/example_trigger_controller_dag.py took 0.039 seconds
[2026-07-18T15:43:03.818+0530] {processor.py:186} INFO - Started process (PID=4429) to work on /Users/bhavishyachallagolla/Desktop/RetailSense/.venv/lib/python3.12/site-packages/airflow/example_dags/example_trigger_controller_dag.py
[2026-07-18T15:43:03.819+0530] {processor.py:914} INFO - Processing file /Users/bhavishyachallagolla/Desktop/RetailSense/.venv/lib/python3.12/site-packages/airflow/example_dags/example_trigger_controller_dag.py for tasks to queue
[2026-07-18T15:43:03.819+0530] {logging_mixin.py:190} INFO - [2026-07-18T15:43:03.819+0530] {dagbag.py:588} INFO - Filling up the DagBag from /Users/bhavishyachallagolla/Desktop/RetailSense/.venv/lib/python3.12/site-packages/airflow/example_dags/example_trigger_controller_dag.py
[2026-07-18T15:43:03.823+0530] {processor.py:925} INFO - DAG(s) 'example_trigger_controller_dag' retrieved from /Users/bhavishyachallagolla/Desktop/RetailSense/.venv/lib/python3.12/site-packages/airflow/example_dags/example_trigger_controller_dag.py
[2026-07-18T15:43:03.846+0530] {logging_mixin.py:190} INFO - [2026-07-18T15:43:03.846+0530] {dag.py:3239} INFO - Sync 1 DAGs
[2026-07-18T15:43:03.851+0530] {logging_mixin.py:190} INFO - [2026-07-18T15:43:03.851+0530] {dag.py:4180} INFO - Setting next_dagrun for example_trigger_controller_dag to 2021-01-01 00:00:00+00:00, run_after=2021-01-01 00:00:00+00:00
[2026-07-18T15:43:03.855+0530] {processor.py:208} INFO - Processing /Users/bhavishyachallagolla/Desktop/RetailSense/.venv/lib/python3.12/site-packages/airflow/example_dags/example_trigger_controller_dag.py took 0.038 seconds
[2026-07-18T15:44:57.534+0530] {processor.py:186} INFO - Started process (PID=4719) to work on /Users/bhavishyachallagolla/Desktop/RetailSense/.venv/lib/python3.12/site-packages/airflow/example_dags/example_trigger_controller_dag.py
[2026-07-18T15:44:57.535+0530] {processor.py:914} INFO - Processing file /Users/bhavishyachallagolla/Desktop/RetailSense/.venv/lib/python3.12/site-packages/airflow/example_dags/example_trigger_controller_dag.py for tasks to queue
[2026-07-18T15:44:57.535+0530] {logging_mixin.py:190} INFO - [2026-07-18T15:44:57.535+0530] {dagbag.py:588} INFO - Filling up the DagBag from /Users/bhavishyachallagolla/Desktop/RetailSense/.venv/lib/python3.12/site-packages/airflow/example_dags/example_trigger_controller_dag.py
[2026-07-18T15:44:57.538+0530] {processor.py:925} INFO - DAG(s) 'example_trigger_controller_dag' retrieved from /Users/bhavishyachallagolla/Desktop/RetailSense/.venv/lib/python3.12/site-packages/airflow/example_dags/example_trigger_controller_dag.py
[2026-07-18T15:44:57.562+0530] {logging_mixin.py:190} INFO - [2026-07-18T15:44:57.561+0530] {dag.py:3239} INFO - Sync 1 DAGs
[2026-07-18T15:44:57.566+0530] {logging_mixin.py:190} INFO - [2026-07-18T15:44:57.566+0530] {dag.py:4180} INFO - Setting next_dagrun for example_trigger_controller_dag to 2021-01-01 00:00:00+00:00, run_after=2021-01-01 00:00:00+00:00
[2026-07-18T15:44:57.571+0530] {processor.py:208} INFO - Processing /Users/bhavishyachallagolla/Desktop/RetailSense/.venv/lib/python3.12/site-packages/airflow/example_dags/example_trigger_controller_dag.py took 0.038 seconds
[2026-07-18T15:46:42.461+0530] {processor.py:186} INFO - Started process (PID=4975) to work on /Users/bhavishyachallagolla/Desktop/RetailSense/.venv/lib/python3.12/site-packages/airflow/example_dags/example_trigger_controller_dag.py
[2026-07-18T15:46:42.463+0530] {processor.py:914} INFO - Processing file /Users/bhavishyachallagolla/Desktop/RetailSense/.venv/lib/python3.12/site-packages/airflow/example_dags/example_trigger_controller_dag.py for tasks to queue
[2026-07-18T15:46:42.463+0530] {logging_mixin.py:190} INFO - [2026-07-18T15:46:42.463+0530] {dagbag.py:588} INFO - Filling up the DagBag from /Users/bhavishyachallagolla/Desktop/RetailSense/.venv/lib/python3.12/site-packages/airflow/example_dags/example_trigger_controller_dag.py
[2026-07-18T15:46:42.466+0530] {processor.py:925} INFO - DAG(s) 'example_trigger_controller_dag' retrieved from /Users/bhavishyachallagolla/Desktop/RetailSense/.venv/lib/python3.12/site-packages/airflow/example_dags/example_trigger_controller_dag.py
[2026-07-18T15:46:42.489+0530] {logging_mixin.py:190} INFO - [2026-07-18T15:46:42.489+0530] {dag.py:3239} INFO - Sync 1 DAGs
[2026-07-18T15:46:42.494+0530] {logging_mixin.py:190} INFO - [2026-07-18T15:46:42.494+0530] {dag.py:4180} INFO - Setting next_dagrun for example_trigger_controller_dag to 2021-01-01 00:00:00+00:00, run_after=2021-01-01 00:00:00+00:00
[2026-07-18T15:46:42.499+0530] {processor.py:208} INFO - Processing /Users/bhavishyachallagolla/Desktop/RetailSense/.venv/lib/python3.12/site-packages/airflow/example_dags/example_trigger_controller_dag.py took 0.038 seconds
[2026-07-18T15:48:26.339+0530] {processor.py:186} INFO - Started process (PID=5281) to work on /Users/bhavishyachallagolla/Desktop/RetailSense/.venv/lib/python3.12/site-packages/airflow/example_dags/example_trigger_controller_dag.py
[2026-07-18T15:48:26.340+0530] {processor.py:914} INFO - Processing file /Users/bhavishyachallagolla/Desktop/RetailSense/.venv/lib/python3.12/site-packages/airflow/example_dags/example_trigger_controller_dag.py for tasks to queue
[2026-07-18T15:48:26.340+0530] {logging_mixin.py:190} INFO - [2026-07-18T15:48:26.340+0530] {dagbag.py:588} INFO - Filling up the DagBag from /Users/bhavishyachallagolla/Desktop/RetailSense/.venv/lib/python3.12/site-packages/airflow/example_dags/example_trigger_controller_dag.py
[2026-07-18T15:48:26.345+0530] {processor.py:925} INFO - DAG(s) 'example_trigger_controller_dag' retrieved from /Users/bhavishyachallagolla/Desktop/RetailSense/.venv/lib/python3.12/site-packages/airflow/example_dags/example_trigger_controller_dag.py
[2026-07-18T15:48:26.369+0530] {logging_mixin.py:190} INFO - [2026-07-18T15:48:26.369+0530] {dag.py:3239} INFO - Sync 1 DAGs
[2026-07-18T15:48:26.374+0530] {logging_mixin.py:190} INFO - [2026-07-18T15:48:26.374+0530] {dag.py:4180} INFO - Setting next_dagrun for example_trigger_controller_dag to 2021-01-01 00:00:00+00:00, run_after=2021-01-01 00:00:00+00:00
[2026-07-18T15:48:26.378+0530] {processor.py:208} INFO - Processing /Users/bhavishyachallagolla/Desktop/RetailSense/.venv/lib/python3.12/site-packages/airflow/example_dags/example_trigger_controller_dag.py took 0.040 seconds
[2026-07-18T15:50:13.952+0530] {processor.py:186} INFO - Started process (PID=5557) to work on /Users/bhavishyachallagolla/Desktop/RetailSense/.venv/lib/python3.12/site-packages/airflow/example_dags/example_trigger_controller_dag.py
[2026-07-18T15:50:13.953+0530] {processor.py:914} INFO - Processing file /Users/bhavishyachallagolla/Desktop/RetailSense/.venv/lib/python3.12/site-packages/airflow/example_dags/example_trigger_controller_dag.py for tasks to queue
[2026-07-18T15:50:13.953+0530] {logging_mixin.py:190} INFO - [2026-07-18T15:50:13.953+0530] {dagbag.py:588} INFO - Filling up the DagBag from /Users/bhavishyachallagolla/Desktop/RetailSense/.venv/lib/python3.12/site-packages/airflow/example_dags/example_trigger_controller_dag.py
[2026-07-18T15:50:13.957+0530] {processor.py:925} INFO - DAG(s) 'example_trigger_controller_dag' retrieved from /Users/bhavishyachallagolla/Desktop/RetailSense/.venv/lib/python3.12/site-packages/airflow/example_dags/example_trigger_controller_dag.py
[2026-07-18T15:50:13.981+0530] {logging_mixin.py:190} INFO - [2026-07-18T15:50:13.981+0530] {dag.py:3239} INFO - Sync 1 DAGs
[2026-07-18T15:50:13.986+0530] {logging_mixin.py:190} INFO - [2026-07-18T15:50:13.985+0530] {dag.py:4180} INFO - Setting next_dagrun for example_trigger_controller_dag to 2021-01-01 00:00:00+00:00, run_after=2021-01-01 00:00:00+00:00
[2026-07-18T15:50:13.990+0530] {processor.py:208} INFO - Processing /Users/bhavishyachallagolla/Desktop/RetailSense/.venv/lib/python3.12/site-packages/airflow/example_dags/example_trigger_controller_dag.py took 0.039 seconds
[2026-07-18T15:51:54.991+0530] {processor.py:186} INFO - Started process (PID=5812) to work on /Users/bhavishyachallagolla/Desktop/RetailSense/.venv/lib/python3.12/site-packages/airflow/example_dags/example_trigger_controller_dag.py
[2026-07-18T15:51:54.993+0530] {processor.py:914} INFO - Processing file /Users/bhavishyachallagolla/Desktop/RetailSense/.venv/lib/python3.12/site-packages/airflow/example_dags/example_trigger_controller_dag.py for tasks to queue
[2026-07-18T15:51:54.993+0530] {logging_mixin.py:190} INFO - [2026-07-18T15:51:54.993+0530] {dagbag.py:588} INFO - Filling up the DagBag from /Users/bhavishyachallagolla/Desktop/RetailSense/.venv/lib/python3.12/site-packages/airflow/example_dags/example_trigger_controller_dag.py
[2026-07-18T15:51:54.997+0530] {processor.py:925} INFO - DAG(s) 'example_trigger_controller_dag' retrieved from /Users/bhavishyachallagolla/Desktop/RetailSense/.venv/lib/python3.12/site-packages/airflow/example_dags/example_trigger_controller_dag.py
[2026-07-18T15:51:55.020+0530] {logging_mixin.py:190} INFO - [2026-07-18T15:51:55.020+0530] {dag.py:3239} INFO - Sync 1 DAGs
[2026-07-18T15:51:55.025+0530] {logging_mixin.py:190} INFO - [2026-07-18T15:51:55.025+0530] {dag.py:4180} INFO - Setting next_dagrun for example_trigger_controller_dag to 2021-01-01 00:00:00+00:00, run_after=2021-01-01 00:00:00+00:00
[2026-07-18T15:51:55.030+0530] {processor.py:208} INFO - Processing /Users/bhavishyachallagolla/Desktop/RetailSense/.venv/lib/python3.12/site-packages/airflow/example_dags/example_trigger_controller_dag.py took 0.040 seconds
[2026-07-18T15:53:37.558+0530] {processor.py:186} INFO - Started process (PID=6082) to work on /Users/bhavishyachallagolla/Desktop/RetailSense/.venv/lib/python3.12/site-packages/airflow/example_dags/example_trigger_controller_dag.py
[2026-07-18T15:53:37.558+0530] {processor.py:914} INFO - Processing file /Users/bhavishyachallagolla/Desktop/RetailSense/.venv/lib/python3.12/site-packages/airflow/example_dags/example_trigger_controller_dag.py for tasks to queue
[2026-07-18T15:53:37.559+0530] {logging_mixin.py:190} INFO - [2026-07-18T15:53:37.559+0530] {dagbag.py:588} INFO - Filling up the DagBag from /Users/bhavishyachallagolla/Desktop/RetailSense/.venv/lib/python3.12/site-packages/airflow/example_dags/example_trigger_controller_dag.py
[2026-07-18T15:53:37.562+0530] {processor.py:925} INFO - DAG(s) 'example_trigger_controller_dag' retrieved from /Users/bhavishyachallagolla/Desktop/RetailSense/.venv/lib/python3.12/site-packages/airflow/example_dags/example_trigger_controller_dag.py
[2026-07-18T15:53:37.585+0530] {logging_mixin.py:190} INFO - [2026-07-18T15:53:37.585+0530] {dag.py:3239} INFO - Sync 1 DAGs
[2026-07-18T15:53:37.590+0530] {logging_mixin.py:190} INFO - [2026-07-18T15:53:37.590+0530] {dag.py:4180} INFO - Setting next_dagrun for example_trigger_controller_dag to 2021-01-01 00:00:00+00:00, run_after=2021-01-01 00:00:00+00:00
[2026-07-18T15:53:37.594+0530] {processor.py:208} INFO - Processing /Users/bhavishyachallagolla/Desktop/RetailSense/.venv/lib/python3.12/site-packages/airflow/example_dags/example_trigger_controller_dag.py took 0.038 seconds
[2026-07-18T15:54:31.201+0530] {processor.py:186} INFO - Started process (PID=6212) to work on /Users/bhavishyachallagolla/Desktop/RetailSense/.venv/lib/python3.12/site-packages/airflow/example_dags/example_trigger_controller_dag.py
[2026-07-18T15:54:31.202+0530] {processor.py:914} INFO - Processing file /Users/bhavishyachallagolla/Desktop/RetailSense/.venv/lib/python3.12/site-packages/airflow/example_dags/example_trigger_controller_dag.py for tasks to queue
[2026-07-18T15:54:31.202+0530] {logging_mixin.py:190} INFO - [2026-07-18T15:54:31.202+0530] {dagbag.py:588} INFO - Filling up the DagBag from /Users/bhavishyachallagolla/Desktop/RetailSense/.venv/lib/python3.12/site-packages/airflow/example_dags/example_trigger_controller_dag.py
[2026-07-18T15:54:31.205+0530] {processor.py:925} INFO - DAG(s) 'example_trigger_controller_dag' retrieved from /Users/bhavishyachallagolla/Desktop/RetailSense/.venv/lib/python3.12/site-packages/airflow/example_dags/example_trigger_controller_dag.py
[2026-07-18T15:54:31.229+0530] {logging_mixin.py:190} INFO - [2026-07-18T15:54:31.229+0530] {dag.py:3239} INFO - Sync 1 DAGs
[2026-07-18T15:54:31.233+0530] {logging_mixin.py:190} INFO - [2026-07-18T15:54:31.233+0530] {dag.py:4180} INFO - Setting next_dagrun for example_trigger_controller_dag to 2021-01-01 00:00:00+00:00, run_after=2021-01-01 00:00:00+00:00
[2026-07-18T15:54:31.238+0530] {processor.py:208} INFO - Processing /Users/bhavishyachallagolla/Desktop/RetailSense/.venv/lib/python3.12/site-packages/airflow/example_dags/example_trigger_controller_dag.py took 0.038 seconds
[2026-07-18T15:55:25.123+0530] {processor.py:186} INFO - Started process (PID=6349) to work on /Users/bhavishyachallagolla/Desktop/RetailSense/.venv/lib/python3.12/site-packages/airflow/example_dags/example_trigger_controller_dag.py
[2026-07-18T15:55:25.125+0530] {processor.py:914} INFO - Processing file /Users/bhavishyachallagolla/Desktop/RetailSense/.venv/lib/python3.12/site-packages/airflow/example_dags/example_trigger_controller_dag.py for tasks to queue
[2026-07-18T15:55:25.125+0530] {logging_mixin.py:190} INFO - [2026-07-18T15:55:25.125+0530] {dagbag.py:588} INFO - Filling up the DagBag from /Users/bhavishyachallagolla/Desktop/RetailSense/.venv/lib/python3.12/site-packages/airflow/example_dags/example_trigger_controller_dag.py
[2026-07-18T15:55:25.128+0530] {processor.py:925} INFO - DAG(s) 'example_trigger_controller_dag' retrieved from /Users/bhavishyachallagolla/Desktop/RetailSense/.venv/lib/python3.12/site-packages/airflow/example_dags/example_trigger_controller_dag.py
[2026-07-18T15:55:25.151+0530] {logging_mixin.py:190} INFO - [2026-07-18T15:55:25.151+0530] {dag.py:3239} INFO - Sync 1 DAGs
[2026-07-18T15:55:25.155+0530] {logging_mixin.py:190} INFO - [2026-07-18T15:55:25.155+0530] {dag.py:4180} INFO - Setting next_dagrun for example_trigger_controller_dag to 2021-01-01 00:00:00+00:00, run_after=2021-01-01 00:00:00+00:00
[2026-07-18T15:55:25.160+0530] {processor.py:208} INFO - Processing /Users/bhavishyachallagolla/Desktop/RetailSense/.venv/lib/python3.12/site-packages/airflow/example_dags/example_trigger_controller_dag.py took 0.037 seconds
