[2026-07-18T15:36:29.229+0530] {processor.py:186} INFO - Started process (PID=3374) to work on /Users/bhavishyachallagolla/Desktop/RetailSense/.venv/lib/python3.12/site-packages/airflow/example_dags/example_setup_teardown.py
[2026-07-18T15:36:29.229+0530] {processor.py:914} INFO - Processing file /Users/bhavishyachallagolla/Desktop/RetailSense/.venv/lib/python3.12/site-packages/airflow/example_dags/example_setup_teardown.py for tasks to queue
[2026-07-18T15:36:29.229+0530] {logging_mixin.py:190} INFO - [2026-07-18T15:36:29.229+0530] {dagbag.py:588} INFO - Filling up the DagBag from /Users/bhavishyachallagolla/Desktop/RetailSense/.venv/lib/python3.12/site-packages/airflow/example_dags/example_setup_teardown.py
[2026-07-18T15:36:29.232+0530] {processor.py:925} INFO - DAG(s) 'example_setup_teardown' retrieved from /Users/bhavishyachallagolla/Desktop/RetailSense/.venv/lib/python3.12/site-packages/airflow/example_dags/example_setup_teardown.py
[2026-07-18T15:36:29.257+0530] {logging_mixin.py:190} INFO - [2026-07-18T15:36:29.257+0530] {dag.py:3239} INFO - Sync 1 DAGs
[2026-07-18T15:36:29.259+0530] {logging_mixin.py:190} INFO - [2026-07-18T15:36:29.259+0530] {dag.py:4180} INFO - Setting next_dagrun for example_setup_teardown to None, run_after=None
[2026-07-18T15:36:29.265+0530] {processor.py:208} INFO - Processing /Users/bhavishyachallagolla/Desktop/RetailSense/.venv/lib/python3.12/site-packages/airflow/example_dags/example_setup_teardown.py took 0.037 seconds
[2026-07-18T15:37:50.434+0530] {processor.py:186} INFO - Started process (PID=3580) to work on /Users/bhavishyachallagolla/Desktop/RetailSense/.venv/lib/python3.12/site-packages/airflow/example_dags/example_setup_teardown.py
[2026-07-18T15:37:50.435+0530] {processor.py:914} INFO - Processing file /Users/bhavishyachallagolla/Desktop/RetailSense/.venv/lib/python3.12/site-packages/airflow/example_dags/example_setup_teardown.py for tasks to queue
[2026-07-18T15:37:50.435+0530] {logging_mixin.py:190} INFO - [2026-07-18T15:37:50.435+0530] {dagbag.py:588} INFO - Filling up the DagBag from /Users/bhavishyachallagolla/Desktop/RetailSense/.venv/lib/python3.12/site-packages/airflow/example_dags/example_setup_teardown.py
[2026-07-18T15:37:50.438+0530] {processor.py:925} INFO - DAG(s) 'example_setup_teardown' retrieved from /Users/bhavishyachallagolla/Desktop/RetailSense/.venv/lib/python3.12/site-packages/airflow/example_dags/example_setup_teardown.py
[2026-07-18T15:37:50.463+0530] {logging_mixin.py:190} INFO - [2026-07-18T15:37:50.463+0530] {dag.py:3239} INFO - Sync 1 DAGs
[2026-07-18T15:37:50.466+0530] {logging_mixin.py:190} INFO - [2026-07-18T15:37:50.466+0530] {dag.py:4180} INFO - Setting next_dagrun for example_setup_teardown to None, run_after=None
[2026-07-18T15:37:50.471+0530] {processor.py:208} INFO - Processing /Users/bhavishyachallagolla/Desktop/RetailSense/.venv/lib/python3.12/site-packages/airflow/example_dags/example_setup_teardown.py took 0.038 seconds
[2026-07-18T15:39:53.184+0530] {processor.py:186} INFO - Started process (PID=3911) to work on /Users/bhavishyachallagolla/Desktop/RetailSense/.venv/lib/python3.12/site-packages/airflow/example_dags/example_setup_teardown.py
[2026-07-18T15:39:53.185+0530] {processor.py:914} INFO - Processing file /Users/bhavishyachallagolla/Desktop/RetailSense/.venv/lib/python3.12/site-packages/airflow/example_dags/example_setup_teardown.py for tasks to queue
[2026-07-18T15:39:53.186+0530] {logging_mixin.py:190} INFO - [2026-07-18T15:39:53.186+0530] {dagbag.py:588} INFO - Filling up the DagBag from /Users/bhavishyachallagolla/Desktop/RetailSense/.venv/lib/python3.12/site-packages/airflow/example_dags/example_setup_teardown.py
[2026-07-18T15:39:53.189+0530] {processor.py:925} INFO - DAG(s) 'example_setup_teardown' retrieved from /Users/bhavishyachallagolla/Desktop/RetailSense/.venv/lib/python3.12/site-packages/airflow/example_dags/example_setup_teardown.py
[2026-07-18T15:39:53.218+0530] {logging_mixin.py:190} INFO - [2026-07-18T15:39:53.218+0530] {dag.py:3239} INFO - Sync 1 DAGs
[2026-07-18T15:39:53.221+0530] {logging_mixin.py:190} INFO - [2026-07-18T15:39:53.221+0530] {dag.py:4180} INFO - Setting next_dagrun for example_setup_teardown to None, run_after=None
[2026-07-18T15:39:53.227+0530] {processor.py:208} INFO - Processing /Users/bhavishyachallagolla/Desktop/RetailSense/.venv/lib/python3.12/site-packages/airflow/example_dags/example_setup_teardown.py took 0.044 seconds
[2026-07-18T15:41:32.505+0530] {processor.py:186} INFO - Started process (PID=4173) to work on /Users/bhavishyachallagolla/Desktop/RetailSense/.venv/lib/python3.12/site-packages/airflow/example_dags/example_setup_teardown.py
[2026-07-18T15:41:32.506+0530] {processor.py:914} INFO - Processing file /Users/bhavishyachallagolla/Desktop/RetailSense/.venv/lib/python3.12/site-packages/airflow/example_dags/example_setup_teardown.py for tasks to queue
[2026-07-18T15:41:32.506+0530] {logging_mixin.py:190} INFO - [2026-07-18T15:41:32.506+0530] {dagbag.py:588} INFO - Filling up the DagBag from /Users/bhavishyachallagolla/Desktop/RetailSense/.venv/lib/python3.12/site-packages/airflow/example_dags/example_setup_teardown.py
[2026-07-18T15:41:32.509+0530] {processor.py:925} INFO - DAG(s) 'example_setup_teardown' retrieved from /Users/bhavishyachallagolla/Desktop/RetailSense/.venv/lib/python3.12/site-packages/airflow/example_dags/example_setup_teardown.py
[2026-07-18T15:41:32.533+0530] {logging_mixin.py:190} INFO - [2026-07-18T15:41:32.533+0530] {dag.py:3239} INFO - Sync 1 DAGs
[2026-07-18T15:41:32.536+0530] {logging_mixin.py:190} INFO - [2026-07-18T15:41:32.536+0530] {dag.py:4180} INFO - Setting next_dagrun for example_setup_teardown to None, run_after=None
[2026-07-18T15:41:32.541+0530] {processor.py:208} INFO - Processing /Users/bhavishyachallagolla/Desktop/RetailSense/.venv/lib/python3.12/site-packages/airflow/example_dags/example_setup_teardown.py took 0.037 seconds
[2026-07-18T15:43:17.788+0530] {processor.py:186} INFO - Started process (PID=4462) to work on /Users/bhavishyachallagolla/Desktop/RetailSense/.venv/lib/python3.12/site-packages/airflow/example_dags/example_setup_teardown.py
[2026-07-18T15:43:17.789+0530] {processor.py:914} INFO - Processing file /Users/bhavishyachallagolla/Desktop/RetailSense/.venv/lib/python3.12/site-packages/airflow/example_dags/example_setup_teardown.py for tasks to queue
[2026-07-18T15:43:17.789+0530] {logging_mixin.py:190} INFO - [2026-07-18T15:43:17.789+0530] {dagbag.py:588} INFO - Filling up the DagBag from /Users/bhavishyachallagolla/Desktop/RetailSense/.venv/lib/python3.12/site-packages/airflow/example_dags/example_setup_teardown.py
[2026-07-18T15:43:17.792+0530] {processor.py:925} INFO - DAG(s) 'example_setup_teardown' retrieved from /Users/bhavishyachallagolla/Desktop/RetailSense/.venv/lib/python3.12/site-packages/airflow/example_dags/example_setup_teardown.py
[2026-07-18T15:43:17.817+0530] {logging_mixin.py:190} INFO - [2026-07-18T15:43:17.817+0530] {dag.py:3239} INFO - Sync 1 DAGs
[2026-07-18T15:43:17.820+0530] {logging_mixin.py:190} INFO - [2026-07-18T15:43:17.820+0530] {dag.py:4180} INFO - Setting next_dagrun for example_setup_teardown to None, run_after=None
[2026-07-18T15:43:17.825+0530] {processor.py:208} INFO - Processing /Users/bhavishyachallagolla/Desktop/RetailSense/.venv/lib/python3.12/site-packages/airflow/example_dags/example_setup_teardown.py took 0.038 seconds
[2026-07-18T15:45:11.766+0530] {processor.py:186} INFO - Started process (PID=4751) to work on /Users/bhavishyachallagolla/Desktop/RetailSense/.venv/lib/python3.12/site-packages/airflow/example_dags/example_setup_teardown.py
[2026-07-18T15:45:11.768+0530] {processor.py:914} INFO - Processing file /Users/bhavishyachallagolla/Desktop/RetailSense/.venv/lib/python3.12/site-packages/airflow/example_dags/example_setup_teardown.py for tasks to queue
[2026-07-18T15:45:11.768+0530] {logging_mixin.py:190} INFO - [2026-07-18T15:45:11.768+0530] {dagbag.py:588} INFO - Filling up the DagBag from /Users/bhavishyachallagolla/Desktop/RetailSense/.venv/lib/python3.12/site-packages/airflow/example_dags/example_setup_teardown.py
[2026-07-18T15:45:11.771+0530] {processor.py:925} INFO - DAG(s) 'example_setup_teardown' retrieved from /Users/bhavishyachallagolla/Desktop/RetailSense/.venv/lib/python3.12/site-packages/airflow/example_dags/example_setup_teardown.py
[2026-07-18T15:45:11.798+0530] {logging_mixin.py:190} INFO - [2026-07-18T15:45:11.798+0530] {dag.py:3239} INFO - Sync 1 DAGs
[2026-07-18T15:45:11.801+0530] {logging_mixin.py:190} INFO - [2026-07-18T15:45:11.801+0530] {dag.py:4180} INFO - Setting next_dagrun for example_setup_teardown to None, run_after=None
[2026-07-18T15:45:11.807+0530] {processor.py:208} INFO - Processing /Users/bhavishyachallagolla/Desktop/RetailSense/.venv/lib/python3.12/site-packages/airflow/example_dags/example_setup_teardown.py took 0.041 seconds
[2026-07-18T15:46:56.562+0530] {processor.py:186} INFO - Started process (PID=5015) to work on /Users/bhavishyachallagolla/Desktop/RetailSense/.venv/lib/python3.12/site-packages/airflow/example_dags/example_setup_teardown.py
[2026-07-18T15:46:56.563+0530] {processor.py:914} INFO - Processing file /Users/bhavishyachallagolla/Desktop/RetailSense/.venv/lib/python3.12/site-packages/airflow/example_dags/example_setup_teardown.py for tasks to queue
[2026-07-18T15:46:56.564+0530] {logging_mixin.py:190} INFO - [2026-07-18T15:46:56.564+0530] {dagbag.py:588} INFO - Filling up the DagBag from /Users/bhavishyachallagolla/Desktop/RetailSense/.venv/lib/python3.12/site-packages/airflow/example_dags/example_setup_teardown.py
[2026-07-18T15:46:56.566+0530] {processor.py:925} INFO - DAG(s) 'example_setup_teardown' retrieved from /Users/bhavishyachallagolla/Desktop/RetailSense/.venv/lib/python3.12/site-packages/airflow/example_dags/example_setup_teardown.py
[2026-07-18T15:46:56.591+0530] {logging_mixin.py:190} INFO - [2026-07-18T15:46:56.591+0530] {dag.py:3239} INFO - Sync 1 DAGs
[2026-07-18T15:46:56.594+0530] {logging_mixin.py:190} INFO - [2026-07-18T15:46:56.594+0530] {dag.py:4180} INFO - Setting next_dagrun for example_setup_teardown to None, run_after=None
[2026-07-18T15:46:56.598+0530] {processor.py:208} INFO - Processing /Users/bhavishyachallagolla/Desktop/RetailSense/.venv/lib/python3.12/site-packages/airflow/example_dags/example_setup_teardown.py took 0.037 seconds
[2026-07-18T15:48:40.827+0530] {processor.py:186} INFO - Started process (PID=5320) to work on /Users/bhavishyachallagolla/Desktop/RetailSense/.venv/lib/python3.12/site-packages/airflow/example_dags/example_setup_teardown.py
[2026-07-18T15:48:40.827+0530] {processor.py:914} INFO - Processing file /Users/bhavishyachallagolla/Desktop/RetailSense/.venv/lib/python3.12/site-packages/airflow/example_dags/example_setup_teardown.py for tasks to queue
[2026-07-18T15:48:40.828+0530] {logging_mixin.py:190} INFO - [2026-07-18T15:48:40.828+0530] {dagbag.py:588} INFO - Filling up the DagBag from /Users/bhavishyachallagolla/Desktop/RetailSense/.venv/lib/python3.12/site-packages/airflow/example_dags/example_setup_teardown.py
[2026-07-18T15:48:40.831+0530] {processor.py:925} INFO - DAG(s) 'example_setup_teardown' retrieved from /Users/bhavishyachallagolla/Desktop/RetailSense/.venv/lib/python3.12/site-packages/airflow/example_dags/example_setup_teardown.py
[2026-07-18T15:48:40.857+0530] {logging_mixin.py:190} INFO - [2026-07-18T15:48:40.857+0530] {dag.py:3239} INFO - Sync 1 DAGs
[2026-07-18T15:48:40.861+0530] {logging_mixin.py:190} INFO - [2026-07-18T15:48:40.861+0530] {dag.py:4180} INFO - Setting next_dagrun for example_setup_teardown to None, run_after=None
[2026-07-18T15:48:40.866+0530] {processor.py:208} INFO - Processing /Users/bhavishyachallagolla/Desktop/RetailSense/.venv/lib/python3.12/site-packages/airflow/example_dags/example_setup_teardown.py took 0.040 seconds
[2026-07-18T15:50:27.411+0530] {processor.py:186} INFO - Started process (PID=5595) to work on /Users/bhavishyachallagolla/Desktop/RetailSense/.venv/lib/python3.12/site-packages/airflow/example_dags/example_setup_teardown.py
[2026-07-18T15:50:27.411+0530] {processor.py:914} INFO - Processing file /Users/bhavishyachallagolla/Desktop/RetailSense/.venv/lib/python3.12/site-packages/airflow/example_dags/example_setup_teardown.py for tasks to queue
[2026-07-18T15:50:27.412+0530] {logging_mixin.py:190} INFO - [2026-07-18T15:50:27.412+0530] {dagbag.py:588} INFO - Filling up the DagBag from /Users/bhavishyachallagolla/Desktop/RetailSense/.venv/lib/python3.12/site-packages/airflow/example_dags/example_setup_teardown.py
[2026-07-18T15:50:27.414+0530] {processor.py:925} INFO - DAG(s) 'example_setup_teardown' retrieved from /Users/bhavishyachallagolla/Desktop/RetailSense/.venv/lib/python3.12/site-packages/airflow/example_dags/example_setup_teardown.py
[2026-07-18T15:50:27.439+0530] {logging_mixin.py:190} INFO - [2026-07-18T15:50:27.439+0530] {dag.py:3239} INFO - Sync 1 DAGs
[2026-07-18T15:50:27.442+0530] {logging_mixin.py:190} INFO - [2026-07-18T15:50:27.442+0530] {dag.py:4180} INFO - Setting next_dagrun for example_setup_teardown to None, run_after=None
[2026-07-18T15:50:27.446+0530] {processor.py:208} INFO - Processing /Users/bhavishyachallagolla/Desktop/RetailSense/.venv/lib/python3.12/site-packages/airflow/example_dags/example_setup_teardown.py took 0.036 seconds
[2026-07-18T15:52:08.600+0530] {processor.py:186} INFO - Started process (PID=5849) to work on /Users/bhavishyachallagolla/Desktop/RetailSense/.venv/lib/python3.12/site-packages/airflow/example_dags/example_setup_teardown.py
[2026-07-18T15:52:08.601+0530] {processor.py:914} INFO - Processing file /Users/bhavishyachallagolla/Desktop/RetailSense/.venv/lib/python3.12/site-packages/airflow/example_dags/example_setup_teardown.py for tasks to queue
[2026-07-18T15:52:08.601+0530] {logging_mixin.py:190} INFO - [2026-07-18T15:52:08.601+0530] {dagbag.py:588} INFO - Filling up the DagBag from /Users/bhavishyachallagolla/Desktop/RetailSense/.venv/lib/python3.12/site-packages/airflow/example_dags/example_setup_teardown.py
[2026-07-18T15:52:08.604+0530] {processor.py:925} INFO - DAG(s) 'example_setup_teardown' retrieved from /Users/bhavishyachallagolla/Desktop/RetailSense/.venv/lib/python3.12/site-packages/airflow/example_dags/example_setup_teardown.py
[2026-07-18T15:52:08.629+0530] {logging_mixin.py:190} INFO - [2026-07-18T15:52:08.629+0530] {dag.py:3239} INFO - Sync 1 DAGs
[2026-07-18T15:52:08.632+0530] {logging_mixin.py:190} INFO - [2026-07-18T15:52:08.632+0530] {dag.py:4180} INFO - Setting next_dagrun for example_setup_teardown to None, run_after=None
[2026-07-18T15:52:08.637+0530] {processor.py:208} INFO - Processing /Users/bhavishyachallagolla/Desktop/RetailSense/.venv/lib/python3.12/site-packages/airflow/example_dags/example_setup_teardown.py took 0.038 seconds
[2026-07-18T15:53:52.107+0530] {processor.py:186} INFO - Started process (PID=6114) to work on /Users/bhavishyachallagolla/Desktop/RetailSense/.venv/lib/python3.12/site-packages/airflow/example_dags/example_setup_teardown.py
[2026-07-18T15:53:52.108+0530] {processor.py:914} INFO - Processing file /Users/bhavishyachallagolla/Desktop/RetailSense/.venv/lib/python3.12/site-packages/airflow/example_dags/example_setup_teardown.py for tasks to queue
[2026-07-18T15:53:52.109+0530] {logging_mixin.py:190} INFO - [2026-07-18T15:53:52.109+0530] {dagbag.py:588} INFO - Filling up the DagBag from /Users/bhavishyachallagolla/Desktop/RetailSense/.venv/lib/python3.12/site-packages/airflow/example_dags/example_setup_teardown.py
[2026-07-18T15:53:52.112+0530] {processor.py:925} INFO - DAG(s) 'example_setup_teardown' retrieved from /Users/bhavishyachallagolla/Desktop/RetailSense/.venv/lib/python3.12/site-packages/airflow/example_dags/example_setup_teardown.py
[2026-07-18T15:53:52.139+0530] {logging_mixin.py:190} INFO - [2026-07-18T15:53:52.139+0530] {dag.py:3239} INFO - Sync 1 DAGs
[2026-07-18T15:53:52.142+0530] {logging_mixin.py:190} INFO - [2026-07-18T15:53:52.142+0530] {dag.py:4180} INFO - Setting next_dagrun for example_setup_teardown to None, run_after=None
[2026-07-18T15:53:52.147+0530] {processor.py:208} INFO - Processing /Users/bhavishyachallagolla/Desktop/RetailSense/.venv/lib/python3.12/site-packages/airflow/example_dags/example_setup_teardown.py took 0.041 seconds
[2026-07-18T15:55:37.343+0530] {processor.py:186} INFO - Started process (PID=6379) to work on /Users/bhavishyachallagolla/Desktop/RetailSense/.venv/lib/python3.12/site-packages/airflow/example_dags/example_setup_teardown.py
[2026-07-18T15:55:37.344+0530] {processor.py:914} INFO - Processing file /Users/bhavishyachallagolla/Desktop/RetailSense/.venv/lib/python3.12/site-packages/airflow/example_dags/example_setup_teardown.py for tasks to queue
[2026-07-18T15:55:37.344+0530] {logging_mixin.py:190} INFO - [2026-07-18T15:55:37.344+0530] {dagbag.py:588} INFO - Filling up the DagBag from /Users/bhavishyachallagolla/Desktop/RetailSense/.venv/lib/python3.12/site-packages/airflow/example_dags/example_setup_teardown.py
[2026-07-18T15:55:37.347+0530] {processor.py:925} INFO - DAG(s) 'example_setup_teardown' retrieved from /Users/bhavishyachallagolla/Desktop/RetailSense/.venv/lib/python3.12/site-packages/airflow/example_dags/example_setup_teardown.py
[2026-07-18T15:55:37.372+0530] {logging_mixin.py:190} INFO - [2026-07-18T15:55:37.371+0530] {dag.py:3239} INFO - Sync 1 DAGs
[2026-07-18T15:55:37.375+0530] {logging_mixin.py:190} INFO - [2026-07-18T15:55:37.375+0530] {dag.py:4180} INFO - Setting next_dagrun for example_setup_teardown to None, run_after=None
[2026-07-18T15:55:37.379+0530] {processor.py:208} INFO - Processing /Users/bhavishyachallagolla/Desktop/RetailSense/.venv/lib/python3.12/site-packages/airflow/example_dags/example_setup_teardown.py took 0.038 seconds
