[2026-07-18T15:36:10.961+0530] {processor.py:186} INFO - Started process (PID=3326) to work on /Users/bhavishyachallagolla/Desktop/RetailSense/.venv/lib/python3.12/site-packages/airflow/example_dags/example_xcom.py
[2026-07-18T15:36:10.961+0530] {processor.py:914} INFO - Processing file /Users/bhavishyachallagolla/Desktop/RetailSense/.venv/lib/python3.12/site-packages/airflow/example_dags/example_xcom.py for tasks to queue
[2026-07-18T15:36:10.961+0530] {logging_mixin.py:190} INFO - [2026-07-18T15:36:10.961+0530] {dagbag.py:588} INFO - Filling up the DagBag from /Users/bhavishyachallagolla/Desktop/RetailSense/.venv/lib/python3.12/site-packages/airflow/example_dags/example_xcom.py
[2026-07-18T15:36:10.973+0530] {processor.py:925} INFO - DAG(s) 'example_xcom' retrieved from /Users/bhavishyachallagolla/Desktop/RetailSense/.venv/lib/python3.12/site-packages/airflow/example_dags/example_xcom.py
[2026-07-18T15:36:10.998+0530] {logging_mixin.py:190} INFO - [2026-07-18T15:36:10.998+0530] {dag.py:3239} INFO - Sync 1 DAGs
[2026-07-18T15:36:11.003+0530] {logging_mixin.py:190} INFO - [2026-07-18T15:36:11.003+0530] {dag.py:4180} INFO - Setting next_dagrun for example_xcom to 2021-01-01 00:00:00+00:00, run_after=2021-01-01 00:00:00+00:00
[2026-07-18T15:36:11.007+0530] {processor.py:208} INFO - Processing /Users/bhavishyachallagolla/Desktop/RetailSense/.venv/lib/python3.12/site-packages/airflow/example_dags/example_xcom.py took 0.048 seconds
[2026-07-18T15:37:32.887+0530] {processor.py:186} INFO - Started process (PID=3531) to work on /Users/bhavishyachallagolla/Desktop/RetailSense/.venv/lib/python3.12/site-packages/airflow/example_dags/example_xcom.py
[2026-07-18T15:37:32.888+0530] {processor.py:914} INFO - Processing file /Users/bhavishyachallagolla/Desktop/RetailSense/.venv/lib/python3.12/site-packages/airflow/example_dags/example_xcom.py for tasks to queue
[2026-07-18T15:37:32.889+0530] {logging_mixin.py:190} INFO - [2026-07-18T15:37:32.889+0530] {dagbag.py:588} INFO - Filling up the DagBag from /Users/bhavishyachallagolla/Desktop/RetailSense/.venv/lib/python3.12/site-packages/airflow/example_dags/example_xcom.py
[2026-07-18T15:37:32.901+0530] {processor.py:925} INFO - DAG(s) 'example_xcom' retrieved from /Users/bhavishyachallagolla/Desktop/RetailSense/.venv/lib/python3.12/site-packages/airflow/example_dags/example_xcom.py
[2026-07-18T15:37:32.925+0530] {logging_mixin.py:190} INFO - [2026-07-18T15:37:32.925+0530] {dag.py:3239} INFO - Sync 1 DAGs
[2026-07-18T15:37:32.930+0530] {logging_mixin.py:190} INFO - [2026-07-18T15:37:32.930+0530] {dag.py:4180} INFO - Setting next_dagrun for example_xcom to 2021-01-01 00:00:00+00:00, run_after=2021-01-01 00:00:00+00:00
[2026-07-18T15:37:32.934+0530] {processor.py:208} INFO - Processing /Users/bhavishyachallagolla/Desktop/RetailSense/.venv/lib/python3.12/site-packages/airflow/example_dags/example_xcom.py took 0.048 seconds
[2026-07-18T15:38:34.702+0530] {processor.py:186} INFO - Started process (PID=3695) to work on /Users/bhavishyachallagolla/Desktop/RetailSense/.venv/lib/python3.12/site-packages/airflow/example_dags/example_xcom.py
[2026-07-18T15:38:34.703+0530] {processor.py:914} INFO - Processing file /Users/bhavishyachallagolla/Desktop/RetailSense/.venv/lib/python3.12/site-packages/airflow/example_dags/example_xcom.py for tasks to queue
[2026-07-18T15:38:34.703+0530] {logging_mixin.py:190} INFO - [2026-07-18T15:38:34.703+0530] {dagbag.py:588} INFO - Filling up the DagBag from /Users/bhavishyachallagolla/Desktop/RetailSense/.venv/lib/python3.12/site-packages/airflow/example_dags/example_xcom.py
[2026-07-18T15:38:34.715+0530] {processor.py:925} INFO - DAG(s) 'example_xcom' retrieved from /Users/bhavishyachallagolla/Desktop/RetailSense/.venv/lib/python3.12/site-packages/airflow/example_dags/example_xcom.py
[2026-07-18T15:38:34.740+0530] {logging_mixin.py:190} INFO - [2026-07-18T15:38:34.740+0530] {dag.py:3239} INFO - Sync 1 DAGs
[2026-07-18T15:38:34.744+0530] {logging_mixin.py:190} INFO - [2026-07-18T15:38:34.744+0530] {dag.py:4180} INFO - Setting next_dagrun for example_xcom to 2021-01-01 00:00:00+00:00, run_after=2021-01-01 00:00:00+00:00
[2026-07-18T15:38:34.748+0530] {processor.py:208} INFO - Processing /Users/bhavishyachallagolla/Desktop/RetailSense/.venv/lib/python3.12/site-packages/airflow/example_dags/example_xcom.py took 0.048 seconds
[2026-07-18T15:39:36.384+0530] {processor.py:186} INFO - Started process (PID=3868) to work on /Users/bhavishyachallagolla/Desktop/RetailSense/.venv/lib/python3.12/site-packages/airflow/example_dags/example_xcom.py
[2026-07-18T15:39:36.384+0530] {processor.py:914} INFO - Processing file /Users/bhavishyachallagolla/Desktop/RetailSense/.venv/lib/python3.12/site-packages/airflow/example_dags/example_xcom.py for tasks to queue
[2026-07-18T15:39:36.384+0530] {logging_mixin.py:190} INFO - [2026-07-18T15:39:36.384+0530] {dagbag.py:588} INFO - Filling up the DagBag from /Users/bhavishyachallagolla/Desktop/RetailSense/.venv/lib/python3.12/site-packages/airflow/example_dags/example_xcom.py
[2026-07-18T15:39:36.396+0530] {processor.py:925} INFO - DAG(s) 'example_xcom' retrieved from /Users/bhavishyachallagolla/Desktop/RetailSense/.venv/lib/python3.12/site-packages/airflow/example_dags/example_xcom.py
[2026-07-18T15:39:36.421+0530] {logging_mixin.py:190} INFO - [2026-07-18T15:39:36.421+0530] {dag.py:3239} INFO - Sync 1 DAGs
[2026-07-18T15:39:36.426+0530] {logging_mixin.py:190} INFO - [2026-07-18T15:39:36.426+0530] {dag.py:4180} INFO - Setting next_dagrun for example_xcom to 2021-01-01 00:00:00+00:00, run_after=2021-01-01 00:00:00+00:00
[2026-07-18T15:39:36.430+0530] {processor.py:208} INFO - Processing /Users/bhavishyachallagolla/Desktop/RetailSense/.venv/lib/python3.12/site-packages/airflow/example_dags/example_xcom.py took 0.048 seconds
[2026-07-18T15:40:26.211+0530] {processor.py:186} INFO - Started process (PID=3994) to work on /Users/bhavishyachallagolla/Desktop/RetailSense/.venv/lib/python3.12/site-packages/airflow/example_dags/example_xcom.py
[2026-07-18T15:40:26.212+0530] {processor.py:914} INFO - Processing file /Users/bhavishyachallagolla/Desktop/RetailSense/.venv/lib/python3.12/site-packages/airflow/example_dags/example_xcom.py for tasks to queue
[2026-07-18T15:40:26.212+0530] {logging_mixin.py:190} INFO - [2026-07-18T15:40:26.212+0530] {dagbag.py:588} INFO - Filling up the DagBag from /Users/bhavishyachallagolla/Desktop/RetailSense/.venv/lib/python3.12/site-packages/airflow/example_dags/example_xcom.py
[2026-07-18T15:40:26.226+0530] {processor.py:925} INFO - DAG(s) 'example_xcom' retrieved from /Users/bhavishyachallagolla/Desktop/RetailSense/.venv/lib/python3.12/site-packages/airflow/example_dags/example_xcom.py
[2026-07-18T15:40:26.253+0530] {logging_mixin.py:190} INFO - [2026-07-18T15:40:26.253+0530] {dag.py:3239} INFO - Sync 1 DAGs
[2026-07-18T15:40:26.258+0530] {logging_mixin.py:190} INFO - [2026-07-18T15:40:26.257+0530] {dag.py:4180} INFO - Setting next_dagrun for example_xcom to 2021-01-01 00:00:00+00:00, run_after=2021-01-01 00:00:00+00:00
[2026-07-18T15:40:26.262+0530] {processor.py:208} INFO - Processing /Users/bhavishyachallagolla/Desktop/RetailSense/.venv/lib/python3.12/site-packages/airflow/example_dags/example_xcom.py took 0.052 seconds
[2026-07-18T15:41:15.695+0530] {processor.py:186} INFO - Started process (PID=4129) to work on /Users/bhavishyachallagolla/Desktop/RetailSense/.venv/lib/python3.12/site-packages/airflow/example_dags/example_xcom.py
[2026-07-18T15:41:15.696+0530] {processor.py:914} INFO - Processing file /Users/bhavishyachallagolla/Desktop/RetailSense/.venv/lib/python3.12/site-packages/airflow/example_dags/example_xcom.py for tasks to queue
[2026-07-18T15:41:15.696+0530] {logging_mixin.py:190} INFO - [2026-07-18T15:41:15.696+0530] {dagbag.py:588} INFO - Filling up the DagBag from /Users/bhavishyachallagolla/Desktop/RetailSense/.venv/lib/python3.12/site-packages/airflow/example_dags/example_xcom.py
[2026-07-18T15:41:15.709+0530] {processor.py:925} INFO - DAG(s) 'example_xcom' retrieved from /Users/bhavishyachallagolla/Desktop/RetailSense/.venv/lib/python3.12/site-packages/airflow/example_dags/example_xcom.py
[2026-07-18T15:41:15.734+0530] {logging_mixin.py:190} INFO - [2026-07-18T15:41:15.733+0530] {dag.py:3239} INFO - Sync 1 DAGs
[2026-07-18T15:41:15.738+0530] {logging_mixin.py:190} INFO - [2026-07-18T15:41:15.738+0530] {dag.py:4180} INFO - Setting next_dagrun for example_xcom to 2021-01-01 00:00:00+00:00, run_after=2021-01-01 00:00:00+00:00
[2026-07-18T15:41:15.742+0530] {processor.py:208} INFO - Processing /Users/bhavishyachallagolla/Desktop/RetailSense/.venv/lib/python3.12/site-packages/airflow/example_dags/example_xcom.py took 0.048 seconds
[2026-07-18T15:42:06.242+0530] {processor.py:186} INFO - Started process (PID=4254) to work on /Users/bhavishyachallagolla/Desktop/RetailSense/.venv/lib/python3.12/site-packages/airflow/example_dags/example_xcom.py
[2026-07-18T15:42:06.243+0530] {processor.py:914} INFO - Processing file /Users/bhavishyachallagolla/Desktop/RetailSense/.venv/lib/python3.12/site-packages/airflow/example_dags/example_xcom.py for tasks to queue
[2026-07-18T15:42:06.243+0530] {logging_mixin.py:190} INFO - [2026-07-18T15:42:06.243+0530] {dagbag.py:588} INFO - Filling up the DagBag from /Users/bhavishyachallagolla/Desktop/RetailSense/.venv/lib/python3.12/site-packages/airflow/example_dags/example_xcom.py
[2026-07-18T15:42:06.257+0530] {processor.py:925} INFO - DAG(s) 'example_xcom' retrieved from /Users/bhavishyachallagolla/Desktop/RetailSense/.venv/lib/python3.12/site-packages/airflow/example_dags/example_xcom.py
[2026-07-18T15:42:06.283+0530] {logging_mixin.py:190} INFO - [2026-07-18T15:42:06.283+0530] {dag.py:3239} INFO - Sync 1 DAGs
[2026-07-18T15:42:06.288+0530] {logging_mixin.py:190} INFO - [2026-07-18T15:42:06.288+0530] {dag.py:4180} INFO - Setting next_dagrun for example_xcom to 2021-01-01 00:00:00+00:00, run_after=2021-01-01 00:00:00+00:00
[2026-07-18T15:42:06.294+0530] {processor.py:208} INFO - Processing /Users/bhavishyachallagolla/Desktop/RetailSense/.venv/lib/python3.12/site-packages/airflow/example_dags/example_xcom.py took 0.052 seconds
[2026-07-18T15:43:00.175+0530] {processor.py:186} INFO - Started process (PID=4417) to work on /Users/bhavishyachallagolla/Desktop/RetailSense/.venv/lib/python3.12/site-packages/airflow/example_dags/example_xcom.py
[2026-07-18T15:43:00.176+0530] {processor.py:914} INFO - Processing file /Users/bhavishyachallagolla/Desktop/RetailSense/.venv/lib/python3.12/site-packages/airflow/example_dags/example_xcom.py for tasks to queue
[2026-07-18T15:43:00.176+0530] {logging_mixin.py:190} INFO - [2026-07-18T15:43:00.176+0530] {dagbag.py:588} INFO - Filling up the DagBag from /Users/bhavishyachallagolla/Desktop/RetailSense/.venv/lib/python3.12/site-packages/airflow/example_dags/example_xcom.py
[2026-07-18T15:43:00.189+0530] {processor.py:925} INFO - DAG(s) 'example_xcom' retrieved from /Users/bhavishyachallagolla/Desktop/RetailSense/.venv/lib/python3.12/site-packages/airflow/example_dags/example_xcom.py
[2026-07-18T15:43:00.213+0530] {logging_mixin.py:190} INFO - [2026-07-18T15:43:00.213+0530] {dag.py:3239} INFO - Sync 1 DAGs
[2026-07-18T15:43:00.217+0530] {logging_mixin.py:190} INFO - [2026-07-18T15:43:00.217+0530] {dag.py:4180} INFO - Setting next_dagrun for example_xcom to 2021-01-01 00:00:00+00:00, run_after=2021-01-01 00:00:00+00:00
[2026-07-18T15:43:00.222+0530] {processor.py:208} INFO - Processing /Users/bhavishyachallagolla/Desktop/RetailSense/.venv/lib/python3.12/site-packages/airflow/example_dags/example_xcom.py took 0.048 seconds
[2026-07-18T15:44:01.958+0530] {processor.py:186} INFO - Started process (PID=4578) to work on /Users/bhavishyachallagolla/Desktop/RetailSense/.venv/lib/python3.12/site-packages/airflow/example_dags/example_xcom.py
[2026-07-18T15:44:01.959+0530] {processor.py:914} INFO - Processing file /Users/bhavishyachallagolla/Desktop/RetailSense/.venv/lib/python3.12/site-packages/airflow/example_dags/example_xcom.py for tasks to queue
[2026-07-18T15:44:01.960+0530] {logging_mixin.py:190} INFO - [2026-07-18T15:44:01.960+0530] {dagbag.py:588} INFO - Filling up the DagBag from /Users/bhavishyachallagolla/Desktop/RetailSense/.venv/lib/python3.12/site-packages/airflow/example_dags/example_xcom.py
[2026-07-18T15:44:01.972+0530] {processor.py:925} INFO - DAG(s) 'example_xcom' retrieved from /Users/bhavishyachallagolla/Desktop/RetailSense/.venv/lib/python3.12/site-packages/airflow/example_dags/example_xcom.py
[2026-07-18T15:44:01.997+0530] {logging_mixin.py:190} INFO - [2026-07-18T15:44:01.997+0530] {dag.py:3239} INFO - Sync 1 DAGs
[2026-07-18T15:44:02.002+0530] {logging_mixin.py:190} INFO - [2026-07-18T15:44:02.001+0530] {dag.py:4180} INFO - Setting next_dagrun for example_xcom to 2021-01-01 00:00:00+00:00, run_after=2021-01-01 00:00:00+00:00
[2026-07-18T15:44:02.006+0530] {processor.py:208} INFO - Processing /Users/bhavishyachallagolla/Desktop/RetailSense/.venv/lib/python3.12/site-packages/airflow/example_dags/example_xcom.py took 0.050 seconds
[2026-07-18T15:44:53.681+0530] {processor.py:186} INFO - Started process (PID=4709) to work on /Users/bhavishyachallagolla/Desktop/RetailSense/.venv/lib/python3.12/site-packages/airflow/example_dags/example_xcom.py
[2026-07-18T15:44:53.682+0530] {processor.py:914} INFO - Processing file /Users/bhavishyachallagolla/Desktop/RetailSense/.venv/lib/python3.12/site-packages/airflow/example_dags/example_xcom.py for tasks to queue
[2026-07-18T15:44:53.682+0530] {logging_mixin.py:190} INFO - [2026-07-18T15:44:53.682+0530] {dagbag.py:588} INFO - Filling up the DagBag from /Users/bhavishyachallagolla/Desktop/RetailSense/.venv/lib/python3.12/site-packages/airflow/example_dags/example_xcom.py
[2026-07-18T15:44:53.694+0530] {processor.py:925} INFO - DAG(s) 'example_xcom' retrieved from /Users/bhavishyachallagolla/Desktop/RetailSense/.venv/lib/python3.12/site-packages/airflow/example_dags/example_xcom.py
[2026-07-18T15:44:53.719+0530] {logging_mixin.py:190} INFO - [2026-07-18T15:44:53.719+0530] {dag.py:3239} INFO - Sync 1 DAGs
[2026-07-18T15:44:53.723+0530] {logging_mixin.py:190} INFO - [2026-07-18T15:44:53.723+0530] {dag.py:4180} INFO - Setting next_dagrun for example_xcom to 2021-01-01 00:00:00+00:00, run_after=2021-01-01 00:00:00+00:00
[2026-07-18T15:44:53.728+0530] {processor.py:208} INFO - Processing /Users/bhavishyachallagolla/Desktop/RetailSense/.venv/lib/python3.12/site-packages/airflow/example_dags/example_xcom.py took 0.047 seconds
[2026-07-18T15:45:45.382+0530] {processor.py:186} INFO - Started process (PID=4835) to work on /Users/bhavishyachallagolla/Desktop/RetailSense/.venv/lib/python3.12/site-packages/airflow/example_dags/example_xcom.py
[2026-07-18T15:45:45.382+0530] {processor.py:914} INFO - Processing file /Users/bhavishyachallagolla/Desktop/RetailSense/.venv/lib/python3.12/site-packages/airflow/example_dags/example_xcom.py for tasks to queue
[2026-07-18T15:45:45.383+0530] {logging_mixin.py:190} INFO - [2026-07-18T15:45:45.383+0530] {dagbag.py:588} INFO - Filling up the DagBag from /Users/bhavishyachallagolla/Desktop/RetailSense/.venv/lib/python3.12/site-packages/airflow/example_dags/example_xcom.py
[2026-07-18T15:45:45.395+0530] {processor.py:925} INFO - DAG(s) 'example_xcom' retrieved from /Users/bhavishyachallagolla/Desktop/RetailSense/.venv/lib/python3.12/site-packages/airflow/example_dags/example_xcom.py
[2026-07-18T15:45:45.418+0530] {logging_mixin.py:190} INFO - [2026-07-18T15:45:45.418+0530] {dag.py:3239} INFO - Sync 1 DAGs
[2026-07-18T15:45:45.423+0530] {logging_mixin.py:190} INFO - [2026-07-18T15:45:45.423+0530] {dag.py:4180} INFO - Setting next_dagrun for example_xcom to 2021-01-01 00:00:00+00:00, run_after=2021-01-01 00:00:00+00:00
[2026-07-18T15:45:45.427+0530] {processor.py:208} INFO - Processing /Users/bhavishyachallagolla/Desktop/RetailSense/.venv/lib/python3.12/site-packages/airflow/example_dags/example_xcom.py took 0.046 seconds
[2026-07-18T15:46:38.544+0530] {processor.py:186} INFO - Started process (PID=4964) to work on /Users/bhavishyachallagolla/Desktop/RetailSense/.venv/lib/python3.12/site-packages/airflow/example_dags/example_xcom.py
[2026-07-18T15:46:38.545+0530] {processor.py:914} INFO - Processing file /Users/bhavishyachallagolla/Desktop/RetailSense/.venv/lib/python3.12/site-packages/airflow/example_dags/example_xcom.py for tasks to queue
[2026-07-18T15:46:38.545+0530] {logging_mixin.py:190} INFO - [2026-07-18T15:46:38.545+0530] {dagbag.py:588} INFO - Filling up the DagBag from /Users/bhavishyachallagolla/Desktop/RetailSense/.venv/lib/python3.12/site-packages/airflow/example_dags/example_xcom.py
[2026-07-18T15:46:38.558+0530] {processor.py:925} INFO - DAG(s) 'example_xcom' retrieved from /Users/bhavishyachallagolla/Desktop/RetailSense/.venv/lib/python3.12/site-packages/airflow/example_dags/example_xcom.py
[2026-07-18T15:46:38.583+0530] {logging_mixin.py:190} INFO - [2026-07-18T15:46:38.583+0530] {dag.py:3239} INFO - Sync 1 DAGs
[2026-07-18T15:46:38.587+0530] {logging_mixin.py:190} INFO - [2026-07-18T15:46:38.587+0530] {dag.py:4180} INFO - Setting next_dagrun for example_xcom to 2021-01-01 00:00:00+00:00, run_after=2021-01-01 00:00:00+00:00
[2026-07-18T15:46:38.592+0530] {processor.py:208} INFO - Processing /Users/bhavishyachallagolla/Desktop/RetailSense/.venv/lib/python3.12/site-packages/airflow/example_dags/example_xcom.py took 0.048 seconds
[2026-07-18T15:47:30.510+0530] {processor.py:186} INFO - Started process (PID=5124) to work on /Users/bhavishyachallagolla/Desktop/RetailSense/.venv/lib/python3.12/site-packages/airflow/example_dags/example_xcom.py
[2026-07-18T15:47:30.511+0530] {processor.py:914} INFO - Processing file /Users/bhavishyachallagolla/Desktop/RetailSense/.venv/lib/python3.12/site-packages/airflow/example_dags/example_xcom.py for tasks to queue
[2026-07-18T15:47:30.511+0530] {logging_mixin.py:190} INFO - [2026-07-18T15:47:30.511+0530] {dagbag.py:588} INFO - Filling up the DagBag from /Users/bhavishyachallagolla/Desktop/RetailSense/.venv/lib/python3.12/site-packages/airflow/example_dags/example_xcom.py
[2026-07-18T15:47:30.524+0530] {processor.py:925} INFO - DAG(s) 'example_xcom' retrieved from /Users/bhavishyachallagolla/Desktop/RetailSense/.venv/lib/python3.12/site-packages/airflow/example_dags/example_xcom.py
[2026-07-18T15:47:30.548+0530] {logging_mixin.py:190} INFO - [2026-07-18T15:47:30.548+0530] {dag.py:3239} INFO - Sync 1 DAGs
[2026-07-18T15:47:30.553+0530] {logging_mixin.py:190} INFO - [2026-07-18T15:47:30.553+0530] {dag.py:4180} INFO - Setting next_dagrun for example_xcom to 2021-01-01 00:00:00+00:00, run_after=2021-01-01 00:00:00+00:00
[2026-07-18T15:47:30.557+0530] {processor.py:208} INFO - Processing /Users/bhavishyachallagolla/Desktop/RetailSense/.venv/lib/python3.12/site-packages/airflow/example_dags/example_xcom.py took 0.048 seconds
[2026-07-18T15:48:22.337+0530] {processor.py:186} INFO - Started process (PID=5267) to work on /Users/bhavishyachallagolla/Desktop/RetailSense/.venv/lib/python3.12/site-packages/airflow/example_dags/example_xcom.py
[2026-07-18T15:48:22.338+0530] {processor.py:914} INFO - Processing file /Users/bhavishyachallagolla/Desktop/RetailSense/.venv/lib/python3.12/site-packages/airflow/example_dags/example_xcom.py for tasks to queue
[2026-07-18T15:48:22.338+0530] {logging_mixin.py:190} INFO - [2026-07-18T15:48:22.338+0530] {dagbag.py:588} INFO - Filling up the DagBag from /Users/bhavishyachallagolla/Desktop/RetailSense/.venv/lib/python3.12/site-packages/airflow/example_dags/example_xcom.py
[2026-07-18T15:48:22.351+0530] {processor.py:925} INFO - DAG(s) 'example_xcom' retrieved from /Users/bhavishyachallagolla/Desktop/RetailSense/.venv/lib/python3.12/site-packages/airflow/example_dags/example_xcom.py
[2026-07-18T15:48:22.376+0530] {logging_mixin.py:190} INFO - [2026-07-18T15:48:22.376+0530] {dag.py:3239} INFO - Sync 1 DAGs
[2026-07-18T15:48:22.380+0530] {logging_mixin.py:190} INFO - [2026-07-18T15:48:22.380+0530] {dag.py:4180} INFO - Setting next_dagrun for example_xcom to 2021-01-01 00:00:00+00:00, run_after=2021-01-01 00:00:00+00:00
[2026-07-18T15:48:22.384+0530] {processor.py:208} INFO - Processing /Users/bhavishyachallagolla/Desktop/RetailSense/.venv/lib/python3.12/site-packages/airflow/example_dags/example_xcom.py took 0.049 seconds
[2026-07-18T15:49:15.586+0530] {processor.py:186} INFO - Started process (PID=5413) to work on /Users/bhavishyachallagolla/Desktop/RetailSense/.venv/lib/python3.12/site-packages/airflow/example_dags/example_xcom.py
[2026-07-18T15:49:15.587+0530] {processor.py:914} INFO - Processing file /Users/bhavishyachallagolla/Desktop/RetailSense/.venv/lib/python3.12/site-packages/airflow/example_dags/example_xcom.py for tasks to queue
[2026-07-18T15:49:15.588+0530] {logging_mixin.py:190} INFO - [2026-07-18T15:49:15.587+0530] {dagbag.py:588} INFO - Filling up the DagBag from /Users/bhavishyachallagolla/Desktop/RetailSense/.venv/lib/python3.12/site-packages/airflow/example_dags/example_xcom.py
[2026-07-18T15:49:15.601+0530] {processor.py:925} INFO - DAG(s) 'example_xcom' retrieved from /Users/bhavishyachallagolla/Desktop/RetailSense/.venv/lib/python3.12/site-packages/airflow/example_dags/example_xcom.py
[2026-07-18T15:49:15.627+0530] {logging_mixin.py:190} INFO - [2026-07-18T15:49:15.626+0530] {dag.py:3239} INFO - Sync 1 DAGs
[2026-07-18T15:49:15.631+0530] {logging_mixin.py:190} INFO - [2026-07-18T15:49:15.631+0530] {dag.py:4180} INFO - Setting next_dagrun for example_xcom to 2021-01-01 00:00:00+00:00, run_after=2021-01-01 00:00:00+00:00
[2026-07-18T15:49:15.636+0530] {processor.py:208} INFO - Processing /Users/bhavishyachallagolla/Desktop/RetailSense/.venv/lib/python3.12/site-packages/airflow/example_dags/example_xcom.py took 0.051 seconds
[2026-07-18T15:50:08.972+0530] {processor.py:186} INFO - Started process (PID=5547) to work on /Users/bhavishyachallagolla/Desktop/RetailSense/.venv/lib/python3.12/site-packages/airflow/example_dags/example_xcom.py
[2026-07-18T15:50:08.973+0530] {processor.py:914} INFO - Processing file /Users/bhavishyachallagolla/Desktop/RetailSense/.venv/lib/python3.12/site-packages/airflow/example_dags/example_xcom.py for tasks to queue
[2026-07-18T15:50:08.973+0530] {logging_mixin.py:190} INFO - [2026-07-18T15:50:08.973+0530] {dagbag.py:588} INFO - Filling up the DagBag from /Users/bhavishyachallagolla/Desktop/RetailSense/.venv/lib/python3.12/site-packages/airflow/example_dags/example_xcom.py
[2026-07-18T15:50:08.986+0530] {processor.py:925} INFO - DAG(s) 'example_xcom' retrieved from /Users/bhavishyachallagolla/Desktop/RetailSense/.venv/lib/python3.12/site-packages/airflow/example_dags/example_xcom.py
[2026-07-18T15:50:09.011+0530] {logging_mixin.py:190} INFO - [2026-07-18T15:50:09.010+0530] {dag.py:3239} INFO - Sync 1 DAGs
[2026-07-18T15:50:09.015+0530] {logging_mixin.py:190} INFO - [2026-07-18T15:50:09.015+0530] {dag.py:4180} INFO - Setting next_dagrun for example_xcom to 2021-01-01 00:00:00+00:00, run_after=2021-01-01 00:00:00+00:00
[2026-07-18T15:50:09.020+0530] {processor.py:208} INFO - Processing /Users/bhavishyachallagolla/Desktop/RetailSense/.venv/lib/python3.12/site-packages/airflow/example_dags/example_xcom.py took 0.049 seconds
[2026-07-18T15:51:02.812+0530] {processor.py:186} INFO - Started process (PID=5685) to work on /Users/bhavishyachallagolla/Desktop/RetailSense/.venv/lib/python3.12/site-packages/airflow/example_dags/example_xcom.py
[2026-07-18T15:51:02.813+0530] {processor.py:914} INFO - Processing file /Users/bhavishyachallagolla/Desktop/RetailSense/.venv/lib/python3.12/site-packages/airflow/example_dags/example_xcom.py for tasks to queue
[2026-07-18T15:51:02.813+0530] {logging_mixin.py:190} INFO - [2026-07-18T15:51:02.813+0530] {dagbag.py:588} INFO - Filling up the DagBag from /Users/bhavishyachallagolla/Desktop/RetailSense/.venv/lib/python3.12/site-packages/airflow/example_dags/example_xcom.py
[2026-07-18T15:51:02.825+0530] {processor.py:925} INFO - DAG(s) 'example_xcom' retrieved from /Users/bhavishyachallagolla/Desktop/RetailSense/.venv/lib/python3.12/site-packages/airflow/example_dags/example_xcom.py
[2026-07-18T15:51:02.850+0530] {logging_mixin.py:190} INFO - [2026-07-18T15:51:02.850+0530] {dag.py:3239} INFO - Sync 1 DAGs
[2026-07-18T15:51:02.854+0530] {logging_mixin.py:190} INFO - [2026-07-18T15:51:02.854+0530] {dag.py:4180} INFO - Setting next_dagrun for example_xcom to 2021-01-01 00:00:00+00:00, run_after=2021-01-01 00:00:00+00:00
[2026-07-18T15:51:02.859+0530] {processor.py:208} INFO - Processing /Users/bhavishyachallagolla/Desktop/RetailSense/.venv/lib/python3.12/site-packages/airflow/example_dags/example_xcom.py took 0.048 seconds
[2026-07-18T15:51:53.350+0530] {processor.py:186} INFO - Started process (PID=5810) to work on /Users/bhavishyachallagolla/Desktop/RetailSense/.venv/lib/python3.12/site-packages/airflow/example_dags/example_xcom.py
[2026-07-18T15:51:53.352+0530] {processor.py:914} INFO - Processing file /Users/bhavishyachallagolla/Desktop/RetailSense/.venv/lib/python3.12/site-packages/airflow/example_dags/example_xcom.py for tasks to queue
[2026-07-18T15:51:53.352+0530] {logging_mixin.py:190} INFO - [2026-07-18T15:51:53.352+0530] {dagbag.py:588} INFO - Filling up the DagBag from /Users/bhavishyachallagolla/Desktop/RetailSense/.venv/lib/python3.12/site-packages/airflow/example_dags/example_xcom.py
[2026-07-18T15:51:53.364+0530] {processor.py:925} INFO - DAG(s) 'example_xcom' retrieved from /Users/bhavishyachallagolla/Desktop/RetailSense/.venv/lib/python3.12/site-packages/airflow/example_dags/example_xcom.py
[2026-07-18T15:51:53.389+0530] {logging_mixin.py:190} INFO - [2026-07-18T15:51:53.389+0530] {dag.py:3239} INFO - Sync 1 DAGs
[2026-07-18T15:51:53.393+0530] {logging_mixin.py:190} INFO - [2026-07-18T15:51:53.393+0530] {dag.py:4180} INFO - Setting next_dagrun for example_xcom to 2021-01-01 00:00:00+00:00, run_after=2021-01-01 00:00:00+00:00
[2026-07-18T15:51:53.398+0530] {processor.py:208} INFO - Processing /Users/bhavishyachallagolla/Desktop/RetailSense/.venv/lib/python3.12/site-packages/airflow/example_dags/example_xcom.py took 0.048 seconds
[2026-07-18T15:52:44.016+0530] {processor.py:186} INFO - Started process (PID=5945) to work on /Users/bhavishyachallagolla/Desktop/RetailSense/.venv/lib/python3.12/site-packages/airflow/example_dags/example_xcom.py
[2026-07-18T15:52:44.017+0530] {processor.py:914} INFO - Processing file /Users/bhavishyachallagolla/Desktop/RetailSense/.venv/lib/python3.12/site-packages/airflow/example_dags/example_xcom.py for tasks to queue
[2026-07-18T15:52:44.018+0530] {logging_mixin.py:190} INFO - [2026-07-18T15:52:44.018+0530] {dagbag.py:588} INFO - Filling up the DagBag from /Users/bhavishyachallagolla/Desktop/RetailSense/.venv/lib/python3.12/site-packages/airflow/example_dags/example_xcom.py
[2026-07-18T15:52:44.030+0530] {processor.py:925} INFO - DAG(s) 'example_xcom' retrieved from /Users/bhavishyachallagolla/Desktop/RetailSense/.venv/lib/python3.12/site-packages/airflow/example_dags/example_xcom.py
[2026-07-18T15:52:44.055+0530] {logging_mixin.py:190} INFO - [2026-07-18T15:52:44.055+0530] {dag.py:3239} INFO - Sync 1 DAGs
[2026-07-18T15:52:44.060+0530] {logging_mixin.py:190} INFO - [2026-07-18T15:52:44.060+0530] {dag.py:4180} INFO - Setting next_dagrun for example_xcom to 2021-01-01 00:00:00+00:00, run_after=2021-01-01 00:00:00+00:00
[2026-07-18T15:52:44.065+0530] {processor.py:208} INFO - Processing /Users/bhavishyachallagolla/Desktop/RetailSense/.venv/lib/python3.12/site-packages/airflow/example_dags/example_xcom.py took 0.049 seconds
[2026-07-18T15:53:35.223+0530] {processor.py:186} INFO - Started process (PID=6074) to work on /Users/bhavishyachallagolla/Desktop/RetailSense/.venv/lib/python3.12/site-packages/airflow/example_dags/example_xcom.py
[2026-07-18T15:53:35.223+0530] {processor.py:914} INFO - Processing file /Users/bhavishyachallagolla/Desktop/RetailSense/.venv/lib/python3.12/site-packages/airflow/example_dags/example_xcom.py for tasks to queue
[2026-07-18T15:53:35.223+0530] {logging_mixin.py:190} INFO - [2026-07-18T15:53:35.223+0530] {dagbag.py:588} INFO - Filling up the DagBag from /Users/bhavishyachallagolla/Desktop/RetailSense/.venv/lib/python3.12/site-packages/airflow/example_dags/example_xcom.py
[2026-07-18T15:53:35.236+0530] {processor.py:925} INFO - DAG(s) 'example_xcom' retrieved from /Users/bhavishyachallagolla/Desktop/RetailSense/.venv/lib/python3.12/site-packages/airflow/example_dags/example_xcom.py
[2026-07-18T15:53:35.260+0530] {logging_mixin.py:190} INFO - [2026-07-18T15:53:35.260+0530] {dag.py:3239} INFO - Sync 1 DAGs
[2026-07-18T15:53:35.265+0530] {logging_mixin.py:190} INFO - [2026-07-18T15:53:35.265+0530] {dag.py:4180} INFO - Setting next_dagrun for example_xcom to 2021-01-01 00:00:00+00:00, run_after=2021-01-01 00:00:00+00:00
[2026-07-18T15:53:35.269+0530] {processor.py:208} INFO - Processing /Users/bhavishyachallagolla/Desktop/RetailSense/.venv/lib/python3.12/site-packages/airflow/example_dags/example_xcom.py took 0.048 seconds
[2026-07-18T15:54:26.879+0530] {processor.py:186} INFO - Started process (PID=6200) to work on /Users/bhavishyachallagolla/Desktop/RetailSense/.venv/lib/python3.12/site-packages/airflow/example_dags/example_xcom.py
[2026-07-18T15:54:26.880+0530] {processor.py:914} INFO - Processing file /Users/bhavishyachallagolla/Desktop/RetailSense/.venv/lib/python3.12/site-packages/airflow/example_dags/example_xcom.py for tasks to queue
[2026-07-18T15:54:26.881+0530] {logging_mixin.py:190} INFO - [2026-07-18T15:54:26.881+0530] {dagbag.py:588} INFO - Filling up the DagBag from /Users/bhavishyachallagolla/Desktop/RetailSense/.venv/lib/python3.12/site-packages/airflow/example_dags/example_xcom.py
[2026-07-18T15:54:26.893+0530] {processor.py:925} INFO - DAG(s) 'example_xcom' retrieved from /Users/bhavishyachallagolla/Desktop/RetailSense/.venv/lib/python3.12/site-packages/airflow/example_dags/example_xcom.py
[2026-07-18T15:54:26.917+0530] {logging_mixin.py:190} INFO - [2026-07-18T15:54:26.917+0530] {dag.py:3239} INFO - Sync 1 DAGs
[2026-07-18T15:54:26.922+0530] {logging_mixin.py:190} INFO - [2026-07-18T15:54:26.922+0530] {dag.py:4180} INFO - Setting next_dagrun for example_xcom to 2021-01-01 00:00:00+00:00, run_after=2021-01-01 00:00:00+00:00
[2026-07-18T15:54:26.926+0530] {processor.py:208} INFO - Processing /Users/bhavishyachallagolla/Desktop/RetailSense/.venv/lib/python3.12/site-packages/airflow/example_dags/example_xcom.py took 0.048 seconds
[2026-07-18T15:55:21.652+0530] {processor.py:186} INFO - Started process (PID=6339) to work on /Users/bhavishyachallagolla/Desktop/RetailSense/.venv/lib/python3.12/site-packages/airflow/example_dags/example_xcom.py
[2026-07-18T15:55:21.653+0530] {processor.py:914} INFO - Processing file /Users/bhavishyachallagolla/Desktop/RetailSense/.venv/lib/python3.12/site-packages/airflow/example_dags/example_xcom.py for tasks to queue
[2026-07-18T15:55:21.653+0530] {logging_mixin.py:190} INFO - [2026-07-18T15:55:21.653+0530] {dagbag.py:588} INFO - Filling up the DagBag from /Users/bhavishyachallagolla/Desktop/RetailSense/.venv/lib/python3.12/site-packages/airflow/example_dags/example_xcom.py
[2026-07-18T15:55:21.665+0530] {processor.py:925} INFO - DAG(s) 'example_xcom' retrieved from /Users/bhavishyachallagolla/Desktop/RetailSense/.venv/lib/python3.12/site-packages/airflow/example_dags/example_xcom.py
[2026-07-18T15:55:21.689+0530] {logging_mixin.py:190} INFO - [2026-07-18T15:55:21.689+0530] {dag.py:3239} INFO - Sync 1 DAGs
[2026-07-18T15:55:21.693+0530] {logging_mixin.py:190} INFO - [2026-07-18T15:55:21.693+0530] {dag.py:4180} INFO - Setting next_dagrun for example_xcom to 2021-01-01 00:00:00+00:00, run_after=2021-01-01 00:00:00+00:00
[2026-07-18T15:55:21.698+0530] {processor.py:208} INFO - Processing /Users/bhavishyachallagolla/Desktop/RetailSense/.venv/lib/python3.12/site-packages/airflow/example_dags/example_xcom.py took 0.046 seconds
[2026-07-18T15:56:12.529+0530] {processor.py:186} INFO - Started process (PID=6467) to work on /Users/bhavishyachallagolla/Desktop/RetailSense/.venv/lib/python3.12/site-packages/airflow/example_dags/example_xcom.py
[2026-07-18T15:56:12.530+0530] {processor.py:914} INFO - Processing file /Users/bhavishyachallagolla/Desktop/RetailSense/.venv/lib/python3.12/site-packages/airflow/example_dags/example_xcom.py for tasks to queue
[2026-07-18T15:56:12.530+0530] {logging_mixin.py:190} INFO - [2026-07-18T15:56:12.530+0530] {dagbag.py:588} INFO - Filling up the DagBag from /Users/bhavishyachallagolla/Desktop/RetailSense/.venv/lib/python3.12/site-packages/airflow/example_dags/example_xcom.py
[2026-07-18T15:56:12.543+0530] {processor.py:925} INFO - DAG(s) 'example_xcom' retrieved from /Users/bhavishyachallagolla/Desktop/RetailSense/.venv/lib/python3.12/site-packages/airflow/example_dags/example_xcom.py
[2026-07-18T15:56:12.568+0530] {logging_mixin.py:190} INFO - [2026-07-18T15:56:12.568+0530] {dag.py:3239} INFO - Sync 1 DAGs
[2026-07-18T15:56:12.572+0530] {logging_mixin.py:190} INFO - [2026-07-18T15:56:12.572+0530] {dag.py:4180} INFO - Setting next_dagrun for example_xcom to 2021-01-01 00:00:00+00:00, run_after=2021-01-01 00:00:00+00:00
[2026-07-18T15:56:12.577+0530] {processor.py:208} INFO - Processing /Users/bhavishyachallagolla/Desktop/RetailSense/.venv/lib/python3.12/site-packages/airflow/example_dags/example_xcom.py took 0.049 seconds
