[2026-07-18T15:36:16.639+0530] {processor.py:186} INFO - Started process (PID=3339) to work on /Users/bhavishyachallagolla/Desktop/RetailSense/.venv/lib/python3.12/site-packages/airflow/example_dags/example_time_delta_sensor_async.py
[2026-07-18T15:36:16.640+0530] {processor.py:914} INFO - Processing file /Users/bhavishyachallagolla/Desktop/RetailSense/.venv/lib/python3.12/site-packages/airflow/example_dags/example_time_delta_sensor_async.py for tasks to queue
[2026-07-18T15:36:16.640+0530] {logging_mixin.py:190} INFO - [2026-07-18T15:36:16.640+0530] {dagbag.py:588} INFO - Filling up the DagBag from /Users/bhavishyachallagolla/Desktop/RetailSense/.venv/lib/python3.12/site-packages/airflow/example_dags/example_time_delta_sensor_async.py
[2026-07-18T15:36:16.642+0530] {processor.py:925} INFO - DAG(s) 'example_time_delta_sensor_async' retrieved from /Users/bhavishyachallagolla/Desktop/RetailSense/.venv/lib/python3.12/site-packages/airflow/example_dags/example_time_delta_sensor_async.py
[2026-07-18T15:36:16.665+0530] {logging_mixin.py:190} INFO - [2026-07-18T15:36:16.665+0530] {workday.py:41} WARNING - Could not import pandas. Holidays will not be considered.
[2026-07-18T15:36:16.671+0530] {logging_mixin.py:190} INFO - [2026-07-18T15:36:16.671+0530] {dag.py:3239} INFO - Sync 1 DAGs
[2026-07-18T15:36:16.674+0530] {logging_mixin.py:190} INFO - [2026-07-18T15:36:16.674+0530] {dag.py:4180} INFO - Setting next_dagrun for example_time_delta_sensor_async to None, run_after=None
[2026-07-18T15:36:16.679+0530] {processor.py:208} INFO - Processing /Users/bhavishyachallagolla/Desktop/RetailSense/.venv/lib/python3.12/site-packages/airflow/example_dags/example_time_delta_sensor_async.py took 0.041 seconds
[2026-07-18T15:37:38.606+0530] {processor.py:186} INFO - Started process (PID=3549) to work on /Users/bhavishyachallagolla/Desktop/RetailSense/.venv/lib/python3.12/site-packages/airflow/example_dags/example_time_delta_sensor_async.py
[2026-07-18T15:37:38.607+0530] {processor.py:914} INFO - Processing file /Users/bhavishyachallagolla/Desktop/RetailSense/.venv/lib/python3.12/site-packages/airflow/example_dags/example_time_delta_sensor_async.py for tasks to queue
[2026-07-18T15:37:38.607+0530] {logging_mixin.py:190} INFO - [2026-07-18T15:37:38.607+0530] {dagbag.py:588} INFO - Filling up the DagBag from /Users/bhavishyachallagolla/Desktop/RetailSense/.venv/lib/python3.12/site-packages/airflow/example_dags/example_time_delta_sensor_async.py
[2026-07-18T15:37:38.610+0530] {processor.py:925} INFO - DAG(s) 'example_time_delta_sensor_async' retrieved from /Users/bhavishyachallagolla/Desktop/RetailSense/.venv/lib/python3.12/site-packages/airflow/example_dags/example_time_delta_sensor_async.py
[2026-07-18T15:37:38.632+0530] {logging_mixin.py:190} INFO - [2026-07-18T15:37:38.632+0530] {workday.py:41} WARNING - Could not import pandas. Holidays will not be considered.
[2026-07-18T15:37:38.637+0530] {logging_mixin.py:190} INFO - [2026-07-18T15:37:38.637+0530] {dag.py:3239} INFO - Sync 1 DAGs
[2026-07-18T15:37:38.640+0530] {logging_mixin.py:190} INFO - [2026-07-18T15:37:38.640+0530] {dag.py:4180} INFO - Setting next_dagrun for example_time_delta_sensor_async to None, run_after=None
[2026-07-18T15:37:38.644+0530] {processor.py:208} INFO - Processing /Users/bhavishyachallagolla/Desktop/RetailSense/.venv/lib/python3.12/site-packages/airflow/example_dags/example_time_delta_sensor_async.py took 0.039 seconds
[2026-07-18T15:38:40.255+0530] {processor.py:186} INFO - Started process (PID=3708) to work on /Users/bhavishyachallagolla/Desktop/RetailSense/.venv/lib/python3.12/site-packages/airflow/example_dags/example_time_delta_sensor_async.py
[2026-07-18T15:38:40.256+0530] {processor.py:914} INFO - Processing file /Users/bhavishyachallagolla/Desktop/RetailSense/.venv/lib/python3.12/site-packages/airflow/example_dags/example_time_delta_sensor_async.py for tasks to queue
[2026-07-18T15:38:40.256+0530] {logging_mixin.py:190} INFO - [2026-07-18T15:38:40.256+0530] {dagbag.py:588} INFO - Filling up the DagBag from /Users/bhavishyachallagolla/Desktop/RetailSense/.venv/lib/python3.12/site-packages/airflow/example_dags/example_time_delta_sensor_async.py
[2026-07-18T15:38:40.258+0530] {processor.py:925} INFO - DAG(s) 'example_time_delta_sensor_async' retrieved from /Users/bhavishyachallagolla/Desktop/RetailSense/.venv/lib/python3.12/site-packages/airflow/example_dags/example_time_delta_sensor_async.py
[2026-07-18T15:38:40.281+0530] {logging_mixin.py:190} INFO - [2026-07-18T15:38:40.281+0530] {workday.py:41} WARNING - Could not import pandas. Holidays will not be considered.
[2026-07-18T15:38:40.286+0530] {logging_mixin.py:190} INFO - [2026-07-18T15:38:40.286+0530] {dag.py:3239} INFO - Sync 1 DAGs
[2026-07-18T15:38:40.289+0530] {logging_mixin.py:190} INFO - [2026-07-18T15:38:40.289+0530] {dag.py:4180} INFO - Setting next_dagrun for example_time_delta_sensor_async to None, run_after=None
[2026-07-18T15:38:40.294+0530] {processor.py:208} INFO - Processing /Users/bhavishyachallagolla/Desktop/RetailSense/.venv/lib/python3.12/site-packages/airflow/example_dags/example_time_delta_sensor_async.py took 0.040 seconds
[2026-07-18T15:39:41.928+0530] {processor.py:186} INFO - Started process (PID=3884) to work on /Users/bhavishyachallagolla/Desktop/RetailSense/.venv/lib/python3.12/site-packages/airflow/example_dags/example_time_delta_sensor_async.py
[2026-07-18T15:39:41.929+0530] {processor.py:914} INFO - Processing file /Users/bhavishyachallagolla/Desktop/RetailSense/.venv/lib/python3.12/site-packages/airflow/example_dags/example_time_delta_sensor_async.py for tasks to queue
[2026-07-18T15:39:41.930+0530] {logging_mixin.py:190} INFO - [2026-07-18T15:39:41.930+0530] {dagbag.py:588} INFO - Filling up the DagBag from /Users/bhavishyachallagolla/Desktop/RetailSense/.venv/lib/python3.12/site-packages/airflow/example_dags/example_time_delta_sensor_async.py
[2026-07-18T15:39:41.933+0530] {processor.py:925} INFO - DAG(s) 'example_time_delta_sensor_async' retrieved from /Users/bhavishyachallagolla/Desktop/RetailSense/.venv/lib/python3.12/site-packages/airflow/example_dags/example_time_delta_sensor_async.py
[2026-07-18T15:39:41.956+0530] {logging_mixin.py:190} INFO - [2026-07-18T15:39:41.956+0530] {workday.py:41} WARNING - Could not import pandas. Holidays will not be considered.
[2026-07-18T15:39:41.962+0530] {logging_mixin.py:190} INFO - [2026-07-18T15:39:41.962+0530] {dag.py:3239} INFO - Sync 1 DAGs
[2026-07-18T15:39:41.965+0530] {logging_mixin.py:190} INFO - [2026-07-18T15:39:41.965+0530] {dag.py:4180} INFO - Setting next_dagrun for example_time_delta_sensor_async to None, run_after=None
[2026-07-18T15:39:41.970+0530] {processor.py:208} INFO - Processing /Users/bhavishyachallagolla/Desktop/RetailSense/.venv/lib/python3.12/site-packages/airflow/example_dags/example_time_delta_sensor_async.py took 0.043 seconds
[2026-07-18T15:41:21.267+0530] {processor.py:186} INFO - Started process (PID=4142) to work on /Users/bhavishyachallagolla/Desktop/RetailSense/.venv/lib/python3.12/site-packages/airflow/example_dags/example_time_delta_sensor_async.py
[2026-07-18T15:41:21.268+0530] {processor.py:914} INFO - Processing file /Users/bhavishyachallagolla/Desktop/RetailSense/.venv/lib/python3.12/site-packages/airflow/example_dags/example_time_delta_sensor_async.py for tasks to queue
[2026-07-18T15:41:21.269+0530] {logging_mixin.py:190} INFO - [2026-07-18T15:41:21.269+0530] {dagbag.py:588} INFO - Filling up the DagBag from /Users/bhavishyachallagolla/Desktop/RetailSense/.venv/lib/python3.12/site-packages/airflow/example_dags/example_time_delta_sensor_async.py
[2026-07-18T15:41:21.272+0530] {processor.py:925} INFO - DAG(s) 'example_time_delta_sensor_async' retrieved from /Users/bhavishyachallagolla/Desktop/RetailSense/.venv/lib/python3.12/site-packages/airflow/example_dags/example_time_delta_sensor_async.py
[2026-07-18T15:41:21.296+0530] {logging_mixin.py:190} INFO - [2026-07-18T15:41:21.296+0530] {workday.py:41} WARNING - Could not import pandas. Holidays will not be considered.
[2026-07-18T15:41:21.302+0530] {logging_mixin.py:190} INFO - [2026-07-18T15:41:21.302+0530] {dag.py:3239} INFO - Sync 1 DAGs
[2026-07-18T15:41:21.305+0530] {logging_mixin.py:190} INFO - [2026-07-18T15:41:21.304+0530] {dag.py:4180} INFO - Setting next_dagrun for example_time_delta_sensor_async to None, run_after=None
[2026-07-18T15:41:21.310+0530] {processor.py:208} INFO - Processing /Users/bhavishyachallagolla/Desktop/RetailSense/.venv/lib/python3.12/site-packages/airflow/example_dags/example_time_delta_sensor_async.py took 0.043 seconds
[2026-07-18T15:43:05.464+0530] {processor.py:186} INFO - Started process (PID=4433) to work on /Users/bhavishyachallagolla/Desktop/RetailSense/.venv/lib/python3.12/site-packages/airflow/example_dags/example_time_delta_sensor_async.py
[2026-07-18T15:43:05.465+0530] {processor.py:914} INFO - Processing file /Users/bhavishyachallagolla/Desktop/RetailSense/.venv/lib/python3.12/site-packages/airflow/example_dags/example_time_delta_sensor_async.py for tasks to queue
[2026-07-18T15:43:05.465+0530] {logging_mixin.py:190} INFO - [2026-07-18T15:43:05.465+0530] {dagbag.py:588} INFO - Filling up the DagBag from /Users/bhavishyachallagolla/Desktop/RetailSense/.venv/lib/python3.12/site-packages/airflow/example_dags/example_time_delta_sensor_async.py
[2026-07-18T15:43:05.468+0530] {processor.py:925} INFO - DAG(s) 'example_time_delta_sensor_async' retrieved from /Users/bhavishyachallagolla/Desktop/RetailSense/.venv/lib/python3.12/site-packages/airflow/example_dags/example_time_delta_sensor_async.py
[2026-07-18T15:43:05.491+0530] {logging_mixin.py:190} INFO - [2026-07-18T15:43:05.491+0530] {workday.py:41} WARNING - Could not import pandas. Holidays will not be considered.
[2026-07-18T15:43:05.496+0530] {logging_mixin.py:190} INFO - [2026-07-18T15:43:05.496+0530] {dag.py:3239} INFO - Sync 1 DAGs
[2026-07-18T15:43:05.500+0530] {logging_mixin.py:190} INFO - [2026-07-18T15:43:05.500+0530] {dag.py:4180} INFO - Setting next_dagrun for example_time_delta_sensor_async to None, run_after=None
[2026-07-18T15:43:05.504+0530] {processor.py:208} INFO - Processing /Users/bhavishyachallagolla/Desktop/RetailSense/.venv/lib/python3.12/site-packages/airflow/example_dags/example_time_delta_sensor_async.py took 0.041 seconds
[2026-07-18T15:44:59.142+0530] {processor.py:186} INFO - Started process (PID=4722) to work on /Users/bhavishyachallagolla/Desktop/RetailSense/.venv/lib/python3.12/site-packages/airflow/example_dags/example_time_delta_sensor_async.py
[2026-07-18T15:44:59.143+0530] {processor.py:914} INFO - Processing file /Users/bhavishyachallagolla/Desktop/RetailSense/.venv/lib/python3.12/site-packages/airflow/example_dags/example_time_delta_sensor_async.py for tasks to queue
[2026-07-18T15:44:59.143+0530] {logging_mixin.py:190} INFO - [2026-07-18T15:44:59.143+0530] {dagbag.py:588} INFO - Filling up the DagBag from /Users/bhavishyachallagolla/Desktop/RetailSense/.venv/lib/python3.12/site-packages/airflow/example_dags/example_time_delta_sensor_async.py
[2026-07-18T15:44:59.145+0530] {processor.py:925} INFO - DAG(s) 'example_time_delta_sensor_async' retrieved from /Users/bhavishyachallagolla/Desktop/RetailSense/.venv/lib/python3.12/site-packages/airflow/example_dags/example_time_delta_sensor_async.py
[2026-07-18T15:44:59.167+0530] {logging_mixin.py:190} INFO - [2026-07-18T15:44:59.167+0530] {workday.py:41} WARNING - Could not import pandas. Holidays will not be considered.
[2026-07-18T15:44:59.173+0530] {logging_mixin.py:190} INFO - [2026-07-18T15:44:59.173+0530] {dag.py:3239} INFO - Sync 1 DAGs
[2026-07-18T15:44:59.176+0530] {logging_mixin.py:190} INFO - [2026-07-18T15:44:59.176+0530] {dag.py:4180} INFO - Setting next_dagrun for example_time_delta_sensor_async to None, run_after=None
[2026-07-18T15:44:59.180+0530] {processor.py:208} INFO - Processing /Users/bhavishyachallagolla/Desktop/RetailSense/.venv/lib/python3.12/site-packages/airflow/example_dags/example_time_delta_sensor_async.py took 0.039 seconds
[2026-07-18T15:46:44.050+0530] {processor.py:186} INFO - Started process (PID=4981) to work on /Users/bhavishyachallagolla/Desktop/RetailSense/.venv/lib/python3.12/site-packages/airflow/example_dags/example_time_delta_sensor_async.py
[2026-07-18T15:46:44.051+0530] {processor.py:914} INFO - Processing file /Users/bhavishyachallagolla/Desktop/RetailSense/.venv/lib/python3.12/site-packages/airflow/example_dags/example_time_delta_sensor_async.py for tasks to queue
[2026-07-18T15:46:44.051+0530] {logging_mixin.py:190} INFO - [2026-07-18T15:46:44.051+0530] {dagbag.py:588} INFO - Filling up the DagBag from /Users/bhavishyachallagolla/Desktop/RetailSense/.venv/lib/python3.12/site-packages/airflow/example_dags/example_time_delta_sensor_async.py
[2026-07-18T15:46:44.054+0530] {processor.py:925} INFO - DAG(s) 'example_time_delta_sensor_async' retrieved from /Users/bhavishyachallagolla/Desktop/RetailSense/.venv/lib/python3.12/site-packages/airflow/example_dags/example_time_delta_sensor_async.py
[2026-07-18T15:46:44.077+0530] {logging_mixin.py:190} INFO - [2026-07-18T15:46:44.077+0530] {workday.py:41} WARNING - Could not import pandas. Holidays will not be considered.
[2026-07-18T15:46:44.082+0530] {logging_mixin.py:190} INFO - [2026-07-18T15:46:44.082+0530] {dag.py:3239} INFO - Sync 1 DAGs
[2026-07-18T15:46:44.086+0530] {logging_mixin.py:190} INFO - [2026-07-18T15:46:44.086+0530] {dag.py:4180} INFO - Setting next_dagrun for example_time_delta_sensor_async to None, run_after=None
[2026-07-18T15:46:44.090+0530] {processor.py:208} INFO - Processing /Users/bhavishyachallagolla/Desktop/RetailSense/.venv/lib/python3.12/site-packages/airflow/example_dags/example_time_delta_sensor_async.py took 0.042 seconds
[2026-07-18T15:48:27.958+0530] {processor.py:186} INFO - Started process (PID=5285) to work on /Users/bhavishyachallagolla/Desktop/RetailSense/.venv/lib/python3.12/site-packages/airflow/example_dags/example_time_delta_sensor_async.py
[2026-07-18T15:48:27.959+0530] {processor.py:914} INFO - Processing file /Users/bhavishyachallagolla/Desktop/RetailSense/.venv/lib/python3.12/site-packages/airflow/example_dags/example_time_delta_sensor_async.py for tasks to queue
[2026-07-18T15:48:27.959+0530] {logging_mixin.py:190} INFO - [2026-07-18T15:48:27.959+0530] {dagbag.py:588} INFO - Filling up the DagBag from /Users/bhavishyachallagolla/Desktop/RetailSense/.venv/lib/python3.12/site-packages/airflow/example_dags/example_time_delta_sensor_async.py
[2026-07-18T15:48:27.963+0530] {processor.py:925} INFO - DAG(s) 'example_time_delta_sensor_async' retrieved from /Users/bhavishyachallagolla/Desktop/RetailSense/.venv/lib/python3.12/site-packages/airflow/example_dags/example_time_delta_sensor_async.py
[2026-07-18T15:48:27.987+0530] {logging_mixin.py:190} INFO - [2026-07-18T15:48:27.987+0530] {workday.py:41} WARNING - Could not import pandas. Holidays will not be considered.
[2026-07-18T15:48:27.993+0530] {logging_mixin.py:190} INFO - [2026-07-18T15:48:27.993+0530] {dag.py:3239} INFO - Sync 1 DAGs
[2026-07-18T15:48:27.996+0530] {logging_mixin.py:190} INFO - [2026-07-18T15:48:27.996+0530] {dag.py:4180} INFO - Setting next_dagrun for example_time_delta_sensor_async to None, run_after=None
[2026-07-18T15:48:28.001+0530] {processor.py:208} INFO - Processing /Users/bhavishyachallagolla/Desktop/RetailSense/.venv/lib/python3.12/site-packages/airflow/example_dags/example_time_delta_sensor_async.py took 0.044 seconds
[2026-07-18T15:50:15.582+0530] {processor.py:186} INFO - Started process (PID=5564) to work on /Users/bhavishyachallagolla/Desktop/RetailSense/.venv/lib/python3.12/site-packages/airflow/example_dags/example_time_delta_sensor_async.py
[2026-07-18T15:50:15.583+0530] {processor.py:914} INFO - Processing file /Users/bhavishyachallagolla/Desktop/RetailSense/.venv/lib/python3.12/site-packages/airflow/example_dags/example_time_delta_sensor_async.py for tasks to queue
[2026-07-18T15:50:15.583+0530] {logging_mixin.py:190} INFO - [2026-07-18T15:50:15.583+0530] {dagbag.py:588} INFO - Filling up the DagBag from /Users/bhavishyachallagolla/Desktop/RetailSense/.venv/lib/python3.12/site-packages/airflow/example_dags/example_time_delta_sensor_async.py
[2026-07-18T15:50:15.586+0530] {processor.py:925} INFO - DAG(s) 'example_time_delta_sensor_async' retrieved from /Users/bhavishyachallagolla/Desktop/RetailSense/.venv/lib/python3.12/site-packages/airflow/example_dags/example_time_delta_sensor_async.py
[2026-07-18T15:50:15.608+0530] {logging_mixin.py:190} INFO - [2026-07-18T15:50:15.608+0530] {workday.py:41} WARNING - Could not import pandas. Holidays will not be considered.
[2026-07-18T15:50:15.614+0530] {logging_mixin.py:190} INFO - [2026-07-18T15:50:15.614+0530] {dag.py:3239} INFO - Sync 1 DAGs
[2026-07-18T15:50:15.617+0530] {logging_mixin.py:190} INFO - [2026-07-18T15:50:15.617+0530] {dag.py:4180} INFO - Setting next_dagrun for example_time_delta_sensor_async to None, run_after=None
[2026-07-18T15:50:15.622+0530] {processor.py:208} INFO - Processing /Users/bhavishyachallagolla/Desktop/RetailSense/.venv/lib/python3.12/site-packages/airflow/example_dags/example_time_delta_sensor_async.py took 0.041 seconds
[2026-07-18T15:51:56.666+0530] {processor.py:186} INFO - Started process (PID=5819) to work on /Users/bhavishyachallagolla/Desktop/RetailSense/.venv/lib/python3.12/site-packages/airflow/example_dags/example_time_delta_sensor_async.py
[2026-07-18T15:51:56.666+0530] {processor.py:914} INFO - Processing file /Users/bhavishyachallagolla/Desktop/RetailSense/.venv/lib/python3.12/site-packages/airflow/example_dags/example_time_delta_sensor_async.py for tasks to queue
[2026-07-18T15:51:56.667+0530] {logging_mixin.py:190} INFO - [2026-07-18T15:51:56.667+0530] {dagbag.py:588} INFO - Filling up the DagBag from /Users/bhavishyachallagolla/Desktop/RetailSense/.venv/lib/python3.12/site-packages/airflow/example_dags/example_time_delta_sensor_async.py
[2026-07-18T15:51:56.669+0530] {processor.py:925} INFO - DAG(s) 'example_time_delta_sensor_async' retrieved from /Users/bhavishyachallagolla/Desktop/RetailSense/.venv/lib/python3.12/site-packages/airflow/example_dags/example_time_delta_sensor_async.py
[2026-07-18T15:51:56.692+0530] {logging_mixin.py:190} INFO - [2026-07-18T15:51:56.692+0530] {workday.py:41} WARNING - Could not import pandas. Holidays will not be considered.
[2026-07-18T15:51:56.698+0530] {logging_mixin.py:190} INFO - [2026-07-18T15:51:56.698+0530] {dag.py:3239} INFO - Sync 1 DAGs
[2026-07-18T15:51:56.701+0530] {logging_mixin.py:190} INFO - [2026-07-18T15:51:56.701+0530] {dag.py:4180} INFO - Setting next_dagrun for example_time_delta_sensor_async to None, run_after=None
[2026-07-18T15:51:56.706+0530] {processor.py:208} INFO - Processing /Users/bhavishyachallagolla/Desktop/RetailSense/.venv/lib/python3.12/site-packages/airflow/example_dags/example_time_delta_sensor_async.py took 0.041 seconds
[2026-07-18T15:53:38.607+0530] {processor.py:186} INFO - Started process (PID=6084) to work on /Users/bhavishyachallagolla/Desktop/RetailSense/.venv/lib/python3.12/site-packages/airflow/example_dags/example_time_delta_sensor_async.py
[2026-07-18T15:53:38.608+0530] {processor.py:914} INFO - Processing file /Users/bhavishyachallagolla/Desktop/RetailSense/.venv/lib/python3.12/site-packages/airflow/example_dags/example_time_delta_sensor_async.py for tasks to queue
[2026-07-18T15:53:38.609+0530] {logging_mixin.py:190} INFO - [2026-07-18T15:53:38.609+0530] {dagbag.py:588} INFO - Filling up the DagBag from /Users/bhavishyachallagolla/Desktop/RetailSense/.venv/lib/python3.12/site-packages/airflow/example_dags/example_time_delta_sensor_async.py
[2026-07-18T15:53:38.611+0530] {processor.py:925} INFO - DAG(s) 'example_time_delta_sensor_async' retrieved from /Users/bhavishyachallagolla/Desktop/RetailSense/.venv/lib/python3.12/site-packages/airflow/example_dags/example_time_delta_sensor_async.py
[2026-07-18T15:53:38.634+0530] {logging_mixin.py:190} INFO - [2026-07-18T15:53:38.634+0530] {workday.py:41} WARNING - Could not import pandas. Holidays will not be considered.
[2026-07-18T15:53:38.640+0530] {logging_mixin.py:190} INFO - [2026-07-18T15:53:38.640+0530] {dag.py:3239} INFO - Sync 1 DAGs
[2026-07-18T15:53:38.643+0530] {logging_mixin.py:190} INFO - [2026-07-18T15:53:38.643+0530] {dag.py:4180} INFO - Setting next_dagrun for example_time_delta_sensor_async to None, run_after=None
[2026-07-18T15:53:38.648+0530] {processor.py:208} INFO - Processing /Users/bhavishyachallagolla/Desktop/RetailSense/.venv/lib/python3.12/site-packages/airflow/example_dags/example_time_delta_sensor_async.py took 0.041 seconds
[2026-07-18T15:54:32.510+0530] {processor.py:186} INFO - Started process (PID=6214) to work on /Users/bhavishyachallagolla/Desktop/RetailSense/.venv/lib/python3.12/site-packages/airflow/example_dags/example_time_delta_sensor_async.py
[2026-07-18T15:54:32.511+0530] {processor.py:914} INFO - Processing file /Users/bhavishyachallagolla/Desktop/RetailSense/.venv/lib/python3.12/site-packages/airflow/example_dags/example_time_delta_sensor_async.py for tasks to queue
[2026-07-18T15:54:32.511+0530] {logging_mixin.py:190} INFO - [2026-07-18T15:54:32.511+0530] {dagbag.py:588} INFO - Filling up the DagBag from /Users/bhavishyachallagolla/Desktop/RetailSense/.venv/lib/python3.12/site-packages/airflow/example_dags/example_time_delta_sensor_async.py
[2026-07-18T15:54:32.514+0530] {processor.py:925} INFO - DAG(s) 'example_time_delta_sensor_async' retrieved from /Users/bhavishyachallagolla/Desktop/RetailSense/.venv/lib/python3.12/site-packages/airflow/example_dags/example_time_delta_sensor_async.py
[2026-07-18T15:54:32.536+0530] {logging_mixin.py:190} INFO - [2026-07-18T15:54:32.536+0530] {workday.py:41} WARNING - Could not import pandas. Holidays will not be considered.
[2026-07-18T15:54:32.542+0530] {logging_mixin.py:190} INFO - [2026-07-18T15:54:32.541+0530] {dag.py:3239} INFO - Sync 1 DAGs
[2026-07-18T15:54:32.545+0530] {logging_mixin.py:190} INFO - [2026-07-18T15:54:32.545+0530] {dag.py:4180} INFO - Setting next_dagrun for example_time_delta_sensor_async to None, run_after=None
[2026-07-18T15:54:32.549+0530] {processor.py:208} INFO - Processing /Users/bhavishyachallagolla/Desktop/RetailSense/.venv/lib/python3.12/site-packages/airflow/example_dags/example_time_delta_sensor_async.py took 0.040 seconds
[2026-07-18T15:56:17.355+0530] {processor.py:186} INFO - Started process (PID=6478) to work on /Users/bhavishyachallagolla/Desktop/RetailSense/.venv/lib/python3.12/site-packages/airflow/example_dags/example_time_delta_sensor_async.py
[2026-07-18T15:56:17.356+0530] {processor.py:914} INFO - Processing file /Users/bhavishyachallagolla/Desktop/RetailSense/.venv/lib/python3.12/site-packages/airflow/example_dags/example_time_delta_sensor_async.py for tasks to queue
[2026-07-18T15:56:17.356+0530] {logging_mixin.py:190} INFO - [2026-07-18T15:56:17.356+0530] {dagbag.py:588} INFO - Filling up the DagBag from /Users/bhavishyachallagolla/Desktop/RetailSense/.venv/lib/python3.12/site-packages/airflow/example_dags/example_time_delta_sensor_async.py
[2026-07-18T15:56:17.359+0530] {processor.py:925} INFO - DAG(s) 'example_time_delta_sensor_async' retrieved from /Users/bhavishyachallagolla/Desktop/RetailSense/.venv/lib/python3.12/site-packages/airflow/example_dags/example_time_delta_sensor_async.py
[2026-07-18T15:56:17.381+0530] {logging_mixin.py:190} INFO - [2026-07-18T15:56:17.381+0530] {workday.py:41} WARNING - Could not import pandas. Holidays will not be considered.
[2026-07-18T15:56:17.386+0530] {logging_mixin.py:190} INFO - [2026-07-18T15:56:17.386+0530] {dag.py:3239} INFO - Sync 1 DAGs
[2026-07-18T15:56:17.390+0530] {logging_mixin.py:190} INFO - [2026-07-18T15:56:17.390+0530] {dag.py:4180} INFO - Setting next_dagrun for example_time_delta_sensor_async to None, run_after=None
[2026-07-18T15:56:17.394+0530] {processor.py:208} INFO - Processing /Users/bhavishyachallagolla/Desktop/RetailSense/.venv/lib/python3.12/site-packages/airflow/example_dags/example_time_delta_sensor_async.py took 0.040 seconds
