[2026-07-18T15:36:40.688+0530] {processor.py:186} INFO - Started process (PID=3400) to work on /Users/bhavishyachallagolla/Desktop/RetailSense/.venv/lib/python3.12/site-packages/airflow/example_dags/example_outlet_event_extra.py
[2026-07-18T15:36:40.688+0530] {processor.py:914} INFO - Processing file /Users/bhavishyachallagolla/Desktop/RetailSense/.venv/lib/python3.12/site-packages/airflow/example_dags/example_outlet_event_extra.py for tasks to queue
[2026-07-18T15:36:40.689+0530] {logging_mixin.py:190} INFO - [2026-07-18T15:36:40.688+0530] {dagbag.py:588} INFO - Filling up the DagBag from /Users/bhavishyachallagolla/Desktop/RetailSense/.venv/lib/python3.12/site-packages/airflow/example_dags/example_outlet_event_extra.py
[2026-07-18T15:36:40.712+0530] {processor.py:925} INFO - DAG(s) 'dataset_with_extra_from_classic_operator', 'dataset_with_extra_by_yield', 'dataset_with_extra_by_context' retrieved from /Users/bhavishyachallagolla/Desktop/RetailSense/.venv/lib/python3.12/site-packages/airflow/example_dags/example_outlet_event_extra.py
[2026-07-18T15:36:40.739+0530] {logging_mixin.py:190} INFO - [2026-07-18T15:36:40.739+0530] {dag.py:3239} INFO - Sync 3 DAGs
[2026-07-18T15:36:40.744+0530] {logging_mixin.py:190} INFO - [2026-07-18T15:36:40.744+0530] {dag.py:4180} INFO - Setting next_dagrun for dataset_with_extra_by_context to 2026-07-17 00:00:00+00:00, run_after=2026-07-18 00:00:00+00:00
[2026-07-18T15:36:40.746+0530] {logging_mixin.py:190} INFO - [2026-07-18T15:36:40.746+0530] {dag.py:4180} INFO - Setting next_dagrun for dataset_with_extra_by_yield to 2026-07-17 00:00:00+00:00, run_after=2026-07-18 00:00:00+00:00
[2026-07-18T15:36:40.746+0530] {logging_mixin.py:190} INFO - [2026-07-18T15:36:40.746+0530] {dag.py:4180} INFO - Setting next_dagrun for dataset_with_extra_from_classic_operator to 2026-07-17 00:00:00+00:00, run_after=2026-07-18 00:00:00+00:00
[2026-07-18T15:36:40.752+0530] {processor.py:208} INFO - Processing /Users/bhavishyachallagolla/Desktop/RetailSense/.venv/lib/python3.12/site-packages/airflow/example_dags/example_outlet_event_extra.py took 0.065 seconds
[2026-07-18T15:38:12.188+0530] {processor.py:186} INFO - Started process (PID=3629) to work on /Users/bhavishyachallagolla/Desktop/RetailSense/.venv/lib/python3.12/site-packages/airflow/example_dags/example_outlet_event_extra.py
[2026-07-18T15:38:12.189+0530] {processor.py:914} INFO - Processing file /Users/bhavishyachallagolla/Desktop/RetailSense/.venv/lib/python3.12/site-packages/airflow/example_dags/example_outlet_event_extra.py for tasks to queue
[2026-07-18T15:38:12.189+0530] {logging_mixin.py:190} INFO - [2026-07-18T15:38:12.189+0530] {dagbag.py:588} INFO - Filling up the DagBag from /Users/bhavishyachallagolla/Desktop/RetailSense/.venv/lib/python3.12/site-packages/airflow/example_dags/example_outlet_event_extra.py
[2026-07-18T15:38:12.212+0530] {processor.py:925} INFO - DAG(s) 'dataset_with_extra_from_classic_operator', 'dataset_with_extra_by_context', 'dataset_with_extra_by_yield' retrieved from /Users/bhavishyachallagolla/Desktop/RetailSense/.venv/lib/python3.12/site-packages/airflow/example_dags/example_outlet_event_extra.py
[2026-07-18T15:38:12.238+0530] {logging_mixin.py:190} INFO - [2026-07-18T15:38:12.238+0530] {dag.py:3239} INFO - Sync 3 DAGs
[2026-07-18T15:38:12.242+0530] {logging_mixin.py:190} INFO - [2026-07-18T15:38:12.242+0530] {dag.py:4180} INFO - Setting next_dagrun for dataset_with_extra_by_context to 2026-07-17 00:00:00+00:00, run_after=2026-07-18 00:00:00+00:00
[2026-07-18T15:38:12.244+0530] {logging_mixin.py:190} INFO - [2026-07-18T15:38:12.243+0530] {dag.py:4180} INFO - Setting next_dagrun for dataset_with_extra_by_yield to 2026-07-17 00:00:00+00:00, run_after=2026-07-18 00:00:00+00:00
[2026-07-18T15:38:12.244+0530] {logging_mixin.py:190} INFO - [2026-07-18T15:38:12.244+0530] {dag.py:4180} INFO - Setting next_dagrun for dataset_with_extra_from_classic_operator to 2026-07-17 00:00:00+00:00, run_after=2026-07-18 00:00:00+00:00
[2026-07-18T15:38:12.249+0530] {processor.py:208} INFO - Processing /Users/bhavishyachallagolla/Desktop/RetailSense/.venv/lib/python3.12/site-packages/airflow/example_dags/example_outlet_event_extra.py took 0.062 seconds
[2026-07-18T15:40:03.823+0530] {processor.py:186} INFO - Started process (PID=3937) to work on /Users/bhavishyachallagolla/Desktop/RetailSense/.venv/lib/python3.12/site-packages/airflow/example_dags/example_outlet_event_extra.py
[2026-07-18T15:40:03.824+0530] {processor.py:914} INFO - Processing file /Users/bhavishyachallagolla/Desktop/RetailSense/.venv/lib/python3.12/site-packages/airflow/example_dags/example_outlet_event_extra.py for tasks to queue
[2026-07-18T15:40:03.825+0530] {logging_mixin.py:190} INFO - [2026-07-18T15:40:03.825+0530] {dagbag.py:588} INFO - Filling up the DagBag from /Users/bhavishyachallagolla/Desktop/RetailSense/.venv/lib/python3.12/site-packages/airflow/example_dags/example_outlet_event_extra.py
[2026-07-18T15:40:03.857+0530] {processor.py:925} INFO - DAG(s) 'dataset_with_extra_from_classic_operator', 'dataset_with_extra_by_yield', 'dataset_with_extra_by_context' retrieved from /Users/bhavishyachallagolla/Desktop/RetailSense/.venv/lib/python3.12/site-packages/airflow/example_dags/example_outlet_event_extra.py
[2026-07-18T15:40:03.882+0530] {logging_mixin.py:190} INFO - [2026-07-18T15:40:03.882+0530] {dag.py:3239} INFO - Sync 3 DAGs
[2026-07-18T15:40:03.886+0530] {logging_mixin.py:190} INFO - [2026-07-18T15:40:03.886+0530] {dag.py:4180} INFO - Setting next_dagrun for dataset_with_extra_by_context to 2026-07-17 00:00:00+00:00, run_after=2026-07-18 00:00:00+00:00
[2026-07-18T15:40:03.888+0530] {logging_mixin.py:190} INFO - [2026-07-18T15:40:03.888+0530] {dag.py:4180} INFO - Setting next_dagrun for dataset_with_extra_by_yield to 2026-07-17 00:00:00+00:00, run_after=2026-07-18 00:00:00+00:00
[2026-07-18T15:40:03.888+0530] {logging_mixin.py:190} INFO - [2026-07-18T15:40:03.888+0530] {dag.py:4180} INFO - Setting next_dagrun for dataset_with_extra_from_classic_operator to 2026-07-17 00:00:00+00:00, run_after=2026-07-18 00:00:00+00:00
[2026-07-18T15:40:03.893+0530] {processor.py:208} INFO - Processing /Users/bhavishyachallagolla/Desktop/RetailSense/.venv/lib/python3.12/site-packages/airflow/example_dags/example_outlet_event_extra.py took 0.071 seconds
[2026-07-18T15:41:43.211+0530] {processor.py:186} INFO - Started process (PID=4201) to work on /Users/bhavishyachallagolla/Desktop/RetailSense/.venv/lib/python3.12/site-packages/airflow/example_dags/example_outlet_event_extra.py
[2026-07-18T15:41:43.212+0530] {processor.py:914} INFO - Processing file /Users/bhavishyachallagolla/Desktop/RetailSense/.venv/lib/python3.12/site-packages/airflow/example_dags/example_outlet_event_extra.py for tasks to queue
[2026-07-18T15:41:43.213+0530] {logging_mixin.py:190} INFO - [2026-07-18T15:41:43.212+0530] {dagbag.py:588} INFO - Filling up the DagBag from /Users/bhavishyachallagolla/Desktop/RetailSense/.venv/lib/python3.12/site-packages/airflow/example_dags/example_outlet_event_extra.py
[2026-07-18T15:41:43.244+0530] {processor.py:925} INFO - DAG(s) 'dataset_with_extra_by_yield', 'dataset_with_extra_by_context', 'dataset_with_extra_from_classic_operator' retrieved from /Users/bhavishyachallagolla/Desktop/RetailSense/.venv/lib/python3.12/site-packages/airflow/example_dags/example_outlet_event_extra.py
[2026-07-18T15:41:43.270+0530] {logging_mixin.py:190} INFO - [2026-07-18T15:41:43.270+0530] {dag.py:3239} INFO - Sync 3 DAGs
[2026-07-18T15:41:43.275+0530] {logging_mixin.py:190} INFO - [2026-07-18T15:41:43.275+0530] {dag.py:4180} INFO - Setting next_dagrun for dataset_with_extra_by_context to 2026-07-17 00:00:00+00:00, run_after=2026-07-18 00:00:00+00:00
[2026-07-18T15:41:43.276+0530] {logging_mixin.py:190} INFO - [2026-07-18T15:41:43.276+0530] {dag.py:4180} INFO - Setting next_dagrun for dataset_with_extra_by_yield to 2026-07-17 00:00:00+00:00, run_after=2026-07-18 00:00:00+00:00
[2026-07-18T15:41:43.277+0530] {logging_mixin.py:190} INFO - [2026-07-18T15:41:43.277+0530] {dag.py:4180} INFO - Setting next_dagrun for dataset_with_extra_from_classic_operator to 2026-07-17 00:00:00+00:00, run_after=2026-07-18 00:00:00+00:00
[2026-07-18T15:41:43.281+0530] {processor.py:208} INFO - Processing /Users/bhavishyachallagolla/Desktop/RetailSense/.venv/lib/python3.12/site-packages/airflow/example_dags/example_outlet_event_extra.py took 0.071 seconds
[2026-07-18T15:43:29.529+0530] {processor.py:186} INFO - Started process (PID=4493) to work on /Users/bhavishyachallagolla/Desktop/RetailSense/.venv/lib/python3.12/site-packages/airflow/example_dags/example_outlet_event_extra.py
[2026-07-18T15:43:29.530+0530] {processor.py:914} INFO - Processing file /Users/bhavishyachallagolla/Desktop/RetailSense/.venv/lib/python3.12/site-packages/airflow/example_dags/example_outlet_event_extra.py for tasks to queue
[2026-07-18T15:43:29.530+0530] {logging_mixin.py:190} INFO - [2026-07-18T15:43:29.530+0530] {dagbag.py:588} INFO - Filling up the DagBag from /Users/bhavishyachallagolla/Desktop/RetailSense/.venv/lib/python3.12/site-packages/airflow/example_dags/example_outlet_event_extra.py
[2026-07-18T15:43:29.563+0530] {processor.py:925} INFO - DAG(s) 'dataset_with_extra_by_yield', 'dataset_with_extra_by_context', 'dataset_with_extra_from_classic_operator' retrieved from /Users/bhavishyachallagolla/Desktop/RetailSense/.venv/lib/python3.12/site-packages/airflow/example_dags/example_outlet_event_extra.py
[2026-07-18T15:43:29.589+0530] {logging_mixin.py:190} INFO - [2026-07-18T15:43:29.589+0530] {dag.py:3239} INFO - Sync 3 DAGs
[2026-07-18T15:43:29.594+0530] {logging_mixin.py:190} INFO - [2026-07-18T15:43:29.594+0530] {dag.py:4180} INFO - Setting next_dagrun for dataset_with_extra_by_context to 2026-07-17 00:00:00+00:00, run_after=2026-07-18 00:00:00+00:00
[2026-07-18T15:43:29.595+0530] {logging_mixin.py:190} INFO - [2026-07-18T15:43:29.595+0530] {dag.py:4180} INFO - Setting next_dagrun for dataset_with_extra_by_yield to 2026-07-17 00:00:00+00:00, run_after=2026-07-18 00:00:00+00:00
[2026-07-18T15:43:29.595+0530] {logging_mixin.py:190} INFO - [2026-07-18T15:43:29.595+0530] {dag.py:4180} INFO - Setting next_dagrun for dataset_with_extra_from_classic_operator to 2026-07-17 00:00:00+00:00, run_after=2026-07-18 00:00:00+00:00
[2026-07-18T15:43:29.601+0530] {processor.py:208} INFO - Processing /Users/bhavishyachallagolla/Desktop/RetailSense/.venv/lib/python3.12/site-packages/airflow/example_dags/example_outlet_event_extra.py took 0.073 seconds
[2026-07-18T15:45:22.963+0530] {processor.py:186} INFO - Started process (PID=4781) to work on /Users/bhavishyachallagolla/Desktop/RetailSense/.venv/lib/python3.12/site-packages/airflow/example_dags/example_outlet_event_extra.py
[2026-07-18T15:45:22.964+0530] {processor.py:914} INFO - Processing file /Users/bhavishyachallagolla/Desktop/RetailSense/.venv/lib/python3.12/site-packages/airflow/example_dags/example_outlet_event_extra.py for tasks to queue
[2026-07-18T15:45:22.964+0530] {logging_mixin.py:190} INFO - [2026-07-18T15:45:22.964+0530] {dagbag.py:588} INFO - Filling up the DagBag from /Users/bhavishyachallagolla/Desktop/RetailSense/.venv/lib/python3.12/site-packages/airflow/example_dags/example_outlet_event_extra.py
[2026-07-18T15:45:22.986+0530] {processor.py:925} INFO - DAG(s) 'dataset_with_extra_by_yield', 'dataset_with_extra_from_classic_operator', 'dataset_with_extra_by_context' retrieved from /Users/bhavishyachallagolla/Desktop/RetailSense/.venv/lib/python3.12/site-packages/airflow/example_dags/example_outlet_event_extra.py
[2026-07-18T15:45:23.012+0530] {logging_mixin.py:190} INFO - [2026-07-18T15:45:23.012+0530] {dag.py:3239} INFO - Sync 3 DAGs
[2026-07-18T15:45:23.017+0530] {logging_mixin.py:190} INFO - [2026-07-18T15:45:23.017+0530] {dag.py:4180} INFO - Setting next_dagrun for dataset_with_extra_by_context to 2026-07-17 00:00:00+00:00, run_after=2026-07-18 00:00:00+00:00
[2026-07-18T15:45:23.018+0530] {logging_mixin.py:190} INFO - [2026-07-18T15:45:23.018+0530] {dag.py:4180} INFO - Setting next_dagrun for dataset_with_extra_by_yield to 2026-07-17 00:00:00+00:00, run_after=2026-07-18 00:00:00+00:00
[2026-07-18T15:45:23.018+0530] {logging_mixin.py:190} INFO - [2026-07-18T15:45:23.018+0530] {dag.py:4180} INFO - Setting next_dagrun for dataset_with_extra_from_classic_operator to 2026-07-17 00:00:00+00:00, run_after=2026-07-18 00:00:00+00:00
[2026-07-18T15:45:23.024+0530] {processor.py:208} INFO - Processing /Users/bhavishyachallagolla/Desktop/RetailSense/.venv/lib/python3.12/site-packages/airflow/example_dags/example_outlet_event_extra.py took 0.062 seconds
[2026-07-18T15:47:08.199+0530] {processor.py:186} INFO - Started process (PID=5063) to work on /Users/bhavishyachallagolla/Desktop/RetailSense/.venv/lib/python3.12/site-packages/airflow/example_dags/example_outlet_event_extra.py
[2026-07-18T15:47:08.200+0530] {processor.py:914} INFO - Processing file /Users/bhavishyachallagolla/Desktop/RetailSense/.venv/lib/python3.12/site-packages/airflow/example_dags/example_outlet_event_extra.py for tasks to queue
[2026-07-18T15:47:08.200+0530] {logging_mixin.py:190} INFO - [2026-07-18T15:47:08.200+0530] {dagbag.py:588} INFO - Filling up the DagBag from /Users/bhavishyachallagolla/Desktop/RetailSense/.venv/lib/python3.12/site-packages/airflow/example_dags/example_outlet_event_extra.py
[2026-07-18T15:47:08.233+0530] {processor.py:925} INFO - DAG(s) 'dataset_with_extra_from_classic_operator', 'dataset_with_extra_by_context', 'dataset_with_extra_by_yield' retrieved from /Users/bhavishyachallagolla/Desktop/RetailSense/.venv/lib/python3.12/site-packages/airflow/example_dags/example_outlet_event_extra.py
[2026-07-18T15:47:08.259+0530] {logging_mixin.py:190} INFO - [2026-07-18T15:47:08.259+0530] {dag.py:3239} INFO - Sync 3 DAGs
[2026-07-18T15:47:08.264+0530] {logging_mixin.py:190} INFO - [2026-07-18T15:47:08.264+0530] {dag.py:4180} INFO - Setting next_dagrun for dataset_with_extra_by_context to 2026-07-17 00:00:00+00:00, run_after=2026-07-18 00:00:00+00:00
[2026-07-18T15:47:08.265+0530] {logging_mixin.py:190} INFO - [2026-07-18T15:47:08.265+0530] {dag.py:4180} INFO - Setting next_dagrun for dataset_with_extra_by_yield to 2026-07-17 00:00:00+00:00, run_after=2026-07-18 00:00:00+00:00
[2026-07-18T15:47:08.266+0530] {logging_mixin.py:190} INFO - [2026-07-18T15:47:08.266+0530] {dag.py:4180} INFO - Setting next_dagrun for dataset_with_extra_from_classic_operator to 2026-07-17 00:00:00+00:00, run_after=2026-07-18 00:00:00+00:00
[2026-07-18T15:47:08.271+0530] {processor.py:208} INFO - Processing /Users/bhavishyachallagolla/Desktop/RetailSense/.venv/lib/python3.12/site-packages/airflow/example_dags/example_outlet_event_extra.py took 0.073 seconds
[2026-07-18T15:48:52.102+0530] {processor.py:186} INFO - Started process (PID=5351) to work on /Users/bhavishyachallagolla/Desktop/RetailSense/.venv/lib/python3.12/site-packages/airflow/example_dags/example_outlet_event_extra.py
[2026-07-18T15:48:52.102+0530] {processor.py:914} INFO - Processing file /Users/bhavishyachallagolla/Desktop/RetailSense/.venv/lib/python3.12/site-packages/airflow/example_dags/example_outlet_event_extra.py for tasks to queue
[2026-07-18T15:48:52.102+0530] {logging_mixin.py:190} INFO - [2026-07-18T15:48:52.102+0530] {dagbag.py:588} INFO - Filling up the DagBag from /Users/bhavishyachallagolla/Desktop/RetailSense/.venv/lib/python3.12/site-packages/airflow/example_dags/example_outlet_event_extra.py
[2026-07-18T15:48:52.134+0530] {processor.py:925} INFO - DAG(s) 'dataset_with_extra_from_classic_operator', 'dataset_with_extra_by_yield', 'dataset_with_extra_by_context' retrieved from /Users/bhavishyachallagolla/Desktop/RetailSense/.venv/lib/python3.12/site-packages/airflow/example_dags/example_outlet_event_extra.py
[2026-07-18T15:48:52.160+0530] {logging_mixin.py:190} INFO - [2026-07-18T15:48:52.160+0530] {dag.py:3239} INFO - Sync 3 DAGs
[2026-07-18T15:48:52.165+0530] {logging_mixin.py:190} INFO - [2026-07-18T15:48:52.165+0530] {dag.py:4180} INFO - Setting next_dagrun for dataset_with_extra_by_context to 2026-07-17 00:00:00+00:00, run_after=2026-07-18 00:00:00+00:00
[2026-07-18T15:48:52.166+0530] {logging_mixin.py:190} INFO - [2026-07-18T15:48:52.166+0530] {dag.py:4180} INFO - Setting next_dagrun for dataset_with_extra_by_yield to 2026-07-17 00:00:00+00:00, run_after=2026-07-18 00:00:00+00:00
[2026-07-18T15:48:52.167+0530] {logging_mixin.py:190} INFO - [2026-07-18T15:48:52.166+0530] {dag.py:4180} INFO - Setting next_dagrun for dataset_with_extra_from_classic_operator to 2026-07-17 00:00:00+00:00, run_after=2026-07-18 00:00:00+00:00
[2026-07-18T15:48:52.172+0530] {processor.py:208} INFO - Processing /Users/bhavishyachallagolla/Desktop/RetailSense/.venv/lib/python3.12/site-packages/airflow/example_dags/example_outlet_event_extra.py took 0.071 seconds
[2026-07-18T15:50:38.664+0530] {processor.py:186} INFO - Started process (PID=5626) to work on /Users/bhavishyachallagolla/Desktop/RetailSense/.venv/lib/python3.12/site-packages/airflow/example_dags/example_outlet_event_extra.py
[2026-07-18T15:50:38.666+0530] {processor.py:914} INFO - Processing file /Users/bhavishyachallagolla/Desktop/RetailSense/.venv/lib/python3.12/site-packages/airflow/example_dags/example_outlet_event_extra.py for tasks to queue
[2026-07-18T15:50:38.666+0530] {logging_mixin.py:190} INFO - [2026-07-18T15:50:38.666+0530] {dagbag.py:588} INFO - Filling up the DagBag from /Users/bhavishyachallagolla/Desktop/RetailSense/.venv/lib/python3.12/site-packages/airflow/example_dags/example_outlet_event_extra.py
[2026-07-18T15:50:38.699+0530] {processor.py:925} INFO - DAG(s) 'dataset_with_extra_by_yield', 'dataset_with_extra_from_classic_operator', 'dataset_with_extra_by_context' retrieved from /Users/bhavishyachallagolla/Desktop/RetailSense/.venv/lib/python3.12/site-packages/airflow/example_dags/example_outlet_event_extra.py
[2026-07-18T15:50:38.724+0530] {logging_mixin.py:190} INFO - [2026-07-18T15:50:38.724+0530] {dag.py:3239} INFO - Sync 3 DAGs
[2026-07-18T15:50:38.729+0530] {logging_mixin.py:190} INFO - [2026-07-18T15:50:38.729+0530] {dag.py:4180} INFO - Setting next_dagrun for dataset_with_extra_by_context to 2026-07-17 00:00:00+00:00, run_after=2026-07-18 00:00:00+00:00
[2026-07-18T15:50:38.730+0530] {logging_mixin.py:190} INFO - [2026-07-18T15:50:38.730+0530] {dag.py:4180} INFO - Setting next_dagrun for dataset_with_extra_by_yield to 2026-07-17 00:00:00+00:00, run_after=2026-07-18 00:00:00+00:00
[2026-07-18T15:50:38.730+0530] {logging_mixin.py:190} INFO - [2026-07-18T15:50:38.730+0530] {dag.py:4180} INFO - Setting next_dagrun for dataset_with_extra_from_classic_operator to 2026-07-17 00:00:00+00:00, run_after=2026-07-18 00:00:00+00:00
[2026-07-18T15:50:38.735+0530] {processor.py:208} INFO - Processing /Users/bhavishyachallagolla/Desktop/RetailSense/.venv/lib/python3.12/site-packages/airflow/example_dags/example_outlet_event_extra.py took 0.072 seconds
[2026-07-18T15:52:19.790+0530] {processor.py:186} INFO - Started process (PID=5876) to work on /Users/bhavishyachallagolla/Desktop/RetailSense/.venv/lib/python3.12/site-packages/airflow/example_dags/example_outlet_event_extra.py
[2026-07-18T15:52:19.791+0530] {processor.py:914} INFO - Processing file /Users/bhavishyachallagolla/Desktop/RetailSense/.venv/lib/python3.12/site-packages/airflow/example_dags/example_outlet_event_extra.py for tasks to queue
[2026-07-18T15:52:19.791+0530] {logging_mixin.py:190} INFO - [2026-07-18T15:52:19.791+0530] {dagbag.py:588} INFO - Filling up the DagBag from /Users/bhavishyachallagolla/Desktop/RetailSense/.venv/lib/python3.12/site-packages/airflow/example_dags/example_outlet_event_extra.py
[2026-07-18T15:52:19.821+0530] {processor.py:925} INFO - DAG(s) 'dataset_with_extra_by_context', 'dataset_with_extra_from_classic_operator', 'dataset_with_extra_by_yield' retrieved from /Users/bhavishyachallagolla/Desktop/RetailSense/.venv/lib/python3.12/site-packages/airflow/example_dags/example_outlet_event_extra.py
[2026-07-18T15:52:19.846+0530] {logging_mixin.py:190} INFO - [2026-07-18T15:52:19.845+0530] {dag.py:3239} INFO - Sync 3 DAGs
[2026-07-18T15:52:19.850+0530] {logging_mixin.py:190} INFO - [2026-07-18T15:52:19.850+0530] {dag.py:4180} INFO - Setting next_dagrun for dataset_with_extra_by_context to 2026-07-17 00:00:00+00:00, run_after=2026-07-18 00:00:00+00:00
[2026-07-18T15:52:19.851+0530] {logging_mixin.py:190} INFO - [2026-07-18T15:52:19.851+0530] {dag.py:4180} INFO - Setting next_dagrun for dataset_with_extra_by_yield to 2026-07-17 00:00:00+00:00, run_after=2026-07-18 00:00:00+00:00
[2026-07-18T15:52:19.852+0530] {logging_mixin.py:190} INFO - [2026-07-18T15:52:19.852+0530] {dag.py:4180} INFO - Setting next_dagrun for dataset_with_extra_from_classic_operator to 2026-07-17 00:00:00+00:00, run_after=2026-07-18 00:00:00+00:00
[2026-07-18T15:52:19.857+0530] {processor.py:208} INFO - Processing /Users/bhavishyachallagolla/Desktop/RetailSense/.venv/lib/python3.12/site-packages/airflow/example_dags/example_outlet_event_extra.py took 0.069 seconds
[2026-07-18T15:54:02.872+0530] {processor.py:186} INFO - Started process (PID=6144) to work on /Users/bhavishyachallagolla/Desktop/RetailSense/.venv/lib/python3.12/site-packages/airflow/example_dags/example_outlet_event_extra.py
[2026-07-18T15:54:02.873+0530] {processor.py:914} INFO - Processing file /Users/bhavishyachallagolla/Desktop/RetailSense/.venv/lib/python3.12/site-packages/airflow/example_dags/example_outlet_event_extra.py for tasks to queue
[2026-07-18T15:54:02.873+0530] {logging_mixin.py:190} INFO - [2026-07-18T15:54:02.873+0530] {dagbag.py:588} INFO - Filling up the DagBag from /Users/bhavishyachallagolla/Desktop/RetailSense/.venv/lib/python3.12/site-packages/airflow/example_dags/example_outlet_event_extra.py
[2026-07-18T15:54:02.905+0530] {processor.py:925} INFO - DAG(s) 'dataset_with_extra_by_yield', 'dataset_with_extra_from_classic_operator', 'dataset_with_extra_by_context' retrieved from /Users/bhavishyachallagolla/Desktop/RetailSense/.venv/lib/python3.12/site-packages/airflow/example_dags/example_outlet_event_extra.py
[2026-07-18T15:54:02.930+0530] {logging_mixin.py:190} INFO - [2026-07-18T15:54:02.930+0530] {dag.py:3239} INFO - Sync 3 DAGs
[2026-07-18T15:54:02.935+0530] {logging_mixin.py:190} INFO - [2026-07-18T15:54:02.935+0530] {dag.py:4180} INFO - Setting next_dagrun for dataset_with_extra_by_context to 2026-07-17 00:00:00+00:00, run_after=2026-07-18 00:00:00+00:00
[2026-07-18T15:54:02.937+0530] {logging_mixin.py:190} INFO - [2026-07-18T15:54:02.937+0530] {dag.py:4180} INFO - Setting next_dagrun for dataset_with_extra_by_yield to 2026-07-17 00:00:00+00:00, run_after=2026-07-18 00:00:00+00:00
[2026-07-18T15:54:02.937+0530] {logging_mixin.py:190} INFO - [2026-07-18T15:54:02.937+0530] {dag.py:4180} INFO - Setting next_dagrun for dataset_with_extra_from_classic_operator to 2026-07-17 00:00:00+00:00, run_after=2026-07-18 00:00:00+00:00
[2026-07-18T15:54:02.943+0530] {processor.py:208} INFO - Processing /Users/bhavishyachallagolla/Desktop/RetailSense/.venv/lib/python3.12/site-packages/airflow/example_dags/example_outlet_event_extra.py took 0.071 seconds
[2026-07-18T15:55:49.345+0530] {processor.py:186} INFO - Started process (PID=6406) to work on /Users/bhavishyachallagolla/Desktop/RetailSense/.venv/lib/python3.12/site-packages/airflow/example_dags/example_outlet_event_extra.py
[2026-07-18T15:55:49.346+0530] {processor.py:914} INFO - Processing file /Users/bhavishyachallagolla/Desktop/RetailSense/.venv/lib/python3.12/site-packages/airflow/example_dags/example_outlet_event_extra.py for tasks to queue
[2026-07-18T15:55:49.347+0530] {logging_mixin.py:190} INFO - [2026-07-18T15:55:49.347+0530] {dagbag.py:588} INFO - Filling up the DagBag from /Users/bhavishyachallagolla/Desktop/RetailSense/.venv/lib/python3.12/site-packages/airflow/example_dags/example_outlet_event_extra.py
[2026-07-18T15:55:49.378+0530] {processor.py:925} INFO - DAG(s) 'dataset_with_extra_by_yield', 'dataset_with_extra_from_classic_operator', 'dataset_with_extra_by_context' retrieved from /Users/bhavishyachallagolla/Desktop/RetailSense/.venv/lib/python3.12/site-packages/airflow/example_dags/example_outlet_event_extra.py
[2026-07-18T15:55:49.403+0530] {logging_mixin.py:190} INFO - [2026-07-18T15:55:49.403+0530] {dag.py:3239} INFO - Sync 3 DAGs
[2026-07-18T15:55:49.408+0530] {logging_mixin.py:190} INFO - [2026-07-18T15:55:49.408+0530] {dag.py:4180} INFO - Setting next_dagrun for dataset_with_extra_by_context to 2026-07-17 00:00:00+00:00, run_after=2026-07-18 00:00:00+00:00
[2026-07-18T15:55:49.409+0530] {logging_mixin.py:190} INFO - [2026-07-18T15:55:49.409+0530] {dag.py:4180} INFO - Setting next_dagrun for dataset_with_extra_by_yield to 2026-07-17 00:00:00+00:00, run_after=2026-07-18 00:00:00+00:00
[2026-07-18T15:55:49.410+0530] {logging_mixin.py:190} INFO - [2026-07-18T15:55:49.410+0530] {dag.py:4180} INFO - Setting next_dagrun for dataset_with_extra_from_classic_operator to 2026-07-17 00:00:00+00:00, run_after=2026-07-18 00:00:00+00:00
[2026-07-18T15:55:49.415+0530] {processor.py:208} INFO - Processing /Users/bhavishyachallagolla/Desktop/RetailSense/.venv/lib/python3.12/site-packages/airflow/example_dags/example_outlet_event_extra.py took 0.071 seconds
