[2026-07-18T15:36:34.401+0530] {processor.py:186} INFO - Started process (PID=3387) to work on /Users/bhavishyachallagolla/Desktop/RetailSense/.venv/lib/python3.12/site-packages/airflow/example_dags/example_python_decorator.py
[2026-07-18T15:36:34.401+0530] {processor.py:914} INFO - Processing file /Users/bhavishyachallagolla/Desktop/RetailSense/.venv/lib/python3.12/site-packages/airflow/example_dags/example_python_decorator.py for tasks to queue
[2026-07-18T15:36:34.401+0530] {logging_mixin.py:190} INFO - [2026-07-18T15:36:34.401+0530] {dagbag.py:588} INFO - Filling up the DagBag from /Users/bhavishyachallagolla/Desktop/RetailSense/.venv/lib/python3.12/site-packages/airflow/example_dags/example_python_decorator.py
[2026-07-18T15:36:34.412+0530] {logging_mixin.py:190} INFO - [2026-07-18T15:36:34.412+0530] {example_python_decorator.py:80} WARNING - The virtalenv_python example task requires virtualenv, please install it.
[2026-07-18T15:36:34.413+0530] {processor.py:925} INFO - DAG(s) 'example_python_decorator' retrieved from /Users/bhavishyachallagolla/Desktop/RetailSense/.venv/lib/python3.12/site-packages/airflow/example_dags/example_python_decorator.py
[2026-07-18T15:36:34.437+0530] {logging_mixin.py:190} INFO - [2026-07-18T15:36:34.437+0530] {dag.py:3239} INFO - Sync 1 DAGs
[2026-07-18T15:36:34.439+0530] {logging_mixin.py:190} INFO - [2026-07-18T15:36:34.439+0530] {dag.py:4180} INFO - Setting next_dagrun for example_python_decorator to None, run_after=None
[2026-07-18T15:36:34.444+0530] {processor.py:208} INFO - Processing /Users/bhavishyachallagolla/Desktop/RetailSense/.venv/lib/python3.12/site-packages/airflow/example_dags/example_python_decorator.py took 0.044 seconds
[2026-07-18T15:37:56.019+0530] {processor.py:186} INFO - Started process (PID=3593) to work on /Users/bhavishyachallagolla/Desktop/RetailSense/.venv/lib/python3.12/site-packages/airflow/example_dags/example_python_decorator.py
[2026-07-18T15:37:56.020+0530] {processor.py:914} INFO - Processing file /Users/bhavishyachallagolla/Desktop/RetailSense/.venv/lib/python3.12/site-packages/airflow/example_dags/example_python_decorator.py for tasks to queue
[2026-07-18T15:37:56.021+0530] {logging_mixin.py:190} INFO - [2026-07-18T15:37:56.020+0530] {dagbag.py:588} INFO - Filling up the DagBag from /Users/bhavishyachallagolla/Desktop/RetailSense/.venv/lib/python3.12/site-packages/airflow/example_dags/example_python_decorator.py
[2026-07-18T15:37:56.032+0530] {logging_mixin.py:190} INFO - [2026-07-18T15:37:56.032+0530] {example_python_decorator.py:80} WARNING - The virtalenv_python example task requires virtualenv, please install it.
[2026-07-18T15:37:56.033+0530] {processor.py:925} INFO - DAG(s) 'example_python_decorator' retrieved from /Users/bhavishyachallagolla/Desktop/RetailSense/.venv/lib/python3.12/site-packages/airflow/example_dags/example_python_decorator.py
[2026-07-18T15:37:56.058+0530] {logging_mixin.py:190} INFO - [2026-07-18T15:37:56.058+0530] {dag.py:3239} INFO - Sync 1 DAGs
[2026-07-18T15:37:56.061+0530] {logging_mixin.py:190} INFO - [2026-07-18T15:37:56.061+0530] {dag.py:4180} INFO - Setting next_dagrun for example_python_decorator to None, run_after=None
[2026-07-18T15:37:56.065+0530] {processor.py:208} INFO - Processing /Users/bhavishyachallagolla/Desktop/RetailSense/.venv/lib/python3.12/site-packages/airflow/example_dags/example_python_decorator.py took 0.047 seconds
[2026-07-18T15:39:58.778+0530] {processor.py:186} INFO - Started process (PID=3924) to work on /Users/bhavishyachallagolla/Desktop/RetailSense/.venv/lib/python3.12/site-packages/airflow/example_dags/example_python_decorator.py
[2026-07-18T15:39:58.779+0530] {processor.py:914} INFO - Processing file /Users/bhavishyachallagolla/Desktop/RetailSense/.venv/lib/python3.12/site-packages/airflow/example_dags/example_python_decorator.py for tasks to queue
[2026-07-18T15:39:58.779+0530] {logging_mixin.py:190} INFO - [2026-07-18T15:39:58.779+0530] {dagbag.py:588} INFO - Filling up the DagBag from /Users/bhavishyachallagolla/Desktop/RetailSense/.venv/lib/python3.12/site-packages/airflow/example_dags/example_python_decorator.py
[2026-07-18T15:39:58.791+0530] {logging_mixin.py:190} INFO - [2026-07-18T15:39:58.791+0530] {example_python_decorator.py:80} WARNING - The virtalenv_python example task requires virtualenv, please install it.
[2026-07-18T15:39:58.792+0530] {processor.py:925} INFO - DAG(s) 'example_python_decorator' retrieved from /Users/bhavishyachallagolla/Desktop/RetailSense/.venv/lib/python3.12/site-packages/airflow/example_dags/example_python_decorator.py
[2026-07-18T15:39:58.817+0530] {logging_mixin.py:190} INFO - [2026-07-18T15:39:58.817+0530] {dag.py:3239} INFO - Sync 1 DAGs
[2026-07-18T15:39:58.819+0530] {logging_mixin.py:190} INFO - [2026-07-18T15:39:58.819+0530] {dag.py:4180} INFO - Setting next_dagrun for example_python_decorator to None, run_after=None
[2026-07-18T15:39:58.824+0530] {processor.py:208} INFO - Processing /Users/bhavishyachallagolla/Desktop/RetailSense/.venv/lib/python3.12/site-packages/airflow/example_dags/example_python_decorator.py took 0.047 seconds
[2026-07-18T15:41:37.509+0530] {processor.py:186} INFO - Started process (PID=4187) to work on /Users/bhavishyachallagolla/Desktop/RetailSense/.venv/lib/python3.12/site-packages/airflow/example_dags/example_python_decorator.py
[2026-07-18T15:41:37.510+0530] {processor.py:914} INFO - Processing file /Users/bhavishyachallagolla/Desktop/RetailSense/.venv/lib/python3.12/site-packages/airflow/example_dags/example_python_decorator.py for tasks to queue
[2026-07-18T15:41:37.511+0530] {logging_mixin.py:190} INFO - [2026-07-18T15:41:37.510+0530] {dagbag.py:588} INFO - Filling up the DagBag from /Users/bhavishyachallagolla/Desktop/RetailSense/.venv/lib/python3.12/site-packages/airflow/example_dags/example_python_decorator.py
[2026-07-18T15:41:37.522+0530] {logging_mixin.py:190} INFO - [2026-07-18T15:41:37.522+0530] {example_python_decorator.py:80} WARNING - The virtalenv_python example task requires virtualenv, please install it.
[2026-07-18T15:41:37.523+0530] {processor.py:925} INFO - DAG(s) 'example_python_decorator' retrieved from /Users/bhavishyachallagolla/Desktop/RetailSense/.venv/lib/python3.12/site-packages/airflow/example_dags/example_python_decorator.py
[2026-07-18T15:41:37.547+0530] {logging_mixin.py:190} INFO - [2026-07-18T15:41:37.547+0530] {dag.py:3239} INFO - Sync 1 DAGs
[2026-07-18T15:41:37.550+0530] {logging_mixin.py:190} INFO - [2026-07-18T15:41:37.550+0530] {dag.py:4180} INFO - Setting next_dagrun for example_python_decorator to None, run_after=None
[2026-07-18T15:41:37.554+0530] {processor.py:208} INFO - Processing /Users/bhavishyachallagolla/Desktop/RetailSense/.venv/lib/python3.12/site-packages/airflow/example_dags/example_python_decorator.py took 0.046 seconds
[2026-07-18T15:43:23.949+0530] {processor.py:186} INFO - Started process (PID=4475) to work on /Users/bhavishyachallagolla/Desktop/RetailSense/.venv/lib/python3.12/site-packages/airflow/example_dags/example_python_decorator.py
[2026-07-18T15:43:23.950+0530] {processor.py:914} INFO - Processing file /Users/bhavishyachallagolla/Desktop/RetailSense/.venv/lib/python3.12/site-packages/airflow/example_dags/example_python_decorator.py for tasks to queue
[2026-07-18T15:43:23.950+0530] {logging_mixin.py:190} INFO - [2026-07-18T15:43:23.950+0530] {dagbag.py:588} INFO - Filling up the DagBag from /Users/bhavishyachallagolla/Desktop/RetailSense/.venv/lib/python3.12/site-packages/airflow/example_dags/example_python_decorator.py
[2026-07-18T15:43:23.963+0530] {logging_mixin.py:190} INFO - [2026-07-18T15:43:23.963+0530] {example_python_decorator.py:80} WARNING - The virtalenv_python example task requires virtualenv, please install it.
[2026-07-18T15:43:23.963+0530] {processor.py:925} INFO - DAG(s) 'example_python_decorator' retrieved from /Users/bhavishyachallagolla/Desktop/RetailSense/.venv/lib/python3.12/site-packages/airflow/example_dags/example_python_decorator.py
[2026-07-18T15:43:23.988+0530] {logging_mixin.py:190} INFO - [2026-07-18T15:43:23.988+0530] {dag.py:3239} INFO - Sync 1 DAGs
[2026-07-18T15:43:23.991+0530] {logging_mixin.py:190} INFO - [2026-07-18T15:43:23.991+0530] {dag.py:4180} INFO - Setting next_dagrun for example_python_decorator to None, run_after=None
[2026-07-18T15:43:23.996+0530] {processor.py:208} INFO - Processing /Users/bhavishyachallagolla/Desktop/RetailSense/.venv/lib/python3.12/site-packages/airflow/example_dags/example_python_decorator.py took 0.048 seconds
[2026-07-18T15:45:17.367+0530] {processor.py:186} INFO - Started process (PID=4768) to work on /Users/bhavishyachallagolla/Desktop/RetailSense/.venv/lib/python3.12/site-packages/airflow/example_dags/example_python_decorator.py
[2026-07-18T15:45:17.368+0530] {processor.py:914} INFO - Processing file /Users/bhavishyachallagolla/Desktop/RetailSense/.venv/lib/python3.12/site-packages/airflow/example_dags/example_python_decorator.py for tasks to queue
[2026-07-18T15:45:17.368+0530] {logging_mixin.py:190} INFO - [2026-07-18T15:45:17.368+0530] {dagbag.py:588} INFO - Filling up the DagBag from /Users/bhavishyachallagolla/Desktop/RetailSense/.venv/lib/python3.12/site-packages/airflow/example_dags/example_python_decorator.py
[2026-07-18T15:45:17.380+0530] {logging_mixin.py:190} INFO - [2026-07-18T15:45:17.380+0530] {example_python_decorator.py:80} WARNING - The virtalenv_python example task requires virtualenv, please install it.
[2026-07-18T15:45:17.380+0530] {processor.py:925} INFO - DAG(s) 'example_python_decorator' retrieved from /Users/bhavishyachallagolla/Desktop/RetailSense/.venv/lib/python3.12/site-packages/airflow/example_dags/example_python_decorator.py
[2026-07-18T15:45:17.404+0530] {logging_mixin.py:190} INFO - [2026-07-18T15:45:17.404+0530] {dag.py:3239} INFO - Sync 1 DAGs
[2026-07-18T15:45:17.407+0530] {logging_mixin.py:190} INFO - [2026-07-18T15:45:17.407+0530] {dag.py:4180} INFO - Setting next_dagrun for example_python_decorator to None, run_after=None
[2026-07-18T15:45:17.412+0530] {processor.py:208} INFO - Processing /Users/bhavishyachallagolla/Desktop/RetailSense/.venv/lib/python3.12/site-packages/airflow/example_dags/example_python_decorator.py took 0.046 seconds
[2026-07-18T15:47:02.647+0530] {processor.py:186} INFO - Started process (PID=5047) to work on /Users/bhavishyachallagolla/Desktop/RetailSense/.venv/lib/python3.12/site-packages/airflow/example_dags/example_python_decorator.py
[2026-07-18T15:47:02.648+0530] {processor.py:914} INFO - Processing file /Users/bhavishyachallagolla/Desktop/RetailSense/.venv/lib/python3.12/site-packages/airflow/example_dags/example_python_decorator.py for tasks to queue
[2026-07-18T15:47:02.649+0530] {logging_mixin.py:190} INFO - [2026-07-18T15:47:02.649+0530] {dagbag.py:588} INFO - Filling up the DagBag from /Users/bhavishyachallagolla/Desktop/RetailSense/.venv/lib/python3.12/site-packages/airflow/example_dags/example_python_decorator.py
[2026-07-18T15:47:02.661+0530] {logging_mixin.py:190} INFO - [2026-07-18T15:47:02.661+0530] {example_python_decorator.py:80} WARNING - The virtalenv_python example task requires virtualenv, please install it.
[2026-07-18T15:47:02.662+0530] {processor.py:925} INFO - DAG(s) 'example_python_decorator' retrieved from /Users/bhavishyachallagolla/Desktop/RetailSense/.venv/lib/python3.12/site-packages/airflow/example_dags/example_python_decorator.py
[2026-07-18T15:47:02.687+0530] {logging_mixin.py:190} INFO - [2026-07-18T15:47:02.686+0530] {dag.py:3239} INFO - Sync 1 DAGs
[2026-07-18T15:47:02.689+0530] {logging_mixin.py:190} INFO - [2026-07-18T15:47:02.689+0530] {dag.py:4180} INFO - Setting next_dagrun for example_python_decorator to None, run_after=None
[2026-07-18T15:47:02.694+0530] {processor.py:208} INFO - Processing /Users/bhavishyachallagolla/Desktop/RetailSense/.venv/lib/python3.12/site-packages/airflow/example_dags/example_python_decorator.py took 0.048 seconds
[2026-07-18T15:48:45.800+0530] {processor.py:186} INFO - Started process (PID=5333) to work on /Users/bhavishyachallagolla/Desktop/RetailSense/.venv/lib/python3.12/site-packages/airflow/example_dags/example_python_decorator.py
[2026-07-18T15:48:45.801+0530] {processor.py:914} INFO - Processing file /Users/bhavishyachallagolla/Desktop/RetailSense/.venv/lib/python3.12/site-packages/airflow/example_dags/example_python_decorator.py for tasks to queue
[2026-07-18T15:48:45.801+0530] {logging_mixin.py:190} INFO - [2026-07-18T15:48:45.801+0530] {dagbag.py:588} INFO - Filling up the DagBag from /Users/bhavishyachallagolla/Desktop/RetailSense/.venv/lib/python3.12/site-packages/airflow/example_dags/example_python_decorator.py
[2026-07-18T15:48:45.814+0530] {logging_mixin.py:190} INFO - [2026-07-18T15:48:45.813+0530] {example_python_decorator.py:80} WARNING - The virtalenv_python example task requires virtualenv, please install it.
[2026-07-18T15:48:45.814+0530] {processor.py:925} INFO - DAG(s) 'example_python_decorator' retrieved from /Users/bhavishyachallagolla/Desktop/RetailSense/.venv/lib/python3.12/site-packages/airflow/example_dags/example_python_decorator.py
[2026-07-18T15:48:45.839+0530] {logging_mixin.py:190} INFO - [2026-07-18T15:48:45.839+0530] {dag.py:3239} INFO - Sync 1 DAGs
[2026-07-18T15:48:45.842+0530] {logging_mixin.py:190} INFO - [2026-07-18T15:48:45.842+0530] {dag.py:4180} INFO - Setting next_dagrun for example_python_decorator to None, run_after=None
[2026-07-18T15:48:45.847+0530] {processor.py:208} INFO - Processing /Users/bhavishyachallagolla/Desktop/RetailSense/.venv/lib/python3.12/site-packages/airflow/example_dags/example_python_decorator.py took 0.047 seconds
[2026-07-18T15:50:33.034+0530] {processor.py:186} INFO - Started process (PID=5609) to work on /Users/bhavishyachallagolla/Desktop/RetailSense/.venv/lib/python3.12/site-packages/airflow/example_dags/example_python_decorator.py
[2026-07-18T15:50:33.035+0530] {processor.py:914} INFO - Processing file /Users/bhavishyachallagolla/Desktop/RetailSense/.venv/lib/python3.12/site-packages/airflow/example_dags/example_python_decorator.py for tasks to queue
[2026-07-18T15:50:33.035+0530] {logging_mixin.py:190} INFO - [2026-07-18T15:50:33.035+0530] {dagbag.py:588} INFO - Filling up the DagBag from /Users/bhavishyachallagolla/Desktop/RetailSense/.venv/lib/python3.12/site-packages/airflow/example_dags/example_python_decorator.py
[2026-07-18T15:50:33.049+0530] {logging_mixin.py:190} INFO - [2026-07-18T15:50:33.049+0530] {example_python_decorator.py:80} WARNING - The virtalenv_python example task requires virtualenv, please install it.
[2026-07-18T15:50:33.050+0530] {processor.py:925} INFO - DAG(s) 'example_python_decorator' retrieved from /Users/bhavishyachallagolla/Desktop/RetailSense/.venv/lib/python3.12/site-packages/airflow/example_dags/example_python_decorator.py
[2026-07-18T15:50:33.076+0530] {logging_mixin.py:190} INFO - [2026-07-18T15:50:33.076+0530] {dag.py:3239} INFO - Sync 1 DAGs
[2026-07-18T15:50:33.079+0530] {logging_mixin.py:190} INFO - [2026-07-18T15:50:33.079+0530] {dag.py:4180} INFO - Setting next_dagrun for example_python_decorator to None, run_after=None
[2026-07-18T15:50:33.084+0530] {processor.py:208} INFO - Processing /Users/bhavishyachallagolla/Desktop/RetailSense/.venv/lib/python3.12/site-packages/airflow/example_dags/example_python_decorator.py took 0.051 seconds
[2026-07-18T15:52:14.191+0530] {processor.py:186} INFO - Started process (PID=5863) to work on /Users/bhavishyachallagolla/Desktop/RetailSense/.venv/lib/python3.12/site-packages/airflow/example_dags/example_python_decorator.py
[2026-07-18T15:52:14.193+0530] {processor.py:914} INFO - Processing file /Users/bhavishyachallagolla/Desktop/RetailSense/.venv/lib/python3.12/site-packages/airflow/example_dags/example_python_decorator.py for tasks to queue
[2026-07-18T15:52:14.193+0530] {logging_mixin.py:190} INFO - [2026-07-18T15:52:14.193+0530] {dagbag.py:588} INFO - Filling up the DagBag from /Users/bhavishyachallagolla/Desktop/RetailSense/.venv/lib/python3.12/site-packages/airflow/example_dags/example_python_decorator.py
[2026-07-18T15:52:14.205+0530] {logging_mixin.py:190} INFO - [2026-07-18T15:52:14.205+0530] {example_python_decorator.py:80} WARNING - The virtalenv_python example task requires virtualenv, please install it.
[2026-07-18T15:52:14.206+0530] {processor.py:925} INFO - DAG(s) 'example_python_decorator' retrieved from /Users/bhavishyachallagolla/Desktop/RetailSense/.venv/lib/python3.12/site-packages/airflow/example_dags/example_python_decorator.py
[2026-07-18T15:52:14.230+0530] {logging_mixin.py:190} INFO - [2026-07-18T15:52:14.229+0530] {dag.py:3239} INFO - Sync 1 DAGs
[2026-07-18T15:52:14.232+0530] {logging_mixin.py:190} INFO - [2026-07-18T15:52:14.232+0530] {dag.py:4180} INFO - Setting next_dagrun for example_python_decorator to None, run_after=None
[2026-07-18T15:52:14.237+0530] {processor.py:208} INFO - Processing /Users/bhavishyachallagolla/Desktop/RetailSense/.venv/lib/python3.12/site-packages/airflow/example_dags/example_python_decorator.py took 0.047 seconds
[2026-07-18T15:53:57.750+0530] {processor.py:186} INFO - Started process (PID=6131) to work on /Users/bhavishyachallagolla/Desktop/RetailSense/.venv/lib/python3.12/site-packages/airflow/example_dags/example_python_decorator.py
[2026-07-18T15:53:57.752+0530] {processor.py:914} INFO - Processing file /Users/bhavishyachallagolla/Desktop/RetailSense/.venv/lib/python3.12/site-packages/airflow/example_dags/example_python_decorator.py for tasks to queue
[2026-07-18T15:53:57.752+0530] {logging_mixin.py:190} INFO - [2026-07-18T15:53:57.752+0530] {dagbag.py:588} INFO - Filling up the DagBag from /Users/bhavishyachallagolla/Desktop/RetailSense/.venv/lib/python3.12/site-packages/airflow/example_dags/example_python_decorator.py
[2026-07-18T15:53:57.764+0530] {logging_mixin.py:190} INFO - [2026-07-18T15:53:57.764+0530] {example_python_decorator.py:80} WARNING - The virtalenv_python example task requires virtualenv, please install it.
[2026-07-18T15:53:57.764+0530] {processor.py:925} INFO - DAG(s) 'example_python_decorator' retrieved from /Users/bhavishyachallagolla/Desktop/RetailSense/.venv/lib/python3.12/site-packages/airflow/example_dags/example_python_decorator.py
[2026-07-18T15:53:57.788+0530] {logging_mixin.py:190} INFO - [2026-07-18T15:53:57.788+0530] {dag.py:3239} INFO - Sync 1 DAGs
[2026-07-18T15:53:57.791+0530] {logging_mixin.py:190} INFO - [2026-07-18T15:53:57.791+0530] {dag.py:4180} INFO - Setting next_dagrun for example_python_decorator to None, run_after=None
[2026-07-18T15:53:57.796+0530] {processor.py:208} INFO - Processing /Users/bhavishyachallagolla/Desktop/RetailSense/.venv/lib/python3.12/site-packages/airflow/example_dags/example_python_decorator.py took 0.046 seconds
[2026-07-18T15:55:43.268+0530] {processor.py:186} INFO - Started process (PID=6392) to work on /Users/bhavishyachallagolla/Desktop/RetailSense/.venv/lib/python3.12/site-packages/airflow/example_dags/example_python_decorator.py
[2026-07-18T15:55:43.268+0530] {processor.py:914} INFO - Processing file /Users/bhavishyachallagolla/Desktop/RetailSense/.venv/lib/python3.12/site-packages/airflow/example_dags/example_python_decorator.py for tasks to queue
[2026-07-18T15:55:43.269+0530] {logging_mixin.py:190} INFO - [2026-07-18T15:55:43.269+0530] {dagbag.py:588} INFO - Filling up the DagBag from /Users/bhavishyachallagolla/Desktop/RetailSense/.venv/lib/python3.12/site-packages/airflow/example_dags/example_python_decorator.py
[2026-07-18T15:55:43.289+0530] {logging_mixin.py:190} INFO - [2026-07-18T15:55:43.289+0530] {example_python_decorator.py:80} WARNING - The virtalenv_python example task requires virtualenv, please install it.
[2026-07-18T15:55:43.290+0530] {processor.py:925} INFO - DAG(s) 'example_python_decorator' retrieved from /Users/bhavishyachallagolla/Desktop/RetailSense/.venv/lib/python3.12/site-packages/airflow/example_dags/example_python_decorator.py
[2026-07-18T15:55:43.315+0530] {logging_mixin.py:190} INFO - [2026-07-18T15:55:43.315+0530] {dag.py:3239} INFO - Sync 1 DAGs
[2026-07-18T15:55:43.317+0530] {logging_mixin.py:190} INFO - [2026-07-18T15:55:43.317+0530] {dag.py:4180} INFO - Setting next_dagrun for example_python_decorator to None, run_after=None
[2026-07-18T15:55:43.322+0530] {processor.py:208} INFO - Processing /Users/bhavishyachallagolla/Desktop/RetailSense/.venv/lib/python3.12/site-packages/airflow/example_dags/example_python_decorator.py took 0.055 seconds
