[2026-07-18T15:37:01.600+0530] {processor.py:186} INFO - Started process (PID=3455) to work on /Users/bhavishyachallagolla/Desktop/RetailSense/.venv/lib/python3.12/site-packages/airflow/example_dags/example_complex.py
[2026-07-18T15:37:01.600+0530] {processor.py:914} INFO - Processing file /Users/bhavishyachallagolla/Desktop/RetailSense/.venv/lib/python3.12/site-packages/airflow/example_dags/example_complex.py for tasks to queue
[2026-07-18T15:37:01.600+0530] {logging_mixin.py:190} INFO - [2026-07-18T15:37:01.600+0530] {dagbag.py:588} INFO - Filling up the DagBag from /Users/bhavishyachallagolla/Desktop/RetailSense/.venv/lib/python3.12/site-packages/airflow/example_dags/example_complex.py
[2026-07-18T15:37:01.604+0530] {processor.py:925} INFO - DAG(s) 'example_complex' retrieved from /Users/bhavishyachallagolla/Desktop/RetailSense/.venv/lib/python3.12/site-packages/airflow/example_dags/example_complex.py
[2026-07-18T15:37:01.632+0530] {logging_mixin.py:190} INFO - [2026-07-18T15:37:01.631+0530] {dag.py:3239} INFO - Sync 1 DAGs
[2026-07-18T15:37:01.634+0530] {logging_mixin.py:190} INFO - [2026-07-18T15:37:01.634+0530] {dag.py:4180} INFO - Setting next_dagrun for example_complex to None, run_after=None
[2026-07-18T15:37:01.639+0530] {processor.py:208} INFO - Processing /Users/bhavishyachallagolla/Desktop/RetailSense/.venv/lib/python3.12/site-packages/airflow/example_dags/example_complex.py took 0.040 seconds
[2026-07-18T15:39:05.074+0530] {processor.py:186} INFO - Started process (PID=3787) to work on /Users/bhavishyachallagolla/Desktop/RetailSense/.venv/lib/python3.12/site-packages/airflow/example_dags/example_complex.py
[2026-07-18T15:39:05.075+0530] {processor.py:914} INFO - Processing file /Users/bhavishyachallagolla/Desktop/RetailSense/.venv/lib/python3.12/site-packages/airflow/example_dags/example_complex.py for tasks to queue
[2026-07-18T15:39:05.075+0530] {logging_mixin.py:190} INFO - [2026-07-18T15:39:05.075+0530] {dagbag.py:588} INFO - Filling up the DagBag from /Users/bhavishyachallagolla/Desktop/RetailSense/.venv/lib/python3.12/site-packages/airflow/example_dags/example_complex.py
[2026-07-18T15:39:05.079+0530] {processor.py:925} INFO - DAG(s) 'example_complex' retrieved from /Users/bhavishyachallagolla/Desktop/RetailSense/.venv/lib/python3.12/site-packages/airflow/example_dags/example_complex.py
[2026-07-18T15:39:05.107+0530] {logging_mixin.py:190} INFO - [2026-07-18T15:39:05.107+0530] {dag.py:3239} INFO - Sync 1 DAGs
[2026-07-18T15:39:05.110+0530] {logging_mixin.py:190} INFO - [2026-07-18T15:39:05.110+0530] {dag.py:4180} INFO - Setting next_dagrun for example_complex to None, run_after=None
[2026-07-18T15:39:05.116+0530] {processor.py:208} INFO - Processing /Users/bhavishyachallagolla/Desktop/RetailSense/.venv/lib/python3.12/site-packages/airflow/example_dags/example_complex.py took 0.043 seconds
[2026-07-18T15:40:45.152+0530] {processor.py:186} INFO - Started process (PID=4039) to work on /Users/bhavishyachallagolla/Desktop/RetailSense/.venv/lib/python3.12/site-packages/airflow/example_dags/example_complex.py
[2026-07-18T15:40:45.153+0530] {processor.py:914} INFO - Processing file /Users/bhavishyachallagolla/Desktop/RetailSense/.venv/lib/python3.12/site-packages/airflow/example_dags/example_complex.py for tasks to queue
[2026-07-18T15:40:45.153+0530] {logging_mixin.py:190} INFO - [2026-07-18T15:40:45.153+0530] {dagbag.py:588} INFO - Filling up the DagBag from /Users/bhavishyachallagolla/Desktop/RetailSense/.venv/lib/python3.12/site-packages/airflow/example_dags/example_complex.py
[2026-07-18T15:40:45.156+0530] {processor.py:925} INFO - DAG(s) 'example_complex' retrieved from /Users/bhavishyachallagolla/Desktop/RetailSense/.venv/lib/python3.12/site-packages/airflow/example_dags/example_complex.py
[2026-07-18T15:40:45.184+0530] {logging_mixin.py:190} INFO - [2026-07-18T15:40:45.184+0530] {dag.py:3239} INFO - Sync 1 DAGs
[2026-07-18T15:40:45.187+0530] {logging_mixin.py:190} INFO - [2026-07-18T15:40:45.187+0530] {dag.py:4180} INFO - Setting next_dagrun for example_complex to None, run_after=None
[2026-07-18T15:40:45.192+0530] {processor.py:208} INFO - Processing /Users/bhavishyachallagolla/Desktop/RetailSense/.venv/lib/python3.12/site-packages/airflow/example_dags/example_complex.py took 0.041 seconds
[2026-07-18T15:42:28.111+0530] {processor.py:186} INFO - Started process (PID=4311) to work on /Users/bhavishyachallagolla/Desktop/RetailSense/.venv/lib/python3.12/site-packages/airflow/example_dags/example_complex.py
[2026-07-18T15:42:28.112+0530] {processor.py:914} INFO - Processing file /Users/bhavishyachallagolla/Desktop/RetailSense/.venv/lib/python3.12/site-packages/airflow/example_dags/example_complex.py for tasks to queue
[2026-07-18T15:42:28.113+0530] {logging_mixin.py:190} INFO - [2026-07-18T15:42:28.113+0530] {dagbag.py:588} INFO - Filling up the DagBag from /Users/bhavishyachallagolla/Desktop/RetailSense/.venv/lib/python3.12/site-packages/airflow/example_dags/example_complex.py
[2026-07-18T15:42:28.116+0530] {processor.py:925} INFO - DAG(s) 'example_complex' retrieved from /Users/bhavishyachallagolla/Desktop/RetailSense/.venv/lib/python3.12/site-packages/airflow/example_dags/example_complex.py
[2026-07-18T15:42:28.144+0530] {logging_mixin.py:190} INFO - [2026-07-18T15:42:28.144+0530] {dag.py:3239} INFO - Sync 1 DAGs
[2026-07-18T15:42:28.147+0530] {logging_mixin.py:190} INFO - [2026-07-18T15:42:28.147+0530] {dag.py:4180} INFO - Setting next_dagrun for example_complex to None, run_after=None
[2026-07-18T15:42:28.152+0530] {processor.py:208} INFO - Processing /Users/bhavishyachallagolla/Desktop/RetailSense/.venv/lib/python3.12/site-packages/airflow/example_dags/example_complex.py took 0.041 seconds
[2026-07-18T15:44:22.858+0530] {processor.py:186} INFO - Started process (PID=4631) to work on /Users/bhavishyachallagolla/Desktop/RetailSense/.venv/lib/python3.12/site-packages/airflow/example_dags/example_complex.py
[2026-07-18T15:44:22.859+0530] {processor.py:914} INFO - Processing file /Users/bhavishyachallagolla/Desktop/RetailSense/.venv/lib/python3.12/site-packages/airflow/example_dags/example_complex.py for tasks to queue
[2026-07-18T15:44:22.860+0530] {logging_mixin.py:190} INFO - [2026-07-18T15:44:22.860+0530] {dagbag.py:588} INFO - Filling up the DagBag from /Users/bhavishyachallagolla/Desktop/RetailSense/.venv/lib/python3.12/site-packages/airflow/example_dags/example_complex.py
[2026-07-18T15:44:22.863+0530] {processor.py:925} INFO - DAG(s) 'example_complex' retrieved from /Users/bhavishyachallagolla/Desktop/RetailSense/.venv/lib/python3.12/site-packages/airflow/example_dags/example_complex.py
[2026-07-18T15:44:22.891+0530] {logging_mixin.py:190} INFO - [2026-07-18T15:44:22.891+0530] {dag.py:3239} INFO - Sync 1 DAGs
[2026-07-18T15:44:22.894+0530] {logging_mixin.py:190} INFO - [2026-07-18T15:44:22.894+0530] {dag.py:4180} INFO - Setting next_dagrun for example_complex to None, run_after=None
[2026-07-18T15:44:22.899+0530] {processor.py:208} INFO - Processing /Users/bhavishyachallagolla/Desktop/RetailSense/.venv/lib/python3.12/site-packages/airflow/example_dags/example_complex.py took 0.041 seconds
[2026-07-18T15:46:07.217+0530] {processor.py:186} INFO - Started process (PID=4886) to work on /Users/bhavishyachallagolla/Desktop/RetailSense/.venv/lib/python3.12/site-packages/airflow/example_dags/example_complex.py
[2026-07-18T15:46:07.217+0530] {processor.py:914} INFO - Processing file /Users/bhavishyachallagolla/Desktop/RetailSense/.venv/lib/python3.12/site-packages/airflow/example_dags/example_complex.py for tasks to queue
[2026-07-18T15:46:07.217+0530] {logging_mixin.py:190} INFO - [2026-07-18T15:46:07.217+0530] {dagbag.py:588} INFO - Filling up the DagBag from /Users/bhavishyachallagolla/Desktop/RetailSense/.venv/lib/python3.12/site-packages/airflow/example_dags/example_complex.py
[2026-07-18T15:46:07.221+0530] {processor.py:925} INFO - DAG(s) 'example_complex' retrieved from /Users/bhavishyachallagolla/Desktop/RetailSense/.venv/lib/python3.12/site-packages/airflow/example_dags/example_complex.py
[2026-07-18T15:46:07.249+0530] {logging_mixin.py:190} INFO - [2026-07-18T15:46:07.249+0530] {dag.py:3239} INFO - Sync 1 DAGs
[2026-07-18T15:46:07.252+0530] {logging_mixin.py:190} INFO - [2026-07-18T15:46:07.252+0530] {dag.py:4180} INFO - Setting next_dagrun for example_complex to None, run_after=None
[2026-07-18T15:46:07.257+0530] {processor.py:208} INFO - Processing /Users/bhavishyachallagolla/Desktop/RetailSense/.venv/lib/python3.12/site-packages/airflow/example_dags/example_complex.py took 0.041 seconds
[2026-07-18T15:47:51.572+0530] {processor.py:186} INFO - Started process (PID=5177) to work on /Users/bhavishyachallagolla/Desktop/RetailSense/.venv/lib/python3.12/site-packages/airflow/example_dags/example_complex.py
[2026-07-18T15:47:51.573+0530] {processor.py:914} INFO - Processing file /Users/bhavishyachallagolla/Desktop/RetailSense/.venv/lib/python3.12/site-packages/airflow/example_dags/example_complex.py for tasks to queue
[2026-07-18T15:47:51.573+0530] {logging_mixin.py:190} INFO - [2026-07-18T15:47:51.573+0530] {dagbag.py:588} INFO - Filling up the DagBag from /Users/bhavishyachallagolla/Desktop/RetailSense/.venv/lib/python3.12/site-packages/airflow/example_dags/example_complex.py
[2026-07-18T15:47:51.577+0530] {processor.py:925} INFO - DAG(s) 'example_complex' retrieved from /Users/bhavishyachallagolla/Desktop/RetailSense/.venv/lib/python3.12/site-packages/airflow/example_dags/example_complex.py
[2026-07-18T15:47:51.605+0530] {logging_mixin.py:190} INFO - [2026-07-18T15:47:51.605+0530] {dag.py:3239} INFO - Sync 1 DAGs
[2026-07-18T15:47:51.608+0530] {logging_mixin.py:190} INFO - [2026-07-18T15:47:51.608+0530] {dag.py:4180} INFO - Setting next_dagrun for example_complex to None, run_after=None
[2026-07-18T15:47:51.613+0530] {processor.py:208} INFO - Processing /Users/bhavishyachallagolla/Desktop/RetailSense/.venv/lib/python3.12/site-packages/airflow/example_dags/example_complex.py took 0.041 seconds
[2026-07-18T15:49:37.968+0530] {processor.py:186} INFO - Started process (PID=5468) to work on /Users/bhavishyachallagolla/Desktop/RetailSense/.venv/lib/python3.12/site-packages/airflow/example_dags/example_complex.py
[2026-07-18T15:49:37.969+0530] {processor.py:914} INFO - Processing file /Users/bhavishyachallagolla/Desktop/RetailSense/.venv/lib/python3.12/site-packages/airflow/example_dags/example_complex.py for tasks to queue
[2026-07-18T15:49:37.969+0530] {logging_mixin.py:190} INFO - [2026-07-18T15:49:37.969+0530] {dagbag.py:588} INFO - Filling up the DagBag from /Users/bhavishyachallagolla/Desktop/RetailSense/.venv/lib/python3.12/site-packages/airflow/example_dags/example_complex.py
[2026-07-18T15:49:37.973+0530] {processor.py:925} INFO - DAG(s) 'example_complex' retrieved from /Users/bhavishyachallagolla/Desktop/RetailSense/.venv/lib/python3.12/site-packages/airflow/example_dags/example_complex.py
[2026-07-18T15:49:38.000+0530] {logging_mixin.py:190} INFO - [2026-07-18T15:49:38.000+0530] {dag.py:3239} INFO - Sync 1 DAGs
[2026-07-18T15:49:38.004+0530] {logging_mixin.py:190} INFO - [2026-07-18T15:49:38.004+0530] {dag.py:4180} INFO - Setting next_dagrun for example_complex to None, run_after=None
[2026-07-18T15:49:38.008+0530] {processor.py:208} INFO - Processing /Users/bhavishyachallagolla/Desktop/RetailSense/.venv/lib/python3.12/site-packages/airflow/example_dags/example_complex.py took 0.041 seconds
[2026-07-18T15:51:22.349+0530] {processor.py:186} INFO - Started process (PID=5734) to work on /Users/bhavishyachallagolla/Desktop/RetailSense/.venv/lib/python3.12/site-packages/airflow/example_dags/example_complex.py
[2026-07-18T15:51:22.350+0530] {processor.py:914} INFO - Processing file /Users/bhavishyachallagolla/Desktop/RetailSense/.venv/lib/python3.12/site-packages/airflow/example_dags/example_complex.py for tasks to queue
[2026-07-18T15:51:22.350+0530] {logging_mixin.py:190} INFO - [2026-07-18T15:51:22.350+0530] {dagbag.py:588} INFO - Filling up the DagBag from /Users/bhavishyachallagolla/Desktop/RetailSense/.venv/lib/python3.12/site-packages/airflow/example_dags/example_complex.py
[2026-07-18T15:51:22.354+0530] {processor.py:925} INFO - DAG(s) 'example_complex' retrieved from /Users/bhavishyachallagolla/Desktop/RetailSense/.venv/lib/python3.12/site-packages/airflow/example_dags/example_complex.py
[2026-07-18T15:51:22.381+0530] {logging_mixin.py:190} INFO - [2026-07-18T15:51:22.381+0530] {dag.py:3239} INFO - Sync 1 DAGs
[2026-07-18T15:51:22.384+0530] {logging_mixin.py:190} INFO - [2026-07-18T15:51:22.384+0530] {dag.py:4180} INFO - Setting next_dagrun for example_complex to None, run_after=None
[2026-07-18T15:51:22.389+0530] {processor.py:208} INFO - Processing /Users/bhavishyachallagolla/Desktop/RetailSense/.venv/lib/python3.12/site-packages/airflow/example_dags/example_complex.py took 0.041 seconds
[2026-07-18T15:53:04.185+0530] {processor.py:186} INFO - Started process (PID=5997) to work on /Users/bhavishyachallagolla/Desktop/RetailSense/.venv/lib/python3.12/site-packages/airflow/example_dags/example_complex.py
[2026-07-18T15:53:04.186+0530] {processor.py:914} INFO - Processing file /Users/bhavishyachallagolla/Desktop/RetailSense/.venv/lib/python3.12/site-packages/airflow/example_dags/example_complex.py for tasks to queue
[2026-07-18T15:53:04.187+0530] {logging_mixin.py:190} INFO - [2026-07-18T15:53:04.187+0530] {dagbag.py:588} INFO - Filling up the DagBag from /Users/bhavishyachallagolla/Desktop/RetailSense/.venv/lib/python3.12/site-packages/airflow/example_dags/example_complex.py
[2026-07-18T15:53:04.190+0530] {processor.py:925} INFO - DAG(s) 'example_complex' retrieved from /Users/bhavishyachallagolla/Desktop/RetailSense/.venv/lib/python3.12/site-packages/airflow/example_dags/example_complex.py
[2026-07-18T15:53:04.219+0530] {logging_mixin.py:190} INFO - [2026-07-18T15:53:04.219+0530] {dag.py:3239} INFO - Sync 1 DAGs
[2026-07-18T15:53:04.222+0530] {logging_mixin.py:190} INFO - [2026-07-18T15:53:04.222+0530] {dag.py:4180} INFO - Setting next_dagrun for example_complex to None, run_after=None
[2026-07-18T15:53:04.226+0530] {processor.py:208} INFO - Processing /Users/bhavishyachallagolla/Desktop/RetailSense/.venv/lib/python3.12/site-packages/airflow/example_dags/example_complex.py took 0.042 seconds
[2026-07-18T15:54:50.432+0530] {processor.py:186} INFO - Started process (PID=6259) to work on /Users/bhavishyachallagolla/Desktop/RetailSense/.venv/lib/python3.12/site-packages/airflow/example_dags/example_complex.py
[2026-07-18T15:54:50.433+0530] {processor.py:914} INFO - Processing file /Users/bhavishyachallagolla/Desktop/RetailSense/.venv/lib/python3.12/site-packages/airflow/example_dags/example_complex.py for tasks to queue
[2026-07-18T15:54:50.434+0530] {logging_mixin.py:190} INFO - [2026-07-18T15:54:50.434+0530] {dagbag.py:588} INFO - Filling up the DagBag from /Users/bhavishyachallagolla/Desktop/RetailSense/.venv/lib/python3.12/site-packages/airflow/example_dags/example_complex.py
[2026-07-18T15:54:50.437+0530] {processor.py:925} INFO - DAG(s) 'example_complex' retrieved from /Users/bhavishyachallagolla/Desktop/RetailSense/.venv/lib/python3.12/site-packages/airflow/example_dags/example_complex.py
[2026-07-18T15:54:50.465+0530] {logging_mixin.py:190} INFO - [2026-07-18T15:54:50.465+0530] {dag.py:3239} INFO - Sync 1 DAGs
[2026-07-18T15:54:50.469+0530] {logging_mixin.py:190} INFO - [2026-07-18T15:54:50.468+0530] {dag.py:4180} INFO - Setting next_dagrun for example_complex to None, run_after=None
[2026-07-18T15:54:50.473+0530] {processor.py:208} INFO - Processing /Users/bhavishyachallagolla/Desktop/RetailSense/.venv/lib/python3.12/site-packages/airflow/example_dags/example_complex.py took 0.042 seconds
[2026-07-18T15:56:34.380+0530] {processor.py:186} INFO - Started process (PID=6520) to work on /Users/bhavishyachallagolla/Desktop/RetailSense/.venv/lib/python3.12/site-packages/airflow/example_dags/example_complex.py
[2026-07-18T15:56:34.381+0530] {processor.py:914} INFO - Processing file /Users/bhavishyachallagolla/Desktop/RetailSense/.venv/lib/python3.12/site-packages/airflow/example_dags/example_complex.py for tasks to queue
[2026-07-18T15:56:34.382+0530] {logging_mixin.py:190} INFO - [2026-07-18T15:56:34.382+0530] {dagbag.py:588} INFO - Filling up the DagBag from /Users/bhavishyachallagolla/Desktop/RetailSense/.venv/lib/python3.12/site-packages/airflow/example_dags/example_complex.py
[2026-07-18T15:56:34.385+0530] {processor.py:925} INFO - DAG(s) 'example_complex' retrieved from /Users/bhavishyachallagolla/Desktop/RetailSense/.venv/lib/python3.12/site-packages/airflow/example_dags/example_complex.py
[2026-07-18T15:56:34.414+0530] {logging_mixin.py:190} INFO - [2026-07-18T15:56:34.414+0530] {dag.py:3239} INFO - Sync 1 DAGs
[2026-07-18T15:56:34.417+0530] {logging_mixin.py:190} INFO - [2026-07-18T15:56:34.417+0530] {dag.py:4180} INFO - Setting next_dagrun for example_complex to None, run_after=None
[2026-07-18T15:56:34.422+0530] {processor.py:208} INFO - Processing /Users/bhavishyachallagolla/Desktop/RetailSense/.venv/lib/python3.12/site-packages/airflow/example_dags/example_complex.py took 0.043 seconds
