[2026-07-18T15:36:54.282+0530] {processor.py:186} INFO - Started process (PID=3436) to work on /Users/bhavishyachallagolla/Desktop/RetailSense/.venv/lib/python3.12/site-packages/airflow/example_dags/example_display_name.py
[2026-07-18T15:36:54.282+0530] {processor.py:914} INFO - Processing file /Users/bhavishyachallagolla/Desktop/RetailSense/.venv/lib/python3.12/site-packages/airflow/example_dags/example_display_name.py for tasks to queue
[2026-07-18T15:36:54.283+0530] {logging_mixin.py:190} INFO - [2026-07-18T15:36:54.282+0530] {dagbag.py:588} INFO - Filling up the DagBag from /Users/bhavishyachallagolla/Desktop/RetailSense/.venv/lib/python3.12/site-packages/airflow/example_dags/example_display_name.py
[2026-07-18T15:36:54.293+0530] {processor.py:925} INFO - DAG(s) 'example_display_name' retrieved from /Users/bhavishyachallagolla/Desktop/RetailSense/.venv/lib/python3.12/site-packages/airflow/example_dags/example_display_name.py
[2026-07-18T15:36:54.318+0530] {logging_mixin.py:190} INFO - [2026-07-18T15:36:54.318+0530] {dag.py:3239} INFO - Sync 1 DAGs
[2026-07-18T15:36:54.321+0530] {logging_mixin.py:190} INFO - [2026-07-18T15:36:54.321+0530] {dag.py:4180} INFO - Setting next_dagrun for example_display_name to None, run_after=None
[2026-07-18T15:36:54.325+0530] {processor.py:208} INFO - Processing /Users/bhavishyachallagolla/Desktop/RetailSense/.venv/lib/python3.12/site-packages/airflow/example_dags/example_display_name.py took 0.045 seconds
[2026-07-18T15:38:58.699+0530] {processor.py:186} INFO - Started process (PID=3769) to work on /Users/bhavishyachallagolla/Desktop/RetailSense/.venv/lib/python3.12/site-packages/airflow/example_dags/example_display_name.py
[2026-07-18T15:38:58.700+0530] {processor.py:914} INFO - Processing file /Users/bhavishyachallagolla/Desktop/RetailSense/.venv/lib/python3.12/site-packages/airflow/example_dags/example_display_name.py for tasks to queue
[2026-07-18T15:38:58.701+0530] {logging_mixin.py:190} INFO - [2026-07-18T15:38:58.700+0530] {dagbag.py:588} INFO - Filling up the DagBag from /Users/bhavishyachallagolla/Desktop/RetailSense/.venv/lib/python3.12/site-packages/airflow/example_dags/example_display_name.py
[2026-07-18T15:38:58.712+0530] {processor.py:925} INFO - DAG(s) 'example_display_name' retrieved from /Users/bhavishyachallagolla/Desktop/RetailSense/.venv/lib/python3.12/site-packages/airflow/example_dags/example_display_name.py
[2026-07-18T15:38:58.737+0530] {logging_mixin.py:190} INFO - [2026-07-18T15:38:58.737+0530] {dag.py:3239} INFO - Sync 1 DAGs
[2026-07-18T15:38:58.740+0530] {logging_mixin.py:190} INFO - [2026-07-18T15:38:58.740+0530] {dag.py:4180} INFO - Setting next_dagrun for example_display_name to None, run_after=None
[2026-07-18T15:38:58.744+0530] {processor.py:208} INFO - Processing /Users/bhavishyachallagolla/Desktop/RetailSense/.venv/lib/python3.12/site-packages/airflow/example_dags/example_display_name.py took 0.046 seconds
[2026-07-18T15:40:39.588+0530] {processor.py:186} INFO - Started process (PID=4024) to work on /Users/bhavishyachallagolla/Desktop/RetailSense/.venv/lib/python3.12/site-packages/airflow/example_dags/example_display_name.py
[2026-07-18T15:40:39.589+0530] {processor.py:914} INFO - Processing file /Users/bhavishyachallagolla/Desktop/RetailSense/.venv/lib/python3.12/site-packages/airflow/example_dags/example_display_name.py for tasks to queue
[2026-07-18T15:40:39.589+0530] {logging_mixin.py:190} INFO - [2026-07-18T15:40:39.589+0530] {dagbag.py:588} INFO - Filling up the DagBag from /Users/bhavishyachallagolla/Desktop/RetailSense/.venv/lib/python3.12/site-packages/airflow/example_dags/example_display_name.py
[2026-07-18T15:40:39.601+0530] {processor.py:925} INFO - DAG(s) 'example_display_name' retrieved from /Users/bhavishyachallagolla/Desktop/RetailSense/.venv/lib/python3.12/site-packages/airflow/example_dags/example_display_name.py
[2026-07-18T15:40:39.625+0530] {logging_mixin.py:190} INFO - [2026-07-18T15:40:39.625+0530] {dag.py:3239} INFO - Sync 1 DAGs
[2026-07-18T15:40:39.628+0530] {logging_mixin.py:190} INFO - [2026-07-18T15:40:39.627+0530] {dag.py:4180} INFO - Setting next_dagrun for example_display_name to None, run_after=None
[2026-07-18T15:40:39.632+0530] {processor.py:208} INFO - Processing /Users/bhavishyachallagolla/Desktop/RetailSense/.venv/lib/python3.12/site-packages/airflow/example_dags/example_display_name.py took 0.045 seconds
[2026-07-18T15:42:20.733+0530] {processor.py:186} INFO - Started process (PID=4291) to work on /Users/bhavishyachallagolla/Desktop/RetailSense/.venv/lib/python3.12/site-packages/airflow/example_dags/example_display_name.py
[2026-07-18T15:42:20.734+0530] {processor.py:914} INFO - Processing file /Users/bhavishyachallagolla/Desktop/RetailSense/.venv/lib/python3.12/site-packages/airflow/example_dags/example_display_name.py for tasks to queue
[2026-07-18T15:42:20.734+0530] {logging_mixin.py:190} INFO - [2026-07-18T15:42:20.734+0530] {dagbag.py:588} INFO - Filling up the DagBag from /Users/bhavishyachallagolla/Desktop/RetailSense/.venv/lib/python3.12/site-packages/airflow/example_dags/example_display_name.py
[2026-07-18T15:42:20.746+0530] {processor.py:925} INFO - DAG(s) 'example_display_name' retrieved from /Users/bhavishyachallagolla/Desktop/RetailSense/.venv/lib/python3.12/site-packages/airflow/example_dags/example_display_name.py
[2026-07-18T15:42:20.770+0530] {logging_mixin.py:190} INFO - [2026-07-18T15:42:20.770+0530] {dag.py:3239} INFO - Sync 1 DAGs
[2026-07-18T15:42:20.773+0530] {logging_mixin.py:190} INFO - [2026-07-18T15:42:20.773+0530] {dag.py:4180} INFO - Setting next_dagrun for example_display_name to None, run_after=None
[2026-07-18T15:42:20.778+0530] {processor.py:208} INFO - Processing /Users/bhavishyachallagolla/Desktop/RetailSense/.venv/lib/python3.12/site-packages/airflow/example_dags/example_display_name.py took 0.046 seconds
[2026-07-18T15:44:15.516+0530] {processor.py:186} INFO - Started process (PID=4611) to work on /Users/bhavishyachallagolla/Desktop/RetailSense/.venv/lib/python3.12/site-packages/airflow/example_dags/example_display_name.py
[2026-07-18T15:44:15.517+0530] {processor.py:914} INFO - Processing file /Users/bhavishyachallagolla/Desktop/RetailSense/.venv/lib/python3.12/site-packages/airflow/example_dags/example_display_name.py for tasks to queue
[2026-07-18T15:44:15.517+0530] {logging_mixin.py:190} INFO - [2026-07-18T15:44:15.517+0530] {dagbag.py:588} INFO - Filling up the DagBag from /Users/bhavishyachallagolla/Desktop/RetailSense/.venv/lib/python3.12/site-packages/airflow/example_dags/example_display_name.py
[2026-07-18T15:44:15.529+0530] {processor.py:925} INFO - DAG(s) 'example_display_name' retrieved from /Users/bhavishyachallagolla/Desktop/RetailSense/.venv/lib/python3.12/site-packages/airflow/example_dags/example_display_name.py
[2026-07-18T15:44:15.554+0530] {logging_mixin.py:190} INFO - [2026-07-18T15:44:15.554+0530] {dag.py:3239} INFO - Sync 1 DAGs
[2026-07-18T15:44:15.556+0530] {logging_mixin.py:190} INFO - [2026-07-18T15:44:15.556+0530] {dag.py:4180} INFO - Setting next_dagrun for example_display_name to None, run_after=None
[2026-07-18T15:44:15.561+0530] {processor.py:208} INFO - Processing /Users/bhavishyachallagolla/Desktop/RetailSense/.venv/lib/python3.12/site-packages/airflow/example_dags/example_display_name.py took 0.046 seconds
[2026-07-18T15:45:59.863+0530] {processor.py:186} INFO - Started process (PID=4871) to work on /Users/bhavishyachallagolla/Desktop/RetailSense/.venv/lib/python3.12/site-packages/airflow/example_dags/example_display_name.py
[2026-07-18T15:45:59.863+0530] {processor.py:914} INFO - Processing file /Users/bhavishyachallagolla/Desktop/RetailSense/.venv/lib/python3.12/site-packages/airflow/example_dags/example_display_name.py for tasks to queue
[2026-07-18T15:45:59.864+0530] {logging_mixin.py:190} INFO - [2026-07-18T15:45:59.864+0530] {dagbag.py:588} INFO - Filling up the DagBag from /Users/bhavishyachallagolla/Desktop/RetailSense/.venv/lib/python3.12/site-packages/airflow/example_dags/example_display_name.py
[2026-07-18T15:45:59.875+0530] {processor.py:925} INFO - DAG(s) 'example_display_name' retrieved from /Users/bhavishyachallagolla/Desktop/RetailSense/.venv/lib/python3.12/site-packages/airflow/example_dags/example_display_name.py
[2026-07-18T15:45:59.898+0530] {logging_mixin.py:190} INFO - [2026-07-18T15:45:59.898+0530] {dag.py:3239} INFO - Sync 1 DAGs
[2026-07-18T15:45:59.901+0530] {logging_mixin.py:190} INFO - [2026-07-18T15:45:59.901+0530] {dag.py:4180} INFO - Setting next_dagrun for example_display_name to None, run_after=None
[2026-07-18T15:45:59.906+0530] {processor.py:208} INFO - Processing /Users/bhavishyachallagolla/Desktop/RetailSense/.venv/lib/python3.12/site-packages/airflow/example_dags/example_display_name.py took 0.043 seconds
[2026-07-18T15:47:44.160+0530] {processor.py:186} INFO - Started process (PID=5156) to work on /Users/bhavishyachallagolla/Desktop/RetailSense/.venv/lib/python3.12/site-packages/airflow/example_dags/example_display_name.py
[2026-07-18T15:47:44.161+0530] {processor.py:914} INFO - Processing file /Users/bhavishyachallagolla/Desktop/RetailSense/.venv/lib/python3.12/site-packages/airflow/example_dags/example_display_name.py for tasks to queue
[2026-07-18T15:47:44.161+0530] {logging_mixin.py:190} INFO - [2026-07-18T15:47:44.161+0530] {dagbag.py:588} INFO - Filling up the DagBag from /Users/bhavishyachallagolla/Desktop/RetailSense/.venv/lib/python3.12/site-packages/airflow/example_dags/example_display_name.py
[2026-07-18T15:47:44.173+0530] {processor.py:925} INFO - DAG(s) 'example_display_name' retrieved from /Users/bhavishyachallagolla/Desktop/RetailSense/.venv/lib/python3.12/site-packages/airflow/example_dags/example_display_name.py
[2026-07-18T15:47:44.196+0530] {logging_mixin.py:190} INFO - [2026-07-18T15:47:44.196+0530] {dag.py:3239} INFO - Sync 1 DAGs
[2026-07-18T15:47:44.199+0530] {logging_mixin.py:190} INFO - [2026-07-18T15:47:44.199+0530] {dag.py:4180} INFO - Setting next_dagrun for example_display_name to None, run_after=None
[2026-07-18T15:47:44.203+0530] {processor.py:208} INFO - Processing /Users/bhavishyachallagolla/Desktop/RetailSense/.venv/lib/python3.12/site-packages/airflow/example_dags/example_display_name.py took 0.044 seconds
[2026-07-18T15:49:30.634+0530] {processor.py:186} INFO - Started process (PID=5449) to work on /Users/bhavishyachallagolla/Desktop/RetailSense/.venv/lib/python3.12/site-packages/airflow/example_dags/example_display_name.py
[2026-07-18T15:49:30.635+0530] {processor.py:914} INFO - Processing file /Users/bhavishyachallagolla/Desktop/RetailSense/.venv/lib/python3.12/site-packages/airflow/example_dags/example_display_name.py for tasks to queue
[2026-07-18T15:49:30.635+0530] {logging_mixin.py:190} INFO - [2026-07-18T15:49:30.635+0530] {dagbag.py:588} INFO - Filling up the DagBag from /Users/bhavishyachallagolla/Desktop/RetailSense/.venv/lib/python3.12/site-packages/airflow/example_dags/example_display_name.py
[2026-07-18T15:49:30.647+0530] {processor.py:925} INFO - DAG(s) 'example_display_name' retrieved from /Users/bhavishyachallagolla/Desktop/RetailSense/.venv/lib/python3.12/site-packages/airflow/example_dags/example_display_name.py
[2026-07-18T15:49:30.672+0530] {logging_mixin.py:190} INFO - [2026-07-18T15:49:30.672+0530] {dag.py:3239} INFO - Sync 1 DAGs
[2026-07-18T15:49:30.675+0530] {logging_mixin.py:190} INFO - [2026-07-18T15:49:30.675+0530] {dag.py:4180} INFO - Setting next_dagrun for example_display_name to None, run_after=None
[2026-07-18T15:49:30.679+0530] {processor.py:208} INFO - Processing /Users/bhavishyachallagolla/Desktop/RetailSense/.venv/lib/python3.12/site-packages/airflow/example_dags/example_display_name.py took 0.046 seconds
[2026-07-18T15:51:15.632+0530] {processor.py:186} INFO - Started process (PID=5718) to work on /Users/bhavishyachallagolla/Desktop/RetailSense/.venv/lib/python3.12/site-packages/airflow/example_dags/example_display_name.py
[2026-07-18T15:51:15.633+0530] {processor.py:914} INFO - Processing file /Users/bhavishyachallagolla/Desktop/RetailSense/.venv/lib/python3.12/site-packages/airflow/example_dags/example_display_name.py for tasks to queue
[2026-07-18T15:51:15.633+0530] {logging_mixin.py:190} INFO - [2026-07-18T15:51:15.633+0530] {dagbag.py:588} INFO - Filling up the DagBag from /Users/bhavishyachallagolla/Desktop/RetailSense/.venv/lib/python3.12/site-packages/airflow/example_dags/example_display_name.py
[2026-07-18T15:51:15.645+0530] {processor.py:925} INFO - DAG(s) 'example_display_name' retrieved from /Users/bhavishyachallagolla/Desktop/RetailSense/.venv/lib/python3.12/site-packages/airflow/example_dags/example_display_name.py
[2026-07-18T15:51:15.669+0530] {logging_mixin.py:190} INFO - [2026-07-18T15:51:15.669+0530] {dag.py:3239} INFO - Sync 1 DAGs
[2026-07-18T15:51:15.672+0530] {logging_mixin.py:190} INFO - [2026-07-18T15:51:15.672+0530] {dag.py:4180} INFO - Setting next_dagrun for example_display_name to None, run_after=None
[2026-07-18T15:51:15.677+0530] {processor.py:208} INFO - Processing /Users/bhavishyachallagolla/Desktop/RetailSense/.venv/lib/python3.12/site-packages/airflow/example_dags/example_display_name.py took 0.045 seconds
[2026-07-18T15:52:56.294+0530] {processor.py:186} INFO - Started process (PID=5977) to work on /Users/bhavishyachallagolla/Desktop/RetailSense/.venv/lib/python3.12/site-packages/airflow/example_dags/example_display_name.py
[2026-07-18T15:52:56.295+0530] {processor.py:914} INFO - Processing file /Users/bhavishyachallagolla/Desktop/RetailSense/.venv/lib/python3.12/site-packages/airflow/example_dags/example_display_name.py for tasks to queue
[2026-07-18T15:52:56.296+0530] {logging_mixin.py:190} INFO - [2026-07-18T15:52:56.295+0530] {dagbag.py:588} INFO - Filling up the DagBag from /Users/bhavishyachallagolla/Desktop/RetailSense/.venv/lib/python3.12/site-packages/airflow/example_dags/example_display_name.py
[2026-07-18T15:52:56.309+0530] {processor.py:925} INFO - DAG(s) 'example_display_name' retrieved from /Users/bhavishyachallagolla/Desktop/RetailSense/.venv/lib/python3.12/site-packages/airflow/example_dags/example_display_name.py
[2026-07-18T15:52:56.338+0530] {logging_mixin.py:190} INFO - [2026-07-18T15:52:56.338+0530] {dag.py:3239} INFO - Sync 1 DAGs
[2026-07-18T15:52:56.341+0530] {logging_mixin.py:190} INFO - [2026-07-18T15:52:56.341+0530] {dag.py:4180} INFO - Setting next_dagrun for example_display_name to None, run_after=None
[2026-07-18T15:52:56.346+0530] {processor.py:208} INFO - Processing /Users/bhavishyachallagolla/Desktop/RetailSense/.venv/lib/python3.12/site-packages/airflow/example_dags/example_display_name.py took 0.053 seconds
[2026-07-18T15:54:43.008+0530] {processor.py:186} INFO - Started process (PID=6238) to work on /Users/bhavishyachallagolla/Desktop/RetailSense/.venv/lib/python3.12/site-packages/airflow/example_dags/example_display_name.py
[2026-07-18T15:54:43.009+0530] {processor.py:914} INFO - Processing file /Users/bhavishyachallagolla/Desktop/RetailSense/.venv/lib/python3.12/site-packages/airflow/example_dags/example_display_name.py for tasks to queue
[2026-07-18T15:54:43.009+0530] {logging_mixin.py:190} INFO - [2026-07-18T15:54:43.009+0530] {dagbag.py:588} INFO - Filling up the DagBag from /Users/bhavishyachallagolla/Desktop/RetailSense/.venv/lib/python3.12/site-packages/airflow/example_dags/example_display_name.py
[2026-07-18T15:54:43.021+0530] {processor.py:925} INFO - DAG(s) 'example_display_name' retrieved from /Users/bhavishyachallagolla/Desktop/RetailSense/.venv/lib/python3.12/site-packages/airflow/example_dags/example_display_name.py
[2026-07-18T15:54:43.045+0530] {logging_mixin.py:190} INFO - [2026-07-18T15:54:43.045+0530] {dag.py:3239} INFO - Sync 1 DAGs
[2026-07-18T15:54:43.048+0530] {logging_mixin.py:190} INFO - [2026-07-18T15:54:43.048+0530] {dag.py:4180} INFO - Setting next_dagrun for example_display_name to None, run_after=None
[2026-07-18T15:54:43.053+0530] {processor.py:208} INFO - Processing /Users/bhavishyachallagolla/Desktop/RetailSense/.venv/lib/python3.12/site-packages/airflow/example_dags/example_display_name.py took 0.045 seconds
[2026-07-18T15:56:26.376+0530] {processor.py:186} INFO - Started process (PID=6502) to work on /Users/bhavishyachallagolla/Desktop/RetailSense/.venv/lib/python3.12/site-packages/airflow/example_dags/example_display_name.py
[2026-07-18T15:56:26.376+0530] {processor.py:914} INFO - Processing file /Users/bhavishyachallagolla/Desktop/RetailSense/.venv/lib/python3.12/site-packages/airflow/example_dags/example_display_name.py for tasks to queue
[2026-07-18T15:56:26.377+0530] {logging_mixin.py:190} INFO - [2026-07-18T15:56:26.377+0530] {dagbag.py:588} INFO - Filling up the DagBag from /Users/bhavishyachallagolla/Desktop/RetailSense/.venv/lib/python3.12/site-packages/airflow/example_dags/example_display_name.py
[2026-07-18T15:56:26.389+0530] {processor.py:925} INFO - DAG(s) 'example_display_name' retrieved from /Users/bhavishyachallagolla/Desktop/RetailSense/.venv/lib/python3.12/site-packages/airflow/example_dags/example_display_name.py
[2026-07-18T15:56:26.412+0530] {logging_mixin.py:190} INFO - [2026-07-18T15:56:26.412+0530] {dag.py:3239} INFO - Sync 1 DAGs
[2026-07-18T15:56:26.415+0530] {logging_mixin.py:190} INFO - [2026-07-18T15:56:26.415+0530] {dag.py:4180} INFO - Setting next_dagrun for example_display_name to None, run_after=None
[2026-07-18T15:56:26.419+0530] {processor.py:208} INFO - Processing /Users/bhavishyachallagolla/Desktop/RetailSense/.venv/lib/python3.12/site-packages/airflow/example_dags/example_display_name.py took 0.044 seconds
