[2026-07-18T15:36:44.693+0530] {processor.py:186} INFO - Started process (PID=3411) to work on /Users/bhavishyachallagolla/Desktop/RetailSense/.venv/lib/python3.12/site-packages/airflow/example_dags/example_latest_only_with_trigger.py
[2026-07-18T15:36:44.694+0530] {processor.py:914} INFO - Processing file /Users/bhavishyachallagolla/Desktop/RetailSense/.venv/lib/python3.12/site-packages/airflow/example_dags/example_latest_only_with_trigger.py for tasks to queue
[2026-07-18T15:36:44.694+0530] {logging_mixin.py:190} INFO - [2026-07-18T15:36:44.694+0530] {dagbag.py:588} INFO - Filling up the DagBag from /Users/bhavishyachallagolla/Desktop/RetailSense/.venv/lib/python3.12/site-packages/airflow/example_dags/example_latest_only_with_trigger.py
[2026-07-18T15:36:44.697+0530] {processor.py:925} INFO - DAG(s) 'latest_only_with_trigger' retrieved from /Users/bhavishyachallagolla/Desktop/RetailSense/.venv/lib/python3.12/site-packages/airflow/example_dags/example_latest_only_with_trigger.py
[2026-07-18T15:36:44.725+0530] {logging_mixin.py:190} INFO - [2026-07-18T15:36:44.725+0530] {dag.py:3239} INFO - Sync 1 DAGs
[2026-07-18T15:36:44.732+0530] {logging_mixin.py:190} INFO - [2026-07-18T15:36:44.732+0530] {dag.py:4180} INFO - Setting next_dagrun for latest_only_with_trigger to 2026-07-18 04:00:00+00:00, run_after=2026-07-18 08:00:00+00:00
[2026-07-18T15:36:44.738+0530] {processor.py:208} INFO - Processing /Users/bhavishyachallagolla/Desktop/RetailSense/.venv/lib/python3.12/site-packages/airflow/example_dags/example_latest_only_with_trigger.py took 0.045 seconds
[2026-07-18T15:38:48.237+0530] {processor.py:186} INFO - Started process (PID=3732) to work on /Users/bhavishyachallagolla/Desktop/RetailSense/.venv/lib/python3.12/site-packages/airflow/example_dags/example_latest_only_with_trigger.py
[2026-07-18T15:38:48.238+0530] {processor.py:914} INFO - Processing file /Users/bhavishyachallagolla/Desktop/RetailSense/.venv/lib/python3.12/site-packages/airflow/example_dags/example_latest_only_with_trigger.py for tasks to queue
[2026-07-18T15:38:48.238+0530] {logging_mixin.py:190} INFO - [2026-07-18T15:38:48.238+0530] {dagbag.py:588} INFO - Filling up the DagBag from /Users/bhavishyachallagolla/Desktop/RetailSense/.venv/lib/python3.12/site-packages/airflow/example_dags/example_latest_only_with_trigger.py
[2026-07-18T15:38:48.240+0530] {processor.py:925} INFO - DAG(s) 'latest_only_with_trigger' retrieved from /Users/bhavishyachallagolla/Desktop/RetailSense/.venv/lib/python3.12/site-packages/airflow/example_dags/example_latest_only_with_trigger.py
[2026-07-18T15:38:48.266+0530] {logging_mixin.py:190} INFO - [2026-07-18T15:38:48.266+0530] {dag.py:3239} INFO - Sync 1 DAGs
[2026-07-18T15:38:48.271+0530] {logging_mixin.py:190} INFO - [2026-07-18T15:38:48.271+0530] {dag.py:4180} INFO - Setting next_dagrun for latest_only_with_trigger to 2026-07-18 04:00:00+00:00, run_after=2026-07-18 08:00:00+00:00
[2026-07-18T15:38:48.276+0530] {processor.py:208} INFO - Processing /Users/bhavishyachallagolla/Desktop/RetailSense/.venv/lib/python3.12/site-packages/airflow/example_dags/example_latest_only_with_trigger.py took 0.040 seconds
[2026-07-18T15:40:29.205+0530] {processor.py:186} INFO - Started process (PID=4000) to work on /Users/bhavishyachallagolla/Desktop/RetailSense/.venv/lib/python3.12/site-packages/airflow/example_dags/example_latest_only_with_trigger.py
[2026-07-18T15:40:29.207+0530] {processor.py:914} INFO - Processing file /Users/bhavishyachallagolla/Desktop/RetailSense/.venv/lib/python3.12/site-packages/airflow/example_dags/example_latest_only_with_trigger.py for tasks to queue
[2026-07-18T15:40:29.207+0530] {logging_mixin.py:190} INFO - [2026-07-18T15:40:29.207+0530] {dagbag.py:588} INFO - Filling up the DagBag from /Users/bhavishyachallagolla/Desktop/RetailSense/.venv/lib/python3.12/site-packages/airflow/example_dags/example_latest_only_with_trigger.py
[2026-07-18T15:40:29.210+0530] {processor.py:925} INFO - DAG(s) 'latest_only_with_trigger' retrieved from /Users/bhavishyachallagolla/Desktop/RetailSense/.venv/lib/python3.12/site-packages/airflow/example_dags/example_latest_only_with_trigger.py
[2026-07-18T15:40:29.235+0530] {logging_mixin.py:190} INFO - [2026-07-18T15:40:29.234+0530] {dag.py:3239} INFO - Sync 1 DAGs
[2026-07-18T15:40:29.239+0530] {logging_mixin.py:190} INFO - [2026-07-18T15:40:29.239+0530] {dag.py:4180} INFO - Setting next_dagrun for latest_only_with_trigger to 2026-07-18 04:00:00+00:00, run_after=2026-07-18 08:00:00+00:00
[2026-07-18T15:40:29.244+0530] {processor.py:208} INFO - Processing /Users/bhavishyachallagolla/Desktop/RetailSense/.venv/lib/python3.12/site-packages/airflow/example_dags/example_latest_only_with_trigger.py took 0.039 seconds
[2026-07-18T15:42:10.229+0530] {processor.py:186} INFO - Started process (PID=4266) to work on /Users/bhavishyachallagolla/Desktop/RetailSense/.venv/lib/python3.12/site-packages/airflow/example_dags/example_latest_only_with_trigger.py
[2026-07-18T15:42:10.230+0530] {processor.py:914} INFO - Processing file /Users/bhavishyachallagolla/Desktop/RetailSense/.venv/lib/python3.12/site-packages/airflow/example_dags/example_latest_only_with_trigger.py for tasks to queue
[2026-07-18T15:42:10.230+0530] {logging_mixin.py:190} INFO - [2026-07-18T15:42:10.230+0530] {dagbag.py:588} INFO - Filling up the DagBag from /Users/bhavishyachallagolla/Desktop/RetailSense/.venv/lib/python3.12/site-packages/airflow/example_dags/example_latest_only_with_trigger.py
[2026-07-18T15:42:10.233+0530] {processor.py:925} INFO - DAG(s) 'latest_only_with_trigger' retrieved from /Users/bhavishyachallagolla/Desktop/RetailSense/.venv/lib/python3.12/site-packages/airflow/example_dags/example_latest_only_with_trigger.py
[2026-07-18T15:42:10.257+0530] {logging_mixin.py:190} INFO - [2026-07-18T15:42:10.257+0530] {dag.py:3239} INFO - Sync 1 DAGs
[2026-07-18T15:42:10.262+0530] {logging_mixin.py:190} INFO - [2026-07-18T15:42:10.262+0530] {dag.py:4180} INFO - Setting next_dagrun for latest_only_with_trigger to 2026-07-18 04:00:00+00:00, run_after=2026-07-18 08:00:00+00:00
[2026-07-18T15:42:10.266+0530] {processor.py:208} INFO - Processing /Users/bhavishyachallagolla/Desktop/RetailSense/.venv/lib/python3.12/site-packages/airflow/example_dags/example_latest_only_with_trigger.py took 0.038 seconds
[2026-07-18T15:44:05.859+0530] {processor.py:186} INFO - Started process (PID=4588) to work on /Users/bhavishyachallagolla/Desktop/RetailSense/.venv/lib/python3.12/site-packages/airflow/example_dags/example_latest_only_with_trigger.py
[2026-07-18T15:44:05.860+0530] {processor.py:914} INFO - Processing file /Users/bhavishyachallagolla/Desktop/RetailSense/.venv/lib/python3.12/site-packages/airflow/example_dags/example_latest_only_with_trigger.py for tasks to queue
[2026-07-18T15:44:05.861+0530] {logging_mixin.py:190} INFO - [2026-07-18T15:44:05.861+0530] {dagbag.py:588} INFO - Filling up the DagBag from /Users/bhavishyachallagolla/Desktop/RetailSense/.venv/lib/python3.12/site-packages/airflow/example_dags/example_latest_only_with_trigger.py
[2026-07-18T15:44:05.863+0530] {processor.py:925} INFO - DAG(s) 'latest_only_with_trigger' retrieved from /Users/bhavishyachallagolla/Desktop/RetailSense/.venv/lib/python3.12/site-packages/airflow/example_dags/example_latest_only_with_trigger.py
[2026-07-18T15:44:05.887+0530] {logging_mixin.py:190} INFO - [2026-07-18T15:44:05.887+0530] {dag.py:3239} INFO - Sync 1 DAGs
[2026-07-18T15:44:05.892+0530] {logging_mixin.py:190} INFO - [2026-07-18T15:44:05.892+0530] {dag.py:4180} INFO - Setting next_dagrun for latest_only_with_trigger to 2026-07-18 04:00:00+00:00, run_after=2026-07-18 08:00:00+00:00
[2026-07-18T15:44:05.896+0530] {processor.py:208} INFO - Processing /Users/bhavishyachallagolla/Desktop/RetailSense/.venv/lib/python3.12/site-packages/airflow/example_dags/example_latest_only_with_trigger.py took 0.038 seconds
[2026-07-18T15:45:49.691+0530] {processor.py:186} INFO - Started process (PID=4847) to work on /Users/bhavishyachallagolla/Desktop/RetailSense/.venv/lib/python3.12/site-packages/airflow/example_dags/example_latest_only_with_trigger.py
[2026-07-18T15:45:49.692+0530] {processor.py:914} INFO - Processing file /Users/bhavishyachallagolla/Desktop/RetailSense/.venv/lib/python3.12/site-packages/airflow/example_dags/example_latest_only_with_trigger.py for tasks to queue
[2026-07-18T15:45:49.692+0530] {logging_mixin.py:190} INFO - [2026-07-18T15:45:49.692+0530] {dagbag.py:588} INFO - Filling up the DagBag from /Users/bhavishyachallagolla/Desktop/RetailSense/.venv/lib/python3.12/site-packages/airflow/example_dags/example_latest_only_with_trigger.py
[2026-07-18T15:45:49.694+0530] {processor.py:925} INFO - DAG(s) 'latest_only_with_trigger' retrieved from /Users/bhavishyachallagolla/Desktop/RetailSense/.venv/lib/python3.12/site-packages/airflow/example_dags/example_latest_only_with_trigger.py
[2026-07-18T15:45:49.719+0530] {logging_mixin.py:190} INFO - [2026-07-18T15:45:49.719+0530] {dag.py:3239} INFO - Sync 1 DAGs
[2026-07-18T15:45:49.724+0530] {logging_mixin.py:190} INFO - [2026-07-18T15:45:49.724+0530] {dag.py:4180} INFO - Setting next_dagrun for latest_only_with_trigger to 2026-07-18 04:00:00+00:00, run_after=2026-07-18 08:00:00+00:00
[2026-07-18T15:45:49.728+0530] {processor.py:208} INFO - Processing /Users/bhavishyachallagolla/Desktop/RetailSense/.venv/lib/python3.12/site-packages/airflow/example_dags/example_latest_only_with_trigger.py took 0.038 seconds
[2026-07-18T15:47:33.991+0530] {processor.py:186} INFO - Started process (PID=5131) to work on /Users/bhavishyachallagolla/Desktop/RetailSense/.venv/lib/python3.12/site-packages/airflow/example_dags/example_latest_only_with_trigger.py
[2026-07-18T15:47:33.992+0530] {processor.py:914} INFO - Processing file /Users/bhavishyachallagolla/Desktop/RetailSense/.venv/lib/python3.12/site-packages/airflow/example_dags/example_latest_only_with_trigger.py for tasks to queue
[2026-07-18T15:47:33.992+0530] {logging_mixin.py:190} INFO - [2026-07-18T15:47:33.992+0530] {dagbag.py:588} INFO - Filling up the DagBag from /Users/bhavishyachallagolla/Desktop/RetailSense/.venv/lib/python3.12/site-packages/airflow/example_dags/example_latest_only_with_trigger.py
[2026-07-18T15:47:33.995+0530] {processor.py:925} INFO - DAG(s) 'latest_only_with_trigger' retrieved from /Users/bhavishyachallagolla/Desktop/RetailSense/.venv/lib/python3.12/site-packages/airflow/example_dags/example_latest_only_with_trigger.py
[2026-07-18T15:47:34.020+0530] {logging_mixin.py:190} INFO - [2026-07-18T15:47:34.020+0530] {dag.py:3239} INFO - Sync 1 DAGs
[2026-07-18T15:47:34.025+0530] {logging_mixin.py:190} INFO - [2026-07-18T15:47:34.024+0530] {dag.py:4180} INFO - Setting next_dagrun for latest_only_with_trigger to 2026-07-18 04:00:00+00:00, run_after=2026-07-18 08:00:00+00:00
[2026-07-18T15:47:34.029+0530] {processor.py:208} INFO - Processing /Users/bhavishyachallagolla/Desktop/RetailSense/.venv/lib/python3.12/site-packages/airflow/example_dags/example_latest_only_with_trigger.py took 0.039 seconds
[2026-07-18T15:49:20.000+0530] {processor.py:186} INFO - Started process (PID=5424) to work on /Users/bhavishyachallagolla/Desktop/RetailSense/.venv/lib/python3.12/site-packages/airflow/example_dags/example_latest_only_with_trigger.py
[2026-07-18T15:49:20.001+0530] {processor.py:914} INFO - Processing file /Users/bhavishyachallagolla/Desktop/RetailSense/.venv/lib/python3.12/site-packages/airflow/example_dags/example_latest_only_with_trigger.py for tasks to queue
[2026-07-18T15:49:20.001+0530] {logging_mixin.py:190} INFO - [2026-07-18T15:49:20.001+0530] {dagbag.py:588} INFO - Filling up the DagBag from /Users/bhavishyachallagolla/Desktop/RetailSense/.venv/lib/python3.12/site-packages/airflow/example_dags/example_latest_only_with_trigger.py
[2026-07-18T15:49:20.004+0530] {processor.py:925} INFO - DAG(s) 'latest_only_with_trigger' retrieved from /Users/bhavishyachallagolla/Desktop/RetailSense/.venv/lib/python3.12/site-packages/airflow/example_dags/example_latest_only_with_trigger.py
[2026-07-18T15:49:20.029+0530] {logging_mixin.py:190} INFO - [2026-07-18T15:49:20.029+0530] {dag.py:3239} INFO - Sync 1 DAGs
[2026-07-18T15:49:20.034+0530] {logging_mixin.py:190} INFO - [2026-07-18T15:49:20.034+0530] {dag.py:4180} INFO - Setting next_dagrun for latest_only_with_trigger to 2026-07-18 04:00:00+00:00, run_after=2026-07-18 08:00:00+00:00
[2026-07-18T15:49:20.039+0530] {processor.py:208} INFO - Processing /Users/bhavishyachallagolla/Desktop/RetailSense/.venv/lib/python3.12/site-packages/airflow/example_dags/example_latest_only_with_trigger.py took 0.040 seconds
[2026-07-18T15:50:42.966+0530] {processor.py:186} INFO - Started process (PID=5633) to work on /Users/bhavishyachallagolla/Desktop/RetailSense/.venv/lib/python3.12/site-packages/airflow/example_dags/example_latest_only_with_trigger.py
[2026-07-18T15:50:42.967+0530] {processor.py:914} INFO - Processing file /Users/bhavishyachallagolla/Desktop/RetailSense/.venv/lib/python3.12/site-packages/airflow/example_dags/example_latest_only_with_trigger.py for tasks to queue
[2026-07-18T15:50:42.967+0530] {logging_mixin.py:190} INFO - [2026-07-18T15:50:42.967+0530] {dagbag.py:588} INFO - Filling up the DagBag from /Users/bhavishyachallagolla/Desktop/RetailSense/.venv/lib/python3.12/site-packages/airflow/example_dags/example_latest_only_with_trigger.py
[2026-07-18T15:50:42.970+0530] {processor.py:925} INFO - DAG(s) 'latest_only_with_trigger' retrieved from /Users/bhavishyachallagolla/Desktop/RetailSense/.venv/lib/python3.12/site-packages/airflow/example_dags/example_latest_only_with_trigger.py
[2026-07-18T15:50:42.995+0530] {logging_mixin.py:190} INFO - [2026-07-18T15:50:42.994+0530] {dag.py:3239} INFO - Sync 1 DAGs
[2026-07-18T15:50:43.000+0530] {logging_mixin.py:190} INFO - [2026-07-18T15:50:43.000+0530] {dag.py:4180} INFO - Setting next_dagrun for latest_only_with_trigger to 2026-07-18 04:00:00+00:00, run_after=2026-07-18 08:00:00+00:00
[2026-07-18T15:50:43.004+0530] {processor.py:208} INFO - Processing /Users/bhavishyachallagolla/Desktop/RetailSense/.venv/lib/python3.12/site-packages/airflow/example_dags/example_latest_only_with_trigger.py took 0.039 seconds
[2026-07-18T15:52:24.526+0530] {processor.py:186} INFO - Started process (PID=5887) to work on /Users/bhavishyachallagolla/Desktop/RetailSense/.venv/lib/python3.12/site-packages/airflow/example_dags/example_latest_only_with_trigger.py
[2026-07-18T15:52:24.527+0530] {processor.py:914} INFO - Processing file /Users/bhavishyachallagolla/Desktop/RetailSense/.venv/lib/python3.12/site-packages/airflow/example_dags/example_latest_only_with_trigger.py for tasks to queue
[2026-07-18T15:52:24.528+0530] {logging_mixin.py:190} INFO - [2026-07-18T15:52:24.528+0530] {dagbag.py:588} INFO - Filling up the DagBag from /Users/bhavishyachallagolla/Desktop/RetailSense/.venv/lib/python3.12/site-packages/airflow/example_dags/example_latest_only_with_trigger.py
[2026-07-18T15:52:24.530+0530] {processor.py:925} INFO - DAG(s) 'latest_only_with_trigger' retrieved from /Users/bhavishyachallagolla/Desktop/RetailSense/.venv/lib/python3.12/site-packages/airflow/example_dags/example_latest_only_with_trigger.py
[2026-07-18T15:52:24.555+0530] {logging_mixin.py:190} INFO - [2026-07-18T15:52:24.555+0530] {dag.py:3239} INFO - Sync 1 DAGs
[2026-07-18T15:52:24.560+0530] {logging_mixin.py:190} INFO - [2026-07-18T15:52:24.560+0530] {dag.py:4180} INFO - Setting next_dagrun for latest_only_with_trigger to 2026-07-18 04:00:00+00:00, run_after=2026-07-18 08:00:00+00:00
[2026-07-18T15:52:24.565+0530] {processor.py:208} INFO - Processing /Users/bhavishyachallagolla/Desktop/RetailSense/.venv/lib/python3.12/site-packages/airflow/example_dags/example_latest_only_with_trigger.py took 0.039 seconds
[2026-07-18T15:54:07.902+0530] {processor.py:186} INFO - Started process (PID=6152) to work on /Users/bhavishyachallagolla/Desktop/RetailSense/.venv/lib/python3.12/site-packages/airflow/example_dags/example_latest_only_with_trigger.py
[2026-07-18T15:54:07.903+0530] {processor.py:914} INFO - Processing file /Users/bhavishyachallagolla/Desktop/RetailSense/.venv/lib/python3.12/site-packages/airflow/example_dags/example_latest_only_with_trigger.py for tasks to queue
[2026-07-18T15:54:07.903+0530] {logging_mixin.py:190} INFO - [2026-07-18T15:54:07.903+0530] {dagbag.py:588} INFO - Filling up the DagBag from /Users/bhavishyachallagolla/Desktop/RetailSense/.venv/lib/python3.12/site-packages/airflow/example_dags/example_latest_only_with_trigger.py
[2026-07-18T15:54:07.906+0530] {processor.py:925} INFO - DAG(s) 'latest_only_with_trigger' retrieved from /Users/bhavishyachallagolla/Desktop/RetailSense/.venv/lib/python3.12/site-packages/airflow/example_dags/example_latest_only_with_trigger.py
[2026-07-18T15:54:07.933+0530] {logging_mixin.py:190} INFO - [2026-07-18T15:54:07.933+0530] {dag.py:3239} INFO - Sync 1 DAGs
[2026-07-18T15:54:07.938+0530] {logging_mixin.py:190} INFO - [2026-07-18T15:54:07.938+0530] {dag.py:4180} INFO - Setting next_dagrun for latest_only_with_trigger to 2026-07-18 04:00:00+00:00, run_after=2026-07-18 08:00:00+00:00
[2026-07-18T15:54:07.943+0530] {processor.py:208} INFO - Processing /Users/bhavishyachallagolla/Desktop/RetailSense/.venv/lib/python3.12/site-packages/airflow/example_dags/example_latest_only_with_trigger.py took 0.042 seconds
[2026-07-18T15:55:53.371+0530] {processor.py:186} INFO - Started process (PID=6418) to work on /Users/bhavishyachallagolla/Desktop/RetailSense/.venv/lib/python3.12/site-packages/airflow/example_dags/example_latest_only_with_trigger.py
[2026-07-18T15:55:53.372+0530] {processor.py:914} INFO - Processing file /Users/bhavishyachallagolla/Desktop/RetailSense/.venv/lib/python3.12/site-packages/airflow/example_dags/example_latest_only_with_trigger.py for tasks to queue
[2026-07-18T15:55:53.372+0530] {logging_mixin.py:190} INFO - [2026-07-18T15:55:53.372+0530] {dagbag.py:588} INFO - Filling up the DagBag from /Users/bhavishyachallagolla/Desktop/RetailSense/.venv/lib/python3.12/site-packages/airflow/example_dags/example_latest_only_with_trigger.py
[2026-07-18T15:55:53.375+0530] {processor.py:925} INFO - DAG(s) 'latest_only_with_trigger' retrieved from /Users/bhavishyachallagolla/Desktop/RetailSense/.venv/lib/python3.12/site-packages/airflow/example_dags/example_latest_only_with_trigger.py
[2026-07-18T15:55:53.400+0530] {logging_mixin.py:190} INFO - [2026-07-18T15:55:53.400+0530] {dag.py:3239} INFO - Sync 1 DAGs
[2026-07-18T15:55:53.405+0530] {logging_mixin.py:190} INFO - [2026-07-18T15:55:53.405+0530] {dag.py:4180} INFO - Setting next_dagrun for latest_only_with_trigger to 2026-07-18 04:00:00+00:00, run_after=2026-07-18 08:00:00+00:00
[2026-07-18T15:55:53.410+0530] {processor.py:208} INFO - Processing /Users/bhavishyachallagolla/Desktop/RetailSense/.venv/lib/python3.12/site-packages/airflow/example_dags/example_latest_only_with_trigger.py took 0.039 seconds
