[2026-07-18T15:37:12.817+0530] {processor.py:186} INFO - Started process (PID=3483) to work on /Users/bhavishyachallagolla/Desktop/RetailSense/.venv/lib/python3.12/site-packages/airflow/example_dags/example_bash_decorator.py
[2026-07-18T15:37:12.817+0530] {processor.py:914} INFO - Processing file /Users/bhavishyachallagolla/Desktop/RetailSense/.venv/lib/python3.12/site-packages/airflow/example_dags/example_bash_decorator.py for tasks to queue
[2026-07-18T15:37:12.818+0530] {logging_mixin.py:190} INFO - [2026-07-18T15:37:12.818+0530] {dagbag.py:588} INFO - Filling up the DagBag from /Users/bhavishyachallagolla/Desktop/RetailSense/.venv/lib/python3.12/site-packages/airflow/example_dags/example_bash_decorator.py
[2026-07-18T15:37:12.832+0530] {processor.py:925} INFO - DAG(s) 'example_bash_decorator' retrieved from /Users/bhavishyachallagolla/Desktop/RetailSense/.venv/lib/python3.12/site-packages/airflow/example_dags/example_bash_decorator.py
[2026-07-18T15:37:12.895+0530] {logging_mixin.py:190} INFO - [2026-07-18T15:37:12.895+0530] {dag.py:3239} INFO - Sync 1 DAGs
[2026-07-18T15:37:12.897+0530] {logging_mixin.py:190} INFO - [2026-07-18T15:37:12.897+0530] {dag.py:4180} INFO - Setting next_dagrun for example_bash_decorator to None, run_after=None
[2026-07-18T15:37:12.921+0530] {processor.py:208} INFO - Processing /Users/bhavishyachallagolla/Desktop/RetailSense/.venv/lib/python3.12/site-packages/airflow/example_dags/example_bash_decorator.py took 0.105 seconds
[2026-07-18T15:39:16.301+0530] {processor.py:186} INFO - Started process (PID=3818) to work on /Users/bhavishyachallagolla/Desktop/RetailSense/.venv/lib/python3.12/site-packages/airflow/example_dags/example_bash_decorator.py
[2026-07-18T15:39:16.302+0530] {processor.py:914} INFO - Processing file /Users/bhavishyachallagolla/Desktop/RetailSense/.venv/lib/python3.12/site-packages/airflow/example_dags/example_bash_decorator.py for tasks to queue
[2026-07-18T15:39:16.302+0530] {logging_mixin.py:190} INFO - [2026-07-18T15:39:16.302+0530] {dagbag.py:588} INFO - Filling up the DagBag from /Users/bhavishyachallagolla/Desktop/RetailSense/.venv/lib/python3.12/site-packages/airflow/example_dags/example_bash_decorator.py
[2026-07-18T15:39:16.316+0530] {processor.py:925} INFO - DAG(s) 'example_bash_decorator' retrieved from /Users/bhavishyachallagolla/Desktop/RetailSense/.venv/lib/python3.12/site-packages/airflow/example_dags/example_bash_decorator.py
[2026-07-18T15:39:16.378+0530] {logging_mixin.py:190} INFO - [2026-07-18T15:39:16.378+0530] {dag.py:3239} INFO - Sync 1 DAGs
[2026-07-18T15:39:16.381+0530] {logging_mixin.py:190} INFO - [2026-07-18T15:39:16.381+0530] {dag.py:4180} INFO - Setting next_dagrun for example_bash_decorator to None, run_after=None
[2026-07-18T15:39:16.405+0530] {processor.py:208} INFO - Processing /Users/bhavishyachallagolla/Desktop/RetailSense/.venv/lib/python3.12/site-packages/airflow/example_dags/example_bash_decorator.py took 0.105 seconds
[2026-07-18T15:40:55.752+0530] {processor.py:186} INFO - Started process (PID=4066) to work on /Users/bhavishyachallagolla/Desktop/RetailSense/.venv/lib/python3.12/site-packages/airflow/example_dags/example_bash_decorator.py
[2026-07-18T15:40:55.753+0530] {processor.py:914} INFO - Processing file /Users/bhavishyachallagolla/Desktop/RetailSense/.venv/lib/python3.12/site-packages/airflow/example_dags/example_bash_decorator.py for tasks to queue
[2026-07-18T15:40:55.754+0530] {logging_mixin.py:190} INFO - [2026-07-18T15:40:55.754+0530] {dagbag.py:588} INFO - Filling up the DagBag from /Users/bhavishyachallagolla/Desktop/RetailSense/.venv/lib/python3.12/site-packages/airflow/example_dags/example_bash_decorator.py
[2026-07-18T15:40:55.767+0530] {processor.py:925} INFO - DAG(s) 'example_bash_decorator' retrieved from /Users/bhavishyachallagolla/Desktop/RetailSense/.venv/lib/python3.12/site-packages/airflow/example_dags/example_bash_decorator.py
[2026-07-18T15:40:55.816+0530] {logging_mixin.py:190} INFO - [2026-07-18T15:40:55.816+0530] {dag.py:3239} INFO - Sync 1 DAGs
[2026-07-18T15:40:55.819+0530] {logging_mixin.py:190} INFO - [2026-07-18T15:40:55.819+0530] {dag.py:4180} INFO - Setting next_dagrun for example_bash_decorator to None, run_after=None
[2026-07-18T15:40:55.844+0530] {processor.py:208} INFO - Processing /Users/bhavishyachallagolla/Desktop/RetailSense/.venv/lib/python3.12/site-packages/airflow/example_dags/example_bash_decorator.py took 0.093 seconds
[2026-07-18T15:42:39.285+0530] {processor.py:186} INFO - Started process (PID=4337) to work on /Users/bhavishyachallagolla/Desktop/RetailSense/.venv/lib/python3.12/site-packages/airflow/example_dags/example_bash_decorator.py
[2026-07-18T15:42:39.286+0530] {processor.py:914} INFO - Processing file /Users/bhavishyachallagolla/Desktop/RetailSense/.venv/lib/python3.12/site-packages/airflow/example_dags/example_bash_decorator.py for tasks to queue
[2026-07-18T15:42:39.286+0530] {logging_mixin.py:190} INFO - [2026-07-18T15:42:39.286+0530] {dagbag.py:588} INFO - Filling up the DagBag from /Users/bhavishyachallagolla/Desktop/RetailSense/.venv/lib/python3.12/site-packages/airflow/example_dags/example_bash_decorator.py
[2026-07-18T15:42:39.300+0530] {processor.py:925} INFO - DAG(s) 'example_bash_decorator' retrieved from /Users/bhavishyachallagolla/Desktop/RetailSense/.venv/lib/python3.12/site-packages/airflow/example_dags/example_bash_decorator.py
[2026-07-18T15:42:39.349+0530] {logging_mixin.py:190} INFO - [2026-07-18T15:42:39.349+0530] {dag.py:3239} INFO - Sync 1 DAGs
[2026-07-18T15:42:39.351+0530] {logging_mixin.py:190} INFO - [2026-07-18T15:42:39.351+0530] {dag.py:4180} INFO - Setting next_dagrun for example_bash_decorator to None, run_after=None
[2026-07-18T15:42:39.376+0530] {processor.py:208} INFO - Processing /Users/bhavishyachallagolla/Desktop/RetailSense/.venv/lib/python3.12/site-packages/airflow/example_dags/example_bash_decorator.py took 0.092 seconds
[2026-07-18T15:44:34.080+0530] {processor.py:186} INFO - Started process (PID=4659) to work on /Users/bhavishyachallagolla/Desktop/RetailSense/.venv/lib/python3.12/site-packages/airflow/example_dags/example_bash_decorator.py
[2026-07-18T15:44:34.081+0530] {processor.py:914} INFO - Processing file /Users/bhavishyachallagolla/Desktop/RetailSense/.venv/lib/python3.12/site-packages/airflow/example_dags/example_bash_decorator.py for tasks to queue
[2026-07-18T15:44:34.081+0530] {logging_mixin.py:190} INFO - [2026-07-18T15:44:34.081+0530] {dagbag.py:588} INFO - Filling up the DagBag from /Users/bhavishyachallagolla/Desktop/RetailSense/.venv/lib/python3.12/site-packages/airflow/example_dags/example_bash_decorator.py
[2026-07-18T15:44:34.096+0530] {processor.py:925} INFO - DAG(s) 'example_bash_decorator' retrieved from /Users/bhavishyachallagolla/Desktop/RetailSense/.venv/lib/python3.12/site-packages/airflow/example_dags/example_bash_decorator.py
[2026-07-18T15:44:34.148+0530] {logging_mixin.py:190} INFO - [2026-07-18T15:44:34.147+0530] {dag.py:3239} INFO - Sync 1 DAGs
[2026-07-18T15:44:34.174+0530] {logging_mixin.py:190} INFO - [2026-07-18T15:44:34.174+0530] {dag.py:4180} INFO - Setting next_dagrun for example_bash_decorator to None, run_after=None
[2026-07-18T15:44:34.180+0530] {processor.py:208} INFO - Processing /Users/bhavishyachallagolla/Desktop/RetailSense/.venv/lib/python3.12/site-packages/airflow/example_dags/example_bash_decorator.py took 0.101 seconds
[2026-07-18T15:46:18.446+0530] {processor.py:186} INFO - Started process (PID=4917) to work on /Users/bhavishyachallagolla/Desktop/RetailSense/.venv/lib/python3.12/site-packages/airflow/example_dags/example_bash_decorator.py
[2026-07-18T15:46:18.447+0530] {processor.py:914} INFO - Processing file /Users/bhavishyachallagolla/Desktop/RetailSense/.venv/lib/python3.12/site-packages/airflow/example_dags/example_bash_decorator.py for tasks to queue
[2026-07-18T15:46:18.447+0530] {logging_mixin.py:190} INFO - [2026-07-18T15:46:18.447+0530] {dagbag.py:588} INFO - Filling up the DagBag from /Users/bhavishyachallagolla/Desktop/RetailSense/.venv/lib/python3.12/site-packages/airflow/example_dags/example_bash_decorator.py
[2026-07-18T15:46:18.461+0530] {processor.py:925} INFO - DAG(s) 'example_bash_decorator' retrieved from /Users/bhavishyachallagolla/Desktop/RetailSense/.venv/lib/python3.12/site-packages/airflow/example_dags/example_bash_decorator.py
[2026-07-18T15:46:18.510+0530] {logging_mixin.py:190} INFO - [2026-07-18T15:46:18.509+0530] {dag.py:3239} INFO - Sync 1 DAGs
[2026-07-18T15:46:18.531+0530] {logging_mixin.py:190} INFO - [2026-07-18T15:46:18.531+0530] {dag.py:4180} INFO - Setting next_dagrun for example_bash_decorator to None, run_after=None
[2026-07-18T15:46:18.537+0530] {processor.py:208} INFO - Processing /Users/bhavishyachallagolla/Desktop/RetailSense/.venv/lib/python3.12/site-packages/airflow/example_dags/example_bash_decorator.py took 0.091 seconds
[2026-07-18T15:48:03.070+0530] {processor.py:186} INFO - Started process (PID=5209) to work on /Users/bhavishyachallagolla/Desktop/RetailSense/.venv/lib/python3.12/site-packages/airflow/example_dags/example_bash_decorator.py
[2026-07-18T15:48:03.071+0530] {processor.py:914} INFO - Processing file /Users/bhavishyachallagolla/Desktop/RetailSense/.venv/lib/python3.12/site-packages/airflow/example_dags/example_bash_decorator.py for tasks to queue
[2026-07-18T15:48:03.071+0530] {logging_mixin.py:190} INFO - [2026-07-18T15:48:03.071+0530] {dagbag.py:588} INFO - Filling up the DagBag from /Users/bhavishyachallagolla/Desktop/RetailSense/.venv/lib/python3.12/site-packages/airflow/example_dags/example_bash_decorator.py
[2026-07-18T15:48:03.085+0530] {processor.py:925} INFO - DAG(s) 'example_bash_decorator' retrieved from /Users/bhavishyachallagolla/Desktop/RetailSense/.venv/lib/python3.12/site-packages/airflow/example_dags/example_bash_decorator.py
[2026-07-18T15:48:03.151+0530] {logging_mixin.py:190} INFO - [2026-07-18T15:48:03.151+0530] {dag.py:3239} INFO - Sync 1 DAGs
[2026-07-18T15:48:03.173+0530] {logging_mixin.py:190} INFO - [2026-07-18T15:48:03.173+0530] {dag.py:4180} INFO - Setting next_dagrun for example_bash_decorator to None, run_after=None
[2026-07-18T15:48:03.178+0530] {processor.py:208} INFO - Processing /Users/bhavishyachallagolla/Desktop/RetailSense/.venv/lib/python3.12/site-packages/airflow/example_dags/example_bash_decorator.py took 0.109 seconds
[2026-07-18T15:49:49.876+0530] {processor.py:186} INFO - Started process (PID=5497) to work on /Users/bhavishyachallagolla/Desktop/RetailSense/.venv/lib/python3.12/site-packages/airflow/example_dags/example_bash_decorator.py
[2026-07-18T15:49:49.877+0530] {processor.py:914} INFO - Processing file /Users/bhavishyachallagolla/Desktop/RetailSense/.venv/lib/python3.12/site-packages/airflow/example_dags/example_bash_decorator.py for tasks to queue
[2026-07-18T15:49:49.877+0530] {logging_mixin.py:190} INFO - [2026-07-18T15:49:49.877+0530] {dagbag.py:588} INFO - Filling up the DagBag from /Users/bhavishyachallagolla/Desktop/RetailSense/.venv/lib/python3.12/site-packages/airflow/example_dags/example_bash_decorator.py
[2026-07-18T15:49:49.891+0530] {processor.py:925} INFO - DAG(s) 'example_bash_decorator' retrieved from /Users/bhavishyachallagolla/Desktop/RetailSense/.venv/lib/python3.12/site-packages/airflow/example_dags/example_bash_decorator.py
[2026-07-18T15:49:49.939+0530] {logging_mixin.py:190} INFO - [2026-07-18T15:49:49.939+0530] {dag.py:3239} INFO - Sync 1 DAGs
[2026-07-18T15:49:49.961+0530] {logging_mixin.py:190} INFO - [2026-07-18T15:49:49.961+0530] {dag.py:4180} INFO - Setting next_dagrun for example_bash_decorator to None, run_after=None
[2026-07-18T15:49:49.966+0530] {processor.py:208} INFO - Processing /Users/bhavishyachallagolla/Desktop/RetailSense/.venv/lib/python3.12/site-packages/airflow/example_dags/example_bash_decorator.py took 0.091 seconds
[2026-07-18T15:51:34.111+0530] {processor.py:186} INFO - Started process (PID=5761) to work on /Users/bhavishyachallagolla/Desktop/RetailSense/.venv/lib/python3.12/site-packages/airflow/example_dags/example_bash_decorator.py
[2026-07-18T15:51:34.112+0530] {processor.py:914} INFO - Processing file /Users/bhavishyachallagolla/Desktop/RetailSense/.venv/lib/python3.12/site-packages/airflow/example_dags/example_bash_decorator.py for tasks to queue
[2026-07-18T15:51:34.113+0530] {logging_mixin.py:190} INFO - [2026-07-18T15:51:34.113+0530] {dagbag.py:588} INFO - Filling up the DagBag from /Users/bhavishyachallagolla/Desktop/RetailSense/.venv/lib/python3.12/site-packages/airflow/example_dags/example_bash_decorator.py
[2026-07-18T15:51:34.126+0530] {processor.py:925} INFO - DAG(s) 'example_bash_decorator' retrieved from /Users/bhavishyachallagolla/Desktop/RetailSense/.venv/lib/python3.12/site-packages/airflow/example_dags/example_bash_decorator.py
[2026-07-18T15:51:34.175+0530] {logging_mixin.py:190} INFO - [2026-07-18T15:51:34.175+0530] {dag.py:3239} INFO - Sync 1 DAGs
[2026-07-18T15:51:34.197+0530] {logging_mixin.py:190} INFO - [2026-07-18T15:51:34.197+0530] {dag.py:4180} INFO - Setting next_dagrun for example_bash_decorator to None, run_after=None
[2026-07-18T15:51:34.202+0530] {processor.py:208} INFO - Processing /Users/bhavishyachallagolla/Desktop/RetailSense/.venv/lib/python3.12/site-packages/airflow/example_dags/example_bash_decorator.py took 0.092 seconds
[2026-07-18T15:53:15.134+0530] {processor.py:186} INFO - Started process (PID=6024) to work on /Users/bhavishyachallagolla/Desktop/RetailSense/.venv/lib/python3.12/site-packages/airflow/example_dags/example_bash_decorator.py
[2026-07-18T15:53:15.135+0530] {processor.py:914} INFO - Processing file /Users/bhavishyachallagolla/Desktop/RetailSense/.venv/lib/python3.12/site-packages/airflow/example_dags/example_bash_decorator.py for tasks to queue
[2026-07-18T15:53:15.135+0530] {logging_mixin.py:190} INFO - [2026-07-18T15:53:15.135+0530] {dagbag.py:588} INFO - Filling up the DagBag from /Users/bhavishyachallagolla/Desktop/RetailSense/.venv/lib/python3.12/site-packages/airflow/example_dags/example_bash_decorator.py
[2026-07-18T15:53:15.149+0530] {processor.py:925} INFO - DAG(s) 'example_bash_decorator' retrieved from /Users/bhavishyachallagolla/Desktop/RetailSense/.venv/lib/python3.12/site-packages/airflow/example_dags/example_bash_decorator.py
[2026-07-18T15:53:15.213+0530] {logging_mixin.py:190} INFO - [2026-07-18T15:53:15.213+0530] {dag.py:3239} INFO - Sync 1 DAGs
[2026-07-18T15:53:15.235+0530] {logging_mixin.py:190} INFO - [2026-07-18T15:53:15.234+0530] {dag.py:4180} INFO - Setting next_dagrun for example_bash_decorator to None, run_after=None
[2026-07-18T15:53:15.239+0530] {processor.py:208} INFO - Processing /Users/bhavishyachallagolla/Desktop/RetailSense/.venv/lib/python3.12/site-packages/airflow/example_dags/example_bash_decorator.py took 0.106 seconds
[2026-07-18T15:55:01.653+0530] {processor.py:186} INFO - Started process (PID=6286) to work on /Users/bhavishyachallagolla/Desktop/RetailSense/.venv/lib/python3.12/site-packages/airflow/example_dags/example_bash_decorator.py
[2026-07-18T15:55:01.654+0530] {processor.py:914} INFO - Processing file /Users/bhavishyachallagolla/Desktop/RetailSense/.venv/lib/python3.12/site-packages/airflow/example_dags/example_bash_decorator.py for tasks to queue
[2026-07-18T15:55:01.654+0530] {logging_mixin.py:190} INFO - [2026-07-18T15:55:01.654+0530] {dagbag.py:588} INFO - Filling up the DagBag from /Users/bhavishyachallagolla/Desktop/RetailSense/.venv/lib/python3.12/site-packages/airflow/example_dags/example_bash_decorator.py
[2026-07-18T15:55:01.668+0530] {processor.py:925} INFO - DAG(s) 'example_bash_decorator' retrieved from /Users/bhavishyachallagolla/Desktop/RetailSense/.venv/lib/python3.12/site-packages/airflow/example_dags/example_bash_decorator.py
[2026-07-18T15:55:01.732+0530] {logging_mixin.py:190} INFO - [2026-07-18T15:55:01.731+0530] {dag.py:3239} INFO - Sync 1 DAGs
[2026-07-18T15:55:01.754+0530] {logging_mixin.py:190} INFO - [2026-07-18T15:55:01.754+0530] {dag.py:4180} INFO - Setting next_dagrun for example_bash_decorator to None, run_after=None
[2026-07-18T15:55:01.759+0530] {processor.py:208} INFO - Processing /Users/bhavishyachallagolla/Desktop/RetailSense/.venv/lib/python3.12/site-packages/airflow/example_dags/example_bash_decorator.py took 0.107 seconds
[2026-07-18T15:56:45.284+0530] {processor.py:186} INFO - Started process (PID=6550) to work on /Users/bhavishyachallagolla/Desktop/RetailSense/.venv/lib/python3.12/site-packages/airflow/example_dags/example_bash_decorator.py
[2026-07-18T15:56:45.285+0530] {processor.py:914} INFO - Processing file /Users/bhavishyachallagolla/Desktop/RetailSense/.venv/lib/python3.12/site-packages/airflow/example_dags/example_bash_decorator.py for tasks to queue
[2026-07-18T15:56:45.286+0530] {logging_mixin.py:190} INFO - [2026-07-18T15:56:45.285+0530] {dagbag.py:588} INFO - Filling up the DagBag from /Users/bhavishyachallagolla/Desktop/RetailSense/.venv/lib/python3.12/site-packages/airflow/example_dags/example_bash_decorator.py
[2026-07-18T15:56:45.301+0530] {processor.py:925} INFO - DAG(s) 'example_bash_decorator' retrieved from /Users/bhavishyachallagolla/Desktop/RetailSense/.venv/lib/python3.12/site-packages/airflow/example_dags/example_bash_decorator.py
[2026-07-18T15:56:45.368+0530] {logging_mixin.py:190} INFO - [2026-07-18T15:56:45.368+0530] {dag.py:3239} INFO - Sync 1 DAGs
[2026-07-18T15:56:45.396+0530] {logging_mixin.py:190} INFO - [2026-07-18T15:56:45.396+0530] {dag.py:4180} INFO - Setting next_dagrun for example_bash_decorator to None, run_after=None
[2026-07-18T15:56:45.402+0530] {processor.py:208} INFO - Processing /Users/bhavishyachallagolla/Desktop/RetailSense/.venv/lib/python3.12/site-packages/airflow/example_dags/example_bash_decorator.py took 0.119 seconds
