[2026-07-18T15:36:09.339+0530] {processor.py:186} INFO - Started process (PID=3320) to work on /Users/bhavishyachallagolla/Desktop/RetailSense/.venv/lib/python3.12/site-packages/airflow/example_dags/example_xcomargs.py
[2026-07-18T15:36:09.339+0530] {processor.py:914} INFO - Processing file /Users/bhavishyachallagolla/Desktop/RetailSense/.venv/lib/python3.12/site-packages/airflow/example_dags/example_xcomargs.py for tasks to queue
[2026-07-18T15:36:09.339+0530] {logging_mixin.py:190} INFO - [2026-07-18T15:36:09.339+0530] {dagbag.py:588} INFO - Filling up the DagBag from /Users/bhavishyachallagolla/Desktop/RetailSense/.venv/lib/python3.12/site-packages/airflow/example_dags/example_xcomargs.py
[2026-07-18T15:36:09.352+0530] {processor.py:925} INFO - DAG(s) 'example_xcom_args', 'example_xcom_args_with_operators' retrieved from /Users/bhavishyachallagolla/Desktop/RetailSense/.venv/lib/python3.12/site-packages/airflow/example_dags/example_xcomargs.py
[2026-07-18T15:36:09.377+0530] {logging_mixin.py:190} INFO - [2026-07-18T15:36:09.377+0530] {dag.py:3239} INFO - Sync 2 DAGs
[2026-07-18T15:36:09.380+0530] {logging_mixin.py:190} INFO - [2026-07-18T15:36:09.380+0530] {dag.py:4180} INFO - Setting next_dagrun for example_xcom_args to None, run_after=None
[2026-07-18T15:36:09.381+0530] {logging_mixin.py:190} INFO - [2026-07-18T15:36:09.381+0530] {dag.py:4180} INFO - Setting next_dagrun for example_xcom_args_with_operators to None, run_after=None
[2026-07-18T15:36:09.385+0530] {processor.py:208} INFO - Processing /Users/bhavishyachallagolla/Desktop/RetailSense/.venv/lib/python3.12/site-packages/airflow/example_dags/example_xcomargs.py took 0.047 seconds
[2026-07-18T15:37:31.271+0530] {processor.py:186} INFO - Started process (PID=3525) to work on /Users/bhavishyachallagolla/Desktop/RetailSense/.venv/lib/python3.12/site-packages/airflow/example_dags/example_xcomargs.py
[2026-07-18T15:37:31.272+0530] {processor.py:914} INFO - Processing file /Users/bhavishyachallagolla/Desktop/RetailSense/.venv/lib/python3.12/site-packages/airflow/example_dags/example_xcomargs.py for tasks to queue
[2026-07-18T15:37:31.273+0530] {logging_mixin.py:190} INFO - [2026-07-18T15:37:31.273+0530] {dagbag.py:588} INFO - Filling up the DagBag from /Users/bhavishyachallagolla/Desktop/RetailSense/.venv/lib/python3.12/site-packages/airflow/example_dags/example_xcomargs.py
[2026-07-18T15:37:31.285+0530] {processor.py:925} INFO - DAG(s) 'example_xcom_args_with_operators', 'example_xcom_args' retrieved from /Users/bhavishyachallagolla/Desktop/RetailSense/.venv/lib/python3.12/site-packages/airflow/example_dags/example_xcomargs.py
[2026-07-18T15:37:31.310+0530] {logging_mixin.py:190} INFO - [2026-07-18T15:37:31.310+0530] {dag.py:3239} INFO - Sync 2 DAGs
[2026-07-18T15:37:31.313+0530] {logging_mixin.py:190} INFO - [2026-07-18T15:37:31.313+0530] {dag.py:4180} INFO - Setting next_dagrun for example_xcom_args to None, run_after=None
[2026-07-18T15:37:31.314+0530] {logging_mixin.py:190} INFO - [2026-07-18T15:37:31.314+0530] {dag.py:4180} INFO - Setting next_dagrun for example_xcom_args_with_operators to None, run_after=None
[2026-07-18T15:37:31.318+0530] {processor.py:208} INFO - Processing /Users/bhavishyachallagolla/Desktop/RetailSense/.venv/lib/python3.12/site-packages/airflow/example_dags/example_xcomargs.py took 0.047 seconds
[2026-07-18T15:38:33.088+0530] {processor.py:186} INFO - Started process (PID=3688) to work on /Users/bhavishyachallagolla/Desktop/RetailSense/.venv/lib/python3.12/site-packages/airflow/example_dags/example_xcomargs.py
[2026-07-18T15:38:33.089+0530] {processor.py:914} INFO - Processing file /Users/bhavishyachallagolla/Desktop/RetailSense/.venv/lib/python3.12/site-packages/airflow/example_dags/example_xcomargs.py for tasks to queue
[2026-07-18T15:38:33.090+0530] {logging_mixin.py:190} INFO - [2026-07-18T15:38:33.090+0530] {dagbag.py:588} INFO - Filling up the DagBag from /Users/bhavishyachallagolla/Desktop/RetailSense/.venv/lib/python3.12/site-packages/airflow/example_dags/example_xcomargs.py
[2026-07-18T15:38:33.103+0530] {processor.py:925} INFO - DAG(s) 'example_xcom_args_with_operators', 'example_xcom_args' retrieved from /Users/bhavishyachallagolla/Desktop/RetailSense/.venv/lib/python3.12/site-packages/airflow/example_dags/example_xcomargs.py
[2026-07-18T15:38:33.130+0530] {logging_mixin.py:190} INFO - [2026-07-18T15:38:33.130+0530] {dag.py:3239} INFO - Sync 2 DAGs
[2026-07-18T15:38:33.134+0530] {logging_mixin.py:190} INFO - [2026-07-18T15:38:33.133+0530] {dag.py:4180} INFO - Setting next_dagrun for example_xcom_args to None, run_after=None
[2026-07-18T15:38:33.134+0530] {logging_mixin.py:190} INFO - [2026-07-18T15:38:33.134+0530] {dag.py:4180} INFO - Setting next_dagrun for example_xcom_args_with_operators to None, run_after=None
[2026-07-18T15:38:33.139+0530] {processor.py:208} INFO - Processing /Users/bhavishyachallagolla/Desktop/RetailSense/.venv/lib/python3.12/site-packages/airflow/example_dags/example_xcomargs.py took 0.052 seconds
[2026-07-18T15:39:34.757+0530] {processor.py:186} INFO - Started process (PID=3865) to work on /Users/bhavishyachallagolla/Desktop/RetailSense/.venv/lib/python3.12/site-packages/airflow/example_dags/example_xcomargs.py
[2026-07-18T15:39:34.758+0530] {processor.py:914} INFO - Processing file /Users/bhavishyachallagolla/Desktop/RetailSense/.venv/lib/python3.12/site-packages/airflow/example_dags/example_xcomargs.py for tasks to queue
[2026-07-18T15:39:34.758+0530] {logging_mixin.py:190} INFO - [2026-07-18T15:39:34.758+0530] {dagbag.py:588} INFO - Filling up the DagBag from /Users/bhavishyachallagolla/Desktop/RetailSense/.venv/lib/python3.12/site-packages/airflow/example_dags/example_xcomargs.py
[2026-07-18T15:39:34.770+0530] {processor.py:925} INFO - DAG(s) 'example_xcom_args_with_operators', 'example_xcom_args' retrieved from /Users/bhavishyachallagolla/Desktop/RetailSense/.venv/lib/python3.12/site-packages/airflow/example_dags/example_xcomargs.py
[2026-07-18T15:39:34.795+0530] {logging_mixin.py:190} INFO - [2026-07-18T15:39:34.795+0530] {dag.py:3239} INFO - Sync 2 DAGs
[2026-07-18T15:39:34.797+0530] {logging_mixin.py:190} INFO - [2026-07-18T15:39:34.797+0530] {dag.py:4180} INFO - Setting next_dagrun for example_xcom_args to None, run_after=None
[2026-07-18T15:39:34.798+0530] {logging_mixin.py:190} INFO - [2026-07-18T15:39:34.798+0530] {dag.py:4180} INFO - Setting next_dagrun for example_xcom_args_with_operators to None, run_after=None
[2026-07-18T15:39:34.802+0530] {processor.py:208} INFO - Processing /Users/bhavishyachallagolla/Desktop/RetailSense/.venv/lib/python3.12/site-packages/airflow/example_dags/example_xcomargs.py took 0.046 seconds
[2026-07-18T15:40:24.590+0530] {processor.py:186} INFO - Started process (PID=3988) to work on /Users/bhavishyachallagolla/Desktop/RetailSense/.venv/lib/python3.12/site-packages/airflow/example_dags/example_xcomargs.py
[2026-07-18T15:40:24.590+0530] {processor.py:914} INFO - Processing file /Users/bhavishyachallagolla/Desktop/RetailSense/.venv/lib/python3.12/site-packages/airflow/example_dags/example_xcomargs.py for tasks to queue
[2026-07-18T15:40:24.590+0530] {logging_mixin.py:190} INFO - [2026-07-18T15:40:24.590+0530] {dagbag.py:588} INFO - Filling up the DagBag from /Users/bhavishyachallagolla/Desktop/RetailSense/.venv/lib/python3.12/site-packages/airflow/example_dags/example_xcomargs.py
[2026-07-18T15:40:24.603+0530] {processor.py:925} INFO - DAG(s) 'example_xcom_args', 'example_xcom_args_with_operators' retrieved from /Users/bhavishyachallagolla/Desktop/RetailSense/.venv/lib/python3.12/site-packages/airflow/example_dags/example_xcomargs.py
[2026-07-18T15:40:24.628+0530] {logging_mixin.py:190} INFO - [2026-07-18T15:40:24.628+0530] {dag.py:3239} INFO - Sync 2 DAGs
[2026-07-18T15:40:24.630+0530] {logging_mixin.py:190} INFO - [2026-07-18T15:40:24.630+0530] {dag.py:4180} INFO - Setting next_dagrun for example_xcom_args to None, run_after=None
[2026-07-18T15:40:24.631+0530] {logging_mixin.py:190} INFO - [2026-07-18T15:40:24.631+0530] {dag.py:4180} INFO - Setting next_dagrun for example_xcom_args_with_operators to None, run_after=None
[2026-07-18T15:40:24.636+0530] {processor.py:208} INFO - Processing /Users/bhavishyachallagolla/Desktop/RetailSense/.venv/lib/python3.12/site-packages/airflow/example_dags/example_xcomargs.py took 0.047 seconds
[2026-07-18T15:41:14.055+0530] {processor.py:186} INFO - Started process (PID=4127) to work on /Users/bhavishyachallagolla/Desktop/RetailSense/.venv/lib/python3.12/site-packages/airflow/example_dags/example_xcomargs.py
[2026-07-18T15:41:14.056+0530] {processor.py:914} INFO - Processing file /Users/bhavishyachallagolla/Desktop/RetailSense/.venv/lib/python3.12/site-packages/airflow/example_dags/example_xcomargs.py for tasks to queue
[2026-07-18T15:41:14.056+0530] {logging_mixin.py:190} INFO - [2026-07-18T15:41:14.056+0530] {dagbag.py:588} INFO - Filling up the DagBag from /Users/bhavishyachallagolla/Desktop/RetailSense/.venv/lib/python3.12/site-packages/airflow/example_dags/example_xcomargs.py
[2026-07-18T15:41:14.068+0530] {processor.py:925} INFO - DAG(s) 'example_xcom_args', 'example_xcom_args_with_operators' retrieved from /Users/bhavishyachallagolla/Desktop/RetailSense/.venv/lib/python3.12/site-packages/airflow/example_dags/example_xcomargs.py
[2026-07-18T15:41:14.093+0530] {logging_mixin.py:190} INFO - [2026-07-18T15:41:14.093+0530] {dag.py:3239} INFO - Sync 2 DAGs
[2026-07-18T15:41:14.096+0530] {logging_mixin.py:190} INFO - [2026-07-18T15:41:14.096+0530] {dag.py:4180} INFO - Setting next_dagrun for example_xcom_args to None, run_after=None
[2026-07-18T15:41:14.096+0530] {logging_mixin.py:190} INFO - [2026-07-18T15:41:14.096+0530] {dag.py:4180} INFO - Setting next_dagrun for example_xcom_args_with_operators to None, run_after=None
[2026-07-18T15:41:14.100+0530] {processor.py:208} INFO - Processing /Users/bhavishyachallagolla/Desktop/RetailSense/.venv/lib/python3.12/site-packages/airflow/example_dags/example_xcomargs.py took 0.046 seconds
[2026-07-18T15:42:04.613+0530] {processor.py:186} INFO - Started process (PID=4252) to work on /Users/bhavishyachallagolla/Desktop/RetailSense/.venv/lib/python3.12/site-packages/airflow/example_dags/example_xcomargs.py
[2026-07-18T15:42:04.613+0530] {processor.py:914} INFO - Processing file /Users/bhavishyachallagolla/Desktop/RetailSense/.venv/lib/python3.12/site-packages/airflow/example_dags/example_xcomargs.py for tasks to queue
[2026-07-18T15:42:04.614+0530] {logging_mixin.py:190} INFO - [2026-07-18T15:42:04.614+0530] {dagbag.py:588} INFO - Filling up the DagBag from /Users/bhavishyachallagolla/Desktop/RetailSense/.venv/lib/python3.12/site-packages/airflow/example_dags/example_xcomargs.py
[2026-07-18T15:42:04.625+0530] {processor.py:925} INFO - DAG(s) 'example_xcom_args', 'example_xcom_args_with_operators' retrieved from /Users/bhavishyachallagolla/Desktop/RetailSense/.venv/lib/python3.12/site-packages/airflow/example_dags/example_xcomargs.py
[2026-07-18T15:42:04.650+0530] {logging_mixin.py:190} INFO - [2026-07-18T15:42:04.650+0530] {dag.py:3239} INFO - Sync 2 DAGs
[2026-07-18T15:42:04.653+0530] {logging_mixin.py:190} INFO - [2026-07-18T15:42:04.652+0530] {dag.py:4180} INFO - Setting next_dagrun for example_xcom_args to None, run_after=None
[2026-07-18T15:42:04.653+0530] {logging_mixin.py:190} INFO - [2026-07-18T15:42:04.653+0530] {dag.py:4180} INFO - Setting next_dagrun for example_xcom_args_with_operators to None, run_after=None
[2026-07-18T15:42:04.657+0530] {processor.py:208} INFO - Processing /Users/bhavishyachallagolla/Desktop/RetailSense/.venv/lib/python3.12/site-packages/airflow/example_dags/example_xcomargs.py took 0.045 seconds
[2026-07-18T15:42:59.494+0530] {processor.py:186} INFO - Started process (PID=4382) to work on /Users/bhavishyachallagolla/Desktop/RetailSense/.venv/lib/python3.12/site-packages/airflow/example_dags/example_xcomargs.py
[2026-07-18T15:42:59.495+0530] {processor.py:914} INFO - Processing file /Users/bhavishyachallagolla/Desktop/RetailSense/.venv/lib/python3.12/site-packages/airflow/example_dags/example_xcomargs.py for tasks to queue
[2026-07-18T15:42:59.495+0530] {logging_mixin.py:190} INFO - [2026-07-18T15:42:59.495+0530] {dagbag.py:588} INFO - Filling up the DagBag from /Users/bhavishyachallagolla/Desktop/RetailSense/.venv/lib/python3.12/site-packages/airflow/example_dags/example_xcomargs.py
[2026-07-18T15:42:59.508+0530] {processor.py:925} INFO - DAG(s) 'example_xcom_args', 'example_xcom_args_with_operators' retrieved from /Users/bhavishyachallagolla/Desktop/RetailSense/.venv/lib/python3.12/site-packages/airflow/example_dags/example_xcomargs.py
[2026-07-18T15:42:59.534+0530] {logging_mixin.py:190} INFO - [2026-07-18T15:42:59.533+0530] {dag.py:3239} INFO - Sync 2 DAGs
[2026-07-18T15:42:59.536+0530] {logging_mixin.py:190} INFO - [2026-07-18T15:42:59.536+0530] {dag.py:4180} INFO - Setting next_dagrun for example_xcom_args to None, run_after=None
[2026-07-18T15:42:59.537+0530] {logging_mixin.py:190} INFO - [2026-07-18T15:42:59.537+0530] {dag.py:4180} INFO - Setting next_dagrun for example_xcom_args_with_operators to None, run_after=None
[2026-07-18T15:42:59.541+0530] {processor.py:208} INFO - Processing /Users/bhavishyachallagolla/Desktop/RetailSense/.venv/lib/python3.12/site-packages/airflow/example_dags/example_xcomargs.py took 0.048 seconds
[2026-07-18T15:44:00.304+0530] {processor.py:186} INFO - Started process (PID=4571) to work on /Users/bhavishyachallagolla/Desktop/RetailSense/.venv/lib/python3.12/site-packages/airflow/example_dags/example_xcomargs.py
[2026-07-18T15:44:00.304+0530] {processor.py:914} INFO - Processing file /Users/bhavishyachallagolla/Desktop/RetailSense/.venv/lib/python3.12/site-packages/airflow/example_dags/example_xcomargs.py for tasks to queue
[2026-07-18T15:44:00.304+0530] {logging_mixin.py:190} INFO - [2026-07-18T15:44:00.304+0530] {dagbag.py:588} INFO - Filling up the DagBag from /Users/bhavishyachallagolla/Desktop/RetailSense/.venv/lib/python3.12/site-packages/airflow/example_dags/example_xcomargs.py
[2026-07-18T15:44:00.317+0530] {processor.py:925} INFO - DAG(s) 'example_xcom_args_with_operators', 'example_xcom_args' retrieved from /Users/bhavishyachallagolla/Desktop/RetailSense/.venv/lib/python3.12/site-packages/airflow/example_dags/example_xcomargs.py
[2026-07-18T15:44:00.342+0530] {logging_mixin.py:190} INFO - [2026-07-18T15:44:00.342+0530] {dag.py:3239} INFO - Sync 2 DAGs
[2026-07-18T15:44:00.345+0530] {logging_mixin.py:190} INFO - [2026-07-18T15:44:00.345+0530] {dag.py:4180} INFO - Setting next_dagrun for example_xcom_args to None, run_after=None
[2026-07-18T15:44:00.346+0530] {logging_mixin.py:190} INFO - [2026-07-18T15:44:00.346+0530] {dag.py:4180} INFO - Setting next_dagrun for example_xcom_args_with_operators to None, run_after=None
[2026-07-18T15:44:00.350+0530] {processor.py:208} INFO - Processing /Users/bhavishyachallagolla/Desktop/RetailSense/.venv/lib/python3.12/site-packages/airflow/example_dags/example_xcomargs.py took 0.048 seconds
[2026-07-18T15:44:52.537+0530] {processor.py:186} INFO - Started process (PID=4706) to work on /Users/bhavishyachallagolla/Desktop/RetailSense/.venv/lib/python3.12/site-packages/airflow/example_dags/example_xcomargs.py
[2026-07-18T15:44:52.538+0530] {processor.py:914} INFO - Processing file /Users/bhavishyachallagolla/Desktop/RetailSense/.venv/lib/python3.12/site-packages/airflow/example_dags/example_xcomargs.py for tasks to queue
[2026-07-18T15:44:52.538+0530] {logging_mixin.py:190} INFO - [2026-07-18T15:44:52.538+0530] {dagbag.py:588} INFO - Filling up the DagBag from /Users/bhavishyachallagolla/Desktop/RetailSense/.venv/lib/python3.12/site-packages/airflow/example_dags/example_xcomargs.py
[2026-07-18T15:44:52.550+0530] {processor.py:925} INFO - DAG(s) 'example_xcom_args_with_operators', 'example_xcom_args' retrieved from /Users/bhavishyachallagolla/Desktop/RetailSense/.venv/lib/python3.12/site-packages/airflow/example_dags/example_xcomargs.py
[2026-07-18T15:44:52.575+0530] {logging_mixin.py:190} INFO - [2026-07-18T15:44:52.575+0530] {dag.py:3239} INFO - Sync 2 DAGs
[2026-07-18T15:44:52.578+0530] {logging_mixin.py:190} INFO - [2026-07-18T15:44:52.578+0530] {dag.py:4180} INFO - Setting next_dagrun for example_xcom_args to None, run_after=None
[2026-07-18T15:44:52.579+0530] {logging_mixin.py:190} INFO - [2026-07-18T15:44:52.579+0530] {dag.py:4180} INFO - Setting next_dagrun for example_xcom_args_with_operators to None, run_after=None
[2026-07-18T15:44:52.583+0530] {processor.py:208} INFO - Processing /Users/bhavishyachallagolla/Desktop/RetailSense/.venv/lib/python3.12/site-packages/airflow/example_dags/example_xcomargs.py took 0.047 seconds
[2026-07-18T15:45:43.967+0530] {processor.py:186} INFO - Started process (PID=4833) to work on /Users/bhavishyachallagolla/Desktop/RetailSense/.venv/lib/python3.12/site-packages/airflow/example_dags/example_xcomargs.py
[2026-07-18T15:45:43.968+0530] {processor.py:914} INFO - Processing file /Users/bhavishyachallagolla/Desktop/RetailSense/.venv/lib/python3.12/site-packages/airflow/example_dags/example_xcomargs.py for tasks to queue
[2026-07-18T15:45:43.968+0530] {logging_mixin.py:190} INFO - [2026-07-18T15:45:43.968+0530] {dagbag.py:588} INFO - Filling up the DagBag from /Users/bhavishyachallagolla/Desktop/RetailSense/.venv/lib/python3.12/site-packages/airflow/example_dags/example_xcomargs.py
[2026-07-18T15:45:43.980+0530] {processor.py:925} INFO - DAG(s) 'example_xcom_args', 'example_xcom_args_with_operators' retrieved from /Users/bhavishyachallagolla/Desktop/RetailSense/.venv/lib/python3.12/site-packages/airflow/example_dags/example_xcomargs.py
[2026-07-18T15:45:44.004+0530] {logging_mixin.py:190} INFO - [2026-07-18T15:45:44.004+0530] {dag.py:3239} INFO - Sync 2 DAGs
[2026-07-18T15:45:44.007+0530] {logging_mixin.py:190} INFO - [2026-07-18T15:45:44.007+0530] {dag.py:4180} INFO - Setting next_dagrun for example_xcom_args to None, run_after=None
[2026-07-18T15:45:44.008+0530] {logging_mixin.py:190} INFO - [2026-07-18T15:45:44.008+0530] {dag.py:4180} INFO - Setting next_dagrun for example_xcom_args_with_operators to None, run_after=None
[2026-07-18T15:45:44.012+0530] {processor.py:208} INFO - Processing /Users/bhavishyachallagolla/Desktop/RetailSense/.venv/lib/python3.12/site-packages/airflow/example_dags/example_xcomargs.py took 0.045 seconds
[2026-07-18T15:46:36.897+0530] {processor.py:186} INFO - Started process (PID=4960) to work on /Users/bhavishyachallagolla/Desktop/RetailSense/.venv/lib/python3.12/site-packages/airflow/example_dags/example_xcomargs.py
[2026-07-18T15:46:36.898+0530] {processor.py:914} INFO - Processing file /Users/bhavishyachallagolla/Desktop/RetailSense/.venv/lib/python3.12/site-packages/airflow/example_dags/example_xcomargs.py for tasks to queue
[2026-07-18T15:46:36.898+0530] {logging_mixin.py:190} INFO - [2026-07-18T15:46:36.898+0530] {dagbag.py:588} INFO - Filling up the DagBag from /Users/bhavishyachallagolla/Desktop/RetailSense/.venv/lib/python3.12/site-packages/airflow/example_dags/example_xcomargs.py
[2026-07-18T15:46:36.911+0530] {processor.py:925} INFO - DAG(s) 'example_xcom_args_with_operators', 'example_xcom_args' retrieved from /Users/bhavishyachallagolla/Desktop/RetailSense/.venv/lib/python3.12/site-packages/airflow/example_dags/example_xcomargs.py
[2026-07-18T15:46:36.935+0530] {logging_mixin.py:190} INFO - [2026-07-18T15:46:36.935+0530] {dag.py:3239} INFO - Sync 2 DAGs
[2026-07-18T15:46:36.938+0530] {logging_mixin.py:190} INFO - [2026-07-18T15:46:36.938+0530] {dag.py:4180} INFO - Setting next_dagrun for example_xcom_args to None, run_after=None
[2026-07-18T15:46:36.939+0530] {logging_mixin.py:190} INFO - [2026-07-18T15:46:36.939+0530] {dag.py:4180} INFO - Setting next_dagrun for example_xcom_args_with_operators to None, run_after=None
[2026-07-18T15:46:36.943+0530] {processor.py:208} INFO - Processing /Users/bhavishyachallagolla/Desktop/RetailSense/.venv/lib/python3.12/site-packages/airflow/example_dags/example_xcomargs.py took 0.047 seconds
[2026-07-18T15:47:28.854+0530] {processor.py:186} INFO - Started process (PID=5118) to work on /Users/bhavishyachallagolla/Desktop/RetailSense/.venv/lib/python3.12/site-packages/airflow/example_dags/example_xcomargs.py
[2026-07-18T15:47:28.855+0530] {processor.py:914} INFO - Processing file /Users/bhavishyachallagolla/Desktop/RetailSense/.venv/lib/python3.12/site-packages/airflow/example_dags/example_xcomargs.py for tasks to queue
[2026-07-18T15:47:28.855+0530] {logging_mixin.py:190} INFO - [2026-07-18T15:47:28.855+0530] {dagbag.py:588} INFO - Filling up the DagBag from /Users/bhavishyachallagolla/Desktop/RetailSense/.venv/lib/python3.12/site-packages/airflow/example_dags/example_xcomargs.py
[2026-07-18T15:47:28.868+0530] {processor.py:925} INFO - DAG(s) 'example_xcom_args_with_operators', 'example_xcom_args' retrieved from /Users/bhavishyachallagolla/Desktop/RetailSense/.venv/lib/python3.12/site-packages/airflow/example_dags/example_xcomargs.py
[2026-07-18T15:47:28.893+0530] {logging_mixin.py:190} INFO - [2026-07-18T15:47:28.893+0530] {dag.py:3239} INFO - Sync 2 DAGs
[2026-07-18T15:47:28.896+0530] {logging_mixin.py:190} INFO - [2026-07-18T15:47:28.896+0530] {dag.py:4180} INFO - Setting next_dagrun for example_xcom_args to None, run_after=None
[2026-07-18T15:47:28.897+0530] {logging_mixin.py:190} INFO - [2026-07-18T15:47:28.897+0530] {dag.py:4180} INFO - Setting next_dagrun for example_xcom_args_with_operators to None, run_after=None
[2026-07-18T15:47:28.901+0530] {processor.py:208} INFO - Processing /Users/bhavishyachallagolla/Desktop/RetailSense/.venv/lib/python3.12/site-packages/airflow/example_dags/example_xcomargs.py took 0.048 seconds
[2026-07-18T15:48:20.700+0530] {processor.py:186} INFO - Started process (PID=5264) to work on /Users/bhavishyachallagolla/Desktop/RetailSense/.venv/lib/python3.12/site-packages/airflow/example_dags/example_xcomargs.py
[2026-07-18T15:48:20.701+0530] {processor.py:914} INFO - Processing file /Users/bhavishyachallagolla/Desktop/RetailSense/.venv/lib/python3.12/site-packages/airflow/example_dags/example_xcomargs.py for tasks to queue
[2026-07-18T15:48:20.702+0530] {logging_mixin.py:190} INFO - [2026-07-18T15:48:20.702+0530] {dagbag.py:588} INFO - Filling up the DagBag from /Users/bhavishyachallagolla/Desktop/RetailSense/.venv/lib/python3.12/site-packages/airflow/example_dags/example_xcomargs.py
[2026-07-18T15:48:20.714+0530] {processor.py:925} INFO - DAG(s) 'example_xcom_args', 'example_xcom_args_with_operators' retrieved from /Users/bhavishyachallagolla/Desktop/RetailSense/.venv/lib/python3.12/site-packages/airflow/example_dags/example_xcomargs.py
[2026-07-18T15:48:20.739+0530] {logging_mixin.py:190} INFO - [2026-07-18T15:48:20.739+0530] {dag.py:3239} INFO - Sync 2 DAGs
[2026-07-18T15:48:20.741+0530] {logging_mixin.py:190} INFO - [2026-07-18T15:48:20.741+0530] {dag.py:4180} INFO - Setting next_dagrun for example_xcom_args to None, run_after=None
[2026-07-18T15:48:20.742+0530] {logging_mixin.py:190} INFO - [2026-07-18T15:48:20.742+0530] {dag.py:4180} INFO - Setting next_dagrun for example_xcom_args_with_operators to None, run_after=None
[2026-07-18T15:48:20.746+0530] {processor.py:208} INFO - Processing /Users/bhavishyachallagolla/Desktop/RetailSense/.venv/lib/python3.12/site-packages/airflow/example_dags/example_xcomargs.py took 0.047 seconds
[2026-07-18T15:49:14.918+0530] {processor.py:186} INFO - Started process (PID=5411) to work on /Users/bhavishyachallagolla/Desktop/RetailSense/.venv/lib/python3.12/site-packages/airflow/example_dags/example_xcomargs.py
[2026-07-18T15:49:14.919+0530] {processor.py:914} INFO - Processing file /Users/bhavishyachallagolla/Desktop/RetailSense/.venv/lib/python3.12/site-packages/airflow/example_dags/example_xcomargs.py for tasks to queue
[2026-07-18T15:49:14.919+0530] {logging_mixin.py:190} INFO - [2026-07-18T15:49:14.919+0530] {dagbag.py:588} INFO - Filling up the DagBag from /Users/bhavishyachallagolla/Desktop/RetailSense/.venv/lib/python3.12/site-packages/airflow/example_dags/example_xcomargs.py
[2026-07-18T15:49:14.931+0530] {processor.py:925} INFO - DAG(s) 'example_xcom_args_with_operators', 'example_xcom_args' retrieved from /Users/bhavishyachallagolla/Desktop/RetailSense/.venv/lib/python3.12/site-packages/airflow/example_dags/example_xcomargs.py
[2026-07-18T15:49:14.956+0530] {logging_mixin.py:190} INFO - [2026-07-18T15:49:14.956+0530] {dag.py:3239} INFO - Sync 2 DAGs
[2026-07-18T15:49:14.959+0530] {logging_mixin.py:190} INFO - [2026-07-18T15:49:14.959+0530] {dag.py:4180} INFO - Setting next_dagrun for example_xcom_args to None, run_after=None
[2026-07-18T15:49:14.960+0530] {logging_mixin.py:190} INFO - [2026-07-18T15:49:14.959+0530] {dag.py:4180} INFO - Setting next_dagrun for example_xcom_args_with_operators to None, run_after=None
[2026-07-18T15:49:14.964+0530] {processor.py:208} INFO - Processing /Users/bhavishyachallagolla/Desktop/RetailSense/.venv/lib/python3.12/site-packages/airflow/example_dags/example_xcomargs.py took 0.047 seconds
[2026-07-18T15:50:08.291+0530] {processor.py:186} INFO - Started process (PID=5544) to work on /Users/bhavishyachallagolla/Desktop/RetailSense/.venv/lib/python3.12/site-packages/airflow/example_dags/example_xcomargs.py
[2026-07-18T15:50:08.291+0530] {processor.py:914} INFO - Processing file /Users/bhavishyachallagolla/Desktop/RetailSense/.venv/lib/python3.12/site-packages/airflow/example_dags/example_xcomargs.py for tasks to queue
[2026-07-18T15:50:08.292+0530] {logging_mixin.py:190} INFO - [2026-07-18T15:50:08.292+0530] {dagbag.py:588} INFO - Filling up the DagBag from /Users/bhavishyachallagolla/Desktop/RetailSense/.venv/lib/python3.12/site-packages/airflow/example_dags/example_xcomargs.py
[2026-07-18T15:50:08.305+0530] {processor.py:925} INFO - DAG(s) 'example_xcom_args_with_operators', 'example_xcom_args' retrieved from /Users/bhavishyachallagolla/Desktop/RetailSense/.venv/lib/python3.12/site-packages/airflow/example_dags/example_xcomargs.py
[2026-07-18T15:50:08.330+0530] {logging_mixin.py:190} INFO - [2026-07-18T15:50:08.330+0530] {dag.py:3239} INFO - Sync 2 DAGs
[2026-07-18T15:50:08.333+0530] {logging_mixin.py:190} INFO - [2026-07-18T15:50:08.333+0530] {dag.py:4180} INFO - Setting next_dagrun for example_xcom_args to None, run_after=None
[2026-07-18T15:50:08.334+0530] {logging_mixin.py:190} INFO - [2026-07-18T15:50:08.334+0530] {dag.py:4180} INFO - Setting next_dagrun for example_xcom_args_with_operators to None, run_after=None
[2026-07-18T15:50:08.338+0530] {processor.py:208} INFO - Processing /Users/bhavishyachallagolla/Desktop/RetailSense/.venv/lib/python3.12/site-packages/airflow/example_dags/example_xcomargs.py took 0.048 seconds
[2026-07-18T15:51:01.191+0530] {processor.py:186} INFO - Started process (PID=5683) to work on /Users/bhavishyachallagolla/Desktop/RetailSense/.venv/lib/python3.12/site-packages/airflow/example_dags/example_xcomargs.py
[2026-07-18T15:51:01.192+0530] {processor.py:914} INFO - Processing file /Users/bhavishyachallagolla/Desktop/RetailSense/.venv/lib/python3.12/site-packages/airflow/example_dags/example_xcomargs.py for tasks to queue
[2026-07-18T15:51:01.193+0530] {logging_mixin.py:190} INFO - [2026-07-18T15:51:01.193+0530] {dagbag.py:588} INFO - Filling up the DagBag from /Users/bhavishyachallagolla/Desktop/RetailSense/.venv/lib/python3.12/site-packages/airflow/example_dags/example_xcomargs.py
[2026-07-18T15:51:01.205+0530] {processor.py:925} INFO - DAG(s) 'example_xcom_args', 'example_xcom_args_with_operators' retrieved from /Users/bhavishyachallagolla/Desktop/RetailSense/.venv/lib/python3.12/site-packages/airflow/example_dags/example_xcomargs.py
[2026-07-18T15:51:01.230+0530] {logging_mixin.py:190} INFO - [2026-07-18T15:51:01.230+0530] {dag.py:3239} INFO - Sync 2 DAGs
[2026-07-18T15:51:01.232+0530] {logging_mixin.py:190} INFO - [2026-07-18T15:51:01.232+0530] {dag.py:4180} INFO - Setting next_dagrun for example_xcom_args to None, run_after=None
[2026-07-18T15:51:01.233+0530] {logging_mixin.py:190} INFO - [2026-07-18T15:51:01.233+0530] {dag.py:4180} INFO - Setting next_dagrun for example_xcom_args_with_operators to None, run_after=None
[2026-07-18T15:51:01.237+0530] {processor.py:208} INFO - Processing /Users/bhavishyachallagolla/Desktop/RetailSense/.venv/lib/python3.12/site-packages/airflow/example_dags/example_xcomargs.py took 0.047 seconds
[2026-07-18T15:51:51.711+0530] {processor.py:186} INFO - Started process (PID=5808) to work on /Users/bhavishyachallagolla/Desktop/RetailSense/.venv/lib/python3.12/site-packages/airflow/example_dags/example_xcomargs.py
[2026-07-18T15:51:51.712+0530] {processor.py:914} INFO - Processing file /Users/bhavishyachallagolla/Desktop/RetailSense/.venv/lib/python3.12/site-packages/airflow/example_dags/example_xcomargs.py for tasks to queue
[2026-07-18T15:51:51.712+0530] {logging_mixin.py:190} INFO - [2026-07-18T15:51:51.712+0530] {dagbag.py:588} INFO - Filling up the DagBag from /Users/bhavishyachallagolla/Desktop/RetailSense/.venv/lib/python3.12/site-packages/airflow/example_dags/example_xcomargs.py
[2026-07-18T15:51:51.725+0530] {processor.py:925} INFO - DAG(s) 'example_xcom_args', 'example_xcom_args_with_operators' retrieved from /Users/bhavishyachallagolla/Desktop/RetailSense/.venv/lib/python3.12/site-packages/airflow/example_dags/example_xcomargs.py
[2026-07-18T15:51:51.750+0530] {logging_mixin.py:190} INFO - [2026-07-18T15:51:51.750+0530] {dag.py:3239} INFO - Sync 2 DAGs
[2026-07-18T15:51:51.753+0530] {logging_mixin.py:190} INFO - [2026-07-18T15:51:51.753+0530] {dag.py:4180} INFO - Setting next_dagrun for example_xcom_args to None, run_after=None
[2026-07-18T15:51:51.754+0530] {logging_mixin.py:190} INFO - [2026-07-18T15:51:51.754+0530] {dag.py:4180} INFO - Setting next_dagrun for example_xcom_args_with_operators to None, run_after=None
[2026-07-18T15:51:51.758+0530] {processor.py:208} INFO - Processing /Users/bhavishyachallagolla/Desktop/RetailSense/.venv/lib/python3.12/site-packages/airflow/example_dags/example_xcomargs.py took 0.048 seconds
[2026-07-18T15:52:42.312+0530] {processor.py:186} INFO - Started process (PID=5942) to work on /Users/bhavishyachallagolla/Desktop/RetailSense/.venv/lib/python3.12/site-packages/airflow/example_dags/example_xcomargs.py
[2026-07-18T15:52:42.313+0530] {processor.py:914} INFO - Processing file /Users/bhavishyachallagolla/Desktop/RetailSense/.venv/lib/python3.12/site-packages/airflow/example_dags/example_xcomargs.py for tasks to queue
[2026-07-18T15:52:42.313+0530] {logging_mixin.py:190} INFO - [2026-07-18T15:52:42.313+0530] {dagbag.py:588} INFO - Filling up the DagBag from /Users/bhavishyachallagolla/Desktop/RetailSense/.venv/lib/python3.12/site-packages/airflow/example_dags/example_xcomargs.py
[2026-07-18T15:52:42.326+0530] {processor.py:925} INFO - DAG(s) 'example_xcom_args', 'example_xcom_args_with_operators' retrieved from /Users/bhavishyachallagolla/Desktop/RetailSense/.venv/lib/python3.12/site-packages/airflow/example_dags/example_xcomargs.py
[2026-07-18T15:52:42.352+0530] {logging_mixin.py:190} INFO - [2026-07-18T15:52:42.351+0530] {dag.py:3239} INFO - Sync 2 DAGs
[2026-07-18T15:52:42.354+0530] {logging_mixin.py:190} INFO - [2026-07-18T15:52:42.354+0530] {dag.py:4180} INFO - Setting next_dagrun for example_xcom_args to None, run_after=None
[2026-07-18T15:52:42.355+0530] {logging_mixin.py:190} INFO - [2026-07-18T15:52:42.355+0530] {dag.py:4180} INFO - Setting next_dagrun for example_xcom_args_with_operators to None, run_after=None
[2026-07-18T15:52:42.360+0530] {processor.py:208} INFO - Processing /Users/bhavishyachallagolla/Desktop/RetailSense/.venv/lib/python3.12/site-packages/airflow/example_dags/example_xcomargs.py took 0.048 seconds
[2026-07-18T15:53:33.591+0530] {processor.py:186} INFO - Started process (PID=6071) to work on /Users/bhavishyachallagolla/Desktop/RetailSense/.venv/lib/python3.12/site-packages/airflow/example_dags/example_xcomargs.py
[2026-07-18T15:53:33.592+0530] {processor.py:914} INFO - Processing file /Users/bhavishyachallagolla/Desktop/RetailSense/.venv/lib/python3.12/site-packages/airflow/example_dags/example_xcomargs.py for tasks to queue
[2026-07-18T15:53:33.592+0530] {logging_mixin.py:190} INFO - [2026-07-18T15:53:33.592+0530] {dagbag.py:588} INFO - Filling up the DagBag from /Users/bhavishyachallagolla/Desktop/RetailSense/.venv/lib/python3.12/site-packages/airflow/example_dags/example_xcomargs.py
[2026-07-18T15:53:33.605+0530] {processor.py:925} INFO - DAG(s) 'example_xcom_args_with_operators', 'example_xcom_args' retrieved from /Users/bhavishyachallagolla/Desktop/RetailSense/.venv/lib/python3.12/site-packages/airflow/example_dags/example_xcomargs.py
[2026-07-18T15:53:33.630+0530] {logging_mixin.py:190} INFO - [2026-07-18T15:53:33.630+0530] {dag.py:3239} INFO - Sync 2 DAGs
[2026-07-18T15:53:33.633+0530] {logging_mixin.py:190} INFO - [2026-07-18T15:53:33.633+0530] {dag.py:4180} INFO - Setting next_dagrun for example_xcom_args to None, run_after=None
[2026-07-18T15:53:33.634+0530] {logging_mixin.py:190} INFO - [2026-07-18T15:53:33.634+0530] {dag.py:4180} INFO - Setting next_dagrun for example_xcom_args_with_operators to None, run_after=None
[2026-07-18T15:53:33.639+0530] {processor.py:208} INFO - Processing /Users/bhavishyachallagolla/Desktop/RetailSense/.venv/lib/python3.12/site-packages/airflow/example_dags/example_xcomargs.py took 0.050 seconds
[2026-07-18T15:54:26.215+0530] {processor.py:186} INFO - Started process (PID=6198) to work on /Users/bhavishyachallagolla/Desktop/RetailSense/.venv/lib/python3.12/site-packages/airflow/example_dags/example_xcomargs.py
[2026-07-18T15:54:26.216+0530] {processor.py:914} INFO - Processing file /Users/bhavishyachallagolla/Desktop/RetailSense/.venv/lib/python3.12/site-packages/airflow/example_dags/example_xcomargs.py for tasks to queue
[2026-07-18T15:54:26.216+0530] {logging_mixin.py:190} INFO - [2026-07-18T15:54:26.216+0530] {dagbag.py:588} INFO - Filling up the DagBag from /Users/bhavishyachallagolla/Desktop/RetailSense/.venv/lib/python3.12/site-packages/airflow/example_dags/example_xcomargs.py
[2026-07-18T15:54:26.229+0530] {processor.py:925} INFO - DAG(s) 'example_xcom_args_with_operators', 'example_xcom_args' retrieved from /Users/bhavishyachallagolla/Desktop/RetailSense/.venv/lib/python3.12/site-packages/airflow/example_dags/example_xcomargs.py
[2026-07-18T15:54:26.254+0530] {logging_mixin.py:190} INFO - [2026-07-18T15:54:26.254+0530] {dag.py:3239} INFO - Sync 2 DAGs
[2026-07-18T15:54:26.257+0530] {logging_mixin.py:190} INFO - [2026-07-18T15:54:26.256+0530] {dag.py:4180} INFO - Setting next_dagrun for example_xcom_args to None, run_after=None
[2026-07-18T15:54:26.257+0530] {logging_mixin.py:190} INFO - [2026-07-18T15:54:26.257+0530] {dag.py:4180} INFO - Setting next_dagrun for example_xcom_args_with_operators to None, run_after=None
[2026-07-18T15:54:26.261+0530] {processor.py:208} INFO - Processing /Users/bhavishyachallagolla/Desktop/RetailSense/.venv/lib/python3.12/site-packages/airflow/example_dags/example_xcomargs.py took 0.048 seconds
[2026-07-18T15:55:20.055+0530] {processor.py:186} INFO - Started process (PID=6336) to work on /Users/bhavishyachallagolla/Desktop/RetailSense/.venv/lib/python3.12/site-packages/airflow/example_dags/example_xcomargs.py
[2026-07-18T15:55:20.056+0530] {processor.py:914} INFO - Processing file /Users/bhavishyachallagolla/Desktop/RetailSense/.venv/lib/python3.12/site-packages/airflow/example_dags/example_xcomargs.py for tasks to queue
[2026-07-18T15:55:20.057+0530] {logging_mixin.py:190} INFO - [2026-07-18T15:55:20.057+0530] {dagbag.py:588} INFO - Filling up the DagBag from /Users/bhavishyachallagolla/Desktop/RetailSense/.venv/lib/python3.12/site-packages/airflow/example_dags/example_xcomargs.py
[2026-07-18T15:55:20.069+0530] {processor.py:925} INFO - DAG(s) 'example_xcom_args', 'example_xcom_args_with_operators' retrieved from /Users/bhavishyachallagolla/Desktop/RetailSense/.venv/lib/python3.12/site-packages/airflow/example_dags/example_xcomargs.py
[2026-07-18T15:55:20.094+0530] {logging_mixin.py:190} INFO - [2026-07-18T15:55:20.094+0530] {dag.py:3239} INFO - Sync 2 DAGs
[2026-07-18T15:55:20.097+0530] {logging_mixin.py:190} INFO - [2026-07-18T15:55:20.097+0530] {dag.py:4180} INFO - Setting next_dagrun for example_xcom_args to None, run_after=None
[2026-07-18T15:55:20.098+0530] {logging_mixin.py:190} INFO - [2026-07-18T15:55:20.098+0530] {dag.py:4180} INFO - Setting next_dagrun for example_xcom_args_with_operators to None, run_after=None
[2026-07-18T15:55:20.102+0530] {processor.py:208} INFO - Processing /Users/bhavishyachallagolla/Desktop/RetailSense/.venv/lib/python3.12/site-packages/airflow/example_dags/example_xcomargs.py took 0.048 seconds
[2026-07-18T15:56:11.765+0530] {processor.py:186} INFO - Started process (PID=6465) to work on /Users/bhavishyachallagolla/Desktop/RetailSense/.venv/lib/python3.12/site-packages/airflow/example_dags/example_xcomargs.py
[2026-07-18T15:56:11.766+0530] {processor.py:914} INFO - Processing file /Users/bhavishyachallagolla/Desktop/RetailSense/.venv/lib/python3.12/site-packages/airflow/example_dags/example_xcomargs.py for tasks to queue
[2026-07-18T15:56:11.767+0530] {logging_mixin.py:190} INFO - [2026-07-18T15:56:11.767+0530] {dagbag.py:588} INFO - Filling up the DagBag from /Users/bhavishyachallagolla/Desktop/RetailSense/.venv/lib/python3.12/site-packages/airflow/example_dags/example_xcomargs.py
[2026-07-18T15:56:11.779+0530] {processor.py:925} INFO - DAG(s) 'example_xcom_args_with_operators', 'example_xcom_args' retrieved from /Users/bhavishyachallagolla/Desktop/RetailSense/.venv/lib/python3.12/site-packages/airflow/example_dags/example_xcomargs.py
[2026-07-18T15:56:11.804+0530] {logging_mixin.py:190} INFO - [2026-07-18T15:56:11.803+0530] {dag.py:3239} INFO - Sync 2 DAGs
[2026-07-18T15:56:11.806+0530] {logging_mixin.py:190} INFO - [2026-07-18T15:56:11.806+0530] {dag.py:4180} INFO - Setting next_dagrun for example_xcom_args to None, run_after=None
[2026-07-18T15:56:11.807+0530] {logging_mixin.py:190} INFO - [2026-07-18T15:56:11.807+0530] {dag.py:4180} INFO - Setting next_dagrun for example_xcom_args_with_operators to None, run_after=None
[2026-07-18T15:56:11.811+0530] {processor.py:208} INFO - Processing /Users/bhavishyachallagolla/Desktop/RetailSense/.venv/lib/python3.12/site-packages/airflow/example_dags/example_xcomargs.py took 0.047 seconds
