[2026-07-18T15:36:59.887+0530] {processor.py:186} INFO - Started process (PID=3449) to work on /Users/bhavishyachallagolla/Desktop/RetailSense/.venv/lib/python3.12/site-packages/airflow/example_dags/example_dag_decorator.py
[2026-07-18T15:36:59.887+0530] {processor.py:914} INFO - Processing file /Users/bhavishyachallagolla/Desktop/RetailSense/.venv/lib/python3.12/site-packages/airflow/example_dags/example_dag_decorator.py for tasks to queue
[2026-07-18T15:36:59.887+0530] {logging_mixin.py:190} INFO - [2026-07-18T15:36:59.887+0530] {dagbag.py:588} INFO - Filling up the DagBag from /Users/bhavishyachallagolla/Desktop/RetailSense/.venv/lib/python3.12/site-packages/airflow/example_dags/example_dag_decorator.py
[2026-07-18T15:36:59.933+0530] {processor.py:925} INFO - DAG(s) 'example_dag_decorator' retrieved from /Users/bhavishyachallagolla/Desktop/RetailSense/.venv/lib/python3.12/site-packages/airflow/example_dags/example_dag_decorator.py
[2026-07-18T15:37:00.012+0530] {logging_mixin.py:190} INFO - [2026-07-18T15:37:00.012+0530] {dag.py:3239} INFO - Sync 1 DAGs
[2026-07-18T15:37:00.014+0530] {logging_mixin.py:190} INFO - [2026-07-18T15:37:00.014+0530] {dag.py:4180} INFO - Setting next_dagrun for example_dag_decorator to None, run_after=None
[2026-07-18T15:37:00.019+0530] {processor.py:208} INFO - Processing /Users/bhavishyachallagolla/Desktop/RetailSense/.venv/lib/python3.12/site-packages/airflow/example_dags/example_dag_decorator.py took 0.134 seconds
[2026-07-18T15:39:04.393+0530] {processor.py:186} INFO - Started process (PID=3784) to work on /Users/bhavishyachallagolla/Desktop/RetailSense/.venv/lib/python3.12/site-packages/airflow/example_dags/example_dag_decorator.py
[2026-07-18T15:39:04.395+0530] {processor.py:914} INFO - Processing file /Users/bhavishyachallagolla/Desktop/RetailSense/.venv/lib/python3.12/site-packages/airflow/example_dags/example_dag_decorator.py for tasks to queue
[2026-07-18T15:39:04.395+0530] {logging_mixin.py:190} INFO - [2026-07-18T15:39:04.395+0530] {dagbag.py:588} INFO - Filling up the DagBag from /Users/bhavishyachallagolla/Desktop/RetailSense/.venv/lib/python3.12/site-packages/airflow/example_dags/example_dag_decorator.py
[2026-07-18T15:39:04.440+0530] {processor.py:925} INFO - DAG(s) 'example_dag_decorator' retrieved from /Users/bhavishyachallagolla/Desktop/RetailSense/.venv/lib/python3.12/site-packages/airflow/example_dags/example_dag_decorator.py
[2026-07-18T15:39:04.520+0530] {logging_mixin.py:190} INFO - [2026-07-18T15:39:04.520+0530] {dag.py:3239} INFO - Sync 1 DAGs
[2026-07-18T15:39:04.522+0530] {logging_mixin.py:190} INFO - [2026-07-18T15:39:04.522+0530] {dag.py:4180} INFO - Setting next_dagrun for example_dag_decorator to None, run_after=None
[2026-07-18T15:39:04.527+0530] {processor.py:208} INFO - Processing /Users/bhavishyachallagolla/Desktop/RetailSense/.venv/lib/python3.12/site-packages/airflow/example_dags/example_dag_decorator.py took 0.135 seconds
[2026-07-18T15:40:43.439+0530] {processor.py:186} INFO - Started process (PID=4037) to work on /Users/bhavishyachallagolla/Desktop/RetailSense/.venv/lib/python3.12/site-packages/airflow/example_dags/example_dag_decorator.py
[2026-07-18T15:40:43.440+0530] {processor.py:914} INFO - Processing file /Users/bhavishyachallagolla/Desktop/RetailSense/.venv/lib/python3.12/site-packages/airflow/example_dags/example_dag_decorator.py for tasks to queue
[2026-07-18T15:40:43.440+0530] {logging_mixin.py:190} INFO - [2026-07-18T15:40:43.440+0530] {dagbag.py:588} INFO - Filling up the DagBag from /Users/bhavishyachallagolla/Desktop/RetailSense/.venv/lib/python3.12/site-packages/airflow/example_dags/example_dag_decorator.py
[2026-07-18T15:40:43.513+0530] {processor.py:925} INFO - DAG(s) 'example_dag_decorator' retrieved from /Users/bhavishyachallagolla/Desktop/RetailSense/.venv/lib/python3.12/site-packages/airflow/example_dags/example_dag_decorator.py
[2026-07-18T15:40:43.592+0530] {logging_mixin.py:190} INFO - [2026-07-18T15:40:43.592+0530] {dag.py:3239} INFO - Sync 1 DAGs
[2026-07-18T15:40:43.594+0530] {logging_mixin.py:190} INFO - [2026-07-18T15:40:43.594+0530] {dag.py:4180} INFO - Setting next_dagrun for example_dag_decorator to None, run_after=None
[2026-07-18T15:40:43.599+0530] {processor.py:208} INFO - Processing /Users/bhavishyachallagolla/Desktop/RetailSense/.venv/lib/python3.12/site-packages/airflow/example_dags/example_dag_decorator.py took 0.162 seconds
[2026-07-18T15:42:26.354+0530] {processor.py:186} INFO - Started process (PID=4304) to work on /Users/bhavishyachallagolla/Desktop/RetailSense/.venv/lib/python3.12/site-packages/airflow/example_dags/example_dag_decorator.py
[2026-07-18T15:42:26.354+0530] {processor.py:914} INFO - Processing file /Users/bhavishyachallagolla/Desktop/RetailSense/.venv/lib/python3.12/site-packages/airflow/example_dags/example_dag_decorator.py for tasks to queue
[2026-07-18T15:42:26.355+0530] {logging_mixin.py:190} INFO - [2026-07-18T15:42:26.355+0530] {dagbag.py:588} INFO - Filling up the DagBag from /Users/bhavishyachallagolla/Desktop/RetailSense/.venv/lib/python3.12/site-packages/airflow/example_dags/example_dag_decorator.py
[2026-07-18T15:42:26.423+0530] {processor.py:925} INFO - DAG(s) 'example_dag_decorator' retrieved from /Users/bhavishyachallagolla/Desktop/RetailSense/.venv/lib/python3.12/site-packages/airflow/example_dags/example_dag_decorator.py
[2026-07-18T15:42:26.502+0530] {logging_mixin.py:190} INFO - [2026-07-18T15:42:26.501+0530] {dag.py:3239} INFO - Sync 1 DAGs
[2026-07-18T15:42:26.504+0530] {logging_mixin.py:190} INFO - [2026-07-18T15:42:26.504+0530] {dag.py:4180} INFO - Setting next_dagrun for example_dag_decorator to None, run_after=None
[2026-07-18T15:42:26.509+0530] {processor.py:208} INFO - Processing /Users/bhavishyachallagolla/Desktop/RetailSense/.venv/lib/python3.12/site-packages/airflow/example_dags/example_dag_decorator.py took 0.156 seconds
[2026-07-18T15:44:21.130+0530] {processor.py:186} INFO - Started process (PID=4628) to work on /Users/bhavishyachallagolla/Desktop/RetailSense/.venv/lib/python3.12/site-packages/airflow/example_dags/example_dag_decorator.py
[2026-07-18T15:44:21.131+0530] {processor.py:914} INFO - Processing file /Users/bhavishyachallagolla/Desktop/RetailSense/.venv/lib/python3.12/site-packages/airflow/example_dags/example_dag_decorator.py for tasks to queue
[2026-07-18T15:44:21.132+0530] {logging_mixin.py:190} INFO - [2026-07-18T15:44:21.132+0530] {dagbag.py:588} INFO - Filling up the DagBag from /Users/bhavishyachallagolla/Desktop/RetailSense/.venv/lib/python3.12/site-packages/airflow/example_dags/example_dag_decorator.py
[2026-07-18T15:44:21.177+0530] {processor.py:925} INFO - DAG(s) 'example_dag_decorator' retrieved from /Users/bhavishyachallagolla/Desktop/RetailSense/.venv/lib/python3.12/site-packages/airflow/example_dags/example_dag_decorator.py
[2026-07-18T15:44:21.260+0530] {logging_mixin.py:190} INFO - [2026-07-18T15:44:21.259+0530] {dag.py:3239} INFO - Sync 1 DAGs
[2026-07-18T15:44:21.262+0530] {logging_mixin.py:190} INFO - [2026-07-18T15:44:21.262+0530] {dag.py:4180} INFO - Setting next_dagrun for example_dag_decorator to None, run_after=None
[2026-07-18T15:44:21.267+0530] {processor.py:208} INFO - Processing /Users/bhavishyachallagolla/Desktop/RetailSense/.venv/lib/python3.12/site-packages/airflow/example_dags/example_dag_decorator.py took 0.138 seconds
[2026-07-18T15:46:05.509+0530] {processor.py:186} INFO - Started process (PID=4884) to work on /Users/bhavishyachallagolla/Desktop/RetailSense/.venv/lib/python3.12/site-packages/airflow/example_dags/example_dag_decorator.py
[2026-07-18T15:46:05.510+0530] {processor.py:914} INFO - Processing file /Users/bhavishyachallagolla/Desktop/RetailSense/.venv/lib/python3.12/site-packages/airflow/example_dags/example_dag_decorator.py for tasks to queue
[2026-07-18T15:46:05.510+0530] {logging_mixin.py:190} INFO - [2026-07-18T15:46:05.510+0530] {dagbag.py:588} INFO - Filling up the DagBag from /Users/bhavishyachallagolla/Desktop/RetailSense/.venv/lib/python3.12/site-packages/airflow/example_dags/example_dag_decorator.py
[2026-07-18T15:46:05.554+0530] {processor.py:925} INFO - DAG(s) 'example_dag_decorator' retrieved from /Users/bhavishyachallagolla/Desktop/RetailSense/.venv/lib/python3.12/site-packages/airflow/example_dags/example_dag_decorator.py
[2026-07-18T15:46:05.618+0530] {logging_mixin.py:190} INFO - [2026-07-18T15:46:05.618+0530] {dag.py:3239} INFO - Sync 1 DAGs
[2026-07-18T15:46:05.621+0530] {logging_mixin.py:190} INFO - [2026-07-18T15:46:05.621+0530] {dag.py:4180} INFO - Setting next_dagrun for example_dag_decorator to None, run_after=None
[2026-07-18T15:46:05.626+0530] {processor.py:208} INFO - Processing /Users/bhavishyachallagolla/Desktop/RetailSense/.venv/lib/python3.12/site-packages/airflow/example_dags/example_dag_decorator.py took 0.118 seconds
[2026-07-18T15:47:49.774+0530] {processor.py:186} INFO - Started process (PID=5171) to work on /Users/bhavishyachallagolla/Desktop/RetailSense/.venv/lib/python3.12/site-packages/airflow/example_dags/example_dag_decorator.py
[2026-07-18T15:47:49.775+0530] {processor.py:914} INFO - Processing file /Users/bhavishyachallagolla/Desktop/RetailSense/.venv/lib/python3.12/site-packages/airflow/example_dags/example_dag_decorator.py for tasks to queue
[2026-07-18T15:47:49.775+0530] {logging_mixin.py:190} INFO - [2026-07-18T15:47:49.775+0530] {dagbag.py:588} INFO - Filling up the DagBag from /Users/bhavishyachallagolla/Desktop/RetailSense/.venv/lib/python3.12/site-packages/airflow/example_dags/example_dag_decorator.py
[2026-07-18T15:47:49.852+0530] {processor.py:925} INFO - DAG(s) 'example_dag_decorator' retrieved from /Users/bhavishyachallagolla/Desktop/RetailSense/.venv/lib/python3.12/site-packages/airflow/example_dags/example_dag_decorator.py
[2026-07-18T15:47:49.935+0530] {logging_mixin.py:190} INFO - [2026-07-18T15:47:49.935+0530] {dag.py:3239} INFO - Sync 1 DAGs
[2026-07-18T15:47:49.938+0530] {logging_mixin.py:190} INFO - [2026-07-18T15:47:49.938+0530] {dag.py:4180} INFO - Setting next_dagrun for example_dag_decorator to None, run_after=None
[2026-07-18T15:47:49.943+0530] {processor.py:208} INFO - Processing /Users/bhavishyachallagolla/Desktop/RetailSense/.venv/lib/python3.12/site-packages/airflow/example_dags/example_dag_decorator.py took 0.171 seconds
[2026-07-18T15:49:36.856+0530] {processor.py:186} INFO - Started process (PID=5462) to work on /Users/bhavishyachallagolla/Desktop/RetailSense/.venv/lib/python3.12/site-packages/airflow/example_dags/example_dag_decorator.py
[2026-07-18T15:49:36.857+0530] {processor.py:914} INFO - Processing file /Users/bhavishyachallagolla/Desktop/RetailSense/.venv/lib/python3.12/site-packages/airflow/example_dags/example_dag_decorator.py for tasks to queue
[2026-07-18T15:49:36.857+0530] {logging_mixin.py:190} INFO - [2026-07-18T15:49:36.857+0530] {dagbag.py:588} INFO - Filling up the DagBag from /Users/bhavishyachallagolla/Desktop/RetailSense/.venv/lib/python3.12/site-packages/airflow/example_dags/example_dag_decorator.py
[2026-07-18T15:49:36.933+0530] {processor.py:925} INFO - DAG(s) 'example_dag_decorator' retrieved from /Users/bhavishyachallagolla/Desktop/RetailSense/.venv/lib/python3.12/site-packages/airflow/example_dags/example_dag_decorator.py
[2026-07-18T15:49:37.016+0530] {logging_mixin.py:190} INFO - [2026-07-18T15:49:37.016+0530] {dag.py:3239} INFO - Sync 1 DAGs
[2026-07-18T15:49:37.019+0530] {logging_mixin.py:190} INFO - [2026-07-18T15:49:37.019+0530] {dag.py:4180} INFO - Setting next_dagrun for example_dag_decorator to None, run_after=None
[2026-07-18T15:49:37.024+0530] {processor.py:208} INFO - Processing /Users/bhavishyachallagolla/Desktop/RetailSense/.venv/lib/python3.12/site-packages/airflow/example_dags/example_dag_decorator.py took 0.169 seconds
[2026-07-18T15:51:21.309+0530] {processor.py:186} INFO - Started process (PID=5732) to work on /Users/bhavishyachallagolla/Desktop/RetailSense/.venv/lib/python3.12/site-packages/airflow/example_dags/example_dag_decorator.py
[2026-07-18T15:51:21.309+0530] {processor.py:914} INFO - Processing file /Users/bhavishyachallagolla/Desktop/RetailSense/.venv/lib/python3.12/site-packages/airflow/example_dags/example_dag_decorator.py for tasks to queue
[2026-07-18T15:51:21.309+0530] {logging_mixin.py:190} INFO - [2026-07-18T15:51:21.309+0530] {dagbag.py:588} INFO - Filling up the DagBag from /Users/bhavishyachallagolla/Desktop/RetailSense/.venv/lib/python3.12/site-packages/airflow/example_dags/example_dag_decorator.py
[2026-07-18T15:51:21.382+0530] {processor.py:925} INFO - DAG(s) 'example_dag_decorator' retrieved from /Users/bhavishyachallagolla/Desktop/RetailSense/.venv/lib/python3.12/site-packages/airflow/example_dags/example_dag_decorator.py
[2026-07-18T15:51:21.463+0530] {logging_mixin.py:190} INFO - [2026-07-18T15:51:21.463+0530] {dag.py:3239} INFO - Sync 1 DAGs
[2026-07-18T15:51:21.466+0530] {logging_mixin.py:190} INFO - [2026-07-18T15:51:21.466+0530] {dag.py:4180} INFO - Setting next_dagrun for example_dag_decorator to None, run_after=None
[2026-07-18T15:51:21.470+0530] {processor.py:208} INFO - Processing /Users/bhavishyachallagolla/Desktop/RetailSense/.venv/lib/python3.12/site-packages/airflow/example_dags/example_dag_decorator.py took 0.163 seconds
[2026-07-18T15:53:02.437+0530] {processor.py:186} INFO - Started process (PID=5994) to work on /Users/bhavishyachallagolla/Desktop/RetailSense/.venv/lib/python3.12/site-packages/airflow/example_dags/example_dag_decorator.py
[2026-07-18T15:53:02.437+0530] {processor.py:914} INFO - Processing file /Users/bhavishyachallagolla/Desktop/RetailSense/.venv/lib/python3.12/site-packages/airflow/example_dags/example_dag_decorator.py for tasks to queue
[2026-07-18T15:53:02.438+0530] {logging_mixin.py:190} INFO - [2026-07-18T15:53:02.438+0530] {dagbag.py:588} INFO - Filling up the DagBag from /Users/bhavishyachallagolla/Desktop/RetailSense/.venv/lib/python3.12/site-packages/airflow/example_dags/example_dag_decorator.py
[2026-07-18T15:53:02.511+0530] {processor.py:925} INFO - DAG(s) 'example_dag_decorator' retrieved from /Users/bhavishyachallagolla/Desktop/RetailSense/.venv/lib/python3.12/site-packages/airflow/example_dags/example_dag_decorator.py
[2026-07-18T15:53:02.590+0530] {logging_mixin.py:190} INFO - [2026-07-18T15:53:02.590+0530] {dag.py:3239} INFO - Sync 1 DAGs
[2026-07-18T15:53:02.593+0530] {logging_mixin.py:190} INFO - [2026-07-18T15:53:02.593+0530] {dag.py:4180} INFO - Setting next_dagrun for example_dag_decorator to None, run_after=None
[2026-07-18T15:53:02.598+0530] {processor.py:208} INFO - Processing /Users/bhavishyachallagolla/Desktop/RetailSense/.venv/lib/python3.12/site-packages/airflow/example_dags/example_dag_decorator.py took 0.162 seconds
[2026-07-18T15:54:48.675+0530] {processor.py:186} INFO - Started process (PID=6252) to work on /Users/bhavishyachallagolla/Desktop/RetailSense/.venv/lib/python3.12/site-packages/airflow/example_dags/example_dag_decorator.py
[2026-07-18T15:54:48.676+0530] {processor.py:914} INFO - Processing file /Users/bhavishyachallagolla/Desktop/RetailSense/.venv/lib/python3.12/site-packages/airflow/example_dags/example_dag_decorator.py for tasks to queue
[2026-07-18T15:54:48.676+0530] {logging_mixin.py:190} INFO - [2026-07-18T15:54:48.676+0530] {dagbag.py:588} INFO - Filling up the DagBag from /Users/bhavishyachallagolla/Desktop/RetailSense/.venv/lib/python3.12/site-packages/airflow/example_dags/example_dag_decorator.py
[2026-07-18T15:54:48.754+0530] {processor.py:925} INFO - DAG(s) 'example_dag_decorator' retrieved from /Users/bhavishyachallagolla/Desktop/RetailSense/.venv/lib/python3.12/site-packages/airflow/example_dags/example_dag_decorator.py
[2026-07-18T15:54:48.835+0530] {logging_mixin.py:190} INFO - [2026-07-18T15:54:48.835+0530] {dag.py:3239} INFO - Sync 1 DAGs
[2026-07-18T15:54:48.838+0530] {logging_mixin.py:190} INFO - [2026-07-18T15:54:48.838+0530] {dag.py:4180} INFO - Setting next_dagrun for example_dag_decorator to None, run_after=None
[2026-07-18T15:54:48.842+0530] {processor.py:208} INFO - Processing /Users/bhavishyachallagolla/Desktop/RetailSense/.venv/lib/python3.12/site-packages/airflow/example_dags/example_dag_decorator.py took 0.169 seconds
[2026-07-18T15:56:32.638+0530] {processor.py:186} INFO - Started process (PID=6518) to work on /Users/bhavishyachallagolla/Desktop/RetailSense/.venv/lib/python3.12/site-packages/airflow/example_dags/example_dag_decorator.py
[2026-07-18T15:56:32.639+0530] {processor.py:914} INFO - Processing file /Users/bhavishyachallagolla/Desktop/RetailSense/.venv/lib/python3.12/site-packages/airflow/example_dags/example_dag_decorator.py for tasks to queue
[2026-07-18T15:56:32.639+0530] {logging_mixin.py:190} INFO - [2026-07-18T15:56:32.639+0530] {dagbag.py:588} INFO - Filling up the DagBag from /Users/bhavishyachallagolla/Desktop/RetailSense/.venv/lib/python3.12/site-packages/airflow/example_dags/example_dag_decorator.py
[2026-07-18T15:56:32.714+0530] {processor.py:925} INFO - DAG(s) 'example_dag_decorator' retrieved from /Users/bhavishyachallagolla/Desktop/RetailSense/.venv/lib/python3.12/site-packages/airflow/example_dags/example_dag_decorator.py
[2026-07-18T15:56:32.796+0530] {logging_mixin.py:190} INFO - [2026-07-18T15:56:32.796+0530] {dag.py:3239} INFO - Sync 1 DAGs
[2026-07-18T15:56:32.799+0530] {logging_mixin.py:190} INFO - [2026-07-18T15:56:32.799+0530] {dag.py:4180} INFO - Setting next_dagrun for example_dag_decorator to None, run_after=None
[2026-07-18T15:56:32.803+0530] {processor.py:208} INFO - Processing /Users/bhavishyachallagolla/Desktop/RetailSense/.venv/lib/python3.12/site-packages/airflow/example_dags/example_dag_decorator.py took 0.166 seconds
