[2026-07-18T15:37:10.384+0530] {processor.py:186} INFO - Started process (PID=3474) to work on /Users/bhavishyachallagolla/Desktop/RetailSense/.venv/lib/python3.12/site-packages/airflow/example_dags/example_branch_datetime_operator.py
[2026-07-18T15:37:10.384+0530] {processor.py:914} INFO - Processing file /Users/bhavishyachallagolla/Desktop/RetailSense/.venv/lib/python3.12/site-packages/airflow/example_dags/example_branch_datetime_operator.py for tasks to queue
[2026-07-18T15:37:10.385+0530] {logging_mixin.py:190} INFO - [2026-07-18T15:37:10.384+0530] {dagbag.py:588} INFO - Filling up the DagBag from /Users/bhavishyachallagolla/Desktop/RetailSense/.venv/lib/python3.12/site-packages/airflow/example_dags/example_branch_datetime_operator.py
[2026-07-18T15:37:10.388+0530] {processor.py:925} INFO - DAG(s) 'example_branch_datetime_operator_3', 'example_branch_datetime_operator_2', 'example_branch_datetime_operator' retrieved from /Users/bhavishyachallagolla/Desktop/RetailSense/.venv/lib/python3.12/site-packages/airflow/example_dags/example_branch_datetime_operator.py
[2026-07-18T15:37:10.415+0530] {logging_mixin.py:190} INFO - [2026-07-18T15:37:10.415+0530] {dag.py:3239} INFO - Sync 3 DAGs
[2026-07-18T15:37:10.420+0530] {logging_mixin.py:190} INFO - [2026-07-18T15:37:10.420+0530] {dag.py:4180} INFO - Setting next_dagrun for example_branch_datetime_operator to 2026-07-17 00:00:00+00:00, run_after=2026-07-18 00:00:00+00:00
[2026-07-18T15:37:10.421+0530] {logging_mixin.py:190} INFO - [2026-07-18T15:37:10.421+0530] {dag.py:4180} INFO - Setting next_dagrun for example_branch_datetime_operator_2 to 2026-07-17 00:00:00+00:00, run_after=2026-07-18 00:00:00+00:00
[2026-07-18T15:37:10.422+0530] {logging_mixin.py:190} INFO - [2026-07-18T15:37:10.422+0530] {dag.py:4180} INFO - Setting next_dagrun for example_branch_datetime_operator_3 to 2026-07-17 00:00:00+00:00, run_after=2026-07-18 00:00:00+00:00
[2026-07-18T15:37:10.426+0530] {processor.py:208} INFO - Processing /Users/bhavishyachallagolla/Desktop/RetailSense/.venv/lib/python3.12/site-packages/airflow/example_dags/example_branch_datetime_operator.py took 0.043 seconds
[2026-07-18T15:39:13.372+0530] {processor.py:186} INFO - Started process (PID=3809) to work on /Users/bhavishyachallagolla/Desktop/RetailSense/.venv/lib/python3.12/site-packages/airflow/example_dags/example_branch_datetime_operator.py
[2026-07-18T15:39:13.373+0530] {processor.py:914} INFO - Processing file /Users/bhavishyachallagolla/Desktop/RetailSense/.venv/lib/python3.12/site-packages/airflow/example_dags/example_branch_datetime_operator.py for tasks to queue
[2026-07-18T15:39:13.373+0530] {logging_mixin.py:190} INFO - [2026-07-18T15:39:13.373+0530] {dagbag.py:588} INFO - Filling up the DagBag from /Users/bhavishyachallagolla/Desktop/RetailSense/.venv/lib/python3.12/site-packages/airflow/example_dags/example_branch_datetime_operator.py
[2026-07-18T15:39:13.377+0530] {processor.py:925} INFO - DAG(s) 'example_branch_datetime_operator_2', 'example_branch_datetime_operator_3', 'example_branch_datetime_operator' retrieved from /Users/bhavishyachallagolla/Desktop/RetailSense/.venv/lib/python3.12/site-packages/airflow/example_dags/example_branch_datetime_operator.py
[2026-07-18T15:39:13.404+0530] {logging_mixin.py:190} INFO - [2026-07-18T15:39:13.404+0530] {dag.py:3239} INFO - Sync 3 DAGs
[2026-07-18T15:39:13.409+0530] {logging_mixin.py:190} INFO - [2026-07-18T15:39:13.409+0530] {dag.py:4180} INFO - Setting next_dagrun for example_branch_datetime_operator to 2026-07-17 00:00:00+00:00, run_after=2026-07-18 00:00:00+00:00
[2026-07-18T15:39:13.410+0530] {logging_mixin.py:190} INFO - [2026-07-18T15:39:13.410+0530] {dag.py:4180} INFO - Setting next_dagrun for example_branch_datetime_operator_2 to 2026-07-17 00:00:00+00:00, run_after=2026-07-18 00:00:00+00:00
[2026-07-18T15:39:13.410+0530] {logging_mixin.py:190} INFO - [2026-07-18T15:39:13.410+0530] {dag.py:4180} INFO - Setting next_dagrun for example_branch_datetime_operator_3 to 2026-07-17 00:00:00+00:00, run_after=2026-07-18 00:00:00+00:00
[2026-07-18T15:39:13.415+0530] {processor.py:208} INFO - Processing /Users/bhavishyachallagolla/Desktop/RetailSense/.venv/lib/python3.12/site-packages/airflow/example_dags/example_branch_datetime_operator.py took 0.043 seconds
[2026-07-18T15:40:53.239+0530] {processor.py:186} INFO - Started process (PID=4062) to work on /Users/bhavishyachallagolla/Desktop/RetailSense/.venv/lib/python3.12/site-packages/airflow/example_dags/example_branch_datetime_operator.py
[2026-07-18T15:40:53.240+0530] {processor.py:914} INFO - Processing file /Users/bhavishyachallagolla/Desktop/RetailSense/.venv/lib/python3.12/site-packages/airflow/example_dags/example_branch_datetime_operator.py for tasks to queue
[2026-07-18T15:40:53.240+0530] {logging_mixin.py:190} INFO - [2026-07-18T15:40:53.240+0530] {dagbag.py:588} INFO - Filling up the DagBag from /Users/bhavishyachallagolla/Desktop/RetailSense/.venv/lib/python3.12/site-packages/airflow/example_dags/example_branch_datetime_operator.py
[2026-07-18T15:40:53.244+0530] {processor.py:925} INFO - DAG(s) 'example_branch_datetime_operator', 'example_branch_datetime_operator_2', 'example_branch_datetime_operator_3' retrieved from /Users/bhavishyachallagolla/Desktop/RetailSense/.venv/lib/python3.12/site-packages/airflow/example_dags/example_branch_datetime_operator.py
[2026-07-18T15:40:53.270+0530] {logging_mixin.py:190} INFO - [2026-07-18T15:40:53.270+0530] {dag.py:3239} INFO - Sync 3 DAGs
[2026-07-18T15:40:53.275+0530] {logging_mixin.py:190} INFO - [2026-07-18T15:40:53.275+0530] {dag.py:4180} INFO - Setting next_dagrun for example_branch_datetime_operator to 2026-07-17 00:00:00+00:00, run_after=2026-07-18 00:00:00+00:00
[2026-07-18T15:40:53.277+0530] {logging_mixin.py:190} INFO - [2026-07-18T15:40:53.277+0530] {dag.py:4180} INFO - Setting next_dagrun for example_branch_datetime_operator_2 to 2026-07-17 00:00:00+00:00, run_after=2026-07-18 00:00:00+00:00
[2026-07-18T15:40:53.277+0530] {logging_mixin.py:190} INFO - [2026-07-18T15:40:53.277+0530] {dag.py:4180} INFO - Setting next_dagrun for example_branch_datetime_operator_3 to 2026-07-17 00:00:00+00:00, run_after=2026-07-18 00:00:00+00:00
[2026-07-18T15:40:53.281+0530] {processor.py:208} INFO - Processing /Users/bhavishyachallagolla/Desktop/RetailSense/.venv/lib/python3.12/site-packages/airflow/example_dags/example_branch_datetime_operator.py took 0.043 seconds
[2026-07-18T15:42:36.858+0530] {processor.py:186} INFO - Started process (PID=4329) to work on /Users/bhavishyachallagolla/Desktop/RetailSense/.venv/lib/python3.12/site-packages/airflow/example_dags/example_branch_datetime_operator.py
[2026-07-18T15:42:36.859+0530] {processor.py:914} INFO - Processing file /Users/bhavishyachallagolla/Desktop/RetailSense/.venv/lib/python3.12/site-packages/airflow/example_dags/example_branch_datetime_operator.py for tasks to queue
[2026-07-18T15:42:36.860+0530] {logging_mixin.py:190} INFO - [2026-07-18T15:42:36.859+0530] {dagbag.py:588} INFO - Filling up the DagBag from /Users/bhavishyachallagolla/Desktop/RetailSense/.venv/lib/python3.12/site-packages/airflow/example_dags/example_branch_datetime_operator.py
[2026-07-18T15:42:36.863+0530] {processor.py:925} INFO - DAG(s) 'example_branch_datetime_operator_2', 'example_branch_datetime_operator', 'example_branch_datetime_operator_3' retrieved from /Users/bhavishyachallagolla/Desktop/RetailSense/.venv/lib/python3.12/site-packages/airflow/example_dags/example_branch_datetime_operator.py
[2026-07-18T15:42:36.890+0530] {logging_mixin.py:190} INFO - [2026-07-18T15:42:36.890+0530] {dag.py:3239} INFO - Sync 3 DAGs
[2026-07-18T15:42:36.895+0530] {logging_mixin.py:190} INFO - [2026-07-18T15:42:36.895+0530] {dag.py:4180} INFO - Setting next_dagrun for example_branch_datetime_operator to 2026-07-17 00:00:00+00:00, run_after=2026-07-18 00:00:00+00:00
[2026-07-18T15:42:36.896+0530] {logging_mixin.py:190} INFO - [2026-07-18T15:42:36.896+0530] {dag.py:4180} INFO - Setting next_dagrun for example_branch_datetime_operator_2 to 2026-07-17 00:00:00+00:00, run_after=2026-07-18 00:00:00+00:00
[2026-07-18T15:42:36.897+0530] {logging_mixin.py:190} INFO - [2026-07-18T15:42:36.897+0530] {dag.py:4180} INFO - Setting next_dagrun for example_branch_datetime_operator_3 to 2026-07-17 00:00:00+00:00, run_after=2026-07-18 00:00:00+00:00
[2026-07-18T15:42:36.901+0530] {processor.py:208} INFO - Processing /Users/bhavishyachallagolla/Desktop/RetailSense/.venv/lib/python3.12/site-packages/airflow/example_dags/example_branch_datetime_operator.py took 0.044 seconds
[2026-07-18T15:44:31.704+0530] {processor.py:186} INFO - Started process (PID=4654) to work on /Users/bhavishyachallagolla/Desktop/RetailSense/.venv/lib/python3.12/site-packages/airflow/example_dags/example_branch_datetime_operator.py
[2026-07-18T15:44:31.705+0530] {processor.py:914} INFO - Processing file /Users/bhavishyachallagolla/Desktop/RetailSense/.venv/lib/python3.12/site-packages/airflow/example_dags/example_branch_datetime_operator.py for tasks to queue
[2026-07-18T15:44:31.705+0530] {logging_mixin.py:190} INFO - [2026-07-18T15:44:31.705+0530] {dagbag.py:588} INFO - Filling up the DagBag from /Users/bhavishyachallagolla/Desktop/RetailSense/.venv/lib/python3.12/site-packages/airflow/example_dags/example_branch_datetime_operator.py
[2026-07-18T15:44:31.709+0530] {processor.py:925} INFO - DAG(s) 'example_branch_datetime_operator_2', 'example_branch_datetime_operator', 'example_branch_datetime_operator_3' retrieved from /Users/bhavishyachallagolla/Desktop/RetailSense/.venv/lib/python3.12/site-packages/airflow/example_dags/example_branch_datetime_operator.py
[2026-07-18T15:44:31.735+0530] {logging_mixin.py:190} INFO - [2026-07-18T15:44:31.735+0530] {dag.py:3239} INFO - Sync 3 DAGs
[2026-07-18T15:44:31.740+0530] {logging_mixin.py:190} INFO - [2026-07-18T15:44:31.740+0530] {dag.py:4180} INFO - Setting next_dagrun for example_branch_datetime_operator to 2026-07-17 00:00:00+00:00, run_after=2026-07-18 00:00:00+00:00
[2026-07-18T15:44:31.741+0530] {logging_mixin.py:190} INFO - [2026-07-18T15:44:31.741+0530] {dag.py:4180} INFO - Setting next_dagrun for example_branch_datetime_operator_2 to 2026-07-17 00:00:00+00:00, run_after=2026-07-18 00:00:00+00:00
[2026-07-18T15:44:31.741+0530] {logging_mixin.py:190} INFO - [2026-07-18T15:44:31.741+0530] {dag.py:4180} INFO - Setting next_dagrun for example_branch_datetime_operator_3 to 2026-07-17 00:00:00+00:00, run_after=2026-07-18 00:00:00+00:00
[2026-07-18T15:44:31.745+0530] {processor.py:208} INFO - Processing /Users/bhavishyachallagolla/Desktop/RetailSense/.venv/lib/python3.12/site-packages/airflow/example_dags/example_branch_datetime_operator.py took 0.042 seconds
[2026-07-18T15:46:15.123+0530] {processor.py:186} INFO - Started process (PID=4909) to work on /Users/bhavishyachallagolla/Desktop/RetailSense/.venv/lib/python3.12/site-packages/airflow/example_dags/example_branch_datetime_operator.py
[2026-07-18T15:46:15.123+0530] {processor.py:914} INFO - Processing file /Users/bhavishyachallagolla/Desktop/RetailSense/.venv/lib/python3.12/site-packages/airflow/example_dags/example_branch_datetime_operator.py for tasks to queue
[2026-07-18T15:46:15.124+0530] {logging_mixin.py:190} INFO - [2026-07-18T15:46:15.124+0530] {dagbag.py:588} INFO - Filling up the DagBag from /Users/bhavishyachallagolla/Desktop/RetailSense/.venv/lib/python3.12/site-packages/airflow/example_dags/example_branch_datetime_operator.py
[2026-07-18T15:46:15.128+0530] {processor.py:925} INFO - DAG(s) 'example_branch_datetime_operator_2', 'example_branch_datetime_operator', 'example_branch_datetime_operator_3' retrieved from /Users/bhavishyachallagolla/Desktop/RetailSense/.venv/lib/python3.12/site-packages/airflow/example_dags/example_branch_datetime_operator.py
[2026-07-18T15:46:15.155+0530] {logging_mixin.py:190} INFO - [2026-07-18T15:46:15.154+0530] {dag.py:3239} INFO - Sync 3 DAGs
[2026-07-18T15:46:15.160+0530] {logging_mixin.py:190} INFO - [2026-07-18T15:46:15.160+0530] {dag.py:4180} INFO - Setting next_dagrun for example_branch_datetime_operator to 2026-07-17 00:00:00+00:00, run_after=2026-07-18 00:00:00+00:00
[2026-07-18T15:46:15.161+0530] {logging_mixin.py:190} INFO - [2026-07-18T15:46:15.161+0530] {dag.py:4180} INFO - Setting next_dagrun for example_branch_datetime_operator_2 to 2026-07-17 00:00:00+00:00, run_after=2026-07-18 00:00:00+00:00
[2026-07-18T15:46:15.162+0530] {logging_mixin.py:190} INFO - [2026-07-18T15:46:15.162+0530] {dag.py:4180} INFO - Setting next_dagrun for example_branch_datetime_operator_3 to 2026-07-17 00:00:00+00:00, run_after=2026-07-18 00:00:00+00:00
[2026-07-18T15:46:15.166+0530] {processor.py:208} INFO - Processing /Users/bhavishyachallagolla/Desktop/RetailSense/.venv/lib/python3.12/site-packages/airflow/example_dags/example_branch_datetime_operator.py took 0.044 seconds
[2026-07-18T15:47:59.781+0530] {processor.py:186} INFO - Started process (PID=5199) to work on /Users/bhavishyachallagolla/Desktop/RetailSense/.venv/lib/python3.12/site-packages/airflow/example_dags/example_branch_datetime_operator.py
[2026-07-18T15:47:59.782+0530] {processor.py:914} INFO - Processing file /Users/bhavishyachallagolla/Desktop/RetailSense/.venv/lib/python3.12/site-packages/airflow/example_dags/example_branch_datetime_operator.py for tasks to queue
[2026-07-18T15:47:59.782+0530] {logging_mixin.py:190} INFO - [2026-07-18T15:47:59.782+0530] {dagbag.py:588} INFO - Filling up the DagBag from /Users/bhavishyachallagolla/Desktop/RetailSense/.venv/lib/python3.12/site-packages/airflow/example_dags/example_branch_datetime_operator.py
[2026-07-18T15:47:59.786+0530] {processor.py:925} INFO - DAG(s) 'example_branch_datetime_operator_3', 'example_branch_datetime_operator', 'example_branch_datetime_operator_2' retrieved from /Users/bhavishyachallagolla/Desktop/RetailSense/.venv/lib/python3.12/site-packages/airflow/example_dags/example_branch_datetime_operator.py
[2026-07-18T15:47:59.814+0530] {logging_mixin.py:190} INFO - [2026-07-18T15:47:59.813+0530] {dag.py:3239} INFO - Sync 3 DAGs
[2026-07-18T15:47:59.819+0530] {logging_mixin.py:190} INFO - [2026-07-18T15:47:59.819+0530] {dag.py:4180} INFO - Setting next_dagrun for example_branch_datetime_operator to 2026-07-17 00:00:00+00:00, run_after=2026-07-18 00:00:00+00:00
[2026-07-18T15:47:59.820+0530] {logging_mixin.py:190} INFO - [2026-07-18T15:47:59.820+0530] {dag.py:4180} INFO - Setting next_dagrun for example_branch_datetime_operator_2 to 2026-07-17 00:00:00+00:00, run_after=2026-07-18 00:00:00+00:00
[2026-07-18T15:47:59.821+0530] {logging_mixin.py:190} INFO - [2026-07-18T15:47:59.821+0530] {dag.py:4180} INFO - Setting next_dagrun for example_branch_datetime_operator_3 to 2026-07-17 00:00:00+00:00, run_after=2026-07-18 00:00:00+00:00
[2026-07-18T15:47:59.825+0530] {processor.py:208} INFO - Processing /Users/bhavishyachallagolla/Desktop/RetailSense/.venv/lib/python3.12/site-packages/airflow/example_dags/example_branch_datetime_operator.py took 0.045 seconds
[2026-07-18T15:49:47.473+0530] {processor.py:186} INFO - Started process (PID=5492) to work on /Users/bhavishyachallagolla/Desktop/RetailSense/.venv/lib/python3.12/site-packages/airflow/example_dags/example_branch_datetime_operator.py
[2026-07-18T15:49:47.474+0530] {processor.py:914} INFO - Processing file /Users/bhavishyachallagolla/Desktop/RetailSense/.venv/lib/python3.12/site-packages/airflow/example_dags/example_branch_datetime_operator.py for tasks to queue
[2026-07-18T15:49:47.474+0530] {logging_mixin.py:190} INFO - [2026-07-18T15:49:47.474+0530] {dagbag.py:588} INFO - Filling up the DagBag from /Users/bhavishyachallagolla/Desktop/RetailSense/.venv/lib/python3.12/site-packages/airflow/example_dags/example_branch_datetime_operator.py
[2026-07-18T15:49:47.478+0530] {processor.py:925} INFO - DAG(s) 'example_branch_datetime_operator', 'example_branch_datetime_operator_3', 'example_branch_datetime_operator_2' retrieved from /Users/bhavishyachallagolla/Desktop/RetailSense/.venv/lib/python3.12/site-packages/airflow/example_dags/example_branch_datetime_operator.py
[2026-07-18T15:49:47.505+0530] {logging_mixin.py:190} INFO - [2026-07-18T15:49:47.505+0530] {dag.py:3239} INFO - Sync 3 DAGs
[2026-07-18T15:49:47.510+0530] {logging_mixin.py:190} INFO - [2026-07-18T15:49:47.510+0530] {dag.py:4180} INFO - Setting next_dagrun for example_branch_datetime_operator to 2026-07-17 00:00:00+00:00, run_after=2026-07-18 00:00:00+00:00
[2026-07-18T15:49:47.511+0530] {logging_mixin.py:190} INFO - [2026-07-18T15:49:47.511+0530] {dag.py:4180} INFO - Setting next_dagrun for example_branch_datetime_operator_2 to 2026-07-17 00:00:00+00:00, run_after=2026-07-18 00:00:00+00:00
[2026-07-18T15:49:47.512+0530] {logging_mixin.py:190} INFO - [2026-07-18T15:49:47.512+0530] {dag.py:4180} INFO - Setting next_dagrun for example_branch_datetime_operator_3 to 2026-07-17 00:00:00+00:00, run_after=2026-07-18 00:00:00+00:00
[2026-07-18T15:49:47.516+0530] {processor.py:208} INFO - Processing /Users/bhavishyachallagolla/Desktop/RetailSense/.venv/lib/python3.12/site-packages/airflow/example_dags/example_branch_datetime_operator.py took 0.044 seconds
[2026-07-18T15:51:30.880+0530] {processor.py:186} INFO - Started process (PID=5757) to work on /Users/bhavishyachallagolla/Desktop/RetailSense/.venv/lib/python3.12/site-packages/airflow/example_dags/example_branch_datetime_operator.py
[2026-07-18T15:51:30.881+0530] {processor.py:914} INFO - Processing file /Users/bhavishyachallagolla/Desktop/RetailSense/.venv/lib/python3.12/site-packages/airflow/example_dags/example_branch_datetime_operator.py for tasks to queue
[2026-07-18T15:51:30.881+0530] {logging_mixin.py:190} INFO - [2026-07-18T15:51:30.881+0530] {dagbag.py:588} INFO - Filling up the DagBag from /Users/bhavishyachallagolla/Desktop/RetailSense/.venv/lib/python3.12/site-packages/airflow/example_dags/example_branch_datetime_operator.py
[2026-07-18T15:51:30.885+0530] {processor.py:925} INFO - DAG(s) 'example_branch_datetime_operator', 'example_branch_datetime_operator_2', 'example_branch_datetime_operator_3' retrieved from /Users/bhavishyachallagolla/Desktop/RetailSense/.venv/lib/python3.12/site-packages/airflow/example_dags/example_branch_datetime_operator.py
[2026-07-18T15:51:30.911+0530] {logging_mixin.py:190} INFO - [2026-07-18T15:51:30.911+0530] {dag.py:3239} INFO - Sync 3 DAGs
[2026-07-18T15:51:30.916+0530] {logging_mixin.py:190} INFO - [2026-07-18T15:51:30.916+0530] {dag.py:4180} INFO - Setting next_dagrun for example_branch_datetime_operator to 2026-07-17 00:00:00+00:00, run_after=2026-07-18 00:00:00+00:00
[2026-07-18T15:51:30.917+0530] {logging_mixin.py:190} INFO - [2026-07-18T15:51:30.917+0530] {dag.py:4180} INFO - Setting next_dagrun for example_branch_datetime_operator_2 to 2026-07-17 00:00:00+00:00, run_after=2026-07-18 00:00:00+00:00
[2026-07-18T15:51:30.917+0530] {logging_mixin.py:190} INFO - [2026-07-18T15:51:30.917+0530] {dag.py:4180} INFO - Setting next_dagrun for example_branch_datetime_operator_3 to 2026-07-17 00:00:00+00:00, run_after=2026-07-18 00:00:00+00:00
[2026-07-18T15:51:30.921+0530] {processor.py:208} INFO - Processing /Users/bhavishyachallagolla/Desktop/RetailSense/.venv/lib/python3.12/site-packages/airflow/example_dags/example_branch_datetime_operator.py took 0.042 seconds
[2026-07-18T15:53:12.770+0530] {processor.py:186} INFO - Started process (PID=6020) to work on /Users/bhavishyachallagolla/Desktop/RetailSense/.venv/lib/python3.12/site-packages/airflow/example_dags/example_branch_datetime_operator.py
[2026-07-18T15:53:12.771+0530] {processor.py:914} INFO - Processing file /Users/bhavishyachallagolla/Desktop/RetailSense/.venv/lib/python3.12/site-packages/airflow/example_dags/example_branch_datetime_operator.py for tasks to queue
[2026-07-18T15:53:12.772+0530] {logging_mixin.py:190} INFO - [2026-07-18T15:53:12.772+0530] {dagbag.py:588} INFO - Filling up the DagBag from /Users/bhavishyachallagolla/Desktop/RetailSense/.venv/lib/python3.12/site-packages/airflow/example_dags/example_branch_datetime_operator.py
[2026-07-18T15:53:12.775+0530] {processor.py:925} INFO - DAG(s) 'example_branch_datetime_operator', 'example_branch_datetime_operator_2', 'example_branch_datetime_operator_3' retrieved from /Users/bhavishyachallagolla/Desktop/RetailSense/.venv/lib/python3.12/site-packages/airflow/example_dags/example_branch_datetime_operator.py
[2026-07-18T15:53:12.801+0530] {logging_mixin.py:190} INFO - [2026-07-18T15:53:12.801+0530] {dag.py:3239} INFO - Sync 3 DAGs
[2026-07-18T15:53:12.807+0530] {logging_mixin.py:190} INFO - [2026-07-18T15:53:12.807+0530] {dag.py:4180} INFO - Setting next_dagrun for example_branch_datetime_operator to 2026-07-17 00:00:00+00:00, run_after=2026-07-18 00:00:00+00:00
[2026-07-18T15:53:12.808+0530] {logging_mixin.py:190} INFO - [2026-07-18T15:53:12.808+0530] {dag.py:4180} INFO - Setting next_dagrun for example_branch_datetime_operator_2 to 2026-07-17 00:00:00+00:00, run_after=2026-07-18 00:00:00+00:00
[2026-07-18T15:53:12.808+0530] {logging_mixin.py:190} INFO - [2026-07-18T15:53:12.808+0530] {dag.py:4180} INFO - Setting next_dagrun for example_branch_datetime_operator_3 to 2026-07-17 00:00:00+00:00, run_after=2026-07-18 00:00:00+00:00
[2026-07-18T15:53:12.812+0530] {processor.py:208} INFO - Processing /Users/bhavishyachallagolla/Desktop/RetailSense/.venv/lib/python3.12/site-packages/airflow/example_dags/example_branch_datetime_operator.py took 0.043 seconds
[2026-07-18T15:54:58.651+0530] {processor.py:186} INFO - Started process (PID=6276) to work on /Users/bhavishyachallagolla/Desktop/RetailSense/.venv/lib/python3.12/site-packages/airflow/example_dags/example_branch_datetime_operator.py
[2026-07-18T15:54:58.652+0530] {processor.py:914} INFO - Processing file /Users/bhavishyachallagolla/Desktop/RetailSense/.venv/lib/python3.12/site-packages/airflow/example_dags/example_branch_datetime_operator.py for tasks to queue
[2026-07-18T15:54:58.652+0530] {logging_mixin.py:190} INFO - [2026-07-18T15:54:58.652+0530] {dagbag.py:588} INFO - Filling up the DagBag from /Users/bhavishyachallagolla/Desktop/RetailSense/.venv/lib/python3.12/site-packages/airflow/example_dags/example_branch_datetime_operator.py
[2026-07-18T15:54:58.656+0530] {processor.py:925} INFO - DAG(s) 'example_branch_datetime_operator_3', 'example_branch_datetime_operator_2', 'example_branch_datetime_operator' retrieved from /Users/bhavishyachallagolla/Desktop/RetailSense/.venv/lib/python3.12/site-packages/airflow/example_dags/example_branch_datetime_operator.py
[2026-07-18T15:54:58.684+0530] {logging_mixin.py:190} INFO - [2026-07-18T15:54:58.684+0530] {dag.py:3239} INFO - Sync 3 DAGs
[2026-07-18T15:54:58.689+0530] {logging_mixin.py:190} INFO - [2026-07-18T15:54:58.689+0530] {dag.py:4180} INFO - Setting next_dagrun for example_branch_datetime_operator to 2026-07-17 00:00:00+00:00, run_after=2026-07-18 00:00:00+00:00
[2026-07-18T15:54:58.690+0530] {logging_mixin.py:190} INFO - [2026-07-18T15:54:58.690+0530] {dag.py:4180} INFO - Setting next_dagrun for example_branch_datetime_operator_2 to 2026-07-17 00:00:00+00:00, run_after=2026-07-18 00:00:00+00:00
[2026-07-18T15:54:58.691+0530] {logging_mixin.py:190} INFO - [2026-07-18T15:54:58.691+0530] {dag.py:4180} INFO - Setting next_dagrun for example_branch_datetime_operator_3 to 2026-07-17 00:00:00+00:00, run_after=2026-07-18 00:00:00+00:00
[2026-07-18T15:54:58.695+0530] {processor.py:208} INFO - Processing /Users/bhavishyachallagolla/Desktop/RetailSense/.venv/lib/python3.12/site-packages/airflow/example_dags/example_branch_datetime_operator.py took 0.045 seconds
[2026-07-18T15:56:42.179+0530] {processor.py:186} INFO - Started process (PID=6545) to work on /Users/bhavishyachallagolla/Desktop/RetailSense/.venv/lib/python3.12/site-packages/airflow/example_dags/example_branch_datetime_operator.py
[2026-07-18T15:56:42.180+0530] {processor.py:914} INFO - Processing file /Users/bhavishyachallagolla/Desktop/RetailSense/.venv/lib/python3.12/site-packages/airflow/example_dags/example_branch_datetime_operator.py for tasks to queue
[2026-07-18T15:56:42.181+0530] {logging_mixin.py:190} INFO - [2026-07-18T15:56:42.181+0530] {dagbag.py:588} INFO - Filling up the DagBag from /Users/bhavishyachallagolla/Desktop/RetailSense/.venv/lib/python3.12/site-packages/airflow/example_dags/example_branch_datetime_operator.py
[2026-07-18T15:56:42.184+0530] {processor.py:925} INFO - DAG(s) 'example_branch_datetime_operator_2', 'example_branch_datetime_operator_3', 'example_branch_datetime_operator' retrieved from /Users/bhavishyachallagolla/Desktop/RetailSense/.venv/lib/python3.12/site-packages/airflow/example_dags/example_branch_datetime_operator.py
[2026-07-18T15:56:42.212+0530] {logging_mixin.py:190} INFO - [2026-07-18T15:56:42.211+0530] {dag.py:3239} INFO - Sync 3 DAGs
[2026-07-18T15:56:42.217+0530] {logging_mixin.py:190} INFO - [2026-07-18T15:56:42.217+0530] {dag.py:4180} INFO - Setting next_dagrun for example_branch_datetime_operator to 2026-07-17 00:00:00+00:00, run_after=2026-07-18 00:00:00+00:00
[2026-07-18T15:56:42.218+0530] {logging_mixin.py:190} INFO - [2026-07-18T15:56:42.218+0530] {dag.py:4180} INFO - Setting next_dagrun for example_branch_datetime_operator_2 to 2026-07-17 00:00:00+00:00, run_after=2026-07-18 00:00:00+00:00
[2026-07-18T15:56:42.220+0530] {logging_mixin.py:190} INFO - [2026-07-18T15:56:42.220+0530] {dag.py:4180} INFO - Setting next_dagrun for example_branch_datetime_operator_3 to 2026-07-17 00:00:00+00:00, run_after=2026-07-18 00:00:00+00:00
[2026-07-18T15:56:42.224+0530] {processor.py:208} INFO - Processing /Users/bhavishyachallagolla/Desktop/RetailSense/.venv/lib/python3.12/site-packages/airflow/example_dags/example_branch_datetime_operator.py took 0.045 seconds
