[2026-07-18T15:36:13.521+0530] {processor.py:186} INFO - Started process (PID=3331) to work on /Users/bhavishyachallagolla/Desktop/RetailSense/.venv/lib/python3.12/site-packages/airflow/example_dags/example_trigger_target_dag.py
[2026-07-18T15:36:13.521+0530] {processor.py:914} INFO - Processing file /Users/bhavishyachallagolla/Desktop/RetailSense/.venv/lib/python3.12/site-packages/airflow/example_dags/example_trigger_target_dag.py for tasks to queue
[2026-07-18T15:36:13.522+0530] {logging_mixin.py:190} INFO - [2026-07-18T15:36:13.522+0530] {dagbag.py:588} INFO - Filling up the DagBag from /Users/bhavishyachallagolla/Desktop/RetailSense/.venv/lib/python3.12/site-packages/airflow/example_dags/example_trigger_target_dag.py
[2026-07-18T15:36:13.533+0530] {processor.py:925} INFO - DAG(s) 'example_trigger_target_dag' retrieved from /Users/bhavishyachallagolla/Desktop/RetailSense/.venv/lib/python3.12/site-packages/airflow/example_dags/example_trigger_target_dag.py
[2026-07-18T15:36:13.557+0530] {logging_mixin.py:190} INFO - [2026-07-18T15:36:13.557+0530] {dag.py:3239} INFO - Sync 1 DAGs
[2026-07-18T15:36:13.559+0530] {logging_mixin.py:190} INFO - [2026-07-18T15:36:13.559+0530] {dag.py:4180} INFO - Setting next_dagrun for example_trigger_target_dag to None, run_after=None
[2026-07-18T15:36:13.564+0530] {processor.py:208} INFO - Processing /Users/bhavishyachallagolla/Desktop/RetailSense/.venv/lib/python3.12/site-packages/airflow/example_dags/example_trigger_target_dag.py took 0.044 seconds
[2026-07-18T15:37:35.336+0530] {processor.py:186} INFO - Started process (PID=3536) to work on /Users/bhavishyachallagolla/Desktop/RetailSense/.venv/lib/python3.12/site-packages/airflow/example_dags/example_trigger_target_dag.py
[2026-07-18T15:37:35.338+0530] {processor.py:914} INFO - Processing file /Users/bhavishyachallagolla/Desktop/RetailSense/.venv/lib/python3.12/site-packages/airflow/example_dags/example_trigger_target_dag.py for tasks to queue
[2026-07-18T15:37:35.338+0530] {logging_mixin.py:190} INFO - [2026-07-18T15:37:35.338+0530] {dagbag.py:588} INFO - Filling up the DagBag from /Users/bhavishyachallagolla/Desktop/RetailSense/.venv/lib/python3.12/site-packages/airflow/example_dags/example_trigger_target_dag.py
[2026-07-18T15:37:35.350+0530] {processor.py:925} INFO - DAG(s) 'example_trigger_target_dag' retrieved from /Users/bhavishyachallagolla/Desktop/RetailSense/.venv/lib/python3.12/site-packages/airflow/example_dags/example_trigger_target_dag.py
[2026-07-18T15:37:35.374+0530] {logging_mixin.py:190} INFO - [2026-07-18T15:37:35.374+0530] {dag.py:3239} INFO - Sync 1 DAGs
[2026-07-18T15:37:35.377+0530] {logging_mixin.py:190} INFO - [2026-07-18T15:37:35.377+0530] {dag.py:4180} INFO - Setting next_dagrun for example_trigger_target_dag to None, run_after=None
[2026-07-18T15:37:35.382+0530] {processor.py:208} INFO - Processing /Users/bhavishyachallagolla/Desktop/RetailSense/.venv/lib/python3.12/site-packages/airflow/example_dags/example_trigger_target_dag.py took 0.046 seconds
[2026-07-18T15:38:37.070+0530] {processor.py:186} INFO - Started process (PID=3699) to work on /Users/bhavishyachallagolla/Desktop/RetailSense/.venv/lib/python3.12/site-packages/airflow/example_dags/example_trigger_target_dag.py
[2026-07-18T15:38:37.070+0530] {processor.py:914} INFO - Processing file /Users/bhavishyachallagolla/Desktop/RetailSense/.venv/lib/python3.12/site-packages/airflow/example_dags/example_trigger_target_dag.py for tasks to queue
[2026-07-18T15:38:37.070+0530] {logging_mixin.py:190} INFO - [2026-07-18T15:38:37.070+0530] {dagbag.py:588} INFO - Filling up the DagBag from /Users/bhavishyachallagolla/Desktop/RetailSense/.venv/lib/python3.12/site-packages/airflow/example_dags/example_trigger_target_dag.py
[2026-07-18T15:38:37.082+0530] {processor.py:925} INFO - DAG(s) 'example_trigger_target_dag' retrieved from /Users/bhavishyachallagolla/Desktop/RetailSense/.venv/lib/python3.12/site-packages/airflow/example_dags/example_trigger_target_dag.py
[2026-07-18T15:38:37.106+0530] {logging_mixin.py:190} INFO - [2026-07-18T15:38:37.106+0530] {dag.py:3239} INFO - Sync 1 DAGs
[2026-07-18T15:38:37.108+0530] {logging_mixin.py:190} INFO - [2026-07-18T15:38:37.108+0530] {dag.py:4180} INFO - Setting next_dagrun for example_trigger_target_dag to None, run_after=None
[2026-07-18T15:38:37.113+0530] {processor.py:208} INFO - Processing /Users/bhavishyachallagolla/Desktop/RetailSense/.venv/lib/python3.12/site-packages/airflow/example_dags/example_trigger_target_dag.py took 0.044 seconds
[2026-07-18T15:39:38.722+0530] {processor.py:186} INFO - Started process (PID=3875) to work on /Users/bhavishyachallagolla/Desktop/RetailSense/.venv/lib/python3.12/site-packages/airflow/example_dags/example_trigger_target_dag.py
[2026-07-18T15:39:38.722+0530] {processor.py:914} INFO - Processing file /Users/bhavishyachallagolla/Desktop/RetailSense/.venv/lib/python3.12/site-packages/airflow/example_dags/example_trigger_target_dag.py for tasks to queue
[2026-07-18T15:39:38.723+0530] {logging_mixin.py:190} INFO - [2026-07-18T15:39:38.723+0530] {dagbag.py:588} INFO - Filling up the DagBag from /Users/bhavishyachallagolla/Desktop/RetailSense/.venv/lib/python3.12/site-packages/airflow/example_dags/example_trigger_target_dag.py
[2026-07-18T15:39:38.735+0530] {processor.py:925} INFO - DAG(s) 'example_trigger_target_dag' retrieved from /Users/bhavishyachallagolla/Desktop/RetailSense/.venv/lib/python3.12/site-packages/airflow/example_dags/example_trigger_target_dag.py
[2026-07-18T15:39:38.759+0530] {logging_mixin.py:190} INFO - [2026-07-18T15:39:38.759+0530] {dag.py:3239} INFO - Sync 1 DAGs
[2026-07-18T15:39:38.762+0530] {logging_mixin.py:190} INFO - [2026-07-18T15:39:38.762+0530] {dag.py:4180} INFO - Setting next_dagrun for example_trigger_target_dag to None, run_after=None
[2026-07-18T15:39:38.767+0530] {processor.py:208} INFO - Processing /Users/bhavishyachallagolla/Desktop/RetailSense/.venv/lib/python3.12/site-packages/airflow/example_dags/example_trigger_target_dag.py took 0.046 seconds
[2026-07-18T15:41:18.325+0530] {processor.py:186} INFO - Started process (PID=4138) to work on /Users/bhavishyachallagolla/Desktop/RetailSense/.venv/lib/python3.12/site-packages/airflow/example_dags/example_trigger_target_dag.py
[2026-07-18T15:41:18.327+0530] {processor.py:914} INFO - Processing file /Users/bhavishyachallagolla/Desktop/RetailSense/.venv/lib/python3.12/site-packages/airflow/example_dags/example_trigger_target_dag.py for tasks to queue
[2026-07-18T15:41:18.327+0530] {logging_mixin.py:190} INFO - [2026-07-18T15:41:18.327+0530] {dagbag.py:588} INFO - Filling up the DagBag from /Users/bhavishyachallagolla/Desktop/RetailSense/.venv/lib/python3.12/site-packages/airflow/example_dags/example_trigger_target_dag.py
[2026-07-18T15:41:18.339+0530] {processor.py:925} INFO - DAG(s) 'example_trigger_target_dag' retrieved from /Users/bhavishyachallagolla/Desktop/RetailSense/.venv/lib/python3.12/site-packages/airflow/example_dags/example_trigger_target_dag.py
[2026-07-18T15:41:18.363+0530] {logging_mixin.py:190} INFO - [2026-07-18T15:41:18.363+0530] {dag.py:3239} INFO - Sync 1 DAGs
[2026-07-18T15:41:18.366+0530] {logging_mixin.py:190} INFO - [2026-07-18T15:41:18.366+0530] {dag.py:4180} INFO - Setting next_dagrun for example_trigger_target_dag to None, run_after=None
[2026-07-18T15:41:18.371+0530] {processor.py:208} INFO - Processing /Users/bhavishyachallagolla/Desktop/RetailSense/.venv/lib/python3.12/site-packages/airflow/example_dags/example_trigger_target_dag.py took 0.046 seconds
[2026-07-18T15:43:02.122+0530] {processor.py:186} INFO - Started process (PID=4421) to work on /Users/bhavishyachallagolla/Desktop/RetailSense/.venv/lib/python3.12/site-packages/airflow/example_dags/example_trigger_target_dag.py
[2026-07-18T15:43:02.122+0530] {processor.py:914} INFO - Processing file /Users/bhavishyachallagolla/Desktop/RetailSense/.venv/lib/python3.12/site-packages/airflow/example_dags/example_trigger_target_dag.py for tasks to queue
[2026-07-18T15:43:02.123+0530] {logging_mixin.py:190} INFO - [2026-07-18T15:43:02.123+0530] {dagbag.py:588} INFO - Filling up the DagBag from /Users/bhavishyachallagolla/Desktop/RetailSense/.venv/lib/python3.12/site-packages/airflow/example_dags/example_trigger_target_dag.py
[2026-07-18T15:43:02.135+0530] {processor.py:925} INFO - DAG(s) 'example_trigger_target_dag' retrieved from /Users/bhavishyachallagolla/Desktop/RetailSense/.venv/lib/python3.12/site-packages/airflow/example_dags/example_trigger_target_dag.py
[2026-07-18T15:43:02.160+0530] {logging_mixin.py:190} INFO - [2026-07-18T15:43:02.160+0530] {dag.py:3239} INFO - Sync 1 DAGs
[2026-07-18T15:43:02.163+0530] {logging_mixin.py:190} INFO - [2026-07-18T15:43:02.163+0530] {dag.py:4180} INFO - Setting next_dagrun for example_trigger_target_dag to None, run_after=None
[2026-07-18T15:43:02.168+0530] {processor.py:208} INFO - Processing /Users/bhavishyachallagolla/Desktop/RetailSense/.venv/lib/python3.12/site-packages/airflow/example_dags/example_trigger_target_dag.py took 0.047 seconds
[2026-07-18T15:44:04.243+0530] {processor.py:186} INFO - Started process (PID=4582) to work on /Users/bhavishyachallagolla/Desktop/RetailSense/.venv/lib/python3.12/site-packages/airflow/example_dags/example_trigger_target_dag.py
[2026-07-18T15:44:04.244+0530] {processor.py:914} INFO - Processing file /Users/bhavishyachallagolla/Desktop/RetailSense/.venv/lib/python3.12/site-packages/airflow/example_dags/example_trigger_target_dag.py for tasks to queue
[2026-07-18T15:44:04.244+0530] {logging_mixin.py:190} INFO - [2026-07-18T15:44:04.244+0530] {dagbag.py:588} INFO - Filling up the DagBag from /Users/bhavishyachallagolla/Desktop/RetailSense/.venv/lib/python3.12/site-packages/airflow/example_dags/example_trigger_target_dag.py
[2026-07-18T15:44:04.256+0530] {processor.py:925} INFO - DAG(s) 'example_trigger_target_dag' retrieved from /Users/bhavishyachallagolla/Desktop/RetailSense/.venv/lib/python3.12/site-packages/airflow/example_dags/example_trigger_target_dag.py
[2026-07-18T15:44:04.279+0530] {logging_mixin.py:190} INFO - [2026-07-18T15:44:04.279+0530] {dag.py:3239} INFO - Sync 1 DAGs
[2026-07-18T15:44:04.282+0530] {logging_mixin.py:190} INFO - [2026-07-18T15:44:04.282+0530] {dag.py:4180} INFO - Setting next_dagrun for example_trigger_target_dag to None, run_after=None
[2026-07-18T15:44:04.287+0530] {processor.py:208} INFO - Processing /Users/bhavishyachallagolla/Desktop/RetailSense/.venv/lib/python3.12/site-packages/airflow/example_dags/example_trigger_target_dag.py took 0.045 seconds
[2026-07-18T15:44:55.927+0530] {processor.py:186} INFO - Started process (PID=4713) to work on /Users/bhavishyachallagolla/Desktop/RetailSense/.venv/lib/python3.12/site-packages/airflow/example_dags/example_trigger_target_dag.py
[2026-07-18T15:44:55.927+0530] {processor.py:914} INFO - Processing file /Users/bhavishyachallagolla/Desktop/RetailSense/.venv/lib/python3.12/site-packages/airflow/example_dags/example_trigger_target_dag.py for tasks to queue
[2026-07-18T15:44:55.928+0530] {logging_mixin.py:190} INFO - [2026-07-18T15:44:55.928+0530] {dagbag.py:588} INFO - Filling up the DagBag from /Users/bhavishyachallagolla/Desktop/RetailSense/.venv/lib/python3.12/site-packages/airflow/example_dags/example_trigger_target_dag.py
[2026-07-18T15:44:55.939+0530] {processor.py:925} INFO - DAG(s) 'example_trigger_target_dag' retrieved from /Users/bhavishyachallagolla/Desktop/RetailSense/.venv/lib/python3.12/site-packages/airflow/example_dags/example_trigger_target_dag.py
[2026-07-18T15:44:55.963+0530] {logging_mixin.py:190} INFO - [2026-07-18T15:44:55.963+0530] {dag.py:3239} INFO - Sync 1 DAGs
[2026-07-18T15:44:55.966+0530] {logging_mixin.py:190} INFO - [2026-07-18T15:44:55.966+0530] {dag.py:4180} INFO - Setting next_dagrun for example_trigger_target_dag to None, run_after=None
[2026-07-18T15:44:55.971+0530] {processor.py:208} INFO - Processing /Users/bhavishyachallagolla/Desktop/RetailSense/.venv/lib/python3.12/site-packages/airflow/example_dags/example_trigger_target_dag.py took 0.045 seconds
[2026-07-18T15:45:48.074+0530] {processor.py:186} INFO - Started process (PID=4844) to work on /Users/bhavishyachallagolla/Desktop/RetailSense/.venv/lib/python3.12/site-packages/airflow/example_dags/example_trigger_target_dag.py
[2026-07-18T15:45:48.074+0530] {processor.py:914} INFO - Processing file /Users/bhavishyachallagolla/Desktop/RetailSense/.venv/lib/python3.12/site-packages/airflow/example_dags/example_trigger_target_dag.py for tasks to queue
[2026-07-18T15:45:48.075+0530] {logging_mixin.py:190} INFO - [2026-07-18T15:45:48.074+0530] {dagbag.py:588} INFO - Filling up the DagBag from /Users/bhavishyachallagolla/Desktop/RetailSense/.venv/lib/python3.12/site-packages/airflow/example_dags/example_trigger_target_dag.py
[2026-07-18T15:45:48.086+0530] {processor.py:925} INFO - DAG(s) 'example_trigger_target_dag' retrieved from /Users/bhavishyachallagolla/Desktop/RetailSense/.venv/lib/python3.12/site-packages/airflow/example_dags/example_trigger_target_dag.py
[2026-07-18T15:45:48.110+0530] {logging_mixin.py:190} INFO - [2026-07-18T15:45:48.110+0530] {dag.py:3239} INFO - Sync 1 DAGs
[2026-07-18T15:45:48.113+0530] {logging_mixin.py:190} INFO - [2026-07-18T15:45:48.113+0530] {dag.py:4180} INFO - Setting next_dagrun for example_trigger_target_dag to None, run_after=None
[2026-07-18T15:45:48.118+0530] {processor.py:208} INFO - Processing /Users/bhavishyachallagolla/Desktop/RetailSense/.venv/lib/python3.12/site-packages/airflow/example_dags/example_trigger_target_dag.py took 0.045 seconds
[2026-07-18T15:46:40.836+0530] {processor.py:186} INFO - Started process (PID=4973) to work on /Users/bhavishyachallagolla/Desktop/RetailSense/.venv/lib/python3.12/site-packages/airflow/example_dags/example_trigger_target_dag.py
[2026-07-18T15:46:40.837+0530] {processor.py:914} INFO - Processing file /Users/bhavishyachallagolla/Desktop/RetailSense/.venv/lib/python3.12/site-packages/airflow/example_dags/example_trigger_target_dag.py for tasks to queue
[2026-07-18T15:46:40.837+0530] {logging_mixin.py:190} INFO - [2026-07-18T15:46:40.837+0530] {dagbag.py:588} INFO - Filling up the DagBag from /Users/bhavishyachallagolla/Desktop/RetailSense/.venv/lib/python3.12/site-packages/airflow/example_dags/example_trigger_target_dag.py
[2026-07-18T15:46:40.849+0530] {processor.py:925} INFO - DAG(s) 'example_trigger_target_dag' retrieved from /Users/bhavishyachallagolla/Desktop/RetailSense/.venv/lib/python3.12/site-packages/airflow/example_dags/example_trigger_target_dag.py
[2026-07-18T15:46:40.873+0530] {logging_mixin.py:190} INFO - [2026-07-18T15:46:40.873+0530] {dag.py:3239} INFO - Sync 1 DAGs
[2026-07-18T15:46:40.876+0530] {logging_mixin.py:190} INFO - [2026-07-18T15:46:40.876+0530] {dag.py:4180} INFO - Setting next_dagrun for example_trigger_target_dag to None, run_after=None
[2026-07-18T15:46:40.880+0530] {processor.py:208} INFO - Processing /Users/bhavishyachallagolla/Desktop/RetailSense/.venv/lib/python3.12/site-packages/airflow/example_dags/example_trigger_target_dag.py took 0.046 seconds
[2026-07-18T15:47:32.366+0530] {processor.py:186} INFO - Started process (PID=5129) to work on /Users/bhavishyachallagolla/Desktop/RetailSense/.venv/lib/python3.12/site-packages/airflow/example_dags/example_trigger_target_dag.py
[2026-07-18T15:47:32.367+0530] {processor.py:914} INFO - Processing file /Users/bhavishyachallagolla/Desktop/RetailSense/.venv/lib/python3.12/site-packages/airflow/example_dags/example_trigger_target_dag.py for tasks to queue
[2026-07-18T15:47:32.368+0530] {logging_mixin.py:190} INFO - [2026-07-18T15:47:32.368+0530] {dagbag.py:588} INFO - Filling up the DagBag from /Users/bhavishyachallagolla/Desktop/RetailSense/.venv/lib/python3.12/site-packages/airflow/example_dags/example_trigger_target_dag.py
[2026-07-18T15:47:32.380+0530] {processor.py:925} INFO - DAG(s) 'example_trigger_target_dag' retrieved from /Users/bhavishyachallagolla/Desktop/RetailSense/.venv/lib/python3.12/site-packages/airflow/example_dags/example_trigger_target_dag.py
[2026-07-18T15:47:32.404+0530] {logging_mixin.py:190} INFO - [2026-07-18T15:47:32.404+0530] {dag.py:3239} INFO - Sync 1 DAGs
[2026-07-18T15:47:32.407+0530] {logging_mixin.py:190} INFO - [2026-07-18T15:47:32.407+0530] {dag.py:4180} INFO - Setting next_dagrun for example_trigger_target_dag to None, run_after=None
[2026-07-18T15:47:32.411+0530] {processor.py:208} INFO - Processing /Users/bhavishyachallagolla/Desktop/RetailSense/.venv/lib/python3.12/site-packages/airflow/example_dags/example_trigger_target_dag.py took 0.046 seconds
[2026-07-18T15:48:24.907+0530] {processor.py:186} INFO - Started process (PID=5274) to work on /Users/bhavishyachallagolla/Desktop/RetailSense/.venv/lib/python3.12/site-packages/airflow/example_dags/example_trigger_target_dag.py
[2026-07-18T15:48:24.907+0530] {processor.py:914} INFO - Processing file /Users/bhavishyachallagolla/Desktop/RetailSense/.venv/lib/python3.12/site-packages/airflow/example_dags/example_trigger_target_dag.py for tasks to queue
[2026-07-18T15:48:24.908+0530] {logging_mixin.py:190} INFO - [2026-07-18T15:48:24.908+0530] {dagbag.py:588} INFO - Filling up the DagBag from /Users/bhavishyachallagolla/Desktop/RetailSense/.venv/lib/python3.12/site-packages/airflow/example_dags/example_trigger_target_dag.py
[2026-07-18T15:48:24.920+0530] {processor.py:925} INFO - DAG(s) 'example_trigger_target_dag' retrieved from /Users/bhavishyachallagolla/Desktop/RetailSense/.venv/lib/python3.12/site-packages/airflow/example_dags/example_trigger_target_dag.py
[2026-07-18T15:48:24.944+0530] {logging_mixin.py:190} INFO - [2026-07-18T15:48:24.944+0530] {dag.py:3239} INFO - Sync 1 DAGs
[2026-07-18T15:48:24.947+0530] {logging_mixin.py:190} INFO - [2026-07-18T15:48:24.947+0530] {dag.py:4180} INFO - Setting next_dagrun for example_trigger_target_dag to None, run_after=None
[2026-07-18T15:48:24.951+0530] {processor.py:208} INFO - Processing /Users/bhavishyachallagolla/Desktop/RetailSense/.venv/lib/python3.12/site-packages/airflow/example_dags/example_trigger_target_dag.py took 0.045 seconds
[2026-07-18T15:49:18.355+0530] {processor.py:186} INFO - Started process (PID=5422) to work on /Users/bhavishyachallagolla/Desktop/RetailSense/.venv/lib/python3.12/site-packages/airflow/example_dags/example_trigger_target_dag.py
[2026-07-18T15:49:18.356+0530] {processor.py:914} INFO - Processing file /Users/bhavishyachallagolla/Desktop/RetailSense/.venv/lib/python3.12/site-packages/airflow/example_dags/example_trigger_target_dag.py for tasks to queue
[2026-07-18T15:49:18.356+0530] {logging_mixin.py:190} INFO - [2026-07-18T15:49:18.356+0530] {dagbag.py:588} INFO - Filling up the DagBag from /Users/bhavishyachallagolla/Desktop/RetailSense/.venv/lib/python3.12/site-packages/airflow/example_dags/example_trigger_target_dag.py
[2026-07-18T15:49:18.368+0530] {processor.py:925} INFO - DAG(s) 'example_trigger_target_dag' retrieved from /Users/bhavishyachallagolla/Desktop/RetailSense/.venv/lib/python3.12/site-packages/airflow/example_dags/example_trigger_target_dag.py
[2026-07-18T15:49:18.393+0530] {logging_mixin.py:190} INFO - [2026-07-18T15:49:18.393+0530] {dag.py:3239} INFO - Sync 1 DAGs
[2026-07-18T15:49:18.396+0530] {logging_mixin.py:190} INFO - [2026-07-18T15:49:18.395+0530] {dag.py:4180} INFO - Setting next_dagrun for example_trigger_target_dag to None, run_after=None
[2026-07-18T15:49:18.400+0530] {processor.py:208} INFO - Processing /Users/bhavishyachallagolla/Desktop/RetailSense/.venv/lib/python3.12/site-packages/airflow/example_dags/example_trigger_target_dag.py took 0.046 seconds
[2026-07-18T15:50:12.251+0530] {processor.py:186} INFO - Started process (PID=5551) to work on /Users/bhavishyachallagolla/Desktop/RetailSense/.venv/lib/python3.12/site-packages/airflow/example_dags/example_trigger_target_dag.py
[2026-07-18T15:50:12.252+0530] {processor.py:914} INFO - Processing file /Users/bhavishyachallagolla/Desktop/RetailSense/.venv/lib/python3.12/site-packages/airflow/example_dags/example_trigger_target_dag.py for tasks to queue
[2026-07-18T15:50:12.253+0530] {logging_mixin.py:190} INFO - [2026-07-18T15:50:12.252+0530] {dagbag.py:588} INFO - Filling up the DagBag from /Users/bhavishyachallagolla/Desktop/RetailSense/.venv/lib/python3.12/site-packages/airflow/example_dags/example_trigger_target_dag.py
[2026-07-18T15:50:12.265+0530] {processor.py:925} INFO - DAG(s) 'example_trigger_target_dag' retrieved from /Users/bhavishyachallagolla/Desktop/RetailSense/.venv/lib/python3.12/site-packages/airflow/example_dags/example_trigger_target_dag.py
[2026-07-18T15:50:12.290+0530] {logging_mixin.py:190} INFO - [2026-07-18T15:50:12.290+0530] {dag.py:3239} INFO - Sync 1 DAGs
[2026-07-18T15:50:12.293+0530] {logging_mixin.py:190} INFO - [2026-07-18T15:50:12.293+0530] {dag.py:4180} INFO - Setting next_dagrun for example_trigger_target_dag to None, run_after=None
[2026-07-18T15:50:12.297+0530] {processor.py:208} INFO - Processing /Users/bhavishyachallagolla/Desktop/RetailSense/.venv/lib/python3.12/site-packages/airflow/example_dags/example_trigger_target_dag.py took 0.047 seconds
[2026-07-18T15:51:06.069+0530] {processor.py:186} INFO - Started process (PID=5694) to work on /Users/bhavishyachallagolla/Desktop/RetailSense/.venv/lib/python3.12/site-packages/airflow/example_dags/example_trigger_target_dag.py
[2026-07-18T15:51:06.070+0530] {processor.py:914} INFO - Processing file /Users/bhavishyachallagolla/Desktop/RetailSense/.venv/lib/python3.12/site-packages/airflow/example_dags/example_trigger_target_dag.py for tasks to queue
[2026-07-18T15:51:06.070+0530] {logging_mixin.py:190} INFO - [2026-07-18T15:51:06.070+0530] {dagbag.py:588} INFO - Filling up the DagBag from /Users/bhavishyachallagolla/Desktop/RetailSense/.venv/lib/python3.12/site-packages/airflow/example_dags/example_trigger_target_dag.py
[2026-07-18T15:51:06.082+0530] {processor.py:925} INFO - DAG(s) 'example_trigger_target_dag' retrieved from /Users/bhavishyachallagolla/Desktop/RetailSense/.venv/lib/python3.12/site-packages/airflow/example_dags/example_trigger_target_dag.py
[2026-07-18T15:51:06.106+0530] {logging_mixin.py:190} INFO - [2026-07-18T15:51:06.106+0530] {dag.py:3239} INFO - Sync 1 DAGs
[2026-07-18T15:51:06.109+0530] {logging_mixin.py:190} INFO - [2026-07-18T15:51:06.109+0530] {dag.py:4180} INFO - Setting next_dagrun for example_trigger_target_dag to None, run_after=None
[2026-07-18T15:51:06.114+0530] {processor.py:208} INFO - Processing /Users/bhavishyachallagolla/Desktop/RetailSense/.venv/lib/python3.12/site-packages/airflow/example_dags/example_trigger_target_dag.py took 0.046 seconds
[2026-07-18T15:52:47.274+0530] {processor.py:186} INFO - Started process (PID=5956) to work on /Users/bhavishyachallagolla/Desktop/RetailSense/.venv/lib/python3.12/site-packages/airflow/example_dags/example_trigger_target_dag.py
[2026-07-18T15:52:47.275+0530] {processor.py:914} INFO - Processing file /Users/bhavishyachallagolla/Desktop/RetailSense/.venv/lib/python3.12/site-packages/airflow/example_dags/example_trigger_target_dag.py for tasks to queue
[2026-07-18T15:52:47.275+0530] {logging_mixin.py:190} INFO - [2026-07-18T15:52:47.275+0530] {dagbag.py:588} INFO - Filling up the DagBag from /Users/bhavishyachallagolla/Desktop/RetailSense/.venv/lib/python3.12/site-packages/airflow/example_dags/example_trigger_target_dag.py
[2026-07-18T15:52:47.287+0530] {processor.py:925} INFO - DAG(s) 'example_trigger_target_dag' retrieved from /Users/bhavishyachallagolla/Desktop/RetailSense/.venv/lib/python3.12/site-packages/airflow/example_dags/example_trigger_target_dag.py
[2026-07-18T15:52:47.311+0530] {logging_mixin.py:190} INFO - [2026-07-18T15:52:47.311+0530] {dag.py:3239} INFO - Sync 1 DAGs
[2026-07-18T15:52:47.314+0530] {logging_mixin.py:190} INFO - [2026-07-18T15:52:47.314+0530] {dag.py:4180} INFO - Setting next_dagrun for example_trigger_target_dag to None, run_after=None
[2026-07-18T15:52:47.319+0530] {processor.py:208} INFO - Processing /Users/bhavishyachallagolla/Desktop/RetailSense/.venv/lib/python3.12/site-packages/airflow/example_dags/example_trigger_target_dag.py took 0.046 seconds
[2026-07-18T15:54:30.149+0530] {processor.py:186} INFO - Started process (PID=6210) to work on /Users/bhavishyachallagolla/Desktop/RetailSense/.venv/lib/python3.12/site-packages/airflow/example_dags/example_trigger_target_dag.py
[2026-07-18T15:54:30.150+0530] {processor.py:914} INFO - Processing file /Users/bhavishyachallagolla/Desktop/RetailSense/.venv/lib/python3.12/site-packages/airflow/example_dags/example_trigger_target_dag.py for tasks to queue
[2026-07-18T15:54:30.150+0530] {logging_mixin.py:190} INFO - [2026-07-18T15:54:30.150+0530] {dagbag.py:588} INFO - Filling up the DagBag from /Users/bhavishyachallagolla/Desktop/RetailSense/.venv/lib/python3.12/site-packages/airflow/example_dags/example_trigger_target_dag.py
[2026-07-18T15:54:30.162+0530] {processor.py:925} INFO - DAG(s) 'example_trigger_target_dag' retrieved from /Users/bhavishyachallagolla/Desktop/RetailSense/.venv/lib/python3.12/site-packages/airflow/example_dags/example_trigger_target_dag.py
[2026-07-18T15:54:30.185+0530] {logging_mixin.py:190} INFO - [2026-07-18T15:54:30.185+0530] {dag.py:3239} INFO - Sync 1 DAGs
[2026-07-18T15:54:30.188+0530] {logging_mixin.py:190} INFO - [2026-07-18T15:54:30.188+0530] {dag.py:4180} INFO - Setting next_dagrun for example_trigger_target_dag to None, run_after=None
[2026-07-18T15:54:30.192+0530] {processor.py:208} INFO - Processing /Users/bhavishyachallagolla/Desktop/RetailSense/.venv/lib/python3.12/site-packages/airflow/example_dags/example_trigger_target_dag.py took 0.045 seconds
[2026-07-18T15:55:23.526+0530] {processor.py:186} INFO - Started process (PID=6343) to work on /Users/bhavishyachallagolla/Desktop/RetailSense/.venv/lib/python3.12/site-packages/airflow/example_dags/example_trigger_target_dag.py
[2026-07-18T15:55:23.528+0530] {processor.py:914} INFO - Processing file /Users/bhavishyachallagolla/Desktop/RetailSense/.venv/lib/python3.12/site-packages/airflow/example_dags/example_trigger_target_dag.py for tasks to queue
[2026-07-18T15:55:23.528+0530] {logging_mixin.py:190} INFO - [2026-07-18T15:55:23.528+0530] {dagbag.py:588} INFO - Filling up the DagBag from /Users/bhavishyachallagolla/Desktop/RetailSense/.venv/lib/python3.12/site-packages/airflow/example_dags/example_trigger_target_dag.py
[2026-07-18T15:55:23.540+0530] {processor.py:925} INFO - DAG(s) 'example_trigger_target_dag' retrieved from /Users/bhavishyachallagolla/Desktop/RetailSense/.venv/lib/python3.12/site-packages/airflow/example_dags/example_trigger_target_dag.py
[2026-07-18T15:55:23.563+0530] {logging_mixin.py:190} INFO - [2026-07-18T15:55:23.563+0530] {dag.py:3239} INFO - Sync 1 DAGs
[2026-07-18T15:55:23.566+0530] {logging_mixin.py:190} INFO - [2026-07-18T15:55:23.566+0530] {dag.py:4180} INFO - Setting next_dagrun for example_trigger_target_dag to None, run_after=None
[2026-07-18T15:55:23.571+0530] {processor.py:208} INFO - Processing /Users/bhavishyachallagolla/Desktop/RetailSense/.venv/lib/python3.12/site-packages/airflow/example_dags/example_trigger_target_dag.py took 0.045 seconds
[2026-07-18T15:56:15.756+0530] {processor.py:186} INFO - Started process (PID=6475) to work on /Users/bhavishyachallagolla/Desktop/RetailSense/.venv/lib/python3.12/site-packages/airflow/example_dags/example_trigger_target_dag.py
[2026-07-18T15:56:15.757+0530] {processor.py:914} INFO - Processing file /Users/bhavishyachallagolla/Desktop/RetailSense/.venv/lib/python3.12/site-packages/airflow/example_dags/example_trigger_target_dag.py for tasks to queue
[2026-07-18T15:56:15.757+0530] {logging_mixin.py:190} INFO - [2026-07-18T15:56:15.757+0530] {dagbag.py:588} INFO - Filling up the DagBag from /Users/bhavishyachallagolla/Desktop/RetailSense/.venv/lib/python3.12/site-packages/airflow/example_dags/example_trigger_target_dag.py
[2026-07-18T15:56:15.769+0530] {processor.py:925} INFO - DAG(s) 'example_trigger_target_dag' retrieved from /Users/bhavishyachallagolla/Desktop/RetailSense/.venv/lib/python3.12/site-packages/airflow/example_dags/example_trigger_target_dag.py
[2026-07-18T15:56:15.793+0530] {logging_mixin.py:190} INFO - [2026-07-18T15:56:15.792+0530] {dag.py:3239} INFO - Sync 1 DAGs
[2026-07-18T15:56:15.795+0530] {logging_mixin.py:190} INFO - [2026-07-18T15:56:15.795+0530] {dag.py:4180} INFO - Setting next_dagrun for example_trigger_target_dag to None, run_after=None
[2026-07-18T15:56:15.800+0530] {processor.py:208} INFO - Processing /Users/bhavishyachallagolla/Desktop/RetailSense/.venv/lib/python3.12/site-packages/airflow/example_dags/example_trigger_target_dag.py took 0.046 seconds
