[2026-07-18T15:36:39.074+0530] {processor.py:186} INFO - Started process (PID=3398) to work on /Users/bhavishyachallagolla/Desktop/RetailSense/.venv/lib/python3.12/site-packages/airflow/example_dags/example_params_trigger_ui.py
[2026-07-18T15:36:39.074+0530] {processor.py:914} INFO - Processing file /Users/bhavishyachallagolla/Desktop/RetailSense/.venv/lib/python3.12/site-packages/airflow/example_dags/example_params_trigger_ui.py for tasks to queue
[2026-07-18T15:36:39.074+0530] {logging_mixin.py:190} INFO - [2026-07-18T15:36:39.074+0530] {dagbag.py:588} INFO - Filling up the DagBag from /Users/bhavishyachallagolla/Desktop/RetailSense/.venv/lib/python3.12/site-packages/airflow/example_dags/example_params_trigger_ui.py
[2026-07-18T15:36:39.087+0530] {processor.py:925} INFO - DAG(s) 'example_params_trigger_ui' retrieved from /Users/bhavishyachallagolla/Desktop/RetailSense/.venv/lib/python3.12/site-packages/airflow/example_dags/example_params_trigger_ui.py
[2026-07-18T15:36:39.116+0530] {logging_mixin.py:190} INFO - [2026-07-18T15:36:39.116+0530] {dag.py:3239} INFO - Sync 1 DAGs
[2026-07-18T15:36:39.119+0530] {logging_mixin.py:190} INFO - [2026-07-18T15:36:39.119+0530] {dag.py:4180} INFO - Setting next_dagrun for example_params_trigger_ui to None, run_after=None
[2026-07-18T15:36:39.124+0530] {processor.py:208} INFO - Processing /Users/bhavishyachallagolla/Desktop/RetailSense/.venv/lib/python3.12/site-packages/airflow/example_dags/example_params_trigger_ui.py took 0.051 seconds
[2026-07-18T15:38:09.706+0530] {processor.py:186} INFO - Started process (PID=3622) to work on /Users/bhavishyachallagolla/Desktop/RetailSense/.venv/lib/python3.12/site-packages/airflow/example_dags/example_params_trigger_ui.py
[2026-07-18T15:38:09.706+0530] {processor.py:914} INFO - Processing file /Users/bhavishyachallagolla/Desktop/RetailSense/.venv/lib/python3.12/site-packages/airflow/example_dags/example_params_trigger_ui.py for tasks to queue
[2026-07-18T15:38:09.707+0530] {logging_mixin.py:190} INFO - [2026-07-18T15:38:09.706+0530] {dagbag.py:588} INFO - Filling up the DagBag from /Users/bhavishyachallagolla/Desktop/RetailSense/.venv/lib/python3.12/site-packages/airflow/example_dags/example_params_trigger_ui.py
[2026-07-18T15:38:09.719+0530] {processor.py:925} INFO - DAG(s) 'example_params_trigger_ui' retrieved from /Users/bhavishyachallagolla/Desktop/RetailSense/.venv/lib/python3.12/site-packages/airflow/example_dags/example_params_trigger_ui.py
[2026-07-18T15:38:09.749+0530] {logging_mixin.py:190} INFO - [2026-07-18T15:38:09.749+0530] {dag.py:3239} INFO - Sync 1 DAGs
[2026-07-18T15:38:09.752+0530] {logging_mixin.py:190} INFO - [2026-07-18T15:38:09.752+0530] {dag.py:4180} INFO - Setting next_dagrun for example_params_trigger_ui to None, run_after=None
[2026-07-18T15:38:09.757+0530] {processor.py:208} INFO - Processing /Users/bhavishyachallagolla/Desktop/RetailSense/.venv/lib/python3.12/site-packages/airflow/example_dags/example_params_trigger_ui.py took 0.052 seconds
[2026-07-18T15:40:02.769+0530] {processor.py:186} INFO - Started process (PID=3935) to work on /Users/bhavishyachallagolla/Desktop/RetailSense/.venv/lib/python3.12/site-packages/airflow/example_dags/example_params_trigger_ui.py
[2026-07-18T15:40:02.772+0530] {processor.py:914} INFO - Processing file /Users/bhavishyachallagolla/Desktop/RetailSense/.venv/lib/python3.12/site-packages/airflow/example_dags/example_params_trigger_ui.py for tasks to queue
[2026-07-18T15:40:02.772+0530] {logging_mixin.py:190} INFO - [2026-07-18T15:40:02.772+0530] {dagbag.py:588} INFO - Filling up the DagBag from /Users/bhavishyachallagolla/Desktop/RetailSense/.venv/lib/python3.12/site-packages/airflow/example_dags/example_params_trigger_ui.py
[2026-07-18T15:40:02.784+0530] {processor.py:925} INFO - DAG(s) 'example_params_trigger_ui' retrieved from /Users/bhavishyachallagolla/Desktop/RetailSense/.venv/lib/python3.12/site-packages/airflow/example_dags/example_params_trigger_ui.py
[2026-07-18T15:40:02.813+0530] {logging_mixin.py:190} INFO - [2026-07-18T15:40:02.813+0530] {dag.py:3239} INFO - Sync 1 DAGs
[2026-07-18T15:40:02.816+0530] {logging_mixin.py:190} INFO - [2026-07-18T15:40:02.816+0530] {dag.py:4180} INFO - Setting next_dagrun for example_params_trigger_ui to None, run_after=None
[2026-07-18T15:40:02.821+0530] {processor.py:208} INFO - Processing /Users/bhavishyachallagolla/Desktop/RetailSense/.venv/lib/python3.12/site-packages/airflow/example_dags/example_params_trigger_ui.py took 0.053 seconds
[2026-07-18T15:41:42.163+0530] {processor.py:186} INFO - Started process (PID=4198) to work on /Users/bhavishyachallagolla/Desktop/RetailSense/.venv/lib/python3.12/site-packages/airflow/example_dags/example_params_trigger_ui.py
[2026-07-18T15:41:42.164+0530] {processor.py:914} INFO - Processing file /Users/bhavishyachallagolla/Desktop/RetailSense/.venv/lib/python3.12/site-packages/airflow/example_dags/example_params_trigger_ui.py for tasks to queue
[2026-07-18T15:41:42.165+0530] {logging_mixin.py:190} INFO - [2026-07-18T15:41:42.164+0530] {dagbag.py:588} INFO - Filling up the DagBag from /Users/bhavishyachallagolla/Desktop/RetailSense/.venv/lib/python3.12/site-packages/airflow/example_dags/example_params_trigger_ui.py
[2026-07-18T15:41:42.177+0530] {processor.py:925} INFO - DAG(s) 'example_params_trigger_ui' retrieved from /Users/bhavishyachallagolla/Desktop/RetailSense/.venv/lib/python3.12/site-packages/airflow/example_dags/example_params_trigger_ui.py
[2026-07-18T15:41:42.207+0530] {logging_mixin.py:190} INFO - [2026-07-18T15:41:42.207+0530] {dag.py:3239} INFO - Sync 1 DAGs
[2026-07-18T15:41:42.210+0530] {logging_mixin.py:190} INFO - [2026-07-18T15:41:42.210+0530] {dag.py:4180} INFO - Setting next_dagrun for example_params_trigger_ui to None, run_after=None
[2026-07-18T15:41:42.214+0530] {processor.py:208} INFO - Processing /Users/bhavishyachallagolla/Desktop/RetailSense/.venv/lib/python3.12/site-packages/airflow/example_dags/example_params_trigger_ui.py took 0.052 seconds
[2026-07-18T15:43:27.888+0530] {processor.py:186} INFO - Started process (PID=4487) to work on /Users/bhavishyachallagolla/Desktop/RetailSense/.venv/lib/python3.12/site-packages/airflow/example_dags/example_params_trigger_ui.py
[2026-07-18T15:43:27.889+0530] {processor.py:914} INFO - Processing file /Users/bhavishyachallagolla/Desktop/RetailSense/.venv/lib/python3.12/site-packages/airflow/example_dags/example_params_trigger_ui.py for tasks to queue
[2026-07-18T15:43:27.889+0530] {logging_mixin.py:190} INFO - [2026-07-18T15:43:27.889+0530] {dagbag.py:588} INFO - Filling up the DagBag from /Users/bhavishyachallagolla/Desktop/RetailSense/.venv/lib/python3.12/site-packages/airflow/example_dags/example_params_trigger_ui.py
[2026-07-18T15:43:27.901+0530] {processor.py:925} INFO - DAG(s) 'example_params_trigger_ui' retrieved from /Users/bhavishyachallagolla/Desktop/RetailSense/.venv/lib/python3.12/site-packages/airflow/example_dags/example_params_trigger_ui.py
[2026-07-18T15:43:27.930+0530] {logging_mixin.py:190} INFO - [2026-07-18T15:43:27.930+0530] {dag.py:3239} INFO - Sync 1 DAGs
[2026-07-18T15:43:27.933+0530] {logging_mixin.py:190} INFO - [2026-07-18T15:43:27.933+0530] {dag.py:4180} INFO - Setting next_dagrun for example_params_trigger_ui to None, run_after=None
[2026-07-18T15:43:27.938+0530] {processor.py:208} INFO - Processing /Users/bhavishyachallagolla/Desktop/RetailSense/.venv/lib/python3.12/site-packages/airflow/example_dags/example_params_trigger_ui.py took 0.051 seconds
[2026-07-18T15:45:22.240+0530] {processor.py:186} INFO - Started process (PID=4779) to work on /Users/bhavishyachallagolla/Desktop/RetailSense/.venv/lib/python3.12/site-packages/airflow/example_dags/example_params_trigger_ui.py
[2026-07-18T15:45:22.241+0530] {processor.py:914} INFO - Processing file /Users/bhavishyachallagolla/Desktop/RetailSense/.venv/lib/python3.12/site-packages/airflow/example_dags/example_params_trigger_ui.py for tasks to queue
[2026-07-18T15:45:22.242+0530] {logging_mixin.py:190} INFO - [2026-07-18T15:45:22.242+0530] {dagbag.py:588} INFO - Filling up the DagBag from /Users/bhavishyachallagolla/Desktop/RetailSense/.venv/lib/python3.12/site-packages/airflow/example_dags/example_params_trigger_ui.py
[2026-07-18T15:45:22.254+0530] {processor.py:925} INFO - DAG(s) 'example_params_trigger_ui' retrieved from /Users/bhavishyachallagolla/Desktop/RetailSense/.venv/lib/python3.12/site-packages/airflow/example_dags/example_params_trigger_ui.py
[2026-07-18T15:45:22.283+0530] {logging_mixin.py:190} INFO - [2026-07-18T15:45:22.283+0530] {dag.py:3239} INFO - Sync 1 DAGs
[2026-07-18T15:45:22.286+0530] {logging_mixin.py:190} INFO - [2026-07-18T15:45:22.286+0530] {dag.py:4180} INFO - Setting next_dagrun for example_params_trigger_ui to None, run_after=None
[2026-07-18T15:45:22.290+0530] {processor.py:208} INFO - Processing /Users/bhavishyachallagolla/Desktop/RetailSense/.venv/lib/python3.12/site-packages/airflow/example_dags/example_params_trigger_ui.py took 0.051 seconds
[2026-07-18T15:47:06.547+0530] {processor.py:186} INFO - Started process (PID=5058) to work on /Users/bhavishyachallagolla/Desktop/RetailSense/.venv/lib/python3.12/site-packages/airflow/example_dags/example_params_trigger_ui.py
[2026-07-18T15:47:06.547+0530] {processor.py:914} INFO - Processing file /Users/bhavishyachallagolla/Desktop/RetailSense/.venv/lib/python3.12/site-packages/airflow/example_dags/example_params_trigger_ui.py for tasks to queue
[2026-07-18T15:47:06.548+0530] {logging_mixin.py:190} INFO - [2026-07-18T15:47:06.548+0530] {dagbag.py:588} INFO - Filling up the DagBag from /Users/bhavishyachallagolla/Desktop/RetailSense/.venv/lib/python3.12/site-packages/airflow/example_dags/example_params_trigger_ui.py
[2026-07-18T15:47:06.560+0530] {processor.py:925} INFO - DAG(s) 'example_params_trigger_ui' retrieved from /Users/bhavishyachallagolla/Desktop/RetailSense/.venv/lib/python3.12/site-packages/airflow/example_dags/example_params_trigger_ui.py
[2026-07-18T15:47:06.589+0530] {logging_mixin.py:190} INFO - [2026-07-18T15:47:06.589+0530] {dag.py:3239} INFO - Sync 1 DAGs
[2026-07-18T15:47:06.592+0530] {logging_mixin.py:190} INFO - [2026-07-18T15:47:06.592+0530] {dag.py:4180} INFO - Setting next_dagrun for example_params_trigger_ui to None, run_after=None
[2026-07-18T15:47:06.596+0530] {processor.py:208} INFO - Processing /Users/bhavishyachallagolla/Desktop/RetailSense/.venv/lib/python3.12/site-packages/airflow/example_dags/example_params_trigger_ui.py took 0.050 seconds
[2026-07-18T15:48:50.465+0530] {processor.py:186} INFO - Started process (PID=5345) to work on /Users/bhavishyachallagolla/Desktop/RetailSense/.venv/lib/python3.12/site-packages/airflow/example_dags/example_params_trigger_ui.py
[2026-07-18T15:48:50.465+0530] {processor.py:914} INFO - Processing file /Users/bhavishyachallagolla/Desktop/RetailSense/.venv/lib/python3.12/site-packages/airflow/example_dags/example_params_trigger_ui.py for tasks to queue
[2026-07-18T15:48:50.465+0530] {logging_mixin.py:190} INFO - [2026-07-18T15:48:50.465+0530] {dagbag.py:588} INFO - Filling up the DagBag from /Users/bhavishyachallagolla/Desktop/RetailSense/.venv/lib/python3.12/site-packages/airflow/example_dags/example_params_trigger_ui.py
[2026-07-18T15:48:50.478+0530] {processor.py:925} INFO - DAG(s) 'example_params_trigger_ui' retrieved from /Users/bhavishyachallagolla/Desktop/RetailSense/.venv/lib/python3.12/site-packages/airflow/example_dags/example_params_trigger_ui.py
[2026-07-18T15:48:50.507+0530] {logging_mixin.py:190} INFO - [2026-07-18T15:48:50.507+0530] {dag.py:3239} INFO - Sync 1 DAGs
[2026-07-18T15:48:50.510+0530] {logging_mixin.py:190} INFO - [2026-07-18T15:48:50.510+0530] {dag.py:4180} INFO - Setting next_dagrun for example_params_trigger_ui to None, run_after=None
[2026-07-18T15:48:50.515+0530] {processor.py:208} INFO - Processing /Users/bhavishyachallagolla/Desktop/RetailSense/.venv/lib/python3.12/site-packages/airflow/example_dags/example_params_trigger_ui.py took 0.051 seconds
[2026-07-18T15:50:37.950+0530] {processor.py:186} INFO - Started process (PID=5620) to work on /Users/bhavishyachallagolla/Desktop/RetailSense/.venv/lib/python3.12/site-packages/airflow/example_dags/example_params_trigger_ui.py
[2026-07-18T15:50:37.951+0530] {processor.py:914} INFO - Processing file /Users/bhavishyachallagolla/Desktop/RetailSense/.venv/lib/python3.12/site-packages/airflow/example_dags/example_params_trigger_ui.py for tasks to queue
[2026-07-18T15:50:37.951+0530] {logging_mixin.py:190} INFO - [2026-07-18T15:50:37.951+0530] {dagbag.py:588} INFO - Filling up the DagBag from /Users/bhavishyachallagolla/Desktop/RetailSense/.venv/lib/python3.12/site-packages/airflow/example_dags/example_params_trigger_ui.py
[2026-07-18T15:50:37.964+0530] {processor.py:925} INFO - DAG(s) 'example_params_trigger_ui' retrieved from /Users/bhavishyachallagolla/Desktop/RetailSense/.venv/lib/python3.12/site-packages/airflow/example_dags/example_params_trigger_ui.py
[2026-07-18T15:50:37.993+0530] {logging_mixin.py:190} INFO - [2026-07-18T15:50:37.992+0530] {dag.py:3239} INFO - Sync 1 DAGs
[2026-07-18T15:50:37.995+0530] {logging_mixin.py:190} INFO - [2026-07-18T15:50:37.995+0530] {dag.py:4180} INFO - Setting next_dagrun for example_params_trigger_ui to None, run_after=None
[2026-07-18T15:50:38.000+0530] {processor.py:208} INFO - Processing /Users/bhavishyachallagolla/Desktop/RetailSense/.venv/lib/python3.12/site-packages/airflow/example_dags/example_params_trigger_ui.py took 0.051 seconds
[2026-07-18T15:52:19.123+0530] {processor.py:186} INFO - Started process (PID=5874) to work on /Users/bhavishyachallagolla/Desktop/RetailSense/.venv/lib/python3.12/site-packages/airflow/example_dags/example_params_trigger_ui.py
[2026-07-18T15:52:19.124+0530] {processor.py:914} INFO - Processing file /Users/bhavishyachallagolla/Desktop/RetailSense/.venv/lib/python3.12/site-packages/airflow/example_dags/example_params_trigger_ui.py for tasks to queue
[2026-07-18T15:52:19.125+0530] {logging_mixin.py:190} INFO - [2026-07-18T15:52:19.125+0530] {dagbag.py:588} INFO - Filling up the DagBag from /Users/bhavishyachallagolla/Desktop/RetailSense/.venv/lib/python3.12/site-packages/airflow/example_dags/example_params_trigger_ui.py
[2026-07-18T15:52:19.138+0530] {processor.py:925} INFO - DAG(s) 'example_params_trigger_ui' retrieved from /Users/bhavishyachallagolla/Desktop/RetailSense/.venv/lib/python3.12/site-packages/airflow/example_dags/example_params_trigger_ui.py
[2026-07-18T15:52:19.167+0530] {logging_mixin.py:190} INFO - [2026-07-18T15:52:19.167+0530] {dag.py:3239} INFO - Sync 1 DAGs
[2026-07-18T15:52:19.170+0530] {logging_mixin.py:190} INFO - [2026-07-18T15:52:19.170+0530] {dag.py:4180} INFO - Setting next_dagrun for example_params_trigger_ui to None, run_after=None
[2026-07-18T15:52:19.174+0530] {processor.py:208} INFO - Processing /Users/bhavishyachallagolla/Desktop/RetailSense/.venv/lib/python3.12/site-packages/airflow/example_dags/example_params_trigger_ui.py took 0.052 seconds
[2026-07-18T15:54:01.166+0530] {processor.py:186} INFO - Started process (PID=6138) to work on /Users/bhavishyachallagolla/Desktop/RetailSense/.venv/lib/python3.12/site-packages/airflow/example_dags/example_params_trigger_ui.py
[2026-07-18T15:54:01.167+0530] {processor.py:914} INFO - Processing file /Users/bhavishyachallagolla/Desktop/RetailSense/.venv/lib/python3.12/site-packages/airflow/example_dags/example_params_trigger_ui.py for tasks to queue
[2026-07-18T15:54:01.167+0530] {logging_mixin.py:190} INFO - [2026-07-18T15:54:01.167+0530] {dagbag.py:588} INFO - Filling up the DagBag from /Users/bhavishyachallagolla/Desktop/RetailSense/.venv/lib/python3.12/site-packages/airflow/example_dags/example_params_trigger_ui.py
[2026-07-18T15:54:01.181+0530] {processor.py:925} INFO - DAG(s) 'example_params_trigger_ui' retrieved from /Users/bhavishyachallagolla/Desktop/RetailSense/.venv/lib/python3.12/site-packages/airflow/example_dags/example_params_trigger_ui.py
[2026-07-18T15:54:01.212+0530] {logging_mixin.py:190} INFO - [2026-07-18T15:54:01.212+0530] {dag.py:3239} INFO - Sync 1 DAGs
[2026-07-18T15:54:01.215+0530] {logging_mixin.py:190} INFO - [2026-07-18T15:54:01.215+0530] {dag.py:4180} INFO - Setting next_dagrun for example_params_trigger_ui to None, run_after=None
[2026-07-18T15:54:01.220+0530] {processor.py:208} INFO - Processing /Users/bhavishyachallagolla/Desktop/RetailSense/.venv/lib/python3.12/site-packages/airflow/example_dags/example_params_trigger_ui.py took 0.055 seconds
[2026-07-18T15:55:47.733+0530] {processor.py:186} INFO - Started process (PID=6404) to work on /Users/bhavishyachallagolla/Desktop/RetailSense/.venv/lib/python3.12/site-packages/airflow/example_dags/example_params_trigger_ui.py
[2026-07-18T15:55:47.734+0530] {processor.py:914} INFO - Processing file /Users/bhavishyachallagolla/Desktop/RetailSense/.venv/lib/python3.12/site-packages/airflow/example_dags/example_params_trigger_ui.py for tasks to queue
[2026-07-18T15:55:47.735+0530] {logging_mixin.py:190} INFO - [2026-07-18T15:55:47.734+0530] {dagbag.py:588} INFO - Filling up the DagBag from /Users/bhavishyachallagolla/Desktop/RetailSense/.venv/lib/python3.12/site-packages/airflow/example_dags/example_params_trigger_ui.py
[2026-07-18T15:55:47.747+0530] {processor.py:925} INFO - DAG(s) 'example_params_trigger_ui' retrieved from /Users/bhavishyachallagolla/Desktop/RetailSense/.venv/lib/python3.12/site-packages/airflow/example_dags/example_params_trigger_ui.py
[2026-07-18T15:55:47.775+0530] {logging_mixin.py:190} INFO - [2026-07-18T15:55:47.775+0530] {dag.py:3239} INFO - Sync 1 DAGs
[2026-07-18T15:55:47.778+0530] {logging_mixin.py:190} INFO - [2026-07-18T15:55:47.778+0530] {dag.py:4180} INFO - Setting next_dagrun for example_params_trigger_ui to None, run_after=None
[2026-07-18T15:55:47.783+0530] {processor.py:208} INFO - Processing /Users/bhavishyachallagolla/Desktop/RetailSense/.venv/lib/python3.12/site-packages/airflow/example_dags/example_params_trigger_ui.py took 0.050 seconds
