[2026-07-18T15:36:23.807+0530] {processor.py:186} INFO - Started process (PID=3359) to work on /Users/bhavishyachallagolla/Desktop/RetailSense/.venv/lib/python3.12/site-packages/airflow/example_dags/example_skip_dag.py
[2026-07-18T15:36:23.807+0530] {processor.py:914} INFO - Processing file /Users/bhavishyachallagolla/Desktop/RetailSense/.venv/lib/python3.12/site-packages/airflow/example_dags/example_skip_dag.py for tasks to queue
[2026-07-18T15:36:23.807+0530] {logging_mixin.py:190} INFO - [2026-07-18T15:36:23.807+0530] {dagbag.py:588} INFO - Filling up the DagBag from /Users/bhavishyachallagolla/Desktop/RetailSense/.venv/lib/python3.12/site-packages/airflow/example_dags/example_skip_dag.py
[2026-07-18T15:36:23.809+0530] {processor.py:925} INFO - DAG(s) 'example_skip_dag' retrieved from /Users/bhavishyachallagolla/Desktop/RetailSense/.venv/lib/python3.12/site-packages/airflow/example_dags/example_skip_dag.py
[2026-07-18T15:36:23.834+0530] {logging_mixin.py:190} INFO - [2026-07-18T15:36:23.834+0530] {dag.py:3239} INFO - Sync 1 DAGs
[2026-07-18T15:36:23.838+0530] {logging_mixin.py:190} INFO - [2026-07-18T15:36:23.838+0530] {dag.py:4180} INFO - Setting next_dagrun for example_skip_dag to 2026-07-17 00:00:00+00:00, run_after=2026-07-18 00:00:00+00:00
[2026-07-18T15:36:23.843+0530] {processor.py:208} INFO - Processing /Users/bhavishyachallagolla/Desktop/RetailSense/.venv/lib/python3.12/site-packages/airflow/example_dags/example_skip_dag.py took 0.037 seconds
[2026-07-18T15:37:44.837+0530] {processor.py:186} INFO - Started process (PID=3566) to work on /Users/bhavishyachallagolla/Desktop/RetailSense/.venv/lib/python3.12/site-packages/airflow/example_dags/example_skip_dag.py
[2026-07-18T15:37:44.839+0530] {processor.py:914} INFO - Processing file /Users/bhavishyachallagolla/Desktop/RetailSense/.venv/lib/python3.12/site-packages/airflow/example_dags/example_skip_dag.py for tasks to queue
[2026-07-18T15:37:44.839+0530] {logging_mixin.py:190} INFO - [2026-07-18T15:37:44.839+0530] {dagbag.py:588} INFO - Filling up the DagBag from /Users/bhavishyachallagolla/Desktop/RetailSense/.venv/lib/python3.12/site-packages/airflow/example_dags/example_skip_dag.py
[2026-07-18T15:37:44.841+0530] {processor.py:925} INFO - DAG(s) 'example_skip_dag' retrieved from /Users/bhavishyachallagolla/Desktop/RetailSense/.venv/lib/python3.12/site-packages/airflow/example_dags/example_skip_dag.py
[2026-07-18T15:37:44.867+0530] {logging_mixin.py:190} INFO - [2026-07-18T15:37:44.866+0530] {dag.py:3239} INFO - Sync 1 DAGs
[2026-07-18T15:37:44.872+0530] {logging_mixin.py:190} INFO - [2026-07-18T15:37:44.872+0530] {dag.py:4180} INFO - Setting next_dagrun for example_skip_dag to 2026-07-17 00:00:00+00:00, run_after=2026-07-18 00:00:00+00:00
[2026-07-18T15:37:44.876+0530] {processor.py:208} INFO - Processing /Users/bhavishyachallagolla/Desktop/RetailSense/.venv/lib/python3.12/site-packages/airflow/example_dags/example_skip_dag.py took 0.040 seconds
[2026-07-18T15:38:47.601+0530] {processor.py:186} INFO - Started process (PID=3730) to work on /Users/bhavishyachallagolla/Desktop/RetailSense/.venv/lib/python3.12/site-packages/airflow/example_dags/example_skip_dag.py
[2026-07-18T15:38:47.602+0530] {processor.py:914} INFO - Processing file /Users/bhavishyachallagolla/Desktop/RetailSense/.venv/lib/python3.12/site-packages/airflow/example_dags/example_skip_dag.py for tasks to queue
[2026-07-18T15:38:47.602+0530] {logging_mixin.py:190} INFO - [2026-07-18T15:38:47.602+0530] {dagbag.py:588} INFO - Filling up the DagBag from /Users/bhavishyachallagolla/Desktop/RetailSense/.venv/lib/python3.12/site-packages/airflow/example_dags/example_skip_dag.py
[2026-07-18T15:38:47.604+0530] {processor.py:925} INFO - DAG(s) 'example_skip_dag' retrieved from /Users/bhavishyachallagolla/Desktop/RetailSense/.venv/lib/python3.12/site-packages/airflow/example_dags/example_skip_dag.py
[2026-07-18T15:38:47.630+0530] {logging_mixin.py:190} INFO - [2026-07-18T15:38:47.630+0530] {dag.py:3239} INFO - Sync 1 DAGs
[2026-07-18T15:38:47.635+0530] {logging_mixin.py:190} INFO - [2026-07-18T15:38:47.635+0530] {dag.py:4180} INFO - Setting next_dagrun for example_skip_dag to 2026-07-17 00:00:00+00:00, run_after=2026-07-18 00:00:00+00:00
[2026-07-18T15:38:47.640+0530] {processor.py:208} INFO - Processing /Users/bhavishyachallagolla/Desktop/RetailSense/.venv/lib/python3.12/site-packages/airflow/example_dags/example_skip_dag.py took 0.040 seconds
[2026-07-18T15:40:27.850+0530] {processor.py:186} INFO - Started process (PID=3998) to work on /Users/bhavishyachallagolla/Desktop/RetailSense/.venv/lib/python3.12/site-packages/airflow/example_dags/example_skip_dag.py
[2026-07-18T15:40:27.851+0530] {processor.py:914} INFO - Processing file /Users/bhavishyachallagolla/Desktop/RetailSense/.venv/lib/python3.12/site-packages/airflow/example_dags/example_skip_dag.py for tasks to queue
[2026-07-18T15:40:27.851+0530] {logging_mixin.py:190} INFO - [2026-07-18T15:40:27.851+0530] {dagbag.py:588} INFO - Filling up the DagBag from /Users/bhavishyachallagolla/Desktop/RetailSense/.venv/lib/python3.12/site-packages/airflow/example_dags/example_skip_dag.py
[2026-07-18T15:40:27.853+0530] {processor.py:925} INFO - DAG(s) 'example_skip_dag' retrieved from /Users/bhavishyachallagolla/Desktop/RetailSense/.venv/lib/python3.12/site-packages/airflow/example_dags/example_skip_dag.py
[2026-07-18T15:40:27.878+0530] {logging_mixin.py:190} INFO - [2026-07-18T15:40:27.878+0530] {dag.py:3239} INFO - Sync 1 DAGs
[2026-07-18T15:40:27.883+0530] {logging_mixin.py:190} INFO - [2026-07-18T15:40:27.883+0530] {dag.py:4180} INFO - Setting next_dagrun for example_skip_dag to 2026-07-17 00:00:00+00:00, run_after=2026-07-18 00:00:00+00:00
[2026-07-18T15:40:27.888+0530] {processor.py:208} INFO - Processing /Users/bhavishyachallagolla/Desktop/RetailSense/.venv/lib/python3.12/site-packages/airflow/example_dags/example_skip_dag.py took 0.038 seconds
[2026-07-18T15:42:08.796+0530] {processor.py:186} INFO - Started process (PID=4264) to work on /Users/bhavishyachallagolla/Desktop/RetailSense/.venv/lib/python3.12/site-packages/airflow/example_dags/example_skip_dag.py
[2026-07-18T15:42:08.797+0530] {processor.py:914} INFO - Processing file /Users/bhavishyachallagolla/Desktop/RetailSense/.venv/lib/python3.12/site-packages/airflow/example_dags/example_skip_dag.py for tasks to queue
[2026-07-18T15:42:08.797+0530] {logging_mixin.py:190} INFO - [2026-07-18T15:42:08.797+0530] {dagbag.py:588} INFO - Filling up the DagBag from /Users/bhavishyachallagolla/Desktop/RetailSense/.venv/lib/python3.12/site-packages/airflow/example_dags/example_skip_dag.py
[2026-07-18T15:42:08.800+0530] {processor.py:925} INFO - DAG(s) 'example_skip_dag' retrieved from /Users/bhavishyachallagolla/Desktop/RetailSense/.venv/lib/python3.12/site-packages/airflow/example_dags/example_skip_dag.py
[2026-07-18T15:42:08.825+0530] {logging_mixin.py:190} INFO - [2026-07-18T15:42:08.825+0530] {dag.py:3239} INFO - Sync 1 DAGs
[2026-07-18T15:42:08.830+0530] {logging_mixin.py:190} INFO - [2026-07-18T15:42:08.830+0530] {dag.py:4180} INFO - Setting next_dagrun for example_skip_dag to 2026-07-17 00:00:00+00:00, run_after=2026-07-18 00:00:00+00:00
[2026-07-18T15:42:08.835+0530] {processor.py:208} INFO - Processing /Users/bhavishyachallagolla/Desktop/RetailSense/.venv/lib/python3.12/site-packages/airflow/example_dags/example_skip_dag.py took 0.040 seconds
[2026-07-18T15:43:11.768+0530] {processor.py:186} INFO - Started process (PID=4449) to work on /Users/bhavishyachallagolla/Desktop/RetailSense/.venv/lib/python3.12/site-packages/airflow/example_dags/example_skip_dag.py
[2026-07-18T15:43:11.769+0530] {processor.py:914} INFO - Processing file /Users/bhavishyachallagolla/Desktop/RetailSense/.venv/lib/python3.12/site-packages/airflow/example_dags/example_skip_dag.py for tasks to queue
[2026-07-18T15:43:11.769+0530] {logging_mixin.py:190} INFO - [2026-07-18T15:43:11.769+0530] {dagbag.py:588} INFO - Filling up the DagBag from /Users/bhavishyachallagolla/Desktop/RetailSense/.venv/lib/python3.12/site-packages/airflow/example_dags/example_skip_dag.py
[2026-07-18T15:43:11.772+0530] {processor.py:925} INFO - DAG(s) 'example_skip_dag' retrieved from /Users/bhavishyachallagolla/Desktop/RetailSense/.venv/lib/python3.12/site-packages/airflow/example_dags/example_skip_dag.py
[2026-07-18T15:43:11.797+0530] {logging_mixin.py:190} INFO - [2026-07-18T15:43:11.797+0530] {dag.py:3239} INFO - Sync 1 DAGs
[2026-07-18T15:43:11.802+0530] {logging_mixin.py:190} INFO - [2026-07-18T15:43:11.802+0530] {dag.py:4180} INFO - Setting next_dagrun for example_skip_dag to 2026-07-17 00:00:00+00:00, run_after=2026-07-18 00:00:00+00:00
[2026-07-18T15:43:11.807+0530] {processor.py:208} INFO - Processing /Users/bhavishyachallagolla/Desktop/RetailSense/.venv/lib/python3.12/site-packages/airflow/example_dags/example_skip_dag.py took 0.040 seconds
[2026-07-18T15:45:06.132+0530] {processor.py:186} INFO - Started process (PID=4737) to work on /Users/bhavishyachallagolla/Desktop/RetailSense/.venv/lib/python3.12/site-packages/airflow/example_dags/example_skip_dag.py
[2026-07-18T15:45:06.133+0530] {processor.py:914} INFO - Processing file /Users/bhavishyachallagolla/Desktop/RetailSense/.venv/lib/python3.12/site-packages/airflow/example_dags/example_skip_dag.py for tasks to queue
[2026-07-18T15:45:06.134+0530] {logging_mixin.py:190} INFO - [2026-07-18T15:45:06.134+0530] {dagbag.py:588} INFO - Filling up the DagBag from /Users/bhavishyachallagolla/Desktop/RetailSense/.venv/lib/python3.12/site-packages/airflow/example_dags/example_skip_dag.py
[2026-07-18T15:45:06.136+0530] {processor.py:925} INFO - DAG(s) 'example_skip_dag' retrieved from /Users/bhavishyachallagolla/Desktop/RetailSense/.venv/lib/python3.12/site-packages/airflow/example_dags/example_skip_dag.py
[2026-07-18T15:45:06.161+0530] {logging_mixin.py:190} INFO - [2026-07-18T15:45:06.160+0530] {dag.py:3239} INFO - Sync 1 DAGs
[2026-07-18T15:45:06.165+0530] {logging_mixin.py:190} INFO - [2026-07-18T15:45:06.165+0530] {dag.py:4180} INFO - Setting next_dagrun for example_skip_dag to 2026-07-17 00:00:00+00:00, run_after=2026-07-18 00:00:00+00:00
[2026-07-18T15:45:06.170+0530] {processor.py:208} INFO - Processing /Users/bhavishyachallagolla/Desktop/RetailSense/.venv/lib/python3.12/site-packages/airflow/example_dags/example_skip_dag.py took 0.039 seconds
[2026-07-18T15:46:50.818+0530] {processor.py:186} INFO - Started process (PID=5002) to work on /Users/bhavishyachallagolla/Desktop/RetailSense/.venv/lib/python3.12/site-packages/airflow/example_dags/example_skip_dag.py
[2026-07-18T15:46:50.820+0530] {processor.py:914} INFO - Processing file /Users/bhavishyachallagolla/Desktop/RetailSense/.venv/lib/python3.12/site-packages/airflow/example_dags/example_skip_dag.py for tasks to queue
[2026-07-18T15:46:50.820+0530] {logging_mixin.py:190} INFO - [2026-07-18T15:46:50.820+0530] {dagbag.py:588} INFO - Filling up the DagBag from /Users/bhavishyachallagolla/Desktop/RetailSense/.venv/lib/python3.12/site-packages/airflow/example_dags/example_skip_dag.py
[2026-07-18T15:46:50.822+0530] {processor.py:925} INFO - DAG(s) 'example_skip_dag' retrieved from /Users/bhavishyachallagolla/Desktop/RetailSense/.venv/lib/python3.12/site-packages/airflow/example_dags/example_skip_dag.py
[2026-07-18T15:46:50.848+0530] {logging_mixin.py:190} INFO - [2026-07-18T15:46:50.848+0530] {dag.py:3239} INFO - Sync 1 DAGs
[2026-07-18T15:46:50.853+0530] {logging_mixin.py:190} INFO - [2026-07-18T15:46:50.853+0530] {dag.py:4180} INFO - Setting next_dagrun for example_skip_dag to 2026-07-17 00:00:00+00:00, run_after=2026-07-18 00:00:00+00:00
[2026-07-18T15:46:50.857+0530] {processor.py:208} INFO - Processing /Users/bhavishyachallagolla/Desktop/RetailSense/.venv/lib/python3.12/site-packages/airflow/example_dags/example_skip_dag.py took 0.040 seconds
[2026-07-18T15:48:35.181+0530] {processor.py:186} INFO - Started process (PID=5304) to work on /Users/bhavishyachallagolla/Desktop/RetailSense/.venv/lib/python3.12/site-packages/airflow/example_dags/example_skip_dag.py
[2026-07-18T15:48:35.181+0530] {processor.py:914} INFO - Processing file /Users/bhavishyachallagolla/Desktop/RetailSense/.venv/lib/python3.12/site-packages/airflow/example_dags/example_skip_dag.py for tasks to queue
[2026-07-18T15:48:35.182+0530] {logging_mixin.py:190} INFO - [2026-07-18T15:48:35.182+0530] {dagbag.py:588} INFO - Filling up the DagBag from /Users/bhavishyachallagolla/Desktop/RetailSense/.venv/lib/python3.12/site-packages/airflow/example_dags/example_skip_dag.py
[2026-07-18T15:48:35.184+0530] {processor.py:925} INFO - DAG(s) 'example_skip_dag' retrieved from /Users/bhavishyachallagolla/Desktop/RetailSense/.venv/lib/python3.12/site-packages/airflow/example_dags/example_skip_dag.py
[2026-07-18T15:48:35.210+0530] {logging_mixin.py:190} INFO - [2026-07-18T15:48:35.209+0530] {dag.py:3239} INFO - Sync 1 DAGs
[2026-07-18T15:48:35.214+0530] {logging_mixin.py:190} INFO - [2026-07-18T15:48:35.214+0530] {dag.py:4180} INFO - Setting next_dagrun for example_skip_dag to 2026-07-17 00:00:00+00:00, run_after=2026-07-18 00:00:00+00:00
[2026-07-18T15:48:35.219+0530] {processor.py:208} INFO - Processing /Users/bhavishyachallagolla/Desktop/RetailSense/.venv/lib/python3.12/site-packages/airflow/example_dags/example_skip_dag.py took 0.039 seconds
[2026-07-18T15:50:21.827+0530] {processor.py:186} INFO - Started process (PID=5582) to work on /Users/bhavishyachallagolla/Desktop/RetailSense/.venv/lib/python3.12/site-packages/airflow/example_dags/example_skip_dag.py
[2026-07-18T15:50:21.828+0530] {processor.py:914} INFO - Processing file /Users/bhavishyachallagolla/Desktop/RetailSense/.venv/lib/python3.12/site-packages/airflow/example_dags/example_skip_dag.py for tasks to queue
[2026-07-18T15:50:21.829+0530] {logging_mixin.py:190} INFO - [2026-07-18T15:50:21.829+0530] {dagbag.py:588} INFO - Filling up the DagBag from /Users/bhavishyachallagolla/Desktop/RetailSense/.venv/lib/python3.12/site-packages/airflow/example_dags/example_skip_dag.py
[2026-07-18T15:50:21.831+0530] {processor.py:925} INFO - DAG(s) 'example_skip_dag' retrieved from /Users/bhavishyachallagolla/Desktop/RetailSense/.venv/lib/python3.12/site-packages/airflow/example_dags/example_skip_dag.py
[2026-07-18T15:50:21.856+0530] {logging_mixin.py:190} INFO - [2026-07-18T15:50:21.856+0530] {dag.py:3239} INFO - Sync 1 DAGs
[2026-07-18T15:50:21.861+0530] {logging_mixin.py:190} INFO - [2026-07-18T15:50:21.861+0530] {dag.py:4180} INFO - Setting next_dagrun for example_skip_dag to 2026-07-17 00:00:00+00:00, run_after=2026-07-18 00:00:00+00:00
[2026-07-18T15:50:21.865+0530] {processor.py:208} INFO - Processing /Users/bhavishyachallagolla/Desktop/RetailSense/.venv/lib/python3.12/site-packages/airflow/example_dags/example_skip_dag.py took 0.039 seconds
[2026-07-18T15:52:02.965+0530] {processor.py:186} INFO - Started process (PID=5835) to work on /Users/bhavishyachallagolla/Desktop/RetailSense/.venv/lib/python3.12/site-packages/airflow/example_dags/example_skip_dag.py
[2026-07-18T15:52:02.966+0530] {processor.py:914} INFO - Processing file /Users/bhavishyachallagolla/Desktop/RetailSense/.venv/lib/python3.12/site-packages/airflow/example_dags/example_skip_dag.py for tasks to queue
[2026-07-18T15:52:02.966+0530] {logging_mixin.py:190} INFO - [2026-07-18T15:52:02.966+0530] {dagbag.py:588} INFO - Filling up the DagBag from /Users/bhavishyachallagolla/Desktop/RetailSense/.venv/lib/python3.12/site-packages/airflow/example_dags/example_skip_dag.py
[2026-07-18T15:52:02.969+0530] {processor.py:925} INFO - DAG(s) 'example_skip_dag' retrieved from /Users/bhavishyachallagolla/Desktop/RetailSense/.venv/lib/python3.12/site-packages/airflow/example_dags/example_skip_dag.py
[2026-07-18T15:52:02.996+0530] {logging_mixin.py:190} INFO - [2026-07-18T15:52:02.996+0530] {dag.py:3239} INFO - Sync 1 DAGs
[2026-07-18T15:52:03.001+0530] {logging_mixin.py:190} INFO - [2026-07-18T15:52:03.001+0530] {dag.py:4180} INFO - Setting next_dagrun for example_skip_dag to 2026-07-17 00:00:00+00:00, run_after=2026-07-18 00:00:00+00:00
[2026-07-18T15:52:03.006+0530] {processor.py:208} INFO - Processing /Users/bhavishyachallagolla/Desktop/RetailSense/.venv/lib/python3.12/site-packages/airflow/example_dags/example_skip_dag.py took 0.042 seconds
[2026-07-18T15:53:46.454+0530] {processor.py:186} INFO - Started process (PID=6100) to work on /Users/bhavishyachallagolla/Desktop/RetailSense/.venv/lib/python3.12/site-packages/airflow/example_dags/example_skip_dag.py
[2026-07-18T15:53:46.455+0530] {processor.py:914} INFO - Processing file /Users/bhavishyachallagolla/Desktop/RetailSense/.venv/lib/python3.12/site-packages/airflow/example_dags/example_skip_dag.py for tasks to queue
[2026-07-18T15:53:46.456+0530] {logging_mixin.py:190} INFO - [2026-07-18T15:53:46.456+0530] {dagbag.py:588} INFO - Filling up the DagBag from /Users/bhavishyachallagolla/Desktop/RetailSense/.venv/lib/python3.12/site-packages/airflow/example_dags/example_skip_dag.py
[2026-07-18T15:53:46.458+0530] {processor.py:925} INFO - DAG(s) 'example_skip_dag' retrieved from /Users/bhavishyachallagolla/Desktop/RetailSense/.venv/lib/python3.12/site-packages/airflow/example_dags/example_skip_dag.py
[2026-07-18T15:53:46.483+0530] {logging_mixin.py:190} INFO - [2026-07-18T15:53:46.483+0530] {dag.py:3239} INFO - Sync 1 DAGs
[2026-07-18T15:53:46.487+0530] {logging_mixin.py:190} INFO - [2026-07-18T15:53:46.487+0530] {dag.py:4180} INFO - Setting next_dagrun for example_skip_dag to 2026-07-17 00:00:00+00:00, run_after=2026-07-18 00:00:00+00:00
[2026-07-18T15:53:46.492+0530] {processor.py:208} INFO - Processing /Users/bhavishyachallagolla/Desktop/RetailSense/.venv/lib/python3.12/site-packages/airflow/example_dags/example_skip_dag.py took 0.039 seconds
[2026-07-18T15:55:32.521+0530] {processor.py:186} INFO - Started process (PID=6366) to work on /Users/bhavishyachallagolla/Desktop/RetailSense/.venv/lib/python3.12/site-packages/airflow/example_dags/example_skip_dag.py
[2026-07-18T15:55:32.521+0530] {processor.py:914} INFO - Processing file /Users/bhavishyachallagolla/Desktop/RetailSense/.venv/lib/python3.12/site-packages/airflow/example_dags/example_skip_dag.py for tasks to queue
[2026-07-18T15:55:32.522+0530] {logging_mixin.py:190} INFO - [2026-07-18T15:55:32.522+0530] {dagbag.py:588} INFO - Filling up the DagBag from /Users/bhavishyachallagolla/Desktop/RetailSense/.venv/lib/python3.12/site-packages/airflow/example_dags/example_skip_dag.py
[2026-07-18T15:55:32.524+0530] {processor.py:925} INFO - DAG(s) 'example_skip_dag' retrieved from /Users/bhavishyachallagolla/Desktop/RetailSense/.venv/lib/python3.12/site-packages/airflow/example_dags/example_skip_dag.py
[2026-07-18T15:55:32.549+0530] {logging_mixin.py:190} INFO - [2026-07-18T15:55:32.549+0530] {dag.py:3239} INFO - Sync 1 DAGs
[2026-07-18T15:55:32.554+0530] {logging_mixin.py:190} INFO - [2026-07-18T15:55:32.554+0530] {dag.py:4180} INFO - Setting next_dagrun for example_skip_dag to 2026-07-17 00:00:00+00:00, run_after=2026-07-18 00:00:00+00:00
[2026-07-18T15:55:32.559+0530] {processor.py:208} INFO - Processing /Users/bhavishyachallagolla/Desktop/RetailSense/.venv/lib/python3.12/site-packages/airflow/example_dags/example_skip_dag.py took 0.039 seconds
