[2026-07-18T15:36:31.827+0530] {processor.py:186} INFO - Started process (PID=3383) to work on /Users/bhavishyachallagolla/Desktop/RetailSense/.venv/lib/python3.12/site-packages/airflow/example_dags/example_sensor_decorator.py
[2026-07-18T15:36:31.828+0530] {processor.py:914} INFO - Processing file /Users/bhavishyachallagolla/Desktop/RetailSense/.venv/lib/python3.12/site-packages/airflow/example_dags/example_sensor_decorator.py for tasks to queue
[2026-07-18T15:36:31.828+0530] {logging_mixin.py:190} INFO - [2026-07-18T15:36:31.828+0530] {dagbag.py:588} INFO - Filling up the DagBag from /Users/bhavishyachallagolla/Desktop/RetailSense/.venv/lib/python3.12/site-packages/airflow/example_dags/example_sensor_decorator.py
[2026-07-18T15:36:31.840+0530] {processor.py:925} INFO - DAG(s) 'example_sensor_decorator' retrieved from /Users/bhavishyachallagolla/Desktop/RetailSense/.venv/lib/python3.12/site-packages/airflow/example_dags/example_sensor_decorator.py
[2026-07-18T15:36:31.861+0530] {logging_mixin.py:190} INFO - [2026-07-18T15:36:31.861+0530] {workday.py:41} WARNING - Could not import pandas. Holidays will not be considered.
[2026-07-18T15:36:31.867+0530] {logging_mixin.py:190} INFO - [2026-07-18T15:36:31.867+0530] {dag.py:3239} INFO - Sync 1 DAGs
[2026-07-18T15:36:31.870+0530] {logging_mixin.py:190} INFO - [2026-07-18T15:36:31.870+0530] {dag.py:4180} INFO - Setting next_dagrun for example_sensor_decorator to None, run_after=None
[2026-07-18T15:36:31.875+0530] {processor.py:208} INFO - Processing /Users/bhavishyachallagolla/Desktop/RetailSense/.venv/lib/python3.12/site-packages/airflow/example_dags/example_sensor_decorator.py took 0.048 seconds
[2026-07-18T15:37:53.662+0530] {processor.py:186} INFO - Started process (PID=3589) to work on /Users/bhavishyachallagolla/Desktop/RetailSense/.venv/lib/python3.12/site-packages/airflow/example_dags/example_sensor_decorator.py
[2026-07-18T15:37:53.662+0530] {processor.py:914} INFO - Processing file /Users/bhavishyachallagolla/Desktop/RetailSense/.venv/lib/python3.12/site-packages/airflow/example_dags/example_sensor_decorator.py for tasks to queue
[2026-07-18T15:37:53.662+0530] {logging_mixin.py:190} INFO - [2026-07-18T15:37:53.662+0530] {dagbag.py:588} INFO - Filling up the DagBag from /Users/bhavishyachallagolla/Desktop/RetailSense/.venv/lib/python3.12/site-packages/airflow/example_dags/example_sensor_decorator.py
[2026-07-18T15:37:53.674+0530] {processor.py:925} INFO - DAG(s) 'example_sensor_decorator' retrieved from /Users/bhavishyachallagolla/Desktop/RetailSense/.venv/lib/python3.12/site-packages/airflow/example_dags/example_sensor_decorator.py
[2026-07-18T15:37:53.695+0530] {logging_mixin.py:190} INFO - [2026-07-18T15:37:53.695+0530] {workday.py:41} WARNING - Could not import pandas. Holidays will not be considered.
[2026-07-18T15:37:53.701+0530] {logging_mixin.py:190} INFO - [2026-07-18T15:37:53.701+0530] {dag.py:3239} INFO - Sync 1 DAGs
[2026-07-18T15:37:53.704+0530] {logging_mixin.py:190} INFO - [2026-07-18T15:37:53.704+0530] {dag.py:4180} INFO - Setting next_dagrun for example_sensor_decorator to None, run_after=None
[2026-07-18T15:37:53.709+0530] {processor.py:208} INFO - Processing /Users/bhavishyachallagolla/Desktop/RetailSense/.venv/lib/python3.12/site-packages/airflow/example_dags/example_sensor_decorator.py took 0.048 seconds
[2026-07-18T15:39:55.544+0530] {processor.py:186} INFO - Started process (PID=3919) to work on /Users/bhavishyachallagolla/Desktop/RetailSense/.venv/lib/python3.12/site-packages/airflow/example_dags/example_sensor_decorator.py
[2026-07-18T15:39:55.545+0530] {processor.py:914} INFO - Processing file /Users/bhavishyachallagolla/Desktop/RetailSense/.venv/lib/python3.12/site-packages/airflow/example_dags/example_sensor_decorator.py for tasks to queue
[2026-07-18T15:39:55.545+0530] {logging_mixin.py:190} INFO - [2026-07-18T15:39:55.545+0530] {dagbag.py:588} INFO - Filling up the DagBag from /Users/bhavishyachallagolla/Desktop/RetailSense/.venv/lib/python3.12/site-packages/airflow/example_dags/example_sensor_decorator.py
[2026-07-18T15:39:55.557+0530] {processor.py:925} INFO - DAG(s) 'example_sensor_decorator' retrieved from /Users/bhavishyachallagolla/Desktop/RetailSense/.venv/lib/python3.12/site-packages/airflow/example_dags/example_sensor_decorator.py
[2026-07-18T15:39:55.578+0530] {logging_mixin.py:190} INFO - [2026-07-18T15:39:55.578+0530] {workday.py:41} WARNING - Could not import pandas. Holidays will not be considered.
[2026-07-18T15:39:55.584+0530] {logging_mixin.py:190} INFO - [2026-07-18T15:39:55.584+0530] {dag.py:3239} INFO - Sync 1 DAGs
[2026-07-18T15:39:55.586+0530] {logging_mixin.py:190} INFO - [2026-07-18T15:39:55.586+0530] {dag.py:4180} INFO - Setting next_dagrun for example_sensor_decorator to None, run_after=None
[2026-07-18T15:39:55.591+0530] {processor.py:208} INFO - Processing /Users/bhavishyachallagolla/Desktop/RetailSense/.venv/lib/python3.12/site-packages/airflow/example_dags/example_sensor_decorator.py took 0.048 seconds
[2026-07-18T15:41:35.726+0530] {processor.py:186} INFO - Started process (PID=4179) to work on /Users/bhavishyachallagolla/Desktop/RetailSense/.venv/lib/python3.12/site-packages/airflow/example_dags/example_sensor_decorator.py
[2026-07-18T15:41:35.726+0530] {processor.py:914} INFO - Processing file /Users/bhavishyachallagolla/Desktop/RetailSense/.venv/lib/python3.12/site-packages/airflow/example_dags/example_sensor_decorator.py for tasks to queue
[2026-07-18T15:41:35.727+0530] {logging_mixin.py:190} INFO - [2026-07-18T15:41:35.726+0530] {dagbag.py:588} INFO - Filling up the DagBag from /Users/bhavishyachallagolla/Desktop/RetailSense/.venv/lib/python3.12/site-packages/airflow/example_dags/example_sensor_decorator.py
[2026-07-18T15:41:35.738+0530] {processor.py:925} INFO - DAG(s) 'example_sensor_decorator' retrieved from /Users/bhavishyachallagolla/Desktop/RetailSense/.venv/lib/python3.12/site-packages/airflow/example_dags/example_sensor_decorator.py
[2026-07-18T15:41:35.760+0530] {logging_mixin.py:190} INFO - [2026-07-18T15:41:35.760+0530] {workday.py:41} WARNING - Could not import pandas. Holidays will not be considered.
[2026-07-18T15:41:35.766+0530] {logging_mixin.py:190} INFO - [2026-07-18T15:41:35.766+0530] {dag.py:3239} INFO - Sync 1 DAGs
[2026-07-18T15:41:35.769+0530] {logging_mixin.py:190} INFO - [2026-07-18T15:41:35.769+0530] {dag.py:4180} INFO - Setting next_dagrun for example_sensor_decorator to None, run_after=None
[2026-07-18T15:41:35.773+0530] {processor.py:208} INFO - Processing /Users/bhavishyachallagolla/Desktop/RetailSense/.venv/lib/python3.12/site-packages/airflow/example_dags/example_sensor_decorator.py took 0.049 seconds
[2026-07-18T15:43:21.042+0530] {processor.py:186} INFO - Started process (PID=4471) to work on /Users/bhavishyachallagolla/Desktop/RetailSense/.venv/lib/python3.12/site-packages/airflow/example_dags/example_sensor_decorator.py
[2026-07-18T15:43:21.043+0530] {processor.py:914} INFO - Processing file /Users/bhavishyachallagolla/Desktop/RetailSense/.venv/lib/python3.12/site-packages/airflow/example_dags/example_sensor_decorator.py for tasks to queue
[2026-07-18T15:43:21.043+0530] {logging_mixin.py:190} INFO - [2026-07-18T15:43:21.043+0530] {dagbag.py:588} INFO - Filling up the DagBag from /Users/bhavishyachallagolla/Desktop/RetailSense/.venv/lib/python3.12/site-packages/airflow/example_dags/example_sensor_decorator.py
[2026-07-18T15:43:21.055+0530] {processor.py:925} INFO - DAG(s) 'example_sensor_decorator' retrieved from /Users/bhavishyachallagolla/Desktop/RetailSense/.venv/lib/python3.12/site-packages/airflow/example_dags/example_sensor_decorator.py
[2026-07-18T15:43:21.076+0530] {logging_mixin.py:190} INFO - [2026-07-18T15:43:21.076+0530] {workday.py:41} WARNING - Could not import pandas. Holidays will not be considered.
[2026-07-18T15:43:21.082+0530] {logging_mixin.py:190} INFO - [2026-07-18T15:43:21.082+0530] {dag.py:3239} INFO - Sync 1 DAGs
[2026-07-18T15:43:21.084+0530] {logging_mixin.py:190} INFO - [2026-07-18T15:43:21.084+0530] {dag.py:4180} INFO - Setting next_dagrun for example_sensor_decorator to None, run_after=None
[2026-07-18T15:43:21.089+0530] {processor.py:208} INFO - Processing /Users/bhavishyachallagolla/Desktop/RetailSense/.venv/lib/python3.12/site-packages/airflow/example_dags/example_sensor_decorator.py took 0.048 seconds
[2026-07-18T15:45:14.995+0530] {processor.py:186} INFO - Started process (PID=4760) to work on /Users/bhavishyachallagolla/Desktop/RetailSense/.venv/lib/python3.12/site-packages/airflow/example_dags/example_sensor_decorator.py
[2026-07-18T15:45:14.996+0530] {processor.py:914} INFO - Processing file /Users/bhavishyachallagolla/Desktop/RetailSense/.venv/lib/python3.12/site-packages/airflow/example_dags/example_sensor_decorator.py for tasks to queue
[2026-07-18T15:45:14.996+0530] {logging_mixin.py:190} INFO - [2026-07-18T15:45:14.996+0530] {dagbag.py:588} INFO - Filling up the DagBag from /Users/bhavishyachallagolla/Desktop/RetailSense/.venv/lib/python3.12/site-packages/airflow/example_dags/example_sensor_decorator.py
[2026-07-18T15:45:15.008+0530] {processor.py:925} INFO - DAG(s) 'example_sensor_decorator' retrieved from /Users/bhavishyachallagolla/Desktop/RetailSense/.venv/lib/python3.12/site-packages/airflow/example_dags/example_sensor_decorator.py
[2026-07-18T15:45:15.030+0530] {logging_mixin.py:190} INFO - [2026-07-18T15:45:15.030+0530] {workday.py:41} WARNING - Could not import pandas. Holidays will not be considered.
[2026-07-18T15:45:15.035+0530] {logging_mixin.py:190} INFO - [2026-07-18T15:45:15.035+0530] {dag.py:3239} INFO - Sync 1 DAGs
[2026-07-18T15:45:15.038+0530] {logging_mixin.py:190} INFO - [2026-07-18T15:45:15.038+0530] {dag.py:4180} INFO - Setting next_dagrun for example_sensor_decorator to None, run_after=None
[2026-07-18T15:45:15.043+0530] {processor.py:208} INFO - Processing /Users/bhavishyachallagolla/Desktop/RetailSense/.venv/lib/python3.12/site-packages/airflow/example_dags/example_sensor_decorator.py took 0.049 seconds
[2026-07-18T15:46:59.352+0530] {processor.py:186} INFO - Started process (PID=5025) to work on /Users/bhavishyachallagolla/Desktop/RetailSense/.venv/lib/python3.12/site-packages/airflow/example_dags/example_sensor_decorator.py
[2026-07-18T15:46:59.353+0530] {processor.py:914} INFO - Processing file /Users/bhavishyachallagolla/Desktop/RetailSense/.venv/lib/python3.12/site-packages/airflow/example_dags/example_sensor_decorator.py for tasks to queue
[2026-07-18T15:46:59.353+0530] {logging_mixin.py:190} INFO - [2026-07-18T15:46:59.353+0530] {dagbag.py:588} INFO - Filling up the DagBag from /Users/bhavishyachallagolla/Desktop/RetailSense/.venv/lib/python3.12/site-packages/airflow/example_dags/example_sensor_decorator.py
[2026-07-18T15:46:59.365+0530] {processor.py:925} INFO - DAG(s) 'example_sensor_decorator' retrieved from /Users/bhavishyachallagolla/Desktop/RetailSense/.venv/lib/python3.12/site-packages/airflow/example_dags/example_sensor_decorator.py
[2026-07-18T15:46:59.388+0530] {logging_mixin.py:190} INFO - [2026-07-18T15:46:59.388+0530] {workday.py:41} WARNING - Could not import pandas. Holidays will not be considered.
[2026-07-18T15:46:59.394+0530] {logging_mixin.py:190} INFO - [2026-07-18T15:46:59.394+0530] {dag.py:3239} INFO - Sync 1 DAGs
[2026-07-18T15:46:59.397+0530] {logging_mixin.py:190} INFO - [2026-07-18T15:46:59.397+0530] {dag.py:4180} INFO - Setting next_dagrun for example_sensor_decorator to None, run_after=None
[2026-07-18T15:46:59.401+0530] {processor.py:208} INFO - Processing /Users/bhavishyachallagolla/Desktop/RetailSense/.venv/lib/python3.12/site-packages/airflow/example_dags/example_sensor_decorator.py took 0.050 seconds
[2026-07-18T15:48:43.178+0530] {processor.py:186} INFO - Started process (PID=5329) to work on /Users/bhavishyachallagolla/Desktop/RetailSense/.venv/lib/python3.12/site-packages/airflow/example_dags/example_sensor_decorator.py
[2026-07-18T15:48:43.178+0530] {processor.py:914} INFO - Processing file /Users/bhavishyachallagolla/Desktop/RetailSense/.venv/lib/python3.12/site-packages/airflow/example_dags/example_sensor_decorator.py for tasks to queue
[2026-07-18T15:48:43.178+0530] {logging_mixin.py:190} INFO - [2026-07-18T15:48:43.178+0530] {dagbag.py:588} INFO - Filling up the DagBag from /Users/bhavishyachallagolla/Desktop/RetailSense/.venv/lib/python3.12/site-packages/airflow/example_dags/example_sensor_decorator.py
[2026-07-18T15:48:43.191+0530] {processor.py:925} INFO - DAG(s) 'example_sensor_decorator' retrieved from /Users/bhavishyachallagolla/Desktop/RetailSense/.venv/lib/python3.12/site-packages/airflow/example_dags/example_sensor_decorator.py
[2026-07-18T15:48:43.213+0530] {logging_mixin.py:190} INFO - [2026-07-18T15:48:43.213+0530] {workday.py:41} WARNING - Could not import pandas. Holidays will not be considered.
[2026-07-18T15:48:43.219+0530] {logging_mixin.py:190} INFO - [2026-07-18T15:48:43.219+0530] {dag.py:3239} INFO - Sync 1 DAGs
[2026-07-18T15:48:43.222+0530] {logging_mixin.py:190} INFO - [2026-07-18T15:48:43.222+0530] {dag.py:4180} INFO - Setting next_dagrun for example_sensor_decorator to None, run_after=None
[2026-07-18T15:48:43.226+0530] {processor.py:208} INFO - Processing /Users/bhavishyachallagolla/Desktop/RetailSense/.venv/lib/python3.12/site-packages/airflow/example_dags/example_sensor_decorator.py took 0.050 seconds
[2026-07-18T15:50:30.163+0530] {processor.py:186} INFO - Started process (PID=5605) to work on /Users/bhavishyachallagolla/Desktop/RetailSense/.venv/lib/python3.12/site-packages/airflow/example_dags/example_sensor_decorator.py
[2026-07-18T15:50:30.163+0530] {processor.py:914} INFO - Processing file /Users/bhavishyachallagolla/Desktop/RetailSense/.venv/lib/python3.12/site-packages/airflow/example_dags/example_sensor_decorator.py for tasks to queue
[2026-07-18T15:50:30.164+0530] {logging_mixin.py:190} INFO - [2026-07-18T15:50:30.164+0530] {dagbag.py:588} INFO - Filling up the DagBag from /Users/bhavishyachallagolla/Desktop/RetailSense/.venv/lib/python3.12/site-packages/airflow/example_dags/example_sensor_decorator.py
[2026-07-18T15:50:30.175+0530] {processor.py:925} INFO - DAG(s) 'example_sensor_decorator' retrieved from /Users/bhavishyachallagolla/Desktop/RetailSense/.venv/lib/python3.12/site-packages/airflow/example_dags/example_sensor_decorator.py
[2026-07-18T15:50:30.197+0530] {logging_mixin.py:190} INFO - [2026-07-18T15:50:30.197+0530] {workday.py:41} WARNING - Could not import pandas. Holidays will not be considered.
[2026-07-18T15:50:30.202+0530] {logging_mixin.py:190} INFO - [2026-07-18T15:50:30.202+0530] {dag.py:3239} INFO - Sync 1 DAGs
[2026-07-18T15:50:30.205+0530] {logging_mixin.py:190} INFO - [2026-07-18T15:50:30.205+0530] {dag.py:4180} INFO - Setting next_dagrun for example_sensor_decorator to None, run_after=None
[2026-07-18T15:50:30.209+0530] {processor.py:208} INFO - Processing /Users/bhavishyachallagolla/Desktop/RetailSense/.venv/lib/python3.12/site-packages/airflow/example_dags/example_sensor_decorator.py took 0.048 seconds
[2026-07-18T15:52:11.868+0530] {processor.py:186} INFO - Started process (PID=5859) to work on /Users/bhavishyachallagolla/Desktop/RetailSense/.venv/lib/python3.12/site-packages/airflow/example_dags/example_sensor_decorator.py
[2026-07-18T15:52:11.869+0530] {processor.py:914} INFO - Processing file /Users/bhavishyachallagolla/Desktop/RetailSense/.venv/lib/python3.12/site-packages/airflow/example_dags/example_sensor_decorator.py for tasks to queue
[2026-07-18T15:52:11.869+0530] {logging_mixin.py:190} INFO - [2026-07-18T15:52:11.869+0530] {dagbag.py:588} INFO - Filling up the DagBag from /Users/bhavishyachallagolla/Desktop/RetailSense/.venv/lib/python3.12/site-packages/airflow/example_dags/example_sensor_decorator.py
[2026-07-18T15:52:11.881+0530] {processor.py:925} INFO - DAG(s) 'example_sensor_decorator' retrieved from /Users/bhavishyachallagolla/Desktop/RetailSense/.venv/lib/python3.12/site-packages/airflow/example_dags/example_sensor_decorator.py
[2026-07-18T15:52:11.903+0530] {logging_mixin.py:190} INFO - [2026-07-18T15:52:11.903+0530] {workday.py:41} WARNING - Could not import pandas. Holidays will not be considered.
[2026-07-18T15:52:11.909+0530] {logging_mixin.py:190} INFO - [2026-07-18T15:52:11.909+0530] {dag.py:3239} INFO - Sync 1 DAGs
[2026-07-18T15:52:11.912+0530] {logging_mixin.py:190} INFO - [2026-07-18T15:52:11.912+0530] {dag.py:4180} INFO - Setting next_dagrun for example_sensor_decorator to None, run_after=None
[2026-07-18T15:52:11.916+0530] {processor.py:208} INFO - Processing /Users/bhavishyachallagolla/Desktop/RetailSense/.venv/lib/python3.12/site-packages/airflow/example_dags/example_sensor_decorator.py took 0.050 seconds
[2026-07-18T15:53:54.459+0530] {processor.py:186} INFO - Started process (PID=6123) to work on /Users/bhavishyachallagolla/Desktop/RetailSense/.venv/lib/python3.12/site-packages/airflow/example_dags/example_sensor_decorator.py
[2026-07-18T15:53:54.461+0530] {processor.py:914} INFO - Processing file /Users/bhavishyachallagolla/Desktop/RetailSense/.venv/lib/python3.12/site-packages/airflow/example_dags/example_sensor_decorator.py for tasks to queue
[2026-07-18T15:53:54.461+0530] {logging_mixin.py:190} INFO - [2026-07-18T15:53:54.461+0530] {dagbag.py:588} INFO - Filling up the DagBag from /Users/bhavishyachallagolla/Desktop/RetailSense/.venv/lib/python3.12/site-packages/airflow/example_dags/example_sensor_decorator.py
[2026-07-18T15:53:54.474+0530] {processor.py:925} INFO - DAG(s) 'example_sensor_decorator' retrieved from /Users/bhavishyachallagolla/Desktop/RetailSense/.venv/lib/python3.12/site-packages/airflow/example_dags/example_sensor_decorator.py
[2026-07-18T15:53:54.496+0530] {logging_mixin.py:190} INFO - [2026-07-18T15:53:54.496+0530] {workday.py:41} WARNING - Could not import pandas. Holidays will not be considered.
[2026-07-18T15:53:54.502+0530] {logging_mixin.py:190} INFO - [2026-07-18T15:53:54.502+0530] {dag.py:3239} INFO - Sync 1 DAGs
[2026-07-18T15:53:54.504+0530] {logging_mixin.py:190} INFO - [2026-07-18T15:53:54.504+0530] {dag.py:4180} INFO - Setting next_dagrun for example_sensor_decorator to None, run_after=None
[2026-07-18T15:53:54.509+0530] {processor.py:208} INFO - Processing /Users/bhavishyachallagolla/Desktop/RetailSense/.venv/lib/python3.12/site-packages/airflow/example_dags/example_sensor_decorator.py took 0.051 seconds
[2026-07-18T15:55:40.465+0530] {processor.py:186} INFO - Started process (PID=6387) to work on /Users/bhavishyachallagolla/Desktop/RetailSense/.venv/lib/python3.12/site-packages/airflow/example_dags/example_sensor_decorator.py
[2026-07-18T15:55:40.466+0530] {processor.py:914} INFO - Processing file /Users/bhavishyachallagolla/Desktop/RetailSense/.venv/lib/python3.12/site-packages/airflow/example_dags/example_sensor_decorator.py for tasks to queue
[2026-07-18T15:55:40.467+0530] {logging_mixin.py:190} INFO - [2026-07-18T15:55:40.466+0530] {dagbag.py:588} INFO - Filling up the DagBag from /Users/bhavishyachallagolla/Desktop/RetailSense/.venv/lib/python3.12/site-packages/airflow/example_dags/example_sensor_decorator.py
[2026-07-18T15:55:40.479+0530] {processor.py:925} INFO - DAG(s) 'example_sensor_decorator' retrieved from /Users/bhavishyachallagolla/Desktop/RetailSense/.venv/lib/python3.12/site-packages/airflow/example_dags/example_sensor_decorator.py
[2026-07-18T15:55:40.500+0530] {logging_mixin.py:190} INFO - [2026-07-18T15:55:40.500+0530] {workday.py:41} WARNING - Could not import pandas. Holidays will not be considered.
[2026-07-18T15:55:40.506+0530] {logging_mixin.py:190} INFO - [2026-07-18T15:55:40.506+0530] {dag.py:3239} INFO - Sync 1 DAGs
[2026-07-18T15:55:40.509+0530] {logging_mixin.py:190} INFO - [2026-07-18T15:55:40.508+0530] {dag.py:4180} INFO - Setting next_dagrun for example_sensor_decorator to None, run_after=None
[2026-07-18T15:55:40.513+0530] {processor.py:208} INFO - Processing /Users/bhavishyachallagolla/Desktop/RetailSense/.venv/lib/python3.12/site-packages/airflow/example_dags/example_sensor_decorator.py took 0.049 seconds
