[2026-07-18T15:36:26.191+0530] {processor.py:186} INFO - Started process (PID=3368) to work on /Users/bhavishyachallagolla/Desktop/RetailSense/.venv/lib/python3.12/site-packages/airflow/example_dags/example_short_circuit_decorator.py
[2026-07-18T15:36:26.191+0530] {processor.py:914} INFO - Processing file /Users/bhavishyachallagolla/Desktop/RetailSense/.venv/lib/python3.12/site-packages/airflow/example_dags/example_short_circuit_decorator.py for tasks to queue
[2026-07-18T15:36:26.192+0530] {logging_mixin.py:190} INFO - [2026-07-18T15:36:26.192+0530] {dagbag.py:588} INFO - Filling up the DagBag from /Users/bhavishyachallagolla/Desktop/RetailSense/.venv/lib/python3.12/site-packages/airflow/example_dags/example_short_circuit_decorator.py
[2026-07-18T15:36:26.206+0530] {processor.py:925} INFO - DAG(s) 'example_short_circuit_decorator' retrieved from /Users/bhavishyachallagolla/Desktop/RetailSense/.venv/lib/python3.12/site-packages/airflow/example_dags/example_short_circuit_decorator.py
[2026-07-18T15:36:26.232+0530] {logging_mixin.py:190} INFO - [2026-07-18T15:36:26.232+0530] {dag.py:3239} INFO - Sync 1 DAGs
[2026-07-18T15:36:26.235+0530] {logging_mixin.py:190} INFO - [2026-07-18T15:36:26.235+0530] {dag.py:4180} INFO - Setting next_dagrun for example_short_circuit_decorator to None, run_after=None
[2026-07-18T15:36:26.241+0530] {processor.py:208} INFO - Processing /Users/bhavishyachallagolla/Desktop/RetailSense/.venv/lib/python3.12/site-packages/airflow/example_dags/example_short_circuit_decorator.py took 0.051 seconds
[2026-07-18T15:37:47.608+0530] {processor.py:186} INFO - Started process (PID=3575) to work on /Users/bhavishyachallagolla/Desktop/RetailSense/.venv/lib/python3.12/site-packages/airflow/example_dags/example_short_circuit_decorator.py
[2026-07-18T15:37:47.609+0530] {processor.py:914} INFO - Processing file /Users/bhavishyachallagolla/Desktop/RetailSense/.venv/lib/python3.12/site-packages/airflow/example_dags/example_short_circuit_decorator.py for tasks to queue
[2026-07-18T15:37:47.609+0530] {logging_mixin.py:190} INFO - [2026-07-18T15:37:47.609+0530] {dagbag.py:588} INFO - Filling up the DagBag from /Users/bhavishyachallagolla/Desktop/RetailSense/.venv/lib/python3.12/site-packages/airflow/example_dags/example_short_circuit_decorator.py
[2026-07-18T15:37:47.621+0530] {processor.py:925} INFO - DAG(s) 'example_short_circuit_decorator' retrieved from /Users/bhavishyachallagolla/Desktop/RetailSense/.venv/lib/python3.12/site-packages/airflow/example_dags/example_short_circuit_decorator.py
[2026-07-18T15:37:47.646+0530] {logging_mixin.py:190} INFO - [2026-07-18T15:37:47.646+0530] {dag.py:3239} INFO - Sync 1 DAGs
[2026-07-18T15:37:47.649+0530] {logging_mixin.py:190} INFO - [2026-07-18T15:37:47.648+0530] {dag.py:4180} INFO - Setting next_dagrun for example_short_circuit_decorator to None, run_after=None
[2026-07-18T15:37:47.653+0530] {processor.py:208} INFO - Processing /Users/bhavishyachallagolla/Desktop/RetailSense/.venv/lib/python3.12/site-packages/airflow/example_dags/example_short_circuit_decorator.py took 0.046 seconds
[2026-07-18T15:39:49.953+0530] {processor.py:186} INFO - Started process (PID=3906) to work on /Users/bhavishyachallagolla/Desktop/RetailSense/.venv/lib/python3.12/site-packages/airflow/example_dags/example_short_circuit_decorator.py
[2026-07-18T15:39:49.954+0530] {processor.py:914} INFO - Processing file /Users/bhavishyachallagolla/Desktop/RetailSense/.venv/lib/python3.12/site-packages/airflow/example_dags/example_short_circuit_decorator.py for tasks to queue
[2026-07-18T15:39:49.954+0530] {logging_mixin.py:190} INFO - [2026-07-18T15:39:49.954+0530] {dagbag.py:588} INFO - Filling up the DagBag from /Users/bhavishyachallagolla/Desktop/RetailSense/.venv/lib/python3.12/site-packages/airflow/example_dags/example_short_circuit_decorator.py
[2026-07-18T15:39:49.966+0530] {processor.py:925} INFO - DAG(s) 'example_short_circuit_decorator' retrieved from /Users/bhavishyachallagolla/Desktop/RetailSense/.venv/lib/python3.12/site-packages/airflow/example_dags/example_short_circuit_decorator.py
[2026-07-18T15:39:49.991+0530] {logging_mixin.py:190} INFO - [2026-07-18T15:39:49.991+0530] {dag.py:3239} INFO - Sync 1 DAGs
[2026-07-18T15:39:49.994+0530] {logging_mixin.py:190} INFO - [2026-07-18T15:39:49.994+0530] {dag.py:4180} INFO - Setting next_dagrun for example_short_circuit_decorator to None, run_after=None
[2026-07-18T15:39:49.999+0530] {processor.py:208} INFO - Processing /Users/bhavishyachallagolla/Desktop/RetailSense/.venv/lib/python3.12/site-packages/airflow/example_dags/example_short_circuit_decorator.py took 0.047 seconds
[2026-07-18T15:41:29.677+0530] {processor.py:186} INFO - Started process (PID=4165) to work on /Users/bhavishyachallagolla/Desktop/RetailSense/.venv/lib/python3.12/site-packages/airflow/example_dags/example_short_circuit_decorator.py
[2026-07-18T15:41:29.678+0530] {processor.py:914} INFO - Processing file /Users/bhavishyachallagolla/Desktop/RetailSense/.venv/lib/python3.12/site-packages/airflow/example_dags/example_short_circuit_decorator.py for tasks to queue
[2026-07-18T15:41:29.679+0530] {logging_mixin.py:190} INFO - [2026-07-18T15:41:29.679+0530] {dagbag.py:588} INFO - Filling up the DagBag from /Users/bhavishyachallagolla/Desktop/RetailSense/.venv/lib/python3.12/site-packages/airflow/example_dags/example_short_circuit_decorator.py
[2026-07-18T15:41:29.691+0530] {processor.py:925} INFO - DAG(s) 'example_short_circuit_decorator' retrieved from /Users/bhavishyachallagolla/Desktop/RetailSense/.venv/lib/python3.12/site-packages/airflow/example_dags/example_short_circuit_decorator.py
[2026-07-18T15:41:29.716+0530] {logging_mixin.py:190} INFO - [2026-07-18T15:41:29.716+0530] {dag.py:3239} INFO - Sync 1 DAGs
[2026-07-18T15:41:29.719+0530] {logging_mixin.py:190} INFO - [2026-07-18T15:41:29.719+0530] {dag.py:4180} INFO - Setting next_dagrun for example_short_circuit_decorator to None, run_after=None
[2026-07-18T15:41:29.723+0530] {processor.py:208} INFO - Processing /Users/bhavishyachallagolla/Desktop/RetailSense/.venv/lib/python3.12/site-packages/airflow/example_dags/example_short_circuit_decorator.py took 0.047 seconds
[2026-07-18T15:43:15.033+0530] {processor.py:186} INFO - Started process (PID=4458) to work on /Users/bhavishyachallagolla/Desktop/RetailSense/.venv/lib/python3.12/site-packages/airflow/example_dags/example_short_circuit_decorator.py
[2026-07-18T15:43:15.034+0530] {processor.py:914} INFO - Processing file /Users/bhavishyachallagolla/Desktop/RetailSense/.venv/lib/python3.12/site-packages/airflow/example_dags/example_short_circuit_decorator.py for tasks to queue
[2026-07-18T15:43:15.034+0530] {logging_mixin.py:190} INFO - [2026-07-18T15:43:15.034+0530] {dagbag.py:588} INFO - Filling up the DagBag from /Users/bhavishyachallagolla/Desktop/RetailSense/.venv/lib/python3.12/site-packages/airflow/example_dags/example_short_circuit_decorator.py
[2026-07-18T15:43:15.047+0530] {processor.py:925} INFO - DAG(s) 'example_short_circuit_decorator' retrieved from /Users/bhavishyachallagolla/Desktop/RetailSense/.venv/lib/python3.12/site-packages/airflow/example_dags/example_short_circuit_decorator.py
[2026-07-18T15:43:15.072+0530] {logging_mixin.py:190} INFO - [2026-07-18T15:43:15.071+0530] {dag.py:3239} INFO - Sync 1 DAGs
[2026-07-18T15:43:15.074+0530] {logging_mixin.py:190} INFO - [2026-07-18T15:43:15.074+0530] {dag.py:4180} INFO - Setting next_dagrun for example_short_circuit_decorator to None, run_after=None
[2026-07-18T15:43:15.079+0530] {processor.py:208} INFO - Processing /Users/bhavishyachallagolla/Desktop/RetailSense/.venv/lib/python3.12/site-packages/airflow/example_dags/example_short_circuit_decorator.py took 0.047 seconds
[2026-07-18T15:45:09.358+0530] {processor.py:186} INFO - Started process (PID=4747) to work on /Users/bhavishyachallagolla/Desktop/RetailSense/.venv/lib/python3.12/site-packages/airflow/example_dags/example_short_circuit_decorator.py
[2026-07-18T15:45:09.359+0530] {processor.py:914} INFO - Processing file /Users/bhavishyachallagolla/Desktop/RetailSense/.venv/lib/python3.12/site-packages/airflow/example_dags/example_short_circuit_decorator.py for tasks to queue
[2026-07-18T15:45:09.359+0530] {logging_mixin.py:190} INFO - [2026-07-18T15:45:09.359+0530] {dagbag.py:588} INFO - Filling up the DagBag from /Users/bhavishyachallagolla/Desktop/RetailSense/.venv/lib/python3.12/site-packages/airflow/example_dags/example_short_circuit_decorator.py
[2026-07-18T15:45:09.372+0530] {processor.py:925} INFO - DAG(s) 'example_short_circuit_decorator' retrieved from /Users/bhavishyachallagolla/Desktop/RetailSense/.venv/lib/python3.12/site-packages/airflow/example_dags/example_short_circuit_decorator.py
[2026-07-18T15:45:09.397+0530] {logging_mixin.py:190} INFO - [2026-07-18T15:45:09.397+0530] {dag.py:3239} INFO - Sync 1 DAGs
[2026-07-18T15:45:09.400+0530] {logging_mixin.py:190} INFO - [2026-07-18T15:45:09.400+0530] {dag.py:4180} INFO - Setting next_dagrun for example_short_circuit_decorator to None, run_after=None
[2026-07-18T15:45:09.404+0530] {processor.py:208} INFO - Processing /Users/bhavishyachallagolla/Desktop/RetailSense/.venv/lib/python3.12/site-packages/airflow/example_dags/example_short_circuit_decorator.py took 0.047 seconds
[2026-07-18T15:46:53.698+0530] {processor.py:186} INFO - Started process (PID=5006) to work on /Users/bhavishyachallagolla/Desktop/RetailSense/.venv/lib/python3.12/site-packages/airflow/example_dags/example_short_circuit_decorator.py
[2026-07-18T15:46:53.698+0530] {processor.py:914} INFO - Processing file /Users/bhavishyachallagolla/Desktop/RetailSense/.venv/lib/python3.12/site-packages/airflow/example_dags/example_short_circuit_decorator.py for tasks to queue
[2026-07-18T15:46:53.699+0530] {logging_mixin.py:190} INFO - [2026-07-18T15:46:53.699+0530] {dagbag.py:588} INFO - Filling up the DagBag from /Users/bhavishyachallagolla/Desktop/RetailSense/.venv/lib/python3.12/site-packages/airflow/example_dags/example_short_circuit_decorator.py
[2026-07-18T15:46:53.712+0530] {processor.py:925} INFO - DAG(s) 'example_short_circuit_decorator' retrieved from /Users/bhavishyachallagolla/Desktop/RetailSense/.venv/lib/python3.12/site-packages/airflow/example_dags/example_short_circuit_decorator.py
[2026-07-18T15:46:53.738+0530] {logging_mixin.py:190} INFO - [2026-07-18T15:46:53.738+0530] {dag.py:3239} INFO - Sync 1 DAGs
[2026-07-18T15:46:53.741+0530] {logging_mixin.py:190} INFO - [2026-07-18T15:46:53.741+0530] {dag.py:4180} INFO - Setting next_dagrun for example_short_circuit_decorator to None, run_after=None
[2026-07-18T15:46:53.745+0530] {processor.py:208} INFO - Processing /Users/bhavishyachallagolla/Desktop/RetailSense/.venv/lib/python3.12/site-packages/airflow/example_dags/example_short_circuit_decorator.py took 0.049 seconds
[2026-07-18T15:48:37.580+0530] {processor.py:186} INFO - Started process (PID=5316) to work on /Users/bhavishyachallagolla/Desktop/RetailSense/.venv/lib/python3.12/site-packages/airflow/example_dags/example_short_circuit_decorator.py
[2026-07-18T15:48:37.581+0530] {processor.py:914} INFO - Processing file /Users/bhavishyachallagolla/Desktop/RetailSense/.venv/lib/python3.12/site-packages/airflow/example_dags/example_short_circuit_decorator.py for tasks to queue
[2026-07-18T15:48:37.581+0530] {logging_mixin.py:190} INFO - [2026-07-18T15:48:37.581+0530] {dagbag.py:588} INFO - Filling up the DagBag from /Users/bhavishyachallagolla/Desktop/RetailSense/.venv/lib/python3.12/site-packages/airflow/example_dags/example_short_circuit_decorator.py
[2026-07-18T15:48:37.594+0530] {processor.py:925} INFO - DAG(s) 'example_short_circuit_decorator' retrieved from /Users/bhavishyachallagolla/Desktop/RetailSense/.venv/lib/python3.12/site-packages/airflow/example_dags/example_short_circuit_decorator.py
[2026-07-18T15:48:37.619+0530] {logging_mixin.py:190} INFO - [2026-07-18T15:48:37.619+0530] {dag.py:3239} INFO - Sync 1 DAGs
[2026-07-18T15:48:37.622+0530] {logging_mixin.py:190} INFO - [2026-07-18T15:48:37.622+0530] {dag.py:4180} INFO - Setting next_dagrun for example_short_circuit_decorator to None, run_after=None
[2026-07-18T15:48:37.627+0530] {processor.py:208} INFO - Processing /Users/bhavishyachallagolla/Desktop/RetailSense/.venv/lib/python3.12/site-packages/airflow/example_dags/example_short_circuit_decorator.py took 0.048 seconds
[2026-07-18T15:50:25.115+0530] {processor.py:186} INFO - Started process (PID=5591) to work on /Users/bhavishyachallagolla/Desktop/RetailSense/.venv/lib/python3.12/site-packages/airflow/example_dags/example_short_circuit_decorator.py
[2026-07-18T15:50:25.115+0530] {processor.py:914} INFO - Processing file /Users/bhavishyachallagolla/Desktop/RetailSense/.venv/lib/python3.12/site-packages/airflow/example_dags/example_short_circuit_decorator.py for tasks to queue
[2026-07-18T15:50:25.116+0530] {logging_mixin.py:190} INFO - [2026-07-18T15:50:25.116+0530] {dagbag.py:588} INFO - Filling up the DagBag from /Users/bhavishyachallagolla/Desktop/RetailSense/.venv/lib/python3.12/site-packages/airflow/example_dags/example_short_circuit_decorator.py
[2026-07-18T15:50:25.128+0530] {processor.py:925} INFO - DAG(s) 'example_short_circuit_decorator' retrieved from /Users/bhavishyachallagolla/Desktop/RetailSense/.venv/lib/python3.12/site-packages/airflow/example_dags/example_short_circuit_decorator.py
[2026-07-18T15:50:25.153+0530] {logging_mixin.py:190} INFO - [2026-07-18T15:50:25.153+0530] {dag.py:3239} INFO - Sync 1 DAGs
[2026-07-18T15:50:25.156+0530] {logging_mixin.py:190} INFO - [2026-07-18T15:50:25.156+0530] {dag.py:4180} INFO - Setting next_dagrun for example_short_circuit_decorator to None, run_after=None
[2026-07-18T15:50:25.160+0530] {processor.py:208} INFO - Processing /Users/bhavishyachallagolla/Desktop/RetailSense/.venv/lib/python3.12/site-packages/airflow/example_dags/example_short_circuit_decorator.py took 0.047 seconds
[2026-07-18T15:52:05.624+0530] {processor.py:186} INFO - Started process (PID=5843) to work on /Users/bhavishyachallagolla/Desktop/RetailSense/.venv/lib/python3.12/site-packages/airflow/example_dags/example_short_circuit_decorator.py
[2026-07-18T15:52:05.625+0530] {processor.py:914} INFO - Processing file /Users/bhavishyachallagolla/Desktop/RetailSense/.venv/lib/python3.12/site-packages/airflow/example_dags/example_short_circuit_decorator.py for tasks to queue
[2026-07-18T15:52:05.625+0530] {logging_mixin.py:190} INFO - [2026-07-18T15:52:05.625+0530] {dagbag.py:588} INFO - Filling up the DagBag from /Users/bhavishyachallagolla/Desktop/RetailSense/.venv/lib/python3.12/site-packages/airflow/example_dags/example_short_circuit_decorator.py
[2026-07-18T15:52:05.639+0530] {processor.py:925} INFO - DAG(s) 'example_short_circuit_decorator' retrieved from /Users/bhavishyachallagolla/Desktop/RetailSense/.venv/lib/python3.12/site-packages/airflow/example_dags/example_short_circuit_decorator.py
[2026-07-18T15:52:05.665+0530] {logging_mixin.py:190} INFO - [2026-07-18T15:52:05.665+0530] {dag.py:3239} INFO - Sync 1 DAGs
[2026-07-18T15:52:05.668+0530] {logging_mixin.py:190} INFO - [2026-07-18T15:52:05.668+0530] {dag.py:4180} INFO - Setting next_dagrun for example_short_circuit_decorator to None, run_after=None
[2026-07-18T15:52:05.673+0530] {processor.py:208} INFO - Processing /Users/bhavishyachallagolla/Desktop/RetailSense/.venv/lib/python3.12/site-packages/airflow/example_dags/example_short_circuit_decorator.py took 0.050 seconds
[2026-07-18T15:53:48.833+0530] {processor.py:186} INFO - Started process (PID=6110) to work on /Users/bhavishyachallagolla/Desktop/RetailSense/.venv/lib/python3.12/site-packages/airflow/example_dags/example_short_circuit_decorator.py
[2026-07-18T15:53:48.834+0530] {processor.py:914} INFO - Processing file /Users/bhavishyachallagolla/Desktop/RetailSense/.venv/lib/python3.12/site-packages/airflow/example_dags/example_short_circuit_decorator.py for tasks to queue
[2026-07-18T15:53:48.834+0530] {logging_mixin.py:190} INFO - [2026-07-18T15:53:48.834+0530] {dagbag.py:588} INFO - Filling up the DagBag from /Users/bhavishyachallagolla/Desktop/RetailSense/.venv/lib/python3.12/site-packages/airflow/example_dags/example_short_circuit_decorator.py
[2026-07-18T15:53:48.847+0530] {processor.py:925} INFO - DAG(s) 'example_short_circuit_decorator' retrieved from /Users/bhavishyachallagolla/Desktop/RetailSense/.venv/lib/python3.12/site-packages/airflow/example_dags/example_short_circuit_decorator.py
[2026-07-18T15:53:48.873+0530] {logging_mixin.py:190} INFO - [2026-07-18T15:53:48.873+0530] {dag.py:3239} INFO - Sync 1 DAGs
[2026-07-18T15:53:48.876+0530] {logging_mixin.py:190} INFO - [2026-07-18T15:53:48.876+0530] {dag.py:4180} INFO - Setting next_dagrun for example_short_circuit_decorator to None, run_after=None
[2026-07-18T15:53:48.881+0530] {processor.py:208} INFO - Processing /Users/bhavishyachallagolla/Desktop/RetailSense/.venv/lib/python3.12/site-packages/airflow/example_dags/example_short_circuit_decorator.py took 0.049 seconds
[2026-07-18T15:55:34.127+0530] {processor.py:186} INFO - Started process (PID=6370) to work on /Users/bhavishyachallagolla/Desktop/RetailSense/.venv/lib/python3.12/site-packages/airflow/example_dags/example_short_circuit_decorator.py
[2026-07-18T15:55:34.127+0530] {processor.py:914} INFO - Processing file /Users/bhavishyachallagolla/Desktop/RetailSense/.venv/lib/python3.12/site-packages/airflow/example_dags/example_short_circuit_decorator.py for tasks to queue
[2026-07-18T15:55:34.128+0530] {logging_mixin.py:190} INFO - [2026-07-18T15:55:34.128+0530] {dagbag.py:588} INFO - Filling up the DagBag from /Users/bhavishyachallagolla/Desktop/RetailSense/.venv/lib/python3.12/site-packages/airflow/example_dags/example_short_circuit_decorator.py
[2026-07-18T15:55:34.140+0530] {processor.py:925} INFO - DAG(s) 'example_short_circuit_decorator' retrieved from /Users/bhavishyachallagolla/Desktop/RetailSense/.venv/lib/python3.12/site-packages/airflow/example_dags/example_short_circuit_decorator.py
[2026-07-18T15:55:34.164+0530] {logging_mixin.py:190} INFO - [2026-07-18T15:55:34.164+0530] {dag.py:3239} INFO - Sync 1 DAGs
[2026-07-18T15:55:34.167+0530] {logging_mixin.py:190} INFO - [2026-07-18T15:55:34.167+0530] {dag.py:4180} INFO - Setting next_dagrun for example_short_circuit_decorator to None, run_after=None
[2026-07-18T15:55:34.172+0530] {processor.py:208} INFO - Processing /Users/bhavishyachallagolla/Desktop/RetailSense/.venv/lib/python3.12/site-packages/airflow/example_dags/example_short_circuit_decorator.py took 0.046 seconds
