[2026-07-18T15:36:25.503+0530] {processor.py:186} INFO - Started process (PID=3362) to work on /Users/bhavishyachallagolla/Desktop/RetailSense/.venv/lib/python3.12/site-packages/airflow/example_dags/example_short_circuit_operator.py
[2026-07-18T15:36:25.503+0530] {processor.py:914} INFO - Processing file /Users/bhavishyachallagolla/Desktop/RetailSense/.venv/lib/python3.12/site-packages/airflow/example_dags/example_short_circuit_operator.py for tasks to queue
[2026-07-18T15:36:25.504+0530] {logging_mixin.py:190} INFO - [2026-07-18T15:36:25.504+0530] {dagbag.py:588} INFO - Filling up the DagBag from /Users/bhavishyachallagolla/Desktop/RetailSense/.venv/lib/python3.12/site-packages/airflow/example_dags/example_short_circuit_operator.py
[2026-07-18T15:36:25.514+0530] {processor.py:925} INFO - DAG(s) 'example_short_circuit_operator' retrieved from /Users/bhavishyachallagolla/Desktop/RetailSense/.venv/lib/python3.12/site-packages/airflow/example_dags/example_short_circuit_operator.py
[2026-07-18T15:36:25.541+0530] {logging_mixin.py:190} INFO - [2026-07-18T15:36:25.541+0530] {dag.py:3239} INFO - Sync 1 DAGs
[2026-07-18T15:36:25.544+0530] {logging_mixin.py:190} INFO - [2026-07-18T15:36:25.544+0530] {dag.py:4180} INFO - Setting next_dagrun for example_short_circuit_operator to None, run_after=None
[2026-07-18T15:36:25.549+0530] {processor.py:208} INFO - Processing /Users/bhavishyachallagolla/Desktop/RetailSense/.venv/lib/python3.12/site-packages/airflow/example_dags/example_short_circuit_operator.py took 0.049 seconds
[2026-07-18T15:37:46.430+0530] {processor.py:186} INFO - Started process (PID=3568) to work on /Users/bhavishyachallagolla/Desktop/RetailSense/.venv/lib/python3.12/site-packages/airflow/example_dags/example_short_circuit_operator.py
[2026-07-18T15:37:46.432+0530] {processor.py:914} INFO - Processing file /Users/bhavishyachallagolla/Desktop/RetailSense/.venv/lib/python3.12/site-packages/airflow/example_dags/example_short_circuit_operator.py for tasks to queue
[2026-07-18T15:37:46.432+0530] {logging_mixin.py:190} INFO - [2026-07-18T15:37:46.432+0530] {dagbag.py:588} INFO - Filling up the DagBag from /Users/bhavishyachallagolla/Desktop/RetailSense/.venv/lib/python3.12/site-packages/airflow/example_dags/example_short_circuit_operator.py
[2026-07-18T15:37:46.441+0530] {processor.py:925} INFO - DAG(s) 'example_short_circuit_operator' retrieved from /Users/bhavishyachallagolla/Desktop/RetailSense/.venv/lib/python3.12/site-packages/airflow/example_dags/example_short_circuit_operator.py
[2026-07-18T15:37:46.465+0530] {logging_mixin.py:190} INFO - [2026-07-18T15:37:46.465+0530] {dag.py:3239} INFO - Sync 1 DAGs
[2026-07-18T15:37:46.468+0530] {logging_mixin.py:190} INFO - [2026-07-18T15:37:46.468+0530] {dag.py:4180} INFO - Setting next_dagrun for example_short_circuit_operator to None, run_after=None
[2026-07-18T15:37:46.472+0530] {processor.py:208} INFO - Processing /Users/bhavishyachallagolla/Desktop/RetailSense/.venv/lib/python3.12/site-packages/airflow/example_dags/example_short_circuit_operator.py took 0.043 seconds
[2026-07-18T15:39:49.182+0530] {processor.py:186} INFO - Started process (PID=3900) to work on /Users/bhavishyachallagolla/Desktop/RetailSense/.venv/lib/python3.12/site-packages/airflow/example_dags/example_short_circuit_operator.py
[2026-07-18T15:39:49.183+0530] {processor.py:914} INFO - Processing file /Users/bhavishyachallagolla/Desktop/RetailSense/.venv/lib/python3.12/site-packages/airflow/example_dags/example_short_circuit_operator.py for tasks to queue
[2026-07-18T15:39:49.183+0530] {logging_mixin.py:190} INFO - [2026-07-18T15:39:49.183+0530] {dagbag.py:588} INFO - Filling up the DagBag from /Users/bhavishyachallagolla/Desktop/RetailSense/.venv/lib/python3.12/site-packages/airflow/example_dags/example_short_circuit_operator.py
[2026-07-18T15:39:49.192+0530] {processor.py:925} INFO - DAG(s) 'example_short_circuit_operator' retrieved from /Users/bhavishyachallagolla/Desktop/RetailSense/.venv/lib/python3.12/site-packages/airflow/example_dags/example_short_circuit_operator.py
[2026-07-18T15:39:49.217+0530] {logging_mixin.py:190} INFO - [2026-07-18T15:39:49.217+0530] {dag.py:3239} INFO - Sync 1 DAGs
[2026-07-18T15:39:49.220+0530] {logging_mixin.py:190} INFO - [2026-07-18T15:39:49.220+0530] {dag.py:4180} INFO - Setting next_dagrun for example_short_circuit_operator to None, run_after=None
[2026-07-18T15:39:49.225+0530] {processor.py:208} INFO - Processing /Users/bhavishyachallagolla/Desktop/RetailSense/.venv/lib/python3.12/site-packages/airflow/example_dags/example_short_circuit_operator.py took 0.044 seconds
[2026-07-18T15:41:28.516+0530] {processor.py:186} INFO - Started process (PID=4163) to work on /Users/bhavishyachallagolla/Desktop/RetailSense/.venv/lib/python3.12/site-packages/airflow/example_dags/example_short_circuit_operator.py
[2026-07-18T15:41:28.517+0530] {processor.py:914} INFO - Processing file /Users/bhavishyachallagolla/Desktop/RetailSense/.venv/lib/python3.12/site-packages/airflow/example_dags/example_short_circuit_operator.py for tasks to queue
[2026-07-18T15:41:28.518+0530] {logging_mixin.py:190} INFO - [2026-07-18T15:41:28.517+0530] {dagbag.py:588} INFO - Filling up the DagBag from /Users/bhavishyachallagolla/Desktop/RetailSense/.venv/lib/python3.12/site-packages/airflow/example_dags/example_short_circuit_operator.py
[2026-07-18T15:41:28.527+0530] {processor.py:925} INFO - DAG(s) 'example_short_circuit_operator' retrieved from /Users/bhavishyachallagolla/Desktop/RetailSense/.venv/lib/python3.12/site-packages/airflow/example_dags/example_short_circuit_operator.py
[2026-07-18T15:41:28.552+0530] {logging_mixin.py:190} INFO - [2026-07-18T15:41:28.552+0530] {dag.py:3239} INFO - Sync 1 DAGs
[2026-07-18T15:41:28.555+0530] {logging_mixin.py:190} INFO - [2026-07-18T15:41:28.555+0530] {dag.py:4180} INFO - Setting next_dagrun for example_short_circuit_operator to None, run_after=None
[2026-07-18T15:41:28.560+0530] {processor.py:208} INFO - Processing /Users/bhavishyachallagolla/Desktop/RetailSense/.venv/lib/python3.12/site-packages/airflow/example_dags/example_short_circuit_operator.py took 0.045 seconds
[2026-07-18T15:43:13.389+0530] {processor.py:186} INFO - Started process (PID=4451) to work on /Users/bhavishyachallagolla/Desktop/RetailSense/.venv/lib/python3.12/site-packages/airflow/example_dags/example_short_circuit_operator.py
[2026-07-18T15:43:13.390+0530] {processor.py:914} INFO - Processing file /Users/bhavishyachallagolla/Desktop/RetailSense/.venv/lib/python3.12/site-packages/airflow/example_dags/example_short_circuit_operator.py for tasks to queue
[2026-07-18T15:43:13.391+0530] {logging_mixin.py:190} INFO - [2026-07-18T15:43:13.391+0530] {dagbag.py:588} INFO - Filling up the DagBag from /Users/bhavishyachallagolla/Desktop/RetailSense/.venv/lib/python3.12/site-packages/airflow/example_dags/example_short_circuit_operator.py
[2026-07-18T15:43:13.400+0530] {processor.py:925} INFO - DAG(s) 'example_short_circuit_operator' retrieved from /Users/bhavishyachallagolla/Desktop/RetailSense/.venv/lib/python3.12/site-packages/airflow/example_dags/example_short_circuit_operator.py
[2026-07-18T15:43:13.424+0530] {logging_mixin.py:190} INFO - [2026-07-18T15:43:13.424+0530] {dag.py:3239} INFO - Sync 1 DAGs
[2026-07-18T15:43:13.427+0530] {logging_mixin.py:190} INFO - [2026-07-18T15:43:13.427+0530] {dag.py:4180} INFO - Setting next_dagrun for example_short_circuit_operator to None, run_after=None
[2026-07-18T15:43:13.431+0530] {processor.py:208} INFO - Processing /Users/bhavishyachallagolla/Desktop/RetailSense/.venv/lib/python3.12/site-packages/airflow/example_dags/example_short_circuit_operator.py took 0.043 seconds
[2026-07-18T15:45:07.748+0530] {processor.py:186} INFO - Started process (PID=4745) to work on /Users/bhavishyachallagolla/Desktop/RetailSense/.venv/lib/python3.12/site-packages/airflow/example_dags/example_short_circuit_operator.py
[2026-07-18T15:45:07.749+0530] {processor.py:914} INFO - Processing file /Users/bhavishyachallagolla/Desktop/RetailSense/.venv/lib/python3.12/site-packages/airflow/example_dags/example_short_circuit_operator.py for tasks to queue
[2026-07-18T15:45:07.749+0530] {logging_mixin.py:190} INFO - [2026-07-18T15:45:07.749+0530] {dagbag.py:588} INFO - Filling up the DagBag from /Users/bhavishyachallagolla/Desktop/RetailSense/.venv/lib/python3.12/site-packages/airflow/example_dags/example_short_circuit_operator.py
[2026-07-18T15:45:07.758+0530] {processor.py:925} INFO - DAG(s) 'example_short_circuit_operator' retrieved from /Users/bhavishyachallagolla/Desktop/RetailSense/.venv/lib/python3.12/site-packages/airflow/example_dags/example_short_circuit_operator.py
[2026-07-18T15:45:07.783+0530] {logging_mixin.py:190} INFO - [2026-07-18T15:45:07.783+0530] {dag.py:3239} INFO - Sync 1 DAGs
[2026-07-18T15:45:07.786+0530] {logging_mixin.py:190} INFO - [2026-07-18T15:45:07.786+0530] {dag.py:4180} INFO - Setting next_dagrun for example_short_circuit_operator to None, run_after=None
[2026-07-18T15:45:07.791+0530] {processor.py:208} INFO - Processing /Users/bhavishyachallagolla/Desktop/RetailSense/.venv/lib/python3.12/site-packages/airflow/example_dags/example_short_circuit_operator.py took 0.044 seconds
[2026-07-18T15:46:52.055+0530] {processor.py:186} INFO - Started process (PID=5004) to work on /Users/bhavishyachallagolla/Desktop/RetailSense/.venv/lib/python3.12/site-packages/airflow/example_dags/example_short_circuit_operator.py
[2026-07-18T15:46:52.056+0530] {processor.py:914} INFO - Processing file /Users/bhavishyachallagolla/Desktop/RetailSense/.venv/lib/python3.12/site-packages/airflow/example_dags/example_short_circuit_operator.py for tasks to queue
[2026-07-18T15:46:52.056+0530] {logging_mixin.py:190} INFO - [2026-07-18T15:46:52.056+0530] {dagbag.py:588} INFO - Filling up the DagBag from /Users/bhavishyachallagolla/Desktop/RetailSense/.venv/lib/python3.12/site-packages/airflow/example_dags/example_short_circuit_operator.py
[2026-07-18T15:46:52.065+0530] {processor.py:925} INFO - DAG(s) 'example_short_circuit_operator' retrieved from /Users/bhavishyachallagolla/Desktop/RetailSense/.venv/lib/python3.12/site-packages/airflow/example_dags/example_short_circuit_operator.py
[2026-07-18T15:46:52.090+0530] {logging_mixin.py:190} INFO - [2026-07-18T15:46:52.090+0530] {dag.py:3239} INFO - Sync 1 DAGs
[2026-07-18T15:46:52.093+0530] {logging_mixin.py:190} INFO - [2026-07-18T15:46:52.093+0530] {dag.py:4180} INFO - Setting next_dagrun for example_short_circuit_operator to None, run_after=None
[2026-07-18T15:46:52.097+0530] {processor.py:208} INFO - Processing /Users/bhavishyachallagolla/Desktop/RetailSense/.venv/lib/python3.12/site-packages/airflow/example_dags/example_short_circuit_operator.py took 0.043 seconds
[2026-07-18T15:48:36.779+0530] {processor.py:186} INFO - Started process (PID=5314) to work on /Users/bhavishyachallagolla/Desktop/RetailSense/.venv/lib/python3.12/site-packages/airflow/example_dags/example_short_circuit_operator.py
[2026-07-18T15:48:36.779+0530] {processor.py:914} INFO - Processing file /Users/bhavishyachallagolla/Desktop/RetailSense/.venv/lib/python3.12/site-packages/airflow/example_dags/example_short_circuit_operator.py for tasks to queue
[2026-07-18T15:48:36.779+0530] {logging_mixin.py:190} INFO - [2026-07-18T15:48:36.779+0530] {dagbag.py:588} INFO - Filling up the DagBag from /Users/bhavishyachallagolla/Desktop/RetailSense/.venv/lib/python3.12/site-packages/airflow/example_dags/example_short_circuit_operator.py
[2026-07-18T15:48:36.790+0530] {processor.py:925} INFO - DAG(s) 'example_short_circuit_operator' retrieved from /Users/bhavishyachallagolla/Desktop/RetailSense/.venv/lib/python3.12/site-packages/airflow/example_dags/example_short_circuit_operator.py
[2026-07-18T15:48:36.815+0530] {logging_mixin.py:190} INFO - [2026-07-18T15:48:36.815+0530] {dag.py:3239} INFO - Sync 1 DAGs
[2026-07-18T15:48:36.818+0530] {logging_mixin.py:190} INFO - [2026-07-18T15:48:36.818+0530] {dag.py:4180} INFO - Setting next_dagrun for example_short_circuit_operator to None, run_after=None
[2026-07-18T15:48:36.822+0530] {processor.py:208} INFO - Processing /Users/bhavishyachallagolla/Desktop/RetailSense/.venv/lib/python3.12/site-packages/airflow/example_dags/example_short_circuit_operator.py took 0.044 seconds
[2026-07-18T15:50:23.452+0530] {processor.py:186} INFO - Started process (PID=5588) to work on /Users/bhavishyachallagolla/Desktop/RetailSense/.venv/lib/python3.12/site-packages/airflow/example_dags/example_short_circuit_operator.py
[2026-07-18T15:50:23.453+0530] {processor.py:914} INFO - Processing file /Users/bhavishyachallagolla/Desktop/RetailSense/.venv/lib/python3.12/site-packages/airflow/example_dags/example_short_circuit_operator.py for tasks to queue
[2026-07-18T15:50:23.453+0530] {logging_mixin.py:190} INFO - [2026-07-18T15:50:23.453+0530] {dagbag.py:588} INFO - Filling up the DagBag from /Users/bhavishyachallagolla/Desktop/RetailSense/.venv/lib/python3.12/site-packages/airflow/example_dags/example_short_circuit_operator.py
[2026-07-18T15:50:23.463+0530] {processor.py:925} INFO - DAG(s) 'example_short_circuit_operator' retrieved from /Users/bhavishyachallagolla/Desktop/RetailSense/.venv/lib/python3.12/site-packages/airflow/example_dags/example_short_circuit_operator.py
[2026-07-18T15:50:23.488+0530] {logging_mixin.py:190} INFO - [2026-07-18T15:50:23.488+0530] {dag.py:3239} INFO - Sync 1 DAGs
[2026-07-18T15:50:23.491+0530] {logging_mixin.py:190} INFO - [2026-07-18T15:50:23.491+0530] {dag.py:4180} INFO - Setting next_dagrun for example_short_circuit_operator to None, run_after=None
[2026-07-18T15:50:23.495+0530] {processor.py:208} INFO - Processing /Users/bhavishyachallagolla/Desktop/RetailSense/.venv/lib/python3.12/site-packages/airflow/example_dags/example_short_circuit_operator.py took 0.044 seconds
[2026-07-18T15:52:03.991+0530] {processor.py:186} INFO - Started process (PID=5837) to work on /Users/bhavishyachallagolla/Desktop/RetailSense/.venv/lib/python3.12/site-packages/airflow/example_dags/example_short_circuit_operator.py
[2026-07-18T15:52:03.992+0530] {processor.py:914} INFO - Processing file /Users/bhavishyachallagolla/Desktop/RetailSense/.venv/lib/python3.12/site-packages/airflow/example_dags/example_short_circuit_operator.py for tasks to queue
[2026-07-18T15:52:03.993+0530] {logging_mixin.py:190} INFO - [2026-07-18T15:52:03.993+0530] {dagbag.py:588} INFO - Filling up the DagBag from /Users/bhavishyachallagolla/Desktop/RetailSense/.venv/lib/python3.12/site-packages/airflow/example_dags/example_short_circuit_operator.py
[2026-07-18T15:52:04.002+0530] {processor.py:925} INFO - DAG(s) 'example_short_circuit_operator' retrieved from /Users/bhavishyachallagolla/Desktop/RetailSense/.venv/lib/python3.12/site-packages/airflow/example_dags/example_short_circuit_operator.py
[2026-07-18T15:52:04.026+0530] {logging_mixin.py:190} INFO - [2026-07-18T15:52:04.026+0530] {dag.py:3239} INFO - Sync 1 DAGs
[2026-07-18T15:52:04.029+0530] {logging_mixin.py:190} INFO - [2026-07-18T15:52:04.029+0530] {dag.py:4180} INFO - Setting next_dagrun for example_short_circuit_operator to None, run_after=None
[2026-07-18T15:52:04.034+0530] {processor.py:208} INFO - Processing /Users/bhavishyachallagolla/Desktop/RetailSense/.venv/lib/python3.12/site-packages/airflow/example_dags/example_short_circuit_operator.py took 0.044 seconds
[2026-07-18T15:53:48.074+0530] {processor.py:186} INFO - Started process (PID=6107) to work on /Users/bhavishyachallagolla/Desktop/RetailSense/.venv/lib/python3.12/site-packages/airflow/example_dags/example_short_circuit_operator.py
[2026-07-18T15:53:48.075+0530] {processor.py:914} INFO - Processing file /Users/bhavishyachallagolla/Desktop/RetailSense/.venv/lib/python3.12/site-packages/airflow/example_dags/example_short_circuit_operator.py for tasks to queue
[2026-07-18T15:53:48.075+0530] {logging_mixin.py:190} INFO - [2026-07-18T15:53:48.075+0530] {dagbag.py:588} INFO - Filling up the DagBag from /Users/bhavishyachallagolla/Desktop/RetailSense/.venv/lib/python3.12/site-packages/airflow/example_dags/example_short_circuit_operator.py
[2026-07-18T15:53:48.085+0530] {processor.py:925} INFO - DAG(s) 'example_short_circuit_operator' retrieved from /Users/bhavishyachallagolla/Desktop/RetailSense/.venv/lib/python3.12/site-packages/airflow/example_dags/example_short_circuit_operator.py
[2026-07-18T15:53:48.112+0530] {logging_mixin.py:190} INFO - [2026-07-18T15:53:48.112+0530] {dag.py:3239} INFO - Sync 1 DAGs
[2026-07-18T15:53:48.115+0530] {logging_mixin.py:190} INFO - [2026-07-18T15:53:48.115+0530] {dag.py:4180} INFO - Setting next_dagrun for example_short_circuit_operator to None, run_after=None
[2026-07-18T15:53:48.121+0530] {processor.py:208} INFO - Processing /Users/bhavishyachallagolla/Desktop/RetailSense/.venv/lib/python3.12/site-packages/airflow/example_dags/example_short_circuit_operator.py took 0.048 seconds
[2026-07-18T15:55:33.268+0530] {processor.py:186} INFO - Started process (PID=6368) to work on /Users/bhavishyachallagolla/Desktop/RetailSense/.venv/lib/python3.12/site-packages/airflow/example_dags/example_short_circuit_operator.py
[2026-07-18T15:55:33.269+0530] {processor.py:914} INFO - Processing file /Users/bhavishyachallagolla/Desktop/RetailSense/.venv/lib/python3.12/site-packages/airflow/example_dags/example_short_circuit_operator.py for tasks to queue
[2026-07-18T15:55:33.270+0530] {logging_mixin.py:190} INFO - [2026-07-18T15:55:33.270+0530] {dagbag.py:588} INFO - Filling up the DagBag from /Users/bhavishyachallagolla/Desktop/RetailSense/.venv/lib/python3.12/site-packages/airflow/example_dags/example_short_circuit_operator.py
[2026-07-18T15:55:33.279+0530] {processor.py:925} INFO - DAG(s) 'example_short_circuit_operator' retrieved from /Users/bhavishyachallagolla/Desktop/RetailSense/.venv/lib/python3.12/site-packages/airflow/example_dags/example_short_circuit_operator.py
[2026-07-18T15:55:33.303+0530] {logging_mixin.py:190} INFO - [2026-07-18T15:55:33.303+0530] {dag.py:3239} INFO - Sync 1 DAGs
[2026-07-18T15:55:33.306+0530] {logging_mixin.py:190} INFO - [2026-07-18T15:55:33.306+0530] {dag.py:4180} INFO - Setting next_dagrun for example_short_circuit_operator to None, run_after=None
[2026-07-18T15:55:33.311+0530] {processor.py:208} INFO - Processing /Users/bhavishyachallagolla/Desktop/RetailSense/.venv/lib/python3.12/site-packages/airflow/example_dags/example_short_circuit_operator.py took 0.044 seconds
