[2026-07-18T15:36:11.986+0530] {processor.py:186} INFO - Started process (PID=3329) to work on /Users/bhavishyachallagolla/Desktop/RetailSense/.venv/lib/python3.12/site-packages/airflow/example_dags/example_workday_timetable.py
[2026-07-18T15:36:11.986+0530] {processor.py:914} INFO - Processing file /Users/bhavishyachallagolla/Desktop/RetailSense/.venv/lib/python3.12/site-packages/airflow/example_dags/example_workday_timetable.py for tasks to queue
[2026-07-18T15:36:11.987+0530] {logging_mixin.py:190} INFO - [2026-07-18T15:36:11.986+0530] {dagbag.py:588} INFO - Filling up the DagBag from /Users/bhavishyachallagolla/Desktop/RetailSense/.venv/lib/python3.12/site-packages/airflow/example_dags/example_workday_timetable.py
[2026-07-18T15:36:11.987+0530] {logging_mixin.py:190} INFO - [2026-07-18T15:36:11.987+0530] {workday.py:41} WARNING - Could not import pandas. Holidays will not be considered.
[2026-07-18T15:36:11.989+0530] {processor.py:925} INFO - DAG(s) 'example_workday_timetable' retrieved from /Users/bhavishyachallagolla/Desktop/RetailSense/.venv/lib/python3.12/site-packages/airflow/example_dags/example_workday_timetable.py
[2026-07-18T15:36:12.012+0530] {logging_mixin.py:190} INFO - [2026-07-18T15:36:12.012+0530] {workday.py:41} WARNING - Could not import pandas. Holidays will not be considered.
[2026-07-18T15:36:12.017+0530] {logging_mixin.py:190} INFO - [2026-07-18T15:36:12.017+0530] {dag.py:3239} INFO - Sync 1 DAGs
[2026-07-18T15:36:12.022+0530] {logging_mixin.py:190} INFO - [2026-07-18T15:36:12.022+0530] {dag.py:4180} INFO - Setting next_dagrun for example_workday_timetable to 2021-01-01 00:00:00+00:00, run_after=2021-01-02 00:00:00+00:00
[2026-07-18T15:36:12.027+0530] {processor.py:208} INFO - Processing /Users/bhavishyachallagolla/Desktop/RetailSense/.venv/lib/python3.12/site-packages/airflow/example_dags/example_workday_timetable.py took 0.042 seconds
[2026-07-18T15:37:33.653+0530] {processor.py:186} INFO - Started process (PID=3534) to work on /Users/bhavishyachallagolla/Desktop/RetailSense/.venv/lib/python3.12/site-packages/airflow/example_dags/example_workday_timetable.py
[2026-07-18T15:37:33.653+0530] {processor.py:914} INFO - Processing file /Users/bhavishyachallagolla/Desktop/RetailSense/.venv/lib/python3.12/site-packages/airflow/example_dags/example_workday_timetable.py for tasks to queue
[2026-07-18T15:37:33.654+0530] {logging_mixin.py:190} INFO - [2026-07-18T15:37:33.654+0530] {dagbag.py:588} INFO - Filling up the DagBag from /Users/bhavishyachallagolla/Desktop/RetailSense/.venv/lib/python3.12/site-packages/airflow/example_dags/example_workday_timetable.py
[2026-07-18T15:37:33.655+0530] {logging_mixin.py:190} INFO - [2026-07-18T15:37:33.655+0530] {workday.py:41} WARNING - Could not import pandas. Holidays will not be considered.
[2026-07-18T15:37:33.656+0530] {processor.py:925} INFO - DAG(s) 'example_workday_timetable' retrieved from /Users/bhavishyachallagolla/Desktop/RetailSense/.venv/lib/python3.12/site-packages/airflow/example_dags/example_workday_timetable.py
[2026-07-18T15:37:33.680+0530] {logging_mixin.py:190} INFO - [2026-07-18T15:37:33.680+0530] {workday.py:41} WARNING - Could not import pandas. Holidays will not be considered.
[2026-07-18T15:37:33.685+0530] {logging_mixin.py:190} INFO - [2026-07-18T15:37:33.685+0530] {dag.py:3239} INFO - Sync 1 DAGs
[2026-07-18T15:37:33.690+0530] {logging_mixin.py:190} INFO - [2026-07-18T15:37:33.690+0530] {dag.py:4180} INFO - Setting next_dagrun for example_workday_timetable to 2021-01-01 00:00:00+00:00, run_after=2021-01-02 00:00:00+00:00
[2026-07-18T15:37:33.695+0530] {processor.py:208} INFO - Processing /Users/bhavishyachallagolla/Desktop/RetailSense/.venv/lib/python3.12/site-packages/airflow/example_dags/example_workday_timetable.py took 0.043 seconds
[2026-07-18T15:38:36.324+0530] {processor.py:186} INFO - Started process (PID=3697) to work on /Users/bhavishyachallagolla/Desktop/RetailSense/.venv/lib/python3.12/site-packages/airflow/example_dags/example_workday_timetable.py
[2026-07-18T15:38:36.325+0530] {processor.py:914} INFO - Processing file /Users/bhavishyachallagolla/Desktop/RetailSense/.venv/lib/python3.12/site-packages/airflow/example_dags/example_workday_timetable.py for tasks to queue
[2026-07-18T15:38:36.325+0530] {logging_mixin.py:190} INFO - [2026-07-18T15:38:36.325+0530] {dagbag.py:588} INFO - Filling up the DagBag from /Users/bhavishyachallagolla/Desktop/RetailSense/.venv/lib/python3.12/site-packages/airflow/example_dags/example_workday_timetable.py
[2026-07-18T15:38:36.326+0530] {logging_mixin.py:190} INFO - [2026-07-18T15:38:36.326+0530] {workday.py:41} WARNING - Could not import pandas. Holidays will not be considered.
[2026-07-18T15:38:36.327+0530] {processor.py:925} INFO - DAG(s) 'example_workday_timetable' retrieved from /Users/bhavishyachallagolla/Desktop/RetailSense/.venv/lib/python3.12/site-packages/airflow/example_dags/example_workday_timetable.py
[2026-07-18T15:38:36.350+0530] {logging_mixin.py:190} INFO - [2026-07-18T15:38:36.350+0530] {workday.py:41} WARNING - Could not import pandas. Holidays will not be considered.
[2026-07-18T15:38:36.355+0530] {logging_mixin.py:190} INFO - [2026-07-18T15:38:36.355+0530] {dag.py:3239} INFO - Sync 1 DAGs
[2026-07-18T15:38:36.360+0530] {logging_mixin.py:190} INFO - [2026-07-18T15:38:36.360+0530] {dag.py:4180} INFO - Setting next_dagrun for example_workday_timetable to 2021-01-01 00:00:00+00:00, run_after=2021-01-02 00:00:00+00:00
[2026-07-18T15:38:36.364+0530] {processor.py:208} INFO - Processing /Users/bhavishyachallagolla/Desktop/RetailSense/.venv/lib/python3.12/site-packages/airflow/example_dags/example_workday_timetable.py took 0.041 seconds
[2026-07-18T15:39:38.009+0530] {processor.py:186} INFO - Started process (PID=3873) to work on /Users/bhavishyachallagolla/Desktop/RetailSense/.venv/lib/python3.12/site-packages/airflow/example_dags/example_workday_timetable.py
[2026-07-18T15:39:38.010+0530] {processor.py:914} INFO - Processing file /Users/bhavishyachallagolla/Desktop/RetailSense/.venv/lib/python3.12/site-packages/airflow/example_dags/example_workday_timetable.py for tasks to queue
[2026-07-18T15:39:38.010+0530] {logging_mixin.py:190} INFO - [2026-07-18T15:39:38.010+0530] {dagbag.py:588} INFO - Filling up the DagBag from /Users/bhavishyachallagolla/Desktop/RetailSense/.venv/lib/python3.12/site-packages/airflow/example_dags/example_workday_timetable.py
[2026-07-18T15:39:38.011+0530] {logging_mixin.py:190} INFO - [2026-07-18T15:39:38.011+0530] {workday.py:41} WARNING - Could not import pandas. Holidays will not be considered.
[2026-07-18T15:39:38.012+0530] {processor.py:925} INFO - DAG(s) 'example_workday_timetable' retrieved from /Users/bhavishyachallagolla/Desktop/RetailSense/.venv/lib/python3.12/site-packages/airflow/example_dags/example_workday_timetable.py
[2026-07-18T15:39:38.036+0530] {logging_mixin.py:190} INFO - [2026-07-18T15:39:38.036+0530] {workday.py:41} WARNING - Could not import pandas. Holidays will not be considered.
[2026-07-18T15:39:38.042+0530] {logging_mixin.py:190} INFO - [2026-07-18T15:39:38.042+0530] {dag.py:3239} INFO - Sync 1 DAGs
[2026-07-18T15:39:38.047+0530] {logging_mixin.py:190} INFO - [2026-07-18T15:39:38.047+0530] {dag.py:4180} INFO - Setting next_dagrun for example_workday_timetable to 2021-01-01 00:00:00+00:00, run_after=2021-01-02 00:00:00+00:00
[2026-07-18T15:39:38.052+0530] {processor.py:208} INFO - Processing /Users/bhavishyachallagolla/Desktop/RetailSense/.venv/lib/python3.12/site-packages/airflow/example_dags/example_workday_timetable.py took 0.044 seconds
[2026-07-18T15:41:16.681+0530] {processor.py:186} INFO - Started process (PID=4135) to work on /Users/bhavishyachallagolla/Desktop/RetailSense/.venv/lib/python3.12/site-packages/airflow/example_dags/example_workday_timetable.py
[2026-07-18T15:41:16.683+0530] {processor.py:914} INFO - Processing file /Users/bhavishyachallagolla/Desktop/RetailSense/.venv/lib/python3.12/site-packages/airflow/example_dags/example_workday_timetable.py for tasks to queue
[2026-07-18T15:41:16.683+0530] {logging_mixin.py:190} INFO - [2026-07-18T15:41:16.683+0530] {dagbag.py:588} INFO - Filling up the DagBag from /Users/bhavishyachallagolla/Desktop/RetailSense/.venv/lib/python3.12/site-packages/airflow/example_dags/example_workday_timetable.py
[2026-07-18T15:41:16.684+0530] {logging_mixin.py:190} INFO - [2026-07-18T15:41:16.684+0530] {workday.py:41} WARNING - Could not import pandas. Holidays will not be considered.
[2026-07-18T15:41:16.685+0530] {processor.py:925} INFO - DAG(s) 'example_workday_timetable' retrieved from /Users/bhavishyachallagolla/Desktop/RetailSense/.venv/lib/python3.12/site-packages/airflow/example_dags/example_workday_timetable.py
[2026-07-18T15:41:16.708+0530] {logging_mixin.py:190} INFO - [2026-07-18T15:41:16.708+0530] {workday.py:41} WARNING - Could not import pandas. Holidays will not be considered.
[2026-07-18T15:41:16.714+0530] {logging_mixin.py:190} INFO - [2026-07-18T15:41:16.713+0530] {dag.py:3239} INFO - Sync 1 DAGs
[2026-07-18T15:41:16.719+0530] {logging_mixin.py:190} INFO - [2026-07-18T15:41:16.719+0530] {dag.py:4180} INFO - Setting next_dagrun for example_workday_timetable to 2021-01-01 00:00:00+00:00, run_after=2021-01-02 00:00:00+00:00
[2026-07-18T15:41:16.723+0530] {processor.py:208} INFO - Processing /Users/bhavishyachallagolla/Desktop/RetailSense/.venv/lib/python3.12/site-packages/airflow/example_dags/example_workday_timetable.py took 0.043 seconds
[2026-07-18T15:42:07.886+0530] {processor.py:186} INFO - Started process (PID=4261) to work on /Users/bhavishyachallagolla/Desktop/RetailSense/.venv/lib/python3.12/site-packages/airflow/example_dags/example_workday_timetable.py
[2026-07-18T15:42:07.886+0530] {processor.py:914} INFO - Processing file /Users/bhavishyachallagolla/Desktop/RetailSense/.venv/lib/python3.12/site-packages/airflow/example_dags/example_workday_timetable.py for tasks to queue
[2026-07-18T15:42:07.886+0530] {logging_mixin.py:190} INFO - [2026-07-18T15:42:07.886+0530] {dagbag.py:588} INFO - Filling up the DagBag from /Users/bhavishyachallagolla/Desktop/RetailSense/.venv/lib/python3.12/site-packages/airflow/example_dags/example_workday_timetable.py
[2026-07-18T15:42:07.887+0530] {logging_mixin.py:190} INFO - [2026-07-18T15:42:07.887+0530] {workday.py:41} WARNING - Could not import pandas. Holidays will not be considered.
[2026-07-18T15:42:07.888+0530] {processor.py:925} INFO - DAG(s) 'example_workday_timetable' retrieved from /Users/bhavishyachallagolla/Desktop/RetailSense/.venv/lib/python3.12/site-packages/airflow/example_dags/example_workday_timetable.py
[2026-07-18T15:42:07.911+0530] {logging_mixin.py:190} INFO - [2026-07-18T15:42:07.911+0530] {workday.py:41} WARNING - Could not import pandas. Holidays will not be considered.
[2026-07-18T15:42:07.916+0530] {logging_mixin.py:190} INFO - [2026-07-18T15:42:07.916+0530] {dag.py:3239} INFO - Sync 1 DAGs
[2026-07-18T15:42:07.921+0530] {logging_mixin.py:190} INFO - [2026-07-18T15:42:07.921+0530] {dag.py:4180} INFO - Setting next_dagrun for example_workday_timetable to 2021-01-01 00:00:00+00:00, run_after=2021-01-02 00:00:00+00:00
[2026-07-18T15:42:07.925+0530] {processor.py:208} INFO - Processing /Users/bhavishyachallagolla/Desktop/RetailSense/.venv/lib/python3.12/site-packages/airflow/example_dags/example_workday_timetable.py took 0.041 seconds
[2026-07-18T15:43:01.174+0530] {processor.py:186} INFO - Started process (PID=4419) to work on /Users/bhavishyachallagolla/Desktop/RetailSense/.venv/lib/python3.12/site-packages/airflow/example_dags/example_workday_timetable.py
[2026-07-18T15:43:01.176+0530] {processor.py:914} INFO - Processing file /Users/bhavishyachallagolla/Desktop/RetailSense/.venv/lib/python3.12/site-packages/airflow/example_dags/example_workday_timetable.py for tasks to queue
[2026-07-18T15:43:01.176+0530] {logging_mixin.py:190} INFO - [2026-07-18T15:43:01.176+0530] {dagbag.py:588} INFO - Filling up the DagBag from /Users/bhavishyachallagolla/Desktop/RetailSense/.venv/lib/python3.12/site-packages/airflow/example_dags/example_workday_timetable.py
[2026-07-18T15:43:01.177+0530] {logging_mixin.py:190} INFO - [2026-07-18T15:43:01.177+0530] {workday.py:41} WARNING - Could not import pandas. Holidays will not be considered.
[2026-07-18T15:43:01.179+0530] {processor.py:925} INFO - DAG(s) 'example_workday_timetable' retrieved from /Users/bhavishyachallagolla/Desktop/RetailSense/.venv/lib/python3.12/site-packages/airflow/example_dags/example_workday_timetable.py
[2026-07-18T15:43:01.201+0530] {logging_mixin.py:190} INFO - [2026-07-18T15:43:01.201+0530] {workday.py:41} WARNING - Could not import pandas. Holidays will not be considered.
[2026-07-18T15:43:01.207+0530] {logging_mixin.py:190} INFO - [2026-07-18T15:43:01.207+0530] {dag.py:3239} INFO - Sync 1 DAGs
[2026-07-18T15:43:01.212+0530] {logging_mixin.py:190} INFO - [2026-07-18T15:43:01.212+0530] {dag.py:4180} INFO - Setting next_dagrun for example_workday_timetable to 2021-01-01 00:00:00+00:00, run_after=2021-01-02 00:00:00+00:00
[2026-07-18T15:43:01.217+0530] {processor.py:208} INFO - Processing /Users/bhavishyachallagolla/Desktop/RetailSense/.venv/lib/python3.12/site-packages/airflow/example_dags/example_workday_timetable.py took 0.043 seconds
[2026-07-18T15:44:03.595+0530] {processor.py:186} INFO - Started process (PID=4580) to work on /Users/bhavishyachallagolla/Desktop/RetailSense/.venv/lib/python3.12/site-packages/airflow/example_dags/example_workday_timetable.py
[2026-07-18T15:44:03.596+0530] {processor.py:914} INFO - Processing file /Users/bhavishyachallagolla/Desktop/RetailSense/.venv/lib/python3.12/site-packages/airflow/example_dags/example_workday_timetable.py for tasks to queue
[2026-07-18T15:44:03.596+0530] {logging_mixin.py:190} INFO - [2026-07-18T15:44:03.596+0530] {dagbag.py:588} INFO - Filling up the DagBag from /Users/bhavishyachallagolla/Desktop/RetailSense/.venv/lib/python3.12/site-packages/airflow/example_dags/example_workday_timetable.py
[2026-07-18T15:44:03.596+0530] {logging_mixin.py:190} INFO - [2026-07-18T15:44:03.596+0530] {workday.py:41} WARNING - Could not import pandas. Holidays will not be considered.
[2026-07-18T15:44:03.598+0530] {processor.py:925} INFO - DAG(s) 'example_workday_timetable' retrieved from /Users/bhavishyachallagolla/Desktop/RetailSense/.venv/lib/python3.12/site-packages/airflow/example_dags/example_workday_timetable.py
[2026-07-18T15:44:03.620+0530] {logging_mixin.py:190} INFO - [2026-07-18T15:44:03.620+0530] {workday.py:41} WARNING - Could not import pandas. Holidays will not be considered.
[2026-07-18T15:44:03.626+0530] {logging_mixin.py:190} INFO - [2026-07-18T15:44:03.626+0530] {dag.py:3239} INFO - Sync 1 DAGs
[2026-07-18T15:44:03.631+0530] {logging_mixin.py:190} INFO - [2026-07-18T15:44:03.631+0530] {dag.py:4180} INFO - Setting next_dagrun for example_workday_timetable to 2021-01-01 00:00:00+00:00, run_after=2021-01-02 00:00:00+00:00
[2026-07-18T15:44:03.635+0530] {processor.py:208} INFO - Processing /Users/bhavishyachallagolla/Desktop/RetailSense/.venv/lib/python3.12/site-packages/airflow/example_dags/example_workday_timetable.py took 0.041 seconds
[2026-07-18T15:44:54.902+0530] {processor.py:186} INFO - Started process (PID=4711) to work on /Users/bhavishyachallagolla/Desktop/RetailSense/.venv/lib/python3.12/site-packages/airflow/example_dags/example_workday_timetable.py
[2026-07-18T15:44:54.902+0530] {processor.py:914} INFO - Processing file /Users/bhavishyachallagolla/Desktop/RetailSense/.venv/lib/python3.12/site-packages/airflow/example_dags/example_workday_timetable.py for tasks to queue
[2026-07-18T15:44:54.902+0530] {logging_mixin.py:190} INFO - [2026-07-18T15:44:54.902+0530] {dagbag.py:588} INFO - Filling up the DagBag from /Users/bhavishyachallagolla/Desktop/RetailSense/.venv/lib/python3.12/site-packages/airflow/example_dags/example_workday_timetable.py
[2026-07-18T15:44:54.903+0530] {logging_mixin.py:190} INFO - [2026-07-18T15:44:54.903+0530] {workday.py:41} WARNING - Could not import pandas. Holidays will not be considered.
[2026-07-18T15:44:54.905+0530] {processor.py:925} INFO - DAG(s) 'example_workday_timetable' retrieved from /Users/bhavishyachallagolla/Desktop/RetailSense/.venv/lib/python3.12/site-packages/airflow/example_dags/example_workday_timetable.py
[2026-07-18T15:44:54.926+0530] {logging_mixin.py:190} INFO - [2026-07-18T15:44:54.926+0530] {workday.py:41} WARNING - Could not import pandas. Holidays will not be considered.
[2026-07-18T15:44:54.932+0530] {logging_mixin.py:190} INFO - [2026-07-18T15:44:54.932+0530] {dag.py:3239} INFO - Sync 1 DAGs
[2026-07-18T15:44:54.936+0530] {logging_mixin.py:190} INFO - [2026-07-18T15:44:54.936+0530] {dag.py:4180} INFO - Setting next_dagrun for example_workday_timetable to 2021-01-01 00:00:00+00:00, run_after=2021-01-02 00:00:00+00:00
[2026-07-18T15:44:54.941+0530] {processor.py:208} INFO - Processing /Users/bhavishyachallagolla/Desktop/RetailSense/.venv/lib/python3.12/site-packages/airflow/example_dags/example_workday_timetable.py took 0.040 seconds
[2026-07-18T15:45:47.027+0530] {processor.py:186} INFO - Started process (PID=4837) to work on /Users/bhavishyachallagolla/Desktop/RetailSense/.venv/lib/python3.12/site-packages/airflow/example_dags/example_workday_timetable.py
[2026-07-18T15:45:47.028+0530] {processor.py:914} INFO - Processing file /Users/bhavishyachallagolla/Desktop/RetailSense/.venv/lib/python3.12/site-packages/airflow/example_dags/example_workday_timetable.py for tasks to queue
[2026-07-18T15:45:47.028+0530] {logging_mixin.py:190} INFO - [2026-07-18T15:45:47.028+0530] {dagbag.py:588} INFO - Filling up the DagBag from /Users/bhavishyachallagolla/Desktop/RetailSense/.venv/lib/python3.12/site-packages/airflow/example_dags/example_workday_timetable.py
[2026-07-18T15:45:47.029+0530] {logging_mixin.py:190} INFO - [2026-07-18T15:45:47.029+0530] {workday.py:41} WARNING - Could not import pandas. Holidays will not be considered.
[2026-07-18T15:45:47.030+0530] {processor.py:925} INFO - DAG(s) 'example_workday_timetable' retrieved from /Users/bhavishyachallagolla/Desktop/RetailSense/.venv/lib/python3.12/site-packages/airflow/example_dags/example_workday_timetable.py
[2026-07-18T15:45:47.052+0530] {logging_mixin.py:190} INFO - [2026-07-18T15:45:47.052+0530] {workday.py:41} WARNING - Could not import pandas. Holidays will not be considered.
[2026-07-18T15:45:47.057+0530] {logging_mixin.py:190} INFO - [2026-07-18T15:45:47.057+0530] {dag.py:3239} INFO - Sync 1 DAGs
[2026-07-18T15:45:47.062+0530] {logging_mixin.py:190} INFO - [2026-07-18T15:45:47.062+0530] {dag.py:4180} INFO - Setting next_dagrun for example_workday_timetable to 2021-01-01 00:00:00+00:00, run_after=2021-01-02 00:00:00+00:00
[2026-07-18T15:45:47.066+0530] {processor.py:208} INFO - Processing /Users/bhavishyachallagolla/Desktop/RetailSense/.venv/lib/python3.12/site-packages/airflow/example_dags/example_workday_timetable.py took 0.040 seconds
[2026-07-18T15:46:40.191+0530] {processor.py:186} INFO - Started process (PID=4969) to work on /Users/bhavishyachallagolla/Desktop/RetailSense/.venv/lib/python3.12/site-packages/airflow/example_dags/example_workday_timetable.py
[2026-07-18T15:46:40.192+0530] {processor.py:914} INFO - Processing file /Users/bhavishyachallagolla/Desktop/RetailSense/.venv/lib/python3.12/site-packages/airflow/example_dags/example_workday_timetable.py for tasks to queue
[2026-07-18T15:46:40.192+0530] {logging_mixin.py:190} INFO - [2026-07-18T15:46:40.192+0530] {dagbag.py:588} INFO - Filling up the DagBag from /Users/bhavishyachallagolla/Desktop/RetailSense/.venv/lib/python3.12/site-packages/airflow/example_dags/example_workday_timetable.py
[2026-07-18T15:46:40.193+0530] {logging_mixin.py:190} INFO - [2026-07-18T15:46:40.193+0530] {workday.py:41} WARNING - Could not import pandas. Holidays will not be considered.
[2026-07-18T15:46:40.195+0530] {processor.py:925} INFO - DAG(s) 'example_workday_timetable' retrieved from /Users/bhavishyachallagolla/Desktop/RetailSense/.venv/lib/python3.12/site-packages/airflow/example_dags/example_workday_timetable.py
[2026-07-18T15:46:40.217+0530] {logging_mixin.py:190} INFO - [2026-07-18T15:46:40.217+0530] {workday.py:41} WARNING - Could not import pandas. Holidays will not be considered.
[2026-07-18T15:46:40.223+0530] {logging_mixin.py:190} INFO - [2026-07-18T15:46:40.223+0530] {dag.py:3239} INFO - Sync 1 DAGs
[2026-07-18T15:46:40.228+0530] {logging_mixin.py:190} INFO - [2026-07-18T15:46:40.227+0530] {dag.py:4180} INFO - Setting next_dagrun for example_workday_timetable to 2021-01-01 00:00:00+00:00, run_after=2021-01-02 00:00:00+00:00
[2026-07-18T15:46:40.232+0530] {processor.py:208} INFO - Processing /Users/bhavishyachallagolla/Desktop/RetailSense/.venv/lib/python3.12/site-packages/airflow/example_dags/example_workday_timetable.py took 0.042 seconds
[2026-07-18T15:47:31.325+0530] {processor.py:186} INFO - Started process (PID=5127) to work on /Users/bhavishyachallagolla/Desktop/RetailSense/.venv/lib/python3.12/site-packages/airflow/example_dags/example_workday_timetable.py
[2026-07-18T15:47:31.326+0530] {processor.py:914} INFO - Processing file /Users/bhavishyachallagolla/Desktop/RetailSense/.venv/lib/python3.12/site-packages/airflow/example_dags/example_workday_timetable.py for tasks to queue
[2026-07-18T15:47:31.326+0530] {logging_mixin.py:190} INFO - [2026-07-18T15:47:31.326+0530] {dagbag.py:588} INFO - Filling up the DagBag from /Users/bhavishyachallagolla/Desktop/RetailSense/.venv/lib/python3.12/site-packages/airflow/example_dags/example_workday_timetable.py
[2026-07-18T15:47:31.327+0530] {logging_mixin.py:190} INFO - [2026-07-18T15:47:31.327+0530] {workday.py:41} WARNING - Could not import pandas. Holidays will not be considered.
[2026-07-18T15:47:31.329+0530] {processor.py:925} INFO - DAG(s) 'example_workday_timetable' retrieved from /Users/bhavishyachallagolla/Desktop/RetailSense/.venv/lib/python3.12/site-packages/airflow/example_dags/example_workday_timetable.py
[2026-07-18T15:47:31.350+0530] {logging_mixin.py:190} INFO - [2026-07-18T15:47:31.350+0530] {workday.py:41} WARNING - Could not import pandas. Holidays will not be considered.
[2026-07-18T15:47:31.356+0530] {logging_mixin.py:190} INFO - [2026-07-18T15:47:31.356+0530] {dag.py:3239} INFO - Sync 1 DAGs
[2026-07-18T15:47:31.360+0530] {logging_mixin.py:190} INFO - [2026-07-18T15:47:31.360+0530] {dag.py:4180} INFO - Setting next_dagrun for example_workday_timetable to 2021-01-01 00:00:00+00:00, run_after=2021-01-02 00:00:00+00:00
[2026-07-18T15:47:31.365+0530] {processor.py:208} INFO - Processing /Users/bhavishyachallagolla/Desktop/RetailSense/.venv/lib/python3.12/site-packages/airflow/example_dags/example_workday_timetable.py took 0.041 seconds
[2026-07-18T15:48:23.967+0530] {processor.py:186} INFO - Started process (PID=5272) to work on /Users/bhavishyachallagolla/Desktop/RetailSense/.venv/lib/python3.12/site-packages/airflow/example_dags/example_workday_timetable.py
[2026-07-18T15:48:23.969+0530] {processor.py:914} INFO - Processing file /Users/bhavishyachallagolla/Desktop/RetailSense/.venv/lib/python3.12/site-packages/airflow/example_dags/example_workday_timetable.py for tasks to queue
[2026-07-18T15:48:23.969+0530] {logging_mixin.py:190} INFO - [2026-07-18T15:48:23.969+0530] {dagbag.py:588} INFO - Filling up the DagBag from /Users/bhavishyachallagolla/Desktop/RetailSense/.venv/lib/python3.12/site-packages/airflow/example_dags/example_workday_timetable.py
[2026-07-18T15:48:23.970+0530] {logging_mixin.py:190} INFO - [2026-07-18T15:48:23.970+0530] {workday.py:41} WARNING - Could not import pandas. Holidays will not be considered.
[2026-07-18T15:48:23.971+0530] {processor.py:925} INFO - DAG(s) 'example_workday_timetable' retrieved from /Users/bhavishyachallagolla/Desktop/RetailSense/.venv/lib/python3.12/site-packages/airflow/example_dags/example_workday_timetable.py
[2026-07-18T15:48:23.994+0530] {logging_mixin.py:190} INFO - [2026-07-18T15:48:23.994+0530] {workday.py:41} WARNING - Could not import pandas. Holidays will not be considered.
[2026-07-18T15:48:23.999+0530] {logging_mixin.py:190} INFO - [2026-07-18T15:48:23.999+0530] {dag.py:3239} INFO - Sync 1 DAGs
[2026-07-18T15:48:24.004+0530] {logging_mixin.py:190} INFO - [2026-07-18T15:48:24.004+0530] {dag.py:4180} INFO - Setting next_dagrun for example_workday_timetable to 2021-01-01 00:00:00+00:00, run_after=2021-01-02 00:00:00+00:00
[2026-07-18T15:48:24.009+0530] {processor.py:208} INFO - Processing /Users/bhavishyachallagolla/Desktop/RetailSense/.venv/lib/python3.12/site-packages/airflow/example_dags/example_workday_timetable.py took 0.043 seconds
[2026-07-18T15:49:16.665+0530] {processor.py:186} INFO - Started process (PID=5415) to work on /Users/bhavishyachallagolla/Desktop/RetailSense/.venv/lib/python3.12/site-packages/airflow/example_dags/example_workday_timetable.py
[2026-07-18T15:49:16.666+0530] {processor.py:914} INFO - Processing file /Users/bhavishyachallagolla/Desktop/RetailSense/.venv/lib/python3.12/site-packages/airflow/example_dags/example_workday_timetable.py for tasks to queue
[2026-07-18T15:49:16.666+0530] {logging_mixin.py:190} INFO - [2026-07-18T15:49:16.666+0530] {dagbag.py:588} INFO - Filling up the DagBag from /Users/bhavishyachallagolla/Desktop/RetailSense/.venv/lib/python3.12/site-packages/airflow/example_dags/example_workday_timetable.py
[2026-07-18T15:49:16.668+0530] {logging_mixin.py:190} INFO - [2026-07-18T15:49:16.668+0530] {workday.py:41} WARNING - Could not import pandas. Holidays will not be considered.
[2026-07-18T15:49:16.669+0530] {processor.py:925} INFO - DAG(s) 'example_workday_timetable' retrieved from /Users/bhavishyachallagolla/Desktop/RetailSense/.venv/lib/python3.12/site-packages/airflow/example_dags/example_workday_timetable.py
[2026-07-18T15:49:16.692+0530] {logging_mixin.py:190} INFO - [2026-07-18T15:49:16.692+0530] {workday.py:41} WARNING - Could not import pandas. Holidays will not be considered.
[2026-07-18T15:49:16.698+0530] {logging_mixin.py:190} INFO - [2026-07-18T15:49:16.698+0530] {dag.py:3239} INFO - Sync 1 DAGs
[2026-07-18T15:49:16.703+0530] {logging_mixin.py:190} INFO - [2026-07-18T15:49:16.703+0530] {dag.py:4180} INFO - Setting next_dagrun for example_workday_timetable to 2021-01-01 00:00:00+00:00, run_after=2021-01-02 00:00:00+00:00
[2026-07-18T15:49:16.708+0530] {processor.py:208} INFO - Processing /Users/bhavishyachallagolla/Desktop/RetailSense/.venv/lib/python3.12/site-packages/airflow/example_dags/example_workday_timetable.py took 0.044 seconds
[2026-07-18T15:50:10.609+0530] {processor.py:186} INFO - Started process (PID=5549) to work on /Users/bhavishyachallagolla/Desktop/RetailSense/.venv/lib/python3.12/site-packages/airflow/example_dags/example_workday_timetable.py
[2026-07-18T15:50:10.609+0530] {processor.py:914} INFO - Processing file /Users/bhavishyachallagolla/Desktop/RetailSense/.venv/lib/python3.12/site-packages/airflow/example_dags/example_workday_timetable.py for tasks to queue
[2026-07-18T15:50:10.610+0530] {logging_mixin.py:190} INFO - [2026-07-18T15:50:10.609+0530] {dagbag.py:588} INFO - Filling up the DagBag from /Users/bhavishyachallagolla/Desktop/RetailSense/.venv/lib/python3.12/site-packages/airflow/example_dags/example_workday_timetable.py
[2026-07-18T15:50:10.611+0530] {logging_mixin.py:190} INFO - [2026-07-18T15:50:10.611+0530] {workday.py:41} WARNING - Could not import pandas. Holidays will not be considered.
[2026-07-18T15:50:10.612+0530] {processor.py:925} INFO - DAG(s) 'example_workday_timetable' retrieved from /Users/bhavishyachallagolla/Desktop/RetailSense/.venv/lib/python3.12/site-packages/airflow/example_dags/example_workday_timetable.py
[2026-07-18T15:50:10.634+0530] {logging_mixin.py:190} INFO - [2026-07-18T15:50:10.634+0530] {workday.py:41} WARNING - Could not import pandas. Holidays will not be considered.
[2026-07-18T15:50:10.639+0530] {logging_mixin.py:190} INFO - [2026-07-18T15:50:10.639+0530] {dag.py:3239} INFO - Sync 1 DAGs
[2026-07-18T15:50:10.644+0530] {logging_mixin.py:190} INFO - [2026-07-18T15:50:10.644+0530] {dag.py:4180} INFO - Setting next_dagrun for example_workday_timetable to 2021-01-01 00:00:00+00:00, run_after=2021-01-02 00:00:00+00:00
[2026-07-18T15:50:10.649+0530] {processor.py:208} INFO - Processing /Users/bhavishyachallagolla/Desktop/RetailSense/.venv/lib/python3.12/site-packages/airflow/example_dags/example_workday_timetable.py took 0.041 seconds
[2026-07-18T15:51:04.450+0530] {processor.py:186} INFO - Started process (PID=5691) to work on /Users/bhavishyachallagolla/Desktop/RetailSense/.venv/lib/python3.12/site-packages/airflow/example_dags/example_workday_timetable.py
[2026-07-18T15:51:04.451+0530] {processor.py:914} INFO - Processing file /Users/bhavishyachallagolla/Desktop/RetailSense/.venv/lib/python3.12/site-packages/airflow/example_dags/example_workday_timetable.py for tasks to queue
[2026-07-18T15:51:04.451+0530] {logging_mixin.py:190} INFO - [2026-07-18T15:51:04.451+0530] {dagbag.py:588} INFO - Filling up the DagBag from /Users/bhavishyachallagolla/Desktop/RetailSense/.venv/lib/python3.12/site-packages/airflow/example_dags/example_workday_timetable.py
[2026-07-18T15:51:04.452+0530] {logging_mixin.py:190} INFO - [2026-07-18T15:51:04.452+0530] {workday.py:41} WARNING - Could not import pandas. Holidays will not be considered.
[2026-07-18T15:51:04.454+0530] {processor.py:925} INFO - DAG(s) 'example_workday_timetable' retrieved from /Users/bhavishyachallagolla/Desktop/RetailSense/.venv/lib/python3.12/site-packages/airflow/example_dags/example_workday_timetable.py
[2026-07-18T15:51:04.476+0530] {logging_mixin.py:190} INFO - [2026-07-18T15:51:04.475+0530] {workday.py:41} WARNING - Could not import pandas. Holidays will not be considered.
[2026-07-18T15:51:04.481+0530] {logging_mixin.py:190} INFO - [2026-07-18T15:51:04.481+0530] {dag.py:3239} INFO - Sync 1 DAGs
[2026-07-18T15:51:04.486+0530] {logging_mixin.py:190} INFO - [2026-07-18T15:51:04.486+0530] {dag.py:4180} INFO - Setting next_dagrun for example_workday_timetable to 2021-01-01 00:00:00+00:00, run_after=2021-01-02 00:00:00+00:00
[2026-07-18T15:51:04.490+0530] {processor.py:208} INFO - Processing /Users/bhavishyachallagolla/Desktop/RetailSense/.venv/lib/python3.12/site-packages/airflow/example_dags/example_workday_timetable.py took 0.042 seconds
[2026-07-18T15:52:45.641+0530] {processor.py:186} INFO - Started process (PID=5949) to work on /Users/bhavishyachallagolla/Desktop/RetailSense/.venv/lib/python3.12/site-packages/airflow/example_dags/example_workday_timetable.py
[2026-07-18T15:52:45.642+0530] {processor.py:914} INFO - Processing file /Users/bhavishyachallagolla/Desktop/RetailSense/.venv/lib/python3.12/site-packages/airflow/example_dags/example_workday_timetable.py for tasks to queue
[2026-07-18T15:52:45.642+0530] {logging_mixin.py:190} INFO - [2026-07-18T15:52:45.642+0530] {dagbag.py:588} INFO - Filling up the DagBag from /Users/bhavishyachallagolla/Desktop/RetailSense/.venv/lib/python3.12/site-packages/airflow/example_dags/example_workday_timetable.py
[2026-07-18T15:52:45.644+0530] {logging_mixin.py:190} INFO - [2026-07-18T15:52:45.644+0530] {workday.py:41} WARNING - Could not import pandas. Holidays will not be considered.
[2026-07-18T15:52:45.645+0530] {processor.py:925} INFO - DAG(s) 'example_workday_timetable' retrieved from /Users/bhavishyachallagolla/Desktop/RetailSense/.venv/lib/python3.12/site-packages/airflow/example_dags/example_workday_timetable.py
[2026-07-18T15:52:45.667+0530] {logging_mixin.py:190} INFO - [2026-07-18T15:52:45.667+0530] {workday.py:41} WARNING - Could not import pandas. Holidays will not be considered.
[2026-07-18T15:52:45.673+0530] {logging_mixin.py:190} INFO - [2026-07-18T15:52:45.673+0530] {dag.py:3239} INFO - Sync 1 DAGs
[2026-07-18T15:52:45.678+0530] {logging_mixin.py:190} INFO - [2026-07-18T15:52:45.678+0530] {dag.py:4180} INFO - Setting next_dagrun for example_workday_timetable to 2021-01-01 00:00:00+00:00, run_after=2021-01-02 00:00:00+00:00
[2026-07-18T15:52:45.683+0530] {processor.py:208} INFO - Processing /Users/bhavishyachallagolla/Desktop/RetailSense/.venv/lib/python3.12/site-packages/airflow/example_dags/example_workday_timetable.py took 0.042 seconds
[2026-07-18T15:53:36.869+0530] {processor.py:186} INFO - Started process (PID=6076) to work on /Users/bhavishyachallagolla/Desktop/RetailSense/.venv/lib/python3.12/site-packages/airflow/example_dags/example_workday_timetable.py
[2026-07-18T15:53:36.870+0530] {processor.py:914} INFO - Processing file /Users/bhavishyachallagolla/Desktop/RetailSense/.venv/lib/python3.12/site-packages/airflow/example_dags/example_workday_timetable.py for tasks to queue
[2026-07-18T15:53:36.871+0530] {logging_mixin.py:190} INFO - [2026-07-18T15:53:36.870+0530] {dagbag.py:588} INFO - Filling up the DagBag from /Users/bhavishyachallagolla/Desktop/RetailSense/.venv/lib/python3.12/site-packages/airflow/example_dags/example_workday_timetable.py
[2026-07-18T15:53:36.872+0530] {logging_mixin.py:190} INFO - [2026-07-18T15:53:36.871+0530] {workday.py:41} WARNING - Could not import pandas. Holidays will not be considered.
[2026-07-18T15:53:36.873+0530] {processor.py:925} INFO - DAG(s) 'example_workday_timetable' retrieved from /Users/bhavishyachallagolla/Desktop/RetailSense/.venv/lib/python3.12/site-packages/airflow/example_dags/example_workday_timetable.py
[2026-07-18T15:53:36.895+0530] {logging_mixin.py:190} INFO - [2026-07-18T15:53:36.895+0530] {workday.py:41} WARNING - Could not import pandas. Holidays will not be considered.
[2026-07-18T15:53:36.900+0530] {logging_mixin.py:190} INFO - [2026-07-18T15:53:36.900+0530] {dag.py:3239} INFO - Sync 1 DAGs
[2026-07-18T15:53:36.905+0530] {logging_mixin.py:190} INFO - [2026-07-18T15:53:36.905+0530] {dag.py:4180} INFO - Setting next_dagrun for example_workday_timetable to 2021-01-01 00:00:00+00:00, run_after=2021-01-02 00:00:00+00:00
[2026-07-18T15:53:36.910+0530] {processor.py:208} INFO - Processing /Users/bhavishyachallagolla/Desktop/RetailSense/.venv/lib/python3.12/site-packages/airflow/example_dags/example_workday_timetable.py took 0.041 seconds
[2026-07-18T15:54:28.524+0530] {processor.py:186} INFO - Started process (PID=6207) to work on /Users/bhavishyachallagolla/Desktop/RetailSense/.venv/lib/python3.12/site-packages/airflow/example_dags/example_workday_timetable.py
[2026-07-18T15:54:28.525+0530] {processor.py:914} INFO - Processing file /Users/bhavishyachallagolla/Desktop/RetailSense/.venv/lib/python3.12/site-packages/airflow/example_dags/example_workday_timetable.py for tasks to queue
[2026-07-18T15:54:28.525+0530] {logging_mixin.py:190} INFO - [2026-07-18T15:54:28.525+0530] {dagbag.py:588} INFO - Filling up the DagBag from /Users/bhavishyachallagolla/Desktop/RetailSense/.venv/lib/python3.12/site-packages/airflow/example_dags/example_workday_timetable.py
[2026-07-18T15:54:28.526+0530] {logging_mixin.py:190} INFO - [2026-07-18T15:54:28.526+0530] {workday.py:41} WARNING - Could not import pandas. Holidays will not be considered.
[2026-07-18T15:54:28.528+0530] {processor.py:925} INFO - DAG(s) 'example_workday_timetable' retrieved from /Users/bhavishyachallagolla/Desktop/RetailSense/.venv/lib/python3.12/site-packages/airflow/example_dags/example_workday_timetable.py
[2026-07-18T15:54:28.549+0530] {logging_mixin.py:190} INFO - [2026-07-18T15:54:28.549+0530] {workday.py:41} WARNING - Could not import pandas. Holidays will not be considered.
[2026-07-18T15:54:28.555+0530] {logging_mixin.py:190} INFO - [2026-07-18T15:54:28.555+0530] {dag.py:3239} INFO - Sync 1 DAGs
[2026-07-18T15:54:28.560+0530] {logging_mixin.py:190} INFO - [2026-07-18T15:54:28.559+0530] {dag.py:4180} INFO - Setting next_dagrun for example_workday_timetable to 2021-01-01 00:00:00+00:00, run_after=2021-01-02 00:00:00+00:00
[2026-07-18T15:54:28.564+0530] {processor.py:208} INFO - Processing /Users/bhavishyachallagolla/Desktop/RetailSense/.venv/lib/python3.12/site-packages/airflow/example_dags/example_workday_timetable.py took 0.041 seconds
[2026-07-18T15:55:22.466+0530] {processor.py:186} INFO - Started process (PID=6341) to work on /Users/bhavishyachallagolla/Desktop/RetailSense/.venv/lib/python3.12/site-packages/airflow/example_dags/example_workday_timetable.py
[2026-07-18T15:55:22.467+0530] {processor.py:914} INFO - Processing file /Users/bhavishyachallagolla/Desktop/RetailSense/.venv/lib/python3.12/site-packages/airflow/example_dags/example_workday_timetable.py for tasks to queue
[2026-07-18T15:55:22.467+0530] {logging_mixin.py:190} INFO - [2026-07-18T15:55:22.467+0530] {dagbag.py:588} INFO - Filling up the DagBag from /Users/bhavishyachallagolla/Desktop/RetailSense/.venv/lib/python3.12/site-packages/airflow/example_dags/example_workday_timetable.py
[2026-07-18T15:55:22.469+0530] {logging_mixin.py:190} INFO - [2026-07-18T15:55:22.469+0530] {workday.py:41} WARNING - Could not import pandas. Holidays will not be considered.
[2026-07-18T15:55:22.470+0530] {processor.py:925} INFO - DAG(s) 'example_workday_timetable' retrieved from /Users/bhavishyachallagolla/Desktop/RetailSense/.venv/lib/python3.12/site-packages/airflow/example_dags/example_workday_timetable.py
[2026-07-18T15:55:22.492+0530] {logging_mixin.py:190} INFO - [2026-07-18T15:55:22.492+0530] {workday.py:41} WARNING - Could not import pandas. Holidays will not be considered.
[2026-07-18T15:55:22.498+0530] {logging_mixin.py:190} INFO - [2026-07-18T15:55:22.498+0530] {dag.py:3239} INFO - Sync 1 DAGs
[2026-07-18T15:55:22.503+0530] {logging_mixin.py:190} INFO - [2026-07-18T15:55:22.503+0530] {dag.py:4180} INFO - Setting next_dagrun for example_workday_timetable to 2021-01-01 00:00:00+00:00, run_after=2021-01-02 00:00:00+00:00
[2026-07-18T15:55:22.508+0530] {processor.py:208} INFO - Processing /Users/bhavishyachallagolla/Desktop/RetailSense/.venv/lib/python3.12/site-packages/airflow/example_dags/example_workday_timetable.py took 0.043 seconds
[2026-07-18T15:56:14.133+0530] {processor.py:186} INFO - Started process (PID=6469) to work on /Users/bhavishyachallagolla/Desktop/RetailSense/.venv/lib/python3.12/site-packages/airflow/example_dags/example_workday_timetable.py
[2026-07-18T15:56:14.134+0530] {processor.py:914} INFO - Processing file /Users/bhavishyachallagolla/Desktop/RetailSense/.venv/lib/python3.12/site-packages/airflow/example_dags/example_workday_timetable.py for tasks to queue
[2026-07-18T15:56:14.134+0530] {logging_mixin.py:190} INFO - [2026-07-18T15:56:14.134+0530] {dagbag.py:588} INFO - Filling up the DagBag from /Users/bhavishyachallagolla/Desktop/RetailSense/.venv/lib/python3.12/site-packages/airflow/example_dags/example_workday_timetable.py
[2026-07-18T15:56:14.135+0530] {logging_mixin.py:190} INFO - [2026-07-18T15:56:14.135+0530] {workday.py:41} WARNING - Could not import pandas. Holidays will not be considered.
[2026-07-18T15:56:14.137+0530] {processor.py:925} INFO - DAG(s) 'example_workday_timetable' retrieved from /Users/bhavishyachallagolla/Desktop/RetailSense/.venv/lib/python3.12/site-packages/airflow/example_dags/example_workday_timetable.py
[2026-07-18T15:56:14.159+0530] {logging_mixin.py:190} INFO - [2026-07-18T15:56:14.159+0530] {workday.py:41} WARNING - Could not import pandas. Holidays will not be considered.
[2026-07-18T15:56:14.164+0530] {logging_mixin.py:190} INFO - [2026-07-18T15:56:14.164+0530] {dag.py:3239} INFO - Sync 1 DAGs
[2026-07-18T15:56:14.169+0530] {logging_mixin.py:190} INFO - [2026-07-18T15:56:14.169+0530] {dag.py:4180} INFO - Setting next_dagrun for example_workday_timetable to 2021-01-01 00:00:00+00:00, run_after=2021-01-02 00:00:00+00:00
[2026-07-18T15:56:14.174+0530] {processor.py:208} INFO - Processing /Users/bhavishyachallagolla/Desktop/RetailSense/.venv/lib/python3.12/site-packages/airflow/example_dags/example_workday_timetable.py took 0.042 seconds
