[2026-07-18T15:36:46.379+0530] {processor.py:186} INFO - Started process (PID=3417) to work on /Users/bhavishyachallagolla/Desktop/RetailSense/.venv/lib/python3.12/site-packages/airflow/example_dags/example_latest_only.py
[2026-07-18T15:36:46.379+0530] {processor.py:914} INFO - Processing file /Users/bhavishyachallagolla/Desktop/RetailSense/.venv/lib/python3.12/site-packages/airflow/example_dags/example_latest_only.py for tasks to queue
[2026-07-18T15:36:46.380+0530] {logging_mixin.py:190} INFO - [2026-07-18T15:36:46.380+0530] {dagbag.py:588} INFO - Filling up the DagBag from /Users/bhavishyachallagolla/Desktop/RetailSense/.venv/lib/python3.12/site-packages/airflow/example_dags/example_latest_only.py
[2026-07-18T15:36:46.382+0530] {processor.py:925} INFO - DAG(s) 'latest_only' retrieved from /Users/bhavishyachallagolla/Desktop/RetailSense/.venv/lib/python3.12/site-packages/airflow/example_dags/example_latest_only.py
[2026-07-18T15:36:46.406+0530] {logging_mixin.py:190} INFO - [2026-07-18T15:36:46.406+0530] {dag.py:3239} INFO - Sync 1 DAGs
[2026-07-18T15:36:46.411+0530] {logging_mixin.py:190} INFO - [2026-07-18T15:36:46.411+0530] {dag.py:4180} INFO - Setting next_dagrun for latest_only to 2026-07-18 04:00:00+00:00, run_after=2026-07-18 08:00:00+00:00
[2026-07-18T15:36:46.415+0530] {processor.py:208} INFO - Processing /Users/bhavishyachallagolla/Desktop/RetailSense/.venv/lib/python3.12/site-packages/airflow/example_dags/example_latest_only.py took 0.037 seconds
[2026-07-18T15:38:49.851+0530] {processor.py:186} INFO - Started process (PID=3740) to work on /Users/bhavishyachallagolla/Desktop/RetailSense/.venv/lib/python3.12/site-packages/airflow/example_dags/example_latest_only.py
[2026-07-18T15:38:49.852+0530] {processor.py:914} INFO - Processing file /Users/bhavishyachallagolla/Desktop/RetailSense/.venv/lib/python3.12/site-packages/airflow/example_dags/example_latest_only.py for tasks to queue
[2026-07-18T15:38:49.853+0530] {logging_mixin.py:190} INFO - [2026-07-18T15:38:49.853+0530] {dagbag.py:588} INFO - Filling up the DagBag from /Users/bhavishyachallagolla/Desktop/RetailSense/.venv/lib/python3.12/site-packages/airflow/example_dags/example_latest_only.py
[2026-07-18T15:38:49.855+0530] {processor.py:925} INFO - DAG(s) 'latest_only' retrieved from /Users/bhavishyachallagolla/Desktop/RetailSense/.venv/lib/python3.12/site-packages/airflow/example_dags/example_latest_only.py
[2026-07-18T15:38:49.879+0530] {logging_mixin.py:190} INFO - [2026-07-18T15:38:49.879+0530] {dag.py:3239} INFO - Sync 1 DAGs
[2026-07-18T15:38:49.884+0530] {logging_mixin.py:190} INFO - [2026-07-18T15:38:49.884+0530] {dag.py:4180} INFO - Setting next_dagrun for latest_only to 2026-07-18 04:00:00+00:00, run_after=2026-07-18 08:00:00+00:00
[2026-07-18T15:38:49.888+0530] {processor.py:208} INFO - Processing /Users/bhavishyachallagolla/Desktop/RetailSense/.venv/lib/python3.12/site-packages/airflow/example_dags/example_latest_only.py took 0.038 seconds
[2026-07-18T15:40:30.822+0530] {processor.py:186} INFO - Started process (PID=4006) to work on /Users/bhavishyachallagolla/Desktop/RetailSense/.venv/lib/python3.12/site-packages/airflow/example_dags/example_latest_only.py
[2026-07-18T15:40:30.823+0530] {processor.py:914} INFO - Processing file /Users/bhavishyachallagolla/Desktop/RetailSense/.venv/lib/python3.12/site-packages/airflow/example_dags/example_latest_only.py for tasks to queue
[2026-07-18T15:40:30.823+0530] {logging_mixin.py:190} INFO - [2026-07-18T15:40:30.823+0530] {dagbag.py:588} INFO - Filling up the DagBag from /Users/bhavishyachallagolla/Desktop/RetailSense/.venv/lib/python3.12/site-packages/airflow/example_dags/example_latest_only.py
[2026-07-18T15:40:30.825+0530] {processor.py:925} INFO - DAG(s) 'latest_only' retrieved from /Users/bhavishyachallagolla/Desktop/RetailSense/.venv/lib/python3.12/site-packages/airflow/example_dags/example_latest_only.py
[2026-07-18T15:40:30.849+0530] {logging_mixin.py:190} INFO - [2026-07-18T15:40:30.849+0530] {dag.py:3239} INFO - Sync 1 DAGs
[2026-07-18T15:40:30.854+0530] {logging_mixin.py:190} INFO - [2026-07-18T15:40:30.854+0530] {dag.py:4180} INFO - Setting next_dagrun for latest_only to 2026-07-18 04:00:00+00:00, run_after=2026-07-18 08:00:00+00:00
[2026-07-18T15:40:30.859+0530] {processor.py:208} INFO - Processing /Users/bhavishyachallagolla/Desktop/RetailSense/.venv/lib/python3.12/site-packages/airflow/example_dags/example_latest_only.py took 0.038 seconds
[2026-07-18T15:42:11.830+0530] {processor.py:186} INFO - Started process (PID=4268) to work on /Users/bhavishyachallagolla/Desktop/RetailSense/.venv/lib/python3.12/site-packages/airflow/example_dags/example_latest_only.py
[2026-07-18T15:42:11.831+0530] {processor.py:914} INFO - Processing file /Users/bhavishyachallagolla/Desktop/RetailSense/.venv/lib/python3.12/site-packages/airflow/example_dags/example_latest_only.py for tasks to queue
[2026-07-18T15:42:11.832+0530] {logging_mixin.py:190} INFO - [2026-07-18T15:42:11.831+0530] {dagbag.py:588} INFO - Filling up the DagBag from /Users/bhavishyachallagolla/Desktop/RetailSense/.venv/lib/python3.12/site-packages/airflow/example_dags/example_latest_only.py
[2026-07-18T15:42:11.834+0530] {processor.py:925} INFO - DAG(s) 'latest_only' retrieved from /Users/bhavishyachallagolla/Desktop/RetailSense/.venv/lib/python3.12/site-packages/airflow/example_dags/example_latest_only.py
[2026-07-18T15:42:11.859+0530] {logging_mixin.py:190} INFO - [2026-07-18T15:42:11.859+0530] {dag.py:3239} INFO - Sync 1 DAGs
[2026-07-18T15:42:11.864+0530] {logging_mixin.py:190} INFO - [2026-07-18T15:42:11.864+0530] {dag.py:4180} INFO - Setting next_dagrun for latest_only to 2026-07-18 04:00:00+00:00, run_after=2026-07-18 08:00:00+00:00
[2026-07-18T15:42:11.868+0530] {processor.py:208} INFO - Processing /Users/bhavishyachallagolla/Desktop/RetailSense/.venv/lib/python3.12/site-packages/airflow/example_dags/example_latest_only.py took 0.039 seconds
[2026-07-18T15:44:07.502+0530] {processor.py:186} INFO - Started process (PID=4592) to work on /Users/bhavishyachallagolla/Desktop/RetailSense/.venv/lib/python3.12/site-packages/airflow/example_dags/example_latest_only.py
[2026-07-18T15:44:07.503+0530] {processor.py:914} INFO - Processing file /Users/bhavishyachallagolla/Desktop/RetailSense/.venv/lib/python3.12/site-packages/airflow/example_dags/example_latest_only.py for tasks to queue
[2026-07-18T15:44:07.503+0530] {logging_mixin.py:190} INFO - [2026-07-18T15:44:07.503+0530] {dagbag.py:588} INFO - Filling up the DagBag from /Users/bhavishyachallagolla/Desktop/RetailSense/.venv/lib/python3.12/site-packages/airflow/example_dags/example_latest_only.py
[2026-07-18T15:44:07.505+0530] {processor.py:925} INFO - DAG(s) 'latest_only' retrieved from /Users/bhavishyachallagolla/Desktop/RetailSense/.venv/lib/python3.12/site-packages/airflow/example_dags/example_latest_only.py
[2026-07-18T15:44:07.530+0530] {logging_mixin.py:190} INFO - [2026-07-18T15:44:07.530+0530] {dag.py:3239} INFO - Sync 1 DAGs
[2026-07-18T15:44:07.535+0530] {logging_mixin.py:190} INFO - [2026-07-18T15:44:07.535+0530] {dag.py:4180} INFO - Setting next_dagrun for latest_only to 2026-07-18 04:00:00+00:00, run_after=2026-07-18 08:00:00+00:00
[2026-07-18T15:44:07.540+0530] {processor.py:208} INFO - Processing /Users/bhavishyachallagolla/Desktop/RetailSense/.venv/lib/python3.12/site-packages/airflow/example_dags/example_latest_only.py took 0.039 seconds
[2026-07-18T15:45:51.033+0530] {processor.py:186} INFO - Started process (PID=4849) to work on /Users/bhavishyachallagolla/Desktop/RetailSense/.venv/lib/python3.12/site-packages/airflow/example_dags/example_latest_only.py
[2026-07-18T15:45:51.033+0530] {processor.py:914} INFO - Processing file /Users/bhavishyachallagolla/Desktop/RetailSense/.venv/lib/python3.12/site-packages/airflow/example_dags/example_latest_only.py for tasks to queue
[2026-07-18T15:45:51.033+0530] {logging_mixin.py:190} INFO - [2026-07-18T15:45:51.033+0530] {dagbag.py:588} INFO - Filling up the DagBag from /Users/bhavishyachallagolla/Desktop/RetailSense/.venv/lib/python3.12/site-packages/airflow/example_dags/example_latest_only.py
[2026-07-18T15:45:51.036+0530] {processor.py:925} INFO - DAG(s) 'latest_only' retrieved from /Users/bhavishyachallagolla/Desktop/RetailSense/.venv/lib/python3.12/site-packages/airflow/example_dags/example_latest_only.py
[2026-07-18T15:45:51.063+0530] {logging_mixin.py:190} INFO - [2026-07-18T15:45:51.062+0530] {dag.py:3239} INFO - Sync 1 DAGs
[2026-07-18T15:45:51.068+0530] {logging_mixin.py:190} INFO - [2026-07-18T15:45:51.068+0530] {dag.py:4180} INFO - Setting next_dagrun for latest_only to 2026-07-18 04:00:00+00:00, run_after=2026-07-18 08:00:00+00:00
[2026-07-18T15:45:51.073+0530] {processor.py:208} INFO - Processing /Users/bhavishyachallagolla/Desktop/RetailSense/.venv/lib/python3.12/site-packages/airflow/example_dags/example_latest_only.py took 0.041 seconds
[2026-07-18T15:47:35.619+0530] {processor.py:186} INFO - Started process (PID=5137) to work on /Users/bhavishyachallagolla/Desktop/RetailSense/.venv/lib/python3.12/site-packages/airflow/example_dags/example_latest_only.py
[2026-07-18T15:47:35.621+0530] {processor.py:914} INFO - Processing file /Users/bhavishyachallagolla/Desktop/RetailSense/.venv/lib/python3.12/site-packages/airflow/example_dags/example_latest_only.py for tasks to queue
[2026-07-18T15:47:35.621+0530] {logging_mixin.py:190} INFO - [2026-07-18T15:47:35.621+0530] {dagbag.py:588} INFO - Filling up the DagBag from /Users/bhavishyachallagolla/Desktop/RetailSense/.venv/lib/python3.12/site-packages/airflow/example_dags/example_latest_only.py
[2026-07-18T15:47:35.623+0530] {processor.py:925} INFO - DAG(s) 'latest_only' retrieved from /Users/bhavishyachallagolla/Desktop/RetailSense/.venv/lib/python3.12/site-packages/airflow/example_dags/example_latest_only.py
[2026-07-18T15:47:35.648+0530] {logging_mixin.py:190} INFO - [2026-07-18T15:47:35.647+0530] {dag.py:3239} INFO - Sync 1 DAGs
[2026-07-18T15:47:35.652+0530] {logging_mixin.py:190} INFO - [2026-07-18T15:47:35.652+0530] {dag.py:4180} INFO - Setting next_dagrun for latest_only to 2026-07-18 04:00:00+00:00, run_after=2026-07-18 08:00:00+00:00
[2026-07-18T15:47:35.657+0530] {processor.py:208} INFO - Processing /Users/bhavishyachallagolla/Desktop/RetailSense/.venv/lib/python3.12/site-packages/airflow/example_dags/example_latest_only.py took 0.039 seconds
[2026-07-18T15:49:21.236+0530] {processor.py:186} INFO - Started process (PID=5426) to work on /Users/bhavishyachallagolla/Desktop/RetailSense/.venv/lib/python3.12/site-packages/airflow/example_dags/example_latest_only.py
[2026-07-18T15:49:21.237+0530] {processor.py:914} INFO - Processing file /Users/bhavishyachallagolla/Desktop/RetailSense/.venv/lib/python3.12/site-packages/airflow/example_dags/example_latest_only.py for tasks to queue
[2026-07-18T15:49:21.238+0530] {logging_mixin.py:190} INFO - [2026-07-18T15:49:21.238+0530] {dagbag.py:588} INFO - Filling up the DagBag from /Users/bhavishyachallagolla/Desktop/RetailSense/.venv/lib/python3.12/site-packages/airflow/example_dags/example_latest_only.py
[2026-07-18T15:49:21.240+0530] {processor.py:925} INFO - DAG(s) 'latest_only' retrieved from /Users/bhavishyachallagolla/Desktop/RetailSense/.venv/lib/python3.12/site-packages/airflow/example_dags/example_latest_only.py
[2026-07-18T15:49:21.264+0530] {logging_mixin.py:190} INFO - [2026-07-18T15:49:21.264+0530] {dag.py:3239} INFO - Sync 1 DAGs
[2026-07-18T15:49:21.269+0530] {logging_mixin.py:190} INFO - [2026-07-18T15:49:21.269+0530] {dag.py:4180} INFO - Setting next_dagrun for latest_only to 2026-07-18 04:00:00+00:00, run_after=2026-07-18 08:00:00+00:00
[2026-07-18T15:49:21.274+0530] {processor.py:208} INFO - Processing /Users/bhavishyachallagolla/Desktop/RetailSense/.venv/lib/python3.12/site-packages/airflow/example_dags/example_latest_only.py took 0.038 seconds
[2026-07-18T15:51:06.787+0530] {processor.py:186} INFO - Started process (PID=5696) to work on /Users/bhavishyachallagolla/Desktop/RetailSense/.venv/lib/python3.12/site-packages/airflow/example_dags/example_latest_only.py
[2026-07-18T15:51:06.787+0530] {processor.py:914} INFO - Processing file /Users/bhavishyachallagolla/Desktop/RetailSense/.venv/lib/python3.12/site-packages/airflow/example_dags/example_latest_only.py for tasks to queue
[2026-07-18T15:51:06.788+0530] {logging_mixin.py:190} INFO - [2026-07-18T15:51:06.788+0530] {dagbag.py:588} INFO - Filling up the DagBag from /Users/bhavishyachallagolla/Desktop/RetailSense/.venv/lib/python3.12/site-packages/airflow/example_dags/example_latest_only.py
[2026-07-18T15:51:06.790+0530] {processor.py:925} INFO - DAG(s) 'latest_only' retrieved from /Users/bhavishyachallagolla/Desktop/RetailSense/.venv/lib/python3.12/site-packages/airflow/example_dags/example_latest_only.py
[2026-07-18T15:51:06.814+0530] {logging_mixin.py:190} INFO - [2026-07-18T15:51:06.814+0530] {dag.py:3239} INFO - Sync 1 DAGs
[2026-07-18T15:51:06.819+0530] {logging_mixin.py:190} INFO - [2026-07-18T15:51:06.819+0530] {dag.py:4180} INFO - Setting next_dagrun for latest_only to 2026-07-18 04:00:00+00:00, run_after=2026-07-18 08:00:00+00:00
[2026-07-18T15:51:06.824+0530] {processor.py:208} INFO - Processing /Users/bhavishyachallagolla/Desktop/RetailSense/.venv/lib/python3.12/site-packages/airflow/example_dags/example_latest_only.py took 0.038 seconds
[2026-07-18T15:52:47.916+0530] {processor.py:186} INFO - Started process (PID=5960) to work on /Users/bhavishyachallagolla/Desktop/RetailSense/.venv/lib/python3.12/site-packages/airflow/example_dags/example_latest_only.py
[2026-07-18T15:52:47.918+0530] {processor.py:914} INFO - Processing file /Users/bhavishyachallagolla/Desktop/RetailSense/.venv/lib/python3.12/site-packages/airflow/example_dags/example_latest_only.py for tasks to queue
[2026-07-18T15:52:47.918+0530] {logging_mixin.py:190} INFO - [2026-07-18T15:52:47.918+0530] {dagbag.py:588} INFO - Filling up the DagBag from /Users/bhavishyachallagolla/Desktop/RetailSense/.venv/lib/python3.12/site-packages/airflow/example_dags/example_latest_only.py
[2026-07-18T15:52:47.920+0530] {processor.py:925} INFO - DAG(s) 'latest_only' retrieved from /Users/bhavishyachallagolla/Desktop/RetailSense/.venv/lib/python3.12/site-packages/airflow/example_dags/example_latest_only.py
[2026-07-18T15:52:47.945+0530] {logging_mixin.py:190} INFO - [2026-07-18T15:52:47.944+0530] {dag.py:3239} INFO - Sync 1 DAGs
[2026-07-18T15:52:47.949+0530] {logging_mixin.py:190} INFO - [2026-07-18T15:52:47.949+0530] {dag.py:4180} INFO - Setting next_dagrun for latest_only to 2026-07-18 04:00:00+00:00, run_after=2026-07-18 08:00:00+00:00
[2026-07-18T15:52:47.954+0530] {processor.py:208} INFO - Processing /Users/bhavishyachallagolla/Desktop/RetailSense/.venv/lib/python3.12/site-packages/airflow/example_dags/example_latest_only.py took 0.038 seconds
[2026-07-18T15:54:34.121+0530] {processor.py:186} INFO - Started process (PID=6220) to work on /Users/bhavishyachallagolla/Desktop/RetailSense/.venv/lib/python3.12/site-packages/airflow/example_dags/example_latest_only.py
[2026-07-18T15:54:34.122+0530] {processor.py:914} INFO - Processing file /Users/bhavishyachallagolla/Desktop/RetailSense/.venv/lib/python3.12/site-packages/airflow/example_dags/example_latest_only.py for tasks to queue
[2026-07-18T15:54:34.122+0530] {logging_mixin.py:190} INFO - [2026-07-18T15:54:34.122+0530] {dagbag.py:588} INFO - Filling up the DagBag from /Users/bhavishyachallagolla/Desktop/RetailSense/.venv/lib/python3.12/site-packages/airflow/example_dags/example_latest_only.py
[2026-07-18T15:54:34.124+0530] {processor.py:925} INFO - DAG(s) 'latest_only' retrieved from /Users/bhavishyachallagolla/Desktop/RetailSense/.venv/lib/python3.12/site-packages/airflow/example_dags/example_latest_only.py
[2026-07-18T15:54:34.149+0530] {logging_mixin.py:190} INFO - [2026-07-18T15:54:34.149+0530] {dag.py:3239} INFO - Sync 1 DAGs
[2026-07-18T15:54:34.154+0530] {logging_mixin.py:190} INFO - [2026-07-18T15:54:34.154+0530] {dag.py:4180} INFO - Setting next_dagrun for latest_only to 2026-07-18 04:00:00+00:00, run_after=2026-07-18 08:00:00+00:00
[2026-07-18T15:54:34.159+0530] {processor.py:208} INFO - Processing /Users/bhavishyachallagolla/Desktop/RetailSense/.venv/lib/python3.12/site-packages/airflow/example_dags/example_latest_only.py took 0.039 seconds
[2026-07-18T15:56:18.142+0530] {processor.py:186} INFO - Started process (PID=6480) to work on /Users/bhavishyachallagolla/Desktop/RetailSense/.venv/lib/python3.12/site-packages/airflow/example_dags/example_latest_only.py
[2026-07-18T15:56:18.144+0530] {processor.py:914} INFO - Processing file /Users/bhavishyachallagolla/Desktop/RetailSense/.venv/lib/python3.12/site-packages/airflow/example_dags/example_latest_only.py for tasks to queue
[2026-07-18T15:56:18.144+0530] {logging_mixin.py:190} INFO - [2026-07-18T15:56:18.144+0530] {dagbag.py:588} INFO - Filling up the DagBag from /Users/bhavishyachallagolla/Desktop/RetailSense/.venv/lib/python3.12/site-packages/airflow/example_dags/example_latest_only.py
[2026-07-18T15:56:18.146+0530] {processor.py:925} INFO - DAG(s) 'latest_only' retrieved from /Users/bhavishyachallagolla/Desktop/RetailSense/.venv/lib/python3.12/site-packages/airflow/example_dags/example_latest_only.py
[2026-07-18T15:56:18.171+0530] {logging_mixin.py:190} INFO - [2026-07-18T15:56:18.171+0530] {dag.py:3239} INFO - Sync 1 DAGs
[2026-07-18T15:56:18.175+0530] {logging_mixin.py:190} INFO - [2026-07-18T15:56:18.175+0530] {dag.py:4180} INFO - Setting next_dagrun for latest_only to 2026-07-18 04:00:00+00:00, run_after=2026-07-18 08:00:00+00:00
[2026-07-18T15:56:18.180+0530] {processor.py:208} INFO - Processing /Users/bhavishyachallagolla/Desktop/RetailSense/.venv/lib/python3.12/site-packages/airflow/example_dags/example_latest_only.py took 0.039 seconds
