[2026-07-18T15:36:55.362+0530] {processor.py:186} INFO - Started process (PID=3438) to work on /Users/bhavishyachallagolla/Desktop/RetailSense/.venv/lib/python3.12/site-packages/airflow/example_dags/example_datasets.py
[2026-07-18T15:36:55.362+0530] {processor.py:914} INFO - Processing file /Users/bhavishyachallagolla/Desktop/RetailSense/.venv/lib/python3.12/site-packages/airflow/example_dags/example_datasets.py for tasks to queue
[2026-07-18T15:36:55.362+0530] {logging_mixin.py:190} INFO - [2026-07-18T15:36:55.362+0530] {dagbag.py:588} INFO - Filling up the DagBag from /Users/bhavishyachallagolla/Desktop/RetailSense/.venv/lib/python3.12/site-packages/airflow/example_dags/example_datasets.py
[2026-07-18T15:36:55.374+0530] {processor.py:925} INFO - DAG(s) 'dataset_consumes_unknown_never_scheduled', 'consume_1_or_both_2_and_3_with_dataset_expressions', 'dataset_consumes_1_never_scheduled', 'dataset_consumes_1_and_2', 'consume_1_or_2_with_dataset_expressions', 'dataset_produces_1', 'consume_1_and_2_with_dataset_expressions', 'dataset_consumes_1', 'conditional_dataset_and_time_based_timetable', 'dataset_produces_2' retrieved from /Users/bhavishyachallagolla/Desktop/RetailSense/.venv/lib/python3.12/site-packages/airflow/example_dags/example_datasets.py
[2026-07-18T15:36:55.403+0530] {logging_mixin.py:190} INFO - [2026-07-18T15:36:55.403+0530] {dag.py:3239} INFO - Sync 10 DAGs
[2026-07-18T15:36:55.409+0530] {logging_mixin.py:190} INFO - [2026-07-18T15:36:55.409+0530] {dag.py:4180} INFO - Setting next_dagrun for conditional_dataset_and_time_based_timetable to 2026-07-15 01:00:00+00:00, run_after=2026-07-15 01:00:00+00:00
[2026-07-18T15:36:55.410+0530] {logging_mixin.py:190} INFO - [2026-07-18T15:36:55.410+0530] {dag.py:4180} INFO - Setting next_dagrun for consume_1_and_2_with_dataset_expressions to None, run_after=None
[2026-07-18T15:36:55.410+0530] {logging_mixin.py:190} INFO - [2026-07-18T15:36:55.410+0530] {dag.py:4180} INFO - Setting next_dagrun for consume_1_or_2_with_dataset_expressions to None, run_after=None
[2026-07-18T15:36:55.411+0530] {logging_mixin.py:190} INFO - [2026-07-18T15:36:55.410+0530] {dag.py:4180} INFO - Setting next_dagrun for consume_1_or_both_2_and_3_with_dataset_expressions to None, run_after=None
[2026-07-18T15:36:55.411+0530] {logging_mixin.py:190} INFO - [2026-07-18T15:36:55.411+0530] {dag.py:4180} INFO - Setting next_dagrun for dataset_consumes_1 to None, run_after=None
[2026-07-18T15:36:55.411+0530] {logging_mixin.py:190} INFO - [2026-07-18T15:36:55.411+0530] {dag.py:4180} INFO - Setting next_dagrun for dataset_consumes_1_and_2 to None, run_after=None
[2026-07-18T15:36:55.411+0530] {logging_mixin.py:190} INFO - [2026-07-18T15:36:55.411+0530] {dag.py:4180} INFO - Setting next_dagrun for dataset_consumes_1_never_scheduled to None, run_after=None
[2026-07-18T15:36:55.411+0530] {logging_mixin.py:190} INFO - [2026-07-18T15:36:55.411+0530] {dag.py:4180} INFO - Setting next_dagrun for dataset_consumes_unknown_never_scheduled to None, run_after=None
[2026-07-18T15:36:55.412+0530] {logging_mixin.py:190} INFO - [2026-07-18T15:36:55.412+0530] {dag.py:4180} INFO - Setting next_dagrun for dataset_produces_1 to 2026-07-17 00:00:00+00:00, run_after=2026-07-18 00:00:00+00:00
[2026-07-18T15:36:55.412+0530] {logging_mixin.py:190} INFO - [2026-07-18T15:36:55.412+0530] {dag.py:4180} INFO - Setting next_dagrun for dataset_produces_2 to None, run_after=None
[2026-07-18T15:36:55.419+0530] {processor.py:208} INFO - Processing /Users/bhavishyachallagolla/Desktop/RetailSense/.venv/lib/python3.12/site-packages/airflow/example_dags/example_datasets.py took 0.058 seconds
[2026-07-18T15:38:59.470+0530] {processor.py:186} INFO - Started process (PID=3773) to work on /Users/bhavishyachallagolla/Desktop/RetailSense/.venv/lib/python3.12/site-packages/airflow/example_dags/example_datasets.py
[2026-07-18T15:38:59.471+0530] {processor.py:914} INFO - Processing file /Users/bhavishyachallagolla/Desktop/RetailSense/.venv/lib/python3.12/site-packages/airflow/example_dags/example_datasets.py for tasks to queue
[2026-07-18T15:38:59.472+0530] {logging_mixin.py:190} INFO - [2026-07-18T15:38:59.472+0530] {dagbag.py:588} INFO - Filling up the DagBag from /Users/bhavishyachallagolla/Desktop/RetailSense/.venv/lib/python3.12/site-packages/airflow/example_dags/example_datasets.py
[2026-07-18T15:38:59.484+0530] {processor.py:925} INFO - DAG(s) 'consume_1_or_both_2_and_3_with_dataset_expressions', 'conditional_dataset_and_time_based_timetable', 'dataset_consumes_1_and_2', 'consume_1_and_2_with_dataset_expressions', 'dataset_produces_2', 'dataset_produces_1', 'consume_1_or_2_with_dataset_expressions', 'dataset_consumes_unknown_never_scheduled', 'dataset_consumes_1', 'dataset_consumes_1_never_scheduled' retrieved from /Users/bhavishyachallagolla/Desktop/RetailSense/.venv/lib/python3.12/site-packages/airflow/example_dags/example_datasets.py
[2026-07-18T15:38:59.515+0530] {logging_mixin.py:190} INFO - [2026-07-18T15:38:59.515+0530] {dag.py:3239} INFO - Sync 10 DAGs
[2026-07-18T15:38:59.522+0530] {logging_mixin.py:190} INFO - [2026-07-18T15:38:59.522+0530] {dag.py:4180} INFO - Setting next_dagrun for conditional_dataset_and_time_based_timetable to 2026-07-15 01:00:00+00:00, run_after=2026-07-15 01:00:00+00:00
[2026-07-18T15:38:59.523+0530] {logging_mixin.py:190} INFO - [2026-07-18T15:38:59.522+0530] {dag.py:4180} INFO - Setting next_dagrun for consume_1_and_2_with_dataset_expressions to None, run_after=None
[2026-07-18T15:38:59.523+0530] {logging_mixin.py:190} INFO - [2026-07-18T15:38:59.523+0530] {dag.py:4180} INFO - Setting next_dagrun for consume_1_or_2_with_dataset_expressions to None, run_after=None
[2026-07-18T15:38:59.523+0530] {logging_mixin.py:190} INFO - [2026-07-18T15:38:59.523+0530] {dag.py:4180} INFO - Setting next_dagrun for consume_1_or_both_2_and_3_with_dataset_expressions to None, run_after=None
[2026-07-18T15:38:59.523+0530] {logging_mixin.py:190} INFO - [2026-07-18T15:38:59.523+0530] {dag.py:4180} INFO - Setting next_dagrun for dataset_consumes_1 to None, run_after=None
[2026-07-18T15:38:59.523+0530] {logging_mixin.py:190} INFO - [2026-07-18T15:38:59.523+0530] {dag.py:4180} INFO - Setting next_dagrun for dataset_consumes_1_and_2 to None, run_after=None
[2026-07-18T15:38:59.524+0530] {logging_mixin.py:190} INFO - [2026-07-18T15:38:59.524+0530] {dag.py:4180} INFO - Setting next_dagrun for dataset_consumes_1_never_scheduled to None, run_after=None
[2026-07-18T15:38:59.524+0530] {logging_mixin.py:190} INFO - [2026-07-18T15:38:59.524+0530] {dag.py:4180} INFO - Setting next_dagrun for dataset_consumes_unknown_never_scheduled to None, run_after=None
[2026-07-18T15:38:59.524+0530] {logging_mixin.py:190} INFO - [2026-07-18T15:38:59.524+0530] {dag.py:4180} INFO - Setting next_dagrun for dataset_produces_1 to 2026-07-17 00:00:00+00:00, run_after=2026-07-18 00:00:00+00:00
[2026-07-18T15:38:59.524+0530] {logging_mixin.py:190} INFO - [2026-07-18T15:38:59.524+0530] {dag.py:4180} INFO - Setting next_dagrun for dataset_produces_2 to None, run_after=None
[2026-07-18T15:38:59.533+0530] {processor.py:208} INFO - Processing /Users/bhavishyachallagolla/Desktop/RetailSense/.venv/lib/python3.12/site-packages/airflow/example_dags/example_datasets.py took 0.063 seconds
[2026-07-18T15:40:40.419+0530] {processor.py:186} INFO - Started process (PID=4026) to work on /Users/bhavishyachallagolla/Desktop/RetailSense/.venv/lib/python3.12/site-packages/airflow/example_dags/example_datasets.py
[2026-07-18T15:40:40.419+0530] {processor.py:914} INFO - Processing file /Users/bhavishyachallagolla/Desktop/RetailSense/.venv/lib/python3.12/site-packages/airflow/example_dags/example_datasets.py for tasks to queue
[2026-07-18T15:40:40.420+0530] {logging_mixin.py:190} INFO - [2026-07-18T15:40:40.420+0530] {dagbag.py:588} INFO - Filling up the DagBag from /Users/bhavishyachallagolla/Desktop/RetailSense/.venv/lib/python3.12/site-packages/airflow/example_dags/example_datasets.py
[2026-07-18T15:40:40.433+0530] {processor.py:925} INFO - DAG(s) 'dataset_produces_1', 'dataset_consumes_1_never_scheduled', 'consume_1_or_2_with_dataset_expressions', 'consume_1_and_2_with_dataset_expressions', 'consume_1_or_both_2_and_3_with_dataset_expressions', 'conditional_dataset_and_time_based_timetable', 'dataset_consumes_1', 'dataset_consumes_unknown_never_scheduled', 'dataset_consumes_1_and_2', 'dataset_produces_2' retrieved from /Users/bhavishyachallagolla/Desktop/RetailSense/.venv/lib/python3.12/site-packages/airflow/example_dags/example_datasets.py
[2026-07-18T15:40:40.462+0530] {logging_mixin.py:190} INFO - [2026-07-18T15:40:40.462+0530] {dag.py:3239} INFO - Sync 10 DAGs
[2026-07-18T15:40:40.468+0530] {logging_mixin.py:190} INFO - [2026-07-18T15:40:40.468+0530] {dag.py:4180} INFO - Setting next_dagrun for conditional_dataset_and_time_based_timetable to 2026-07-15 01:00:00+00:00, run_after=2026-07-15 01:00:00+00:00
[2026-07-18T15:40:40.469+0530] {logging_mixin.py:190} INFO - [2026-07-18T15:40:40.469+0530] {dag.py:4180} INFO - Setting next_dagrun for consume_1_and_2_with_dataset_expressions to None, run_after=None
[2026-07-18T15:40:40.469+0530] {logging_mixin.py:190} INFO - [2026-07-18T15:40:40.469+0530] {dag.py:4180} INFO - Setting next_dagrun for consume_1_or_2_with_dataset_expressions to None, run_after=None
[2026-07-18T15:40:40.470+0530] {logging_mixin.py:190} INFO - [2026-07-18T15:40:40.469+0530] {dag.py:4180} INFO - Setting next_dagrun for consume_1_or_both_2_and_3_with_dataset_expressions to None, run_after=None
[2026-07-18T15:40:40.470+0530] {logging_mixin.py:190} INFO - [2026-07-18T15:40:40.470+0530] {dag.py:4180} INFO - Setting next_dagrun for dataset_consumes_1 to None, run_after=None
[2026-07-18T15:40:40.470+0530] {logging_mixin.py:190} INFO - [2026-07-18T15:40:40.470+0530] {dag.py:4180} INFO - Setting next_dagrun for dataset_consumes_1_and_2 to None, run_after=None
[2026-07-18T15:40:40.470+0530] {logging_mixin.py:190} INFO - [2026-07-18T15:40:40.470+0530] {dag.py:4180} INFO - Setting next_dagrun for dataset_consumes_1_never_scheduled to None, run_after=None
[2026-07-18T15:40:40.470+0530] {logging_mixin.py:190} INFO - [2026-07-18T15:40:40.470+0530] {dag.py:4180} INFO - Setting next_dagrun for dataset_consumes_unknown_never_scheduled to None, run_after=None
[2026-07-18T15:40:40.471+0530] {logging_mixin.py:190} INFO - [2026-07-18T15:40:40.471+0530] {dag.py:4180} INFO - Setting next_dagrun for dataset_produces_1 to 2026-07-17 00:00:00+00:00, run_after=2026-07-18 00:00:00+00:00
[2026-07-18T15:40:40.471+0530] {logging_mixin.py:190} INFO - [2026-07-18T15:40:40.471+0530] {dag.py:4180} INFO - Setting next_dagrun for dataset_produces_2 to None, run_after=None
[2026-07-18T15:40:40.478+0530] {processor.py:208} INFO - Processing /Users/bhavishyachallagolla/Desktop/RetailSense/.venv/lib/python3.12/site-packages/airflow/example_dags/example_datasets.py took 0.060 seconds
[2026-07-18T15:42:21.418+0530] {processor.py:186} INFO - Started process (PID=4293) to work on /Users/bhavishyachallagolla/Desktop/RetailSense/.venv/lib/python3.12/site-packages/airflow/example_dags/example_datasets.py
[2026-07-18T15:42:21.419+0530] {processor.py:914} INFO - Processing file /Users/bhavishyachallagolla/Desktop/RetailSense/.venv/lib/python3.12/site-packages/airflow/example_dags/example_datasets.py for tasks to queue
[2026-07-18T15:42:21.419+0530] {logging_mixin.py:190} INFO - [2026-07-18T15:42:21.419+0530] {dagbag.py:588} INFO - Filling up the DagBag from /Users/bhavishyachallagolla/Desktop/RetailSense/.venv/lib/python3.12/site-packages/airflow/example_dags/example_datasets.py
[2026-07-18T15:42:21.432+0530] {processor.py:925} INFO - DAG(s) 'dataset_consumes_1_never_scheduled', 'conditional_dataset_and_time_based_timetable', 'dataset_consumes_1_and_2', 'consume_1_or_both_2_and_3_with_dataset_expressions', 'consume_1_and_2_with_dataset_expressions', 'dataset_consumes_1', 'dataset_produces_1', 'dataset_consumes_unknown_never_scheduled', 'consume_1_or_2_with_dataset_expressions', 'dataset_produces_2' retrieved from /Users/bhavishyachallagolla/Desktop/RetailSense/.venv/lib/python3.12/site-packages/airflow/example_dags/example_datasets.py
[2026-07-18T15:42:21.461+0530] {logging_mixin.py:190} INFO - [2026-07-18T15:42:21.461+0530] {dag.py:3239} INFO - Sync 10 DAGs
[2026-07-18T15:42:21.467+0530] {logging_mixin.py:190} INFO - [2026-07-18T15:42:21.467+0530] {dag.py:4180} INFO - Setting next_dagrun for conditional_dataset_and_time_based_timetable to 2026-07-15 01:00:00+00:00, run_after=2026-07-15 01:00:00+00:00
[2026-07-18T15:42:21.468+0530] {logging_mixin.py:190} INFO - [2026-07-18T15:42:21.468+0530] {dag.py:4180} INFO - Setting next_dagrun for consume_1_and_2_with_dataset_expressions to None, run_after=None
[2026-07-18T15:42:21.468+0530] {logging_mixin.py:190} INFO - [2026-07-18T15:42:21.468+0530] {dag.py:4180} INFO - Setting next_dagrun for consume_1_or_2_with_dataset_expressions to None, run_after=None
[2026-07-18T15:42:21.468+0530] {logging_mixin.py:190} INFO - [2026-07-18T15:42:21.468+0530] {dag.py:4180} INFO - Setting next_dagrun for consume_1_or_both_2_and_3_with_dataset_expressions to None, run_after=None
[2026-07-18T15:42:21.469+0530] {logging_mixin.py:190} INFO - [2026-07-18T15:42:21.469+0530] {dag.py:4180} INFO - Setting next_dagrun for dataset_consumes_1 to None, run_after=None
[2026-07-18T15:42:21.469+0530] {logging_mixin.py:190} INFO - [2026-07-18T15:42:21.469+0530] {dag.py:4180} INFO - Setting next_dagrun for dataset_consumes_1_and_2 to None, run_after=None
[2026-07-18T15:42:21.469+0530] {logging_mixin.py:190} INFO - [2026-07-18T15:42:21.469+0530] {dag.py:4180} INFO - Setting next_dagrun for dataset_consumes_1_never_scheduled to None, run_after=None
[2026-07-18T15:42:21.469+0530] {logging_mixin.py:190} INFO - [2026-07-18T15:42:21.469+0530] {dag.py:4180} INFO - Setting next_dagrun for dataset_consumes_unknown_never_scheduled to None, run_after=None
[2026-07-18T15:42:21.470+0530] {logging_mixin.py:190} INFO - [2026-07-18T15:42:21.470+0530] {dag.py:4180} INFO - Setting next_dagrun for dataset_produces_1 to 2026-07-17 00:00:00+00:00, run_after=2026-07-18 00:00:00+00:00
[2026-07-18T15:42:21.470+0530] {logging_mixin.py:190} INFO - [2026-07-18T15:42:21.470+0530] {dag.py:4180} INFO - Setting next_dagrun for dataset_produces_2 to None, run_after=None
[2026-07-18T15:42:21.476+0530] {processor.py:208} INFO - Processing /Users/bhavishyachallagolla/Desktop/RetailSense/.venv/lib/python3.12/site-packages/airflow/example_dags/example_datasets.py took 0.060 seconds
[2026-07-18T15:44:17.155+0530] {processor.py:186} INFO - Started process (PID=4618) to work on /Users/bhavishyachallagolla/Desktop/RetailSense/.venv/lib/python3.12/site-packages/airflow/example_dags/example_datasets.py
[2026-07-18T15:44:17.156+0530] {processor.py:914} INFO - Processing file /Users/bhavishyachallagolla/Desktop/RetailSense/.venv/lib/python3.12/site-packages/airflow/example_dags/example_datasets.py for tasks to queue
[2026-07-18T15:44:17.156+0530] {logging_mixin.py:190} INFO - [2026-07-18T15:44:17.156+0530] {dagbag.py:588} INFO - Filling up the DagBag from /Users/bhavishyachallagolla/Desktop/RetailSense/.venv/lib/python3.12/site-packages/airflow/example_dags/example_datasets.py
[2026-07-18T15:44:17.169+0530] {processor.py:925} INFO - DAG(s) 'dataset_consumes_1_never_scheduled', 'dataset_produces_2', 'consume_1_or_2_with_dataset_expressions', 'dataset_consumes_1', 'dataset_produces_1', 'dataset_consumes_unknown_never_scheduled', 'dataset_consumes_1_and_2', 'consume_1_or_both_2_and_3_with_dataset_expressions', 'consume_1_and_2_with_dataset_expressions', 'conditional_dataset_and_time_based_timetable' retrieved from /Users/bhavishyachallagolla/Desktop/RetailSense/.venv/lib/python3.12/site-packages/airflow/example_dags/example_datasets.py
[2026-07-18T15:44:17.198+0530] {logging_mixin.py:190} INFO - [2026-07-18T15:44:17.198+0530] {dag.py:3239} INFO - Sync 10 DAGs
[2026-07-18T15:44:17.204+0530] {logging_mixin.py:190} INFO - [2026-07-18T15:44:17.204+0530] {dag.py:4180} INFO - Setting next_dagrun for conditional_dataset_and_time_based_timetable to 2026-07-15 01:00:00+00:00, run_after=2026-07-15 01:00:00+00:00
[2026-07-18T15:44:17.205+0530] {logging_mixin.py:190} INFO - [2026-07-18T15:44:17.205+0530] {dag.py:4180} INFO - Setting next_dagrun for consume_1_and_2_with_dataset_expressions to None, run_after=None
[2026-07-18T15:44:17.205+0530] {logging_mixin.py:190} INFO - [2026-07-18T15:44:17.205+0530] {dag.py:4180} INFO - Setting next_dagrun for consume_1_or_2_with_dataset_expressions to None, run_after=None
[2026-07-18T15:44:17.205+0530] {logging_mixin.py:190} INFO - [2026-07-18T15:44:17.205+0530] {dag.py:4180} INFO - Setting next_dagrun for consume_1_or_both_2_and_3_with_dataset_expressions to None, run_after=None
[2026-07-18T15:44:17.205+0530] {logging_mixin.py:190} INFO - [2026-07-18T15:44:17.205+0530] {dag.py:4180} INFO - Setting next_dagrun for dataset_consumes_1 to None, run_after=None
[2026-07-18T15:44:17.206+0530] {logging_mixin.py:190} INFO - [2026-07-18T15:44:17.206+0530] {dag.py:4180} INFO - Setting next_dagrun for dataset_consumes_1_and_2 to None, run_after=None
[2026-07-18T15:44:17.206+0530] {logging_mixin.py:190} INFO - [2026-07-18T15:44:17.206+0530] {dag.py:4180} INFO - Setting next_dagrun for dataset_consumes_1_never_scheduled to None, run_after=None
[2026-07-18T15:44:17.206+0530] {logging_mixin.py:190} INFO - [2026-07-18T15:44:17.206+0530] {dag.py:4180} INFO - Setting next_dagrun for dataset_consumes_unknown_never_scheduled to None, run_after=None
[2026-07-18T15:44:17.206+0530] {logging_mixin.py:190} INFO - [2026-07-18T15:44:17.206+0530] {dag.py:4180} INFO - Setting next_dagrun for dataset_produces_1 to 2026-07-17 00:00:00+00:00, run_after=2026-07-18 00:00:00+00:00
[2026-07-18T15:44:17.207+0530] {logging_mixin.py:190} INFO - [2026-07-18T15:44:17.207+0530] {dag.py:4180} INFO - Setting next_dagrun for dataset_produces_2 to None, run_after=None
[2026-07-18T15:44:17.213+0530] {processor.py:208} INFO - Processing /Users/bhavishyachallagolla/Desktop/RetailSense/.venv/lib/python3.12/site-packages/airflow/example_dags/example_datasets.py took 0.059 seconds
[2026-07-18T15:46:01.469+0530] {processor.py:186} INFO - Started process (PID=4873) to work on /Users/bhavishyachallagolla/Desktop/RetailSense/.venv/lib/python3.12/site-packages/airflow/example_dags/example_datasets.py
[2026-07-18T15:46:01.469+0530] {processor.py:914} INFO - Processing file /Users/bhavishyachallagolla/Desktop/RetailSense/.venv/lib/python3.12/site-packages/airflow/example_dags/example_datasets.py for tasks to queue
[2026-07-18T15:46:01.470+0530] {logging_mixin.py:190} INFO - [2026-07-18T15:46:01.470+0530] {dagbag.py:588} INFO - Filling up the DagBag from /Users/bhavishyachallagolla/Desktop/RetailSense/.venv/lib/python3.12/site-packages/airflow/example_dags/example_datasets.py
[2026-07-18T15:46:01.482+0530] {processor.py:925} INFO - DAG(s) 'dataset_consumes_1_and_2', 'dataset_produces_2', 'dataset_consumes_1', 'consume_1_or_both_2_and_3_with_dataset_expressions', 'dataset_consumes_unknown_never_scheduled', 'consume_1_and_2_with_dataset_expressions', 'consume_1_or_2_with_dataset_expressions', 'conditional_dataset_and_time_based_timetable', 'dataset_consumes_1_never_scheduled', 'dataset_produces_1' retrieved from /Users/bhavishyachallagolla/Desktop/RetailSense/.venv/lib/python3.12/site-packages/airflow/example_dags/example_datasets.py
[2026-07-18T15:46:01.511+0530] {logging_mixin.py:190} INFO - [2026-07-18T15:46:01.511+0530] {dag.py:3239} INFO - Sync 10 DAGs
[2026-07-18T15:46:01.516+0530] {logging_mixin.py:190} INFO - [2026-07-18T15:46:01.516+0530] {dag.py:4180} INFO - Setting next_dagrun for conditional_dataset_and_time_based_timetable to 2026-07-15 01:00:00+00:00, run_after=2026-07-15 01:00:00+00:00
[2026-07-18T15:46:01.517+0530] {logging_mixin.py:190} INFO - [2026-07-18T15:46:01.517+0530] {dag.py:4180} INFO - Setting next_dagrun for consume_1_and_2_with_dataset_expressions to None, run_after=None
[2026-07-18T15:46:01.518+0530] {logging_mixin.py:190} INFO - [2026-07-18T15:46:01.517+0530] {dag.py:4180} INFO - Setting next_dagrun for consume_1_or_2_with_dataset_expressions to None, run_after=None
[2026-07-18T15:46:01.518+0530] {logging_mixin.py:190} INFO - [2026-07-18T15:46:01.518+0530] {dag.py:4180} INFO - Setting next_dagrun for consume_1_or_both_2_and_3_with_dataset_expressions to None, run_after=None
[2026-07-18T15:46:01.518+0530] {logging_mixin.py:190} INFO - [2026-07-18T15:46:01.518+0530] {dag.py:4180} INFO - Setting next_dagrun for dataset_consumes_1 to None, run_after=None
[2026-07-18T15:46:01.518+0530] {logging_mixin.py:190} INFO - [2026-07-18T15:46:01.518+0530] {dag.py:4180} INFO - Setting next_dagrun for dataset_consumes_1_and_2 to None, run_after=None
[2026-07-18T15:46:01.518+0530] {logging_mixin.py:190} INFO - [2026-07-18T15:46:01.518+0530] {dag.py:4180} INFO - Setting next_dagrun for dataset_consumes_1_never_scheduled to None, run_after=None
[2026-07-18T15:46:01.518+0530] {logging_mixin.py:190} INFO - [2026-07-18T15:46:01.518+0530] {dag.py:4180} INFO - Setting next_dagrun for dataset_consumes_unknown_never_scheduled to None, run_after=None
[2026-07-18T15:46:01.519+0530] {logging_mixin.py:190} INFO - [2026-07-18T15:46:01.519+0530] {dag.py:4180} INFO - Setting next_dagrun for dataset_produces_1 to 2026-07-17 00:00:00+00:00, run_after=2026-07-18 00:00:00+00:00
[2026-07-18T15:46:01.519+0530] {logging_mixin.py:190} INFO - [2026-07-18T15:46:01.519+0530] {dag.py:4180} INFO - Setting next_dagrun for dataset_produces_2 to None, run_after=None
[2026-07-18T15:46:01.526+0530] {processor.py:208} INFO - Processing /Users/bhavishyachallagolla/Desktop/RetailSense/.venv/lib/python3.12/site-packages/airflow/example_dags/example_datasets.py took 0.058 seconds
[2026-07-18T15:47:45.778+0530] {processor.py:186} INFO - Started process (PID=5164) to work on /Users/bhavishyachallagolla/Desktop/RetailSense/.venv/lib/python3.12/site-packages/airflow/example_dags/example_datasets.py
[2026-07-18T15:47:45.779+0530] {processor.py:914} INFO - Processing file /Users/bhavishyachallagolla/Desktop/RetailSense/.venv/lib/python3.12/site-packages/airflow/example_dags/example_datasets.py for tasks to queue
[2026-07-18T15:47:45.780+0530] {logging_mixin.py:190} INFO - [2026-07-18T15:47:45.780+0530] {dagbag.py:588} INFO - Filling up the DagBag from /Users/bhavishyachallagolla/Desktop/RetailSense/.venv/lib/python3.12/site-packages/airflow/example_dags/example_datasets.py
[2026-07-18T15:47:45.793+0530] {processor.py:925} INFO - DAG(s) 'consume_1_or_2_with_dataset_expressions', 'dataset_consumes_1_never_scheduled', 'consume_1_or_both_2_and_3_with_dataset_expressions', 'conditional_dataset_and_time_based_timetable', 'dataset_consumes_1_and_2', 'dataset_produces_1', 'dataset_produces_2', 'dataset_consumes_unknown_never_scheduled', 'dataset_consumes_1', 'consume_1_and_2_with_dataset_expressions' retrieved from /Users/bhavishyachallagolla/Desktop/RetailSense/.venv/lib/python3.12/site-packages/airflow/example_dags/example_datasets.py
[2026-07-18T15:47:45.821+0530] {logging_mixin.py:190} INFO - [2026-07-18T15:47:45.821+0530] {dag.py:3239} INFO - Sync 10 DAGs
[2026-07-18T15:47:45.827+0530] {logging_mixin.py:190} INFO - [2026-07-18T15:47:45.827+0530] {dag.py:4180} INFO - Setting next_dagrun for conditional_dataset_and_time_based_timetable to 2026-07-15 01:00:00+00:00, run_after=2026-07-15 01:00:00+00:00
[2026-07-18T15:47:45.828+0530] {logging_mixin.py:190} INFO - [2026-07-18T15:47:45.828+0530] {dag.py:4180} INFO - Setting next_dagrun for consume_1_and_2_with_dataset_expressions to None, run_after=None
[2026-07-18T15:47:45.828+0530] {logging_mixin.py:190} INFO - [2026-07-18T15:47:45.828+0530] {dag.py:4180} INFO - Setting next_dagrun for consume_1_or_2_with_dataset_expressions to None, run_after=None
[2026-07-18T15:47:45.828+0530] {logging_mixin.py:190} INFO - [2026-07-18T15:47:45.828+0530] {dag.py:4180} INFO - Setting next_dagrun for consume_1_or_both_2_and_3_with_dataset_expressions to None, run_after=None
[2026-07-18T15:47:45.829+0530] {logging_mixin.py:190} INFO - [2026-07-18T15:47:45.828+0530] {dag.py:4180} INFO - Setting next_dagrun for dataset_consumes_1 to None, run_after=None
[2026-07-18T15:47:45.829+0530] {logging_mixin.py:190} INFO - [2026-07-18T15:47:45.829+0530] {dag.py:4180} INFO - Setting next_dagrun for dataset_consumes_1_and_2 to None, run_after=None
[2026-07-18T15:47:45.829+0530] {logging_mixin.py:190} INFO - [2026-07-18T15:47:45.829+0530] {dag.py:4180} INFO - Setting next_dagrun for dataset_consumes_1_never_scheduled to None, run_after=None
[2026-07-18T15:47:45.829+0530] {logging_mixin.py:190} INFO - [2026-07-18T15:47:45.829+0530] {dag.py:4180} INFO - Setting next_dagrun for dataset_consumes_unknown_never_scheduled to None, run_after=None
[2026-07-18T15:47:45.829+0530] {logging_mixin.py:190} INFO - [2026-07-18T15:47:45.829+0530] {dag.py:4180} INFO - Setting next_dagrun for dataset_produces_1 to 2026-07-17 00:00:00+00:00, run_after=2026-07-18 00:00:00+00:00
[2026-07-18T15:47:45.830+0530] {logging_mixin.py:190} INFO - [2026-07-18T15:47:45.830+0530] {dag.py:4180} INFO - Setting next_dagrun for dataset_produces_2 to None, run_after=None
[2026-07-18T15:47:45.836+0530] {processor.py:208} INFO - Processing /Users/bhavishyachallagolla/Desktop/RetailSense/.venv/lib/python3.12/site-packages/airflow/example_dags/example_datasets.py took 0.059 seconds
[2026-07-18T15:49:31.902+0530] {processor.py:186} INFO - Started process (PID=5451) to work on /Users/bhavishyachallagolla/Desktop/RetailSense/.venv/lib/python3.12/site-packages/airflow/example_dags/example_datasets.py
[2026-07-18T15:49:31.903+0530] {processor.py:914} INFO - Processing file /Users/bhavishyachallagolla/Desktop/RetailSense/.venv/lib/python3.12/site-packages/airflow/example_dags/example_datasets.py for tasks to queue
[2026-07-18T15:49:31.903+0530] {logging_mixin.py:190} INFO - [2026-07-18T15:49:31.903+0530] {dagbag.py:588} INFO - Filling up the DagBag from /Users/bhavishyachallagolla/Desktop/RetailSense/.venv/lib/python3.12/site-packages/airflow/example_dags/example_datasets.py
[2026-07-18T15:49:31.924+0530] {processor.py:925} INFO - DAG(s) 'dataset_consumes_1_and_2', 'dataset_produces_1', 'consume_1_and_2_with_dataset_expressions', 'dataset_consumes_unknown_never_scheduled', 'consume_1_or_both_2_and_3_with_dataset_expressions', 'dataset_consumes_1_never_scheduled', 'dataset_consumes_1', 'consume_1_or_2_with_dataset_expressions', 'conditional_dataset_and_time_based_timetable', 'dataset_produces_2' retrieved from /Users/bhavishyachallagolla/Desktop/RetailSense/.venv/lib/python3.12/site-packages/airflow/example_dags/example_datasets.py
[2026-07-18T15:49:31.954+0530] {logging_mixin.py:190} INFO - [2026-07-18T15:49:31.954+0530] {dag.py:3239} INFO - Sync 10 DAGs
[2026-07-18T15:49:31.960+0530] {logging_mixin.py:190} INFO - [2026-07-18T15:49:31.960+0530] {dag.py:4180} INFO - Setting next_dagrun for conditional_dataset_and_time_based_timetable to 2026-07-15 01:00:00+00:00, run_after=2026-07-15 01:00:00+00:00
[2026-07-18T15:49:31.961+0530] {logging_mixin.py:190} INFO - [2026-07-18T15:49:31.961+0530] {dag.py:4180} INFO - Setting next_dagrun for consume_1_and_2_with_dataset_expressions to None, run_after=None
[2026-07-18T15:49:31.961+0530] {logging_mixin.py:190} INFO - [2026-07-18T15:49:31.961+0530] {dag.py:4180} INFO - Setting next_dagrun for consume_1_or_2_with_dataset_expressions to None, run_after=None
[2026-07-18T15:49:31.961+0530] {logging_mixin.py:190} INFO - [2026-07-18T15:49:31.961+0530] {dag.py:4180} INFO - Setting next_dagrun for consume_1_or_both_2_and_3_with_dataset_expressions to None, run_after=None
[2026-07-18T15:49:31.962+0530] {logging_mixin.py:190} INFO - [2026-07-18T15:49:31.962+0530] {dag.py:4180} INFO - Setting next_dagrun for dataset_consumes_1 to None, run_after=None
[2026-07-18T15:49:31.962+0530] {logging_mixin.py:190} INFO - [2026-07-18T15:49:31.962+0530] {dag.py:4180} INFO - Setting next_dagrun for dataset_consumes_1_and_2 to None, run_after=None
[2026-07-18T15:49:31.962+0530] {logging_mixin.py:190} INFO - [2026-07-18T15:49:31.962+0530] {dag.py:4180} INFO - Setting next_dagrun for dataset_consumes_1_never_scheduled to None, run_after=None
[2026-07-18T15:49:31.962+0530] {logging_mixin.py:190} INFO - [2026-07-18T15:49:31.962+0530] {dag.py:4180} INFO - Setting next_dagrun for dataset_consumes_unknown_never_scheduled to None, run_after=None
[2026-07-18T15:49:31.963+0530] {logging_mixin.py:190} INFO - [2026-07-18T15:49:31.963+0530] {dag.py:4180} INFO - Setting next_dagrun for dataset_produces_1 to 2026-07-17 00:00:00+00:00, run_after=2026-07-18 00:00:00+00:00
[2026-07-18T15:49:31.963+0530] {logging_mixin.py:190} INFO - [2026-07-18T15:49:31.963+0530] {dag.py:4180} INFO - Setting next_dagrun for dataset_produces_2 to None, run_after=None
[2026-07-18T15:49:31.969+0530] {processor.py:208} INFO - Processing /Users/bhavishyachallagolla/Desktop/RetailSense/.venv/lib/python3.12/site-packages/airflow/example_dags/example_datasets.py took 0.069 seconds
[2026-07-18T15:51:17.271+0530] {processor.py:186} INFO - Started process (PID=5721) to work on /Users/bhavishyachallagolla/Desktop/RetailSense/.venv/lib/python3.12/site-packages/airflow/example_dags/example_datasets.py
[2026-07-18T15:51:17.272+0530] {processor.py:914} INFO - Processing file /Users/bhavishyachallagolla/Desktop/RetailSense/.venv/lib/python3.12/site-packages/airflow/example_dags/example_datasets.py for tasks to queue
[2026-07-18T15:51:17.273+0530] {logging_mixin.py:190} INFO - [2026-07-18T15:51:17.273+0530] {dagbag.py:588} INFO - Filling up the DagBag from /Users/bhavishyachallagolla/Desktop/RetailSense/.venv/lib/python3.12/site-packages/airflow/example_dags/example_datasets.py
[2026-07-18T15:51:17.287+0530] {processor.py:925} INFO - DAG(s) 'consume_1_or_both_2_and_3_with_dataset_expressions', 'consume_1_and_2_with_dataset_expressions', 'consume_1_or_2_with_dataset_expressions', 'dataset_produces_2', 'conditional_dataset_and_time_based_timetable', 'dataset_consumes_1', 'dataset_consumes_unknown_never_scheduled', 'dataset_consumes_1_and_2', 'dataset_consumes_1_never_scheduled', 'dataset_produces_1' retrieved from /Users/bhavishyachallagolla/Desktop/RetailSense/.venv/lib/python3.12/site-packages/airflow/example_dags/example_datasets.py
[2026-07-18T15:51:17.316+0530] {logging_mixin.py:190} INFO - [2026-07-18T15:51:17.316+0530] {dag.py:3239} INFO - Sync 10 DAGs
[2026-07-18T15:51:17.322+0530] {logging_mixin.py:190} INFO - [2026-07-18T15:51:17.322+0530] {dag.py:4180} INFO - Setting next_dagrun for conditional_dataset_and_time_based_timetable to 2026-07-15 01:00:00+00:00, run_after=2026-07-15 01:00:00+00:00
[2026-07-18T15:51:17.323+0530] {logging_mixin.py:190} INFO - [2026-07-18T15:51:17.323+0530] {dag.py:4180} INFO - Setting next_dagrun for consume_1_and_2_with_dataset_expressions to None, run_after=None
[2026-07-18T15:51:17.323+0530] {logging_mixin.py:190} INFO - [2026-07-18T15:51:17.323+0530] {dag.py:4180} INFO - Setting next_dagrun for consume_1_or_2_with_dataset_expressions to None, run_after=None
[2026-07-18T15:51:17.323+0530] {logging_mixin.py:190} INFO - [2026-07-18T15:51:17.323+0530] {dag.py:4180} INFO - Setting next_dagrun for consume_1_or_both_2_and_3_with_dataset_expressions to None, run_after=None
[2026-07-18T15:51:17.324+0530] {logging_mixin.py:190} INFO - [2026-07-18T15:51:17.324+0530] {dag.py:4180} INFO - Setting next_dagrun for dataset_consumes_1 to None, run_after=None
[2026-07-18T15:51:17.324+0530] {logging_mixin.py:190} INFO - [2026-07-18T15:51:17.324+0530] {dag.py:4180} INFO - Setting next_dagrun for dataset_consumes_1_and_2 to None, run_after=None
[2026-07-18T15:51:17.324+0530] {logging_mixin.py:190} INFO - [2026-07-18T15:51:17.324+0530] {dag.py:4180} INFO - Setting next_dagrun for dataset_consumes_1_never_scheduled to None, run_after=None
[2026-07-18T15:51:17.324+0530] {logging_mixin.py:190} INFO - [2026-07-18T15:51:17.324+0530] {dag.py:4180} INFO - Setting next_dagrun for dataset_consumes_unknown_never_scheduled to None, run_after=None
[2026-07-18T15:51:17.325+0530] {logging_mixin.py:190} INFO - [2026-07-18T15:51:17.325+0530] {dag.py:4180} INFO - Setting next_dagrun for dataset_produces_1 to 2026-07-17 00:00:00+00:00, run_after=2026-07-18 00:00:00+00:00
[2026-07-18T15:51:17.325+0530] {logging_mixin.py:190} INFO - [2026-07-18T15:51:17.325+0530] {dag.py:4180} INFO - Setting next_dagrun for dataset_produces_2 to None, run_after=None
[2026-07-18T15:51:17.332+0530] {processor.py:208} INFO - Processing /Users/bhavishyachallagolla/Desktop/RetailSense/.venv/lib/python3.12/site-packages/airflow/example_dags/example_datasets.py took 0.062 seconds
[2026-07-18T15:52:57.940+0530] {processor.py:186} INFO - Started process (PID=5984) to work on /Users/bhavishyachallagolla/Desktop/RetailSense/.venv/lib/python3.12/site-packages/airflow/example_dags/example_datasets.py
[2026-07-18T15:52:57.941+0530] {processor.py:914} INFO - Processing file /Users/bhavishyachallagolla/Desktop/RetailSense/.venv/lib/python3.12/site-packages/airflow/example_dags/example_datasets.py for tasks to queue
[2026-07-18T15:52:57.941+0530] {logging_mixin.py:190} INFO - [2026-07-18T15:52:57.941+0530] {dagbag.py:588} INFO - Filling up the DagBag from /Users/bhavishyachallagolla/Desktop/RetailSense/.venv/lib/python3.12/site-packages/airflow/example_dags/example_datasets.py
[2026-07-18T15:52:57.961+0530] {processor.py:925} INFO - DAG(s) 'dataset_consumes_1_never_scheduled', 'dataset_produces_1', 'consume_1_or_both_2_and_3_with_dataset_expressions', 'consume_1_or_2_with_dataset_expressions', 'dataset_consumes_unknown_never_scheduled', 'dataset_produces_2', 'conditional_dataset_and_time_based_timetable', 'consume_1_and_2_with_dataset_expressions', 'dataset_consumes_1', 'dataset_consumes_1_and_2' retrieved from /Users/bhavishyachallagolla/Desktop/RetailSense/.venv/lib/python3.12/site-packages/airflow/example_dags/example_datasets.py
[2026-07-18T15:52:57.989+0530] {logging_mixin.py:190} INFO - [2026-07-18T15:52:57.989+0530] {dag.py:3239} INFO - Sync 10 DAGs
[2026-07-18T15:52:57.995+0530] {logging_mixin.py:190} INFO - [2026-07-18T15:52:57.995+0530] {dag.py:4180} INFO - Setting next_dagrun for conditional_dataset_and_time_based_timetable to 2026-07-15 01:00:00+00:00, run_after=2026-07-15 01:00:00+00:00
[2026-07-18T15:52:57.996+0530] {logging_mixin.py:190} INFO - [2026-07-18T15:52:57.996+0530] {dag.py:4180} INFO - Setting next_dagrun for consume_1_and_2_with_dataset_expressions to None, run_after=None
[2026-07-18T15:52:57.996+0530] {logging_mixin.py:190} INFO - [2026-07-18T15:52:57.996+0530] {dag.py:4180} INFO - Setting next_dagrun for consume_1_or_2_with_dataset_expressions to None, run_after=None
[2026-07-18T15:52:57.996+0530] {logging_mixin.py:190} INFO - [2026-07-18T15:52:57.996+0530] {dag.py:4180} INFO - Setting next_dagrun for consume_1_or_both_2_and_3_with_dataset_expressions to None, run_after=None
[2026-07-18T15:52:57.996+0530] {logging_mixin.py:190} INFO - [2026-07-18T15:52:57.996+0530] {dag.py:4180} INFO - Setting next_dagrun for dataset_consumes_1 to None, run_after=None
[2026-07-18T15:52:57.997+0530] {logging_mixin.py:190} INFO - [2026-07-18T15:52:57.997+0530] {dag.py:4180} INFO - Setting next_dagrun for dataset_consumes_1_and_2 to None, run_after=None
[2026-07-18T15:52:57.997+0530] {logging_mixin.py:190} INFO - [2026-07-18T15:52:57.997+0530] {dag.py:4180} INFO - Setting next_dagrun for dataset_consumes_1_never_scheduled to None, run_after=None
[2026-07-18T15:52:57.997+0530] {logging_mixin.py:190} INFO - [2026-07-18T15:52:57.997+0530] {dag.py:4180} INFO - Setting next_dagrun for dataset_consumes_unknown_never_scheduled to None, run_after=None
[2026-07-18T15:52:57.997+0530] {logging_mixin.py:190} INFO - [2026-07-18T15:52:57.997+0530] {dag.py:4180} INFO - Setting next_dagrun for dataset_produces_1 to 2026-07-17 00:00:00+00:00, run_after=2026-07-18 00:00:00+00:00
[2026-07-18T15:52:57.998+0530] {logging_mixin.py:190} INFO - [2026-07-18T15:52:57.997+0530] {dag.py:4180} INFO - Setting next_dagrun for dataset_produces_2 to None, run_after=None
[2026-07-18T15:52:58.004+0530] {processor.py:208} INFO - Processing /Users/bhavishyachallagolla/Desktop/RetailSense/.venv/lib/python3.12/site-packages/airflow/example_dags/example_datasets.py took 0.065 seconds
[2026-07-18T15:54:43.736+0530] {processor.py:186} INFO - Started process (PID=6244) to work on /Users/bhavishyachallagolla/Desktop/RetailSense/.venv/lib/python3.12/site-packages/airflow/example_dags/example_datasets.py
[2026-07-18T15:54:43.737+0530] {processor.py:914} INFO - Processing file /Users/bhavishyachallagolla/Desktop/RetailSense/.venv/lib/python3.12/site-packages/airflow/example_dags/example_datasets.py for tasks to queue
[2026-07-18T15:54:43.737+0530] {logging_mixin.py:190} INFO - [2026-07-18T15:54:43.737+0530] {dagbag.py:588} INFO - Filling up the DagBag from /Users/bhavishyachallagolla/Desktop/RetailSense/.venv/lib/python3.12/site-packages/airflow/example_dags/example_datasets.py
[2026-07-18T15:54:43.750+0530] {processor.py:925} INFO - DAG(s) 'dataset_consumes_unknown_never_scheduled', 'dataset_produces_1', 'dataset_consumes_1_never_scheduled', 'consume_1_or_both_2_and_3_with_dataset_expressions', 'dataset_consumes_1', 'conditional_dataset_and_time_based_timetable', 'dataset_consumes_1_and_2', 'consume_1_or_2_with_dataset_expressions', 'consume_1_and_2_with_dataset_expressions', 'dataset_produces_2' retrieved from /Users/bhavishyachallagolla/Desktop/RetailSense/.venv/lib/python3.12/site-packages/airflow/example_dags/example_datasets.py
[2026-07-18T15:54:43.779+0530] {logging_mixin.py:190} INFO - [2026-07-18T15:54:43.778+0530] {dag.py:3239} INFO - Sync 10 DAGs
[2026-07-18T15:54:43.784+0530] {logging_mixin.py:190} INFO - [2026-07-18T15:54:43.784+0530] {dag.py:4180} INFO - Setting next_dagrun for conditional_dataset_and_time_based_timetable to 2026-07-15 01:00:00+00:00, run_after=2026-07-15 01:00:00+00:00
[2026-07-18T15:54:43.785+0530] {logging_mixin.py:190} INFO - [2026-07-18T15:54:43.785+0530] {dag.py:4180} INFO - Setting next_dagrun for consume_1_and_2_with_dataset_expressions to None, run_after=None
[2026-07-18T15:54:43.785+0530] {logging_mixin.py:190} INFO - [2026-07-18T15:54:43.785+0530] {dag.py:4180} INFO - Setting next_dagrun for consume_1_or_2_with_dataset_expressions to None, run_after=None
[2026-07-18T15:54:43.785+0530] {logging_mixin.py:190} INFO - [2026-07-18T15:54:43.785+0530] {dag.py:4180} INFO - Setting next_dagrun for consume_1_or_both_2_and_3_with_dataset_expressions to None, run_after=None
[2026-07-18T15:54:43.786+0530] {logging_mixin.py:190} INFO - [2026-07-18T15:54:43.785+0530] {dag.py:4180} INFO - Setting next_dagrun for dataset_consumes_1 to None, run_after=None
[2026-07-18T15:54:43.786+0530] {logging_mixin.py:190} INFO - [2026-07-18T15:54:43.786+0530] {dag.py:4180} INFO - Setting next_dagrun for dataset_consumes_1_and_2 to None, run_after=None
[2026-07-18T15:54:43.786+0530] {logging_mixin.py:190} INFO - [2026-07-18T15:54:43.786+0530] {dag.py:4180} INFO - Setting next_dagrun for dataset_consumes_1_never_scheduled to None, run_after=None
[2026-07-18T15:54:43.786+0530] {logging_mixin.py:190} INFO - [2026-07-18T15:54:43.786+0530] {dag.py:4180} INFO - Setting next_dagrun for dataset_consumes_unknown_never_scheduled to None, run_after=None
[2026-07-18T15:54:43.786+0530] {logging_mixin.py:190} INFO - [2026-07-18T15:54:43.786+0530] {dag.py:4180} INFO - Setting next_dagrun for dataset_produces_1 to 2026-07-17 00:00:00+00:00, run_after=2026-07-18 00:00:00+00:00
[2026-07-18T15:54:43.787+0530] {logging_mixin.py:190} INFO - [2026-07-18T15:54:43.787+0530] {dag.py:4180} INFO - Setting next_dagrun for dataset_produces_2 to None, run_after=None
[2026-07-18T15:54:43.793+0530] {processor.py:208} INFO - Processing /Users/bhavishyachallagolla/Desktop/RetailSense/.venv/lib/python3.12/site-packages/airflow/example_dags/example_datasets.py took 0.058 seconds
[2026-07-18T15:56:27.978+0530] {processor.py:186} INFO - Started process (PID=6506) to work on /Users/bhavishyachallagolla/Desktop/RetailSense/.venv/lib/python3.12/site-packages/airflow/example_dags/example_datasets.py
[2026-07-18T15:56:27.979+0530] {processor.py:914} INFO - Processing file /Users/bhavishyachallagolla/Desktop/RetailSense/.venv/lib/python3.12/site-packages/airflow/example_dags/example_datasets.py for tasks to queue
[2026-07-18T15:56:27.980+0530] {logging_mixin.py:190} INFO - [2026-07-18T15:56:27.980+0530] {dagbag.py:588} INFO - Filling up the DagBag from /Users/bhavishyachallagolla/Desktop/RetailSense/.venv/lib/python3.12/site-packages/airflow/example_dags/example_datasets.py
[2026-07-18T15:56:27.993+0530] {processor.py:925} INFO - DAG(s) 'dataset_consumes_1', 'consume_1_or_both_2_and_3_with_dataset_expressions', 'conditional_dataset_and_time_based_timetable', 'dataset_produces_1', 'consume_1_or_2_with_dataset_expressions', 'dataset_consumes_1_never_scheduled', 'consume_1_and_2_with_dataset_expressions', 'dataset_produces_2', 'dataset_consumes_1_and_2', 'dataset_consumes_unknown_never_scheduled' retrieved from /Users/bhavishyachallagolla/Desktop/RetailSense/.venv/lib/python3.12/site-packages/airflow/example_dags/example_datasets.py
[2026-07-18T15:56:28.022+0530] {logging_mixin.py:190} INFO - [2026-07-18T15:56:28.022+0530] {dag.py:3239} INFO - Sync 10 DAGs
[2026-07-18T15:56:28.027+0530] {logging_mixin.py:190} INFO - [2026-07-18T15:56:28.027+0530] {dag.py:4180} INFO - Setting next_dagrun for conditional_dataset_and_time_based_timetable to 2026-07-15 01:00:00+00:00, run_after=2026-07-15 01:00:00+00:00
[2026-07-18T15:56:28.028+0530] {logging_mixin.py:190} INFO - [2026-07-18T15:56:28.028+0530] {dag.py:4180} INFO - Setting next_dagrun for consume_1_and_2_with_dataset_expressions to None, run_after=None
[2026-07-18T15:56:28.028+0530] {logging_mixin.py:190} INFO - [2026-07-18T15:56:28.028+0530] {dag.py:4180} INFO - Setting next_dagrun for consume_1_or_2_with_dataset_expressions to None, run_after=None
[2026-07-18T15:56:28.029+0530] {logging_mixin.py:190} INFO - [2026-07-18T15:56:28.029+0530] {dag.py:4180} INFO - Setting next_dagrun for consume_1_or_both_2_and_3_with_dataset_expressions to None, run_after=None
[2026-07-18T15:56:28.029+0530] {logging_mixin.py:190} INFO - [2026-07-18T15:56:28.029+0530] {dag.py:4180} INFO - Setting next_dagrun for dataset_consumes_1 to None, run_after=None
[2026-07-18T15:56:28.029+0530] {logging_mixin.py:190} INFO - [2026-07-18T15:56:28.029+0530] {dag.py:4180} INFO - Setting next_dagrun for dataset_consumes_1_and_2 to None, run_after=None
[2026-07-18T15:56:28.029+0530] {logging_mixin.py:190} INFO - [2026-07-18T15:56:28.029+0530] {dag.py:4180} INFO - Setting next_dagrun for dataset_consumes_1_never_scheduled to None, run_after=None
[2026-07-18T15:56:28.029+0530] {logging_mixin.py:190} INFO - [2026-07-18T15:56:28.029+0530] {dag.py:4180} INFO - Setting next_dagrun for dataset_consumes_unknown_never_scheduled to None, run_after=None
[2026-07-18T15:56:28.030+0530] {logging_mixin.py:190} INFO - [2026-07-18T15:56:28.030+0530] {dag.py:4180} INFO - Setting next_dagrun for dataset_produces_1 to 2026-07-17 00:00:00+00:00, run_after=2026-07-18 00:00:00+00:00
[2026-07-18T15:56:28.030+0530] {logging_mixin.py:190} INFO - [2026-07-18T15:56:28.030+0530] {dag.py:4180} INFO - Setting next_dagrun for dataset_produces_2 to None, run_after=None
[2026-07-18T15:56:28.037+0530] {processor.py:208} INFO - Processing /Users/bhavishyachallagolla/Desktop/RetailSense/.venv/lib/python3.12/site-packages/airflow/example_dags/example_datasets.py took 0.059 seconds
