[2026-07-18T15:36:18.248+0530] {processor.py:186} INFO - Started process (PID=3345) to work on /Users/bhavishyachallagolla/Desktop/RetailSense/.venv/lib/python3.12/site-packages/airflow/example_dags/example_task_group_decorator.py
[2026-07-18T15:36:18.249+0530] {processor.py:914} INFO - Processing file /Users/bhavishyachallagolla/Desktop/RetailSense/.venv/lib/python3.12/site-packages/airflow/example_dags/example_task_group_decorator.py for tasks to queue
[2026-07-18T15:36:18.249+0530] {logging_mixin.py:190} INFO - [2026-07-18T15:36:18.249+0530] {dagbag.py:588} INFO - Filling up the DagBag from /Users/bhavishyachallagolla/Desktop/RetailSense/.venv/lib/python3.12/site-packages/airflow/example_dags/example_task_group_decorator.py
[2026-07-18T15:36:18.262+0530] {processor.py:925} INFO - DAG(s) 'example_task_group_decorator' retrieved from /Users/bhavishyachallagolla/Desktop/RetailSense/.venv/lib/python3.12/site-packages/airflow/example_dags/example_task_group_decorator.py
[2026-07-18T15:36:18.287+0530] {logging_mixin.py:190} INFO - [2026-07-18T15:36:18.287+0530] {dag.py:3239} INFO - Sync 1 DAGs
[2026-07-18T15:36:18.290+0530] {logging_mixin.py:190} INFO - [2026-07-18T15:36:18.290+0530] {dag.py:4180} INFO - Setting next_dagrun for example_task_group_decorator to None, run_after=None
[2026-07-18T15:36:18.294+0530] {processor.py:208} INFO - Processing /Users/bhavishyachallagolla/Desktop/RetailSense/.venv/lib/python3.12/site-packages/airflow/example_dags/example_task_group_decorator.py took 0.047 seconds
[2026-07-18T15:37:39.227+0530] {processor.py:186} INFO - Started process (PID=3552) to work on /Users/bhavishyachallagolla/Desktop/RetailSense/.venv/lib/python3.12/site-packages/airflow/example_dags/example_task_group_decorator.py
[2026-07-18T15:37:39.228+0530] {processor.py:914} INFO - Processing file /Users/bhavishyachallagolla/Desktop/RetailSense/.venv/lib/python3.12/site-packages/airflow/example_dags/example_task_group_decorator.py for tasks to queue
[2026-07-18T15:37:39.228+0530] {logging_mixin.py:190} INFO - [2026-07-18T15:37:39.228+0530] {dagbag.py:588} INFO - Filling up the DagBag from /Users/bhavishyachallagolla/Desktop/RetailSense/.venv/lib/python3.12/site-packages/airflow/example_dags/example_task_group_decorator.py
[2026-07-18T15:37:39.242+0530] {processor.py:925} INFO - DAG(s) 'example_task_group_decorator' retrieved from /Users/bhavishyachallagolla/Desktop/RetailSense/.venv/lib/python3.12/site-packages/airflow/example_dags/example_task_group_decorator.py
[2026-07-18T15:37:39.267+0530] {logging_mixin.py:190} INFO - [2026-07-18T15:37:39.267+0530] {dag.py:3239} INFO - Sync 1 DAGs
[2026-07-18T15:37:39.270+0530] {logging_mixin.py:190} INFO - [2026-07-18T15:37:39.270+0530] {dag.py:4180} INFO - Setting next_dagrun for example_task_group_decorator to None, run_after=None
[2026-07-18T15:37:39.274+0530] {processor.py:208} INFO - Processing /Users/bhavishyachallagolla/Desktop/RetailSense/.venv/lib/python3.12/site-packages/airflow/example_dags/example_task_group_decorator.py took 0.049 seconds
[2026-07-18T15:38:41.854+0530] {processor.py:186} INFO - Started process (PID=3711) to work on /Users/bhavishyachallagolla/Desktop/RetailSense/.venv/lib/python3.12/site-packages/airflow/example_dags/example_task_group_decorator.py
[2026-07-18T15:38:41.855+0530] {processor.py:914} INFO - Processing file /Users/bhavishyachallagolla/Desktop/RetailSense/.venv/lib/python3.12/site-packages/airflow/example_dags/example_task_group_decorator.py for tasks to queue
[2026-07-18T15:38:41.855+0530] {logging_mixin.py:190} INFO - [2026-07-18T15:38:41.855+0530] {dagbag.py:588} INFO - Filling up the DagBag from /Users/bhavishyachallagolla/Desktop/RetailSense/.venv/lib/python3.12/site-packages/airflow/example_dags/example_task_group_decorator.py
[2026-07-18T15:38:41.868+0530] {processor.py:925} INFO - DAG(s) 'example_task_group_decorator' retrieved from /Users/bhavishyachallagolla/Desktop/RetailSense/.venv/lib/python3.12/site-packages/airflow/example_dags/example_task_group_decorator.py
[2026-07-18T15:38:41.893+0530] {logging_mixin.py:190} INFO - [2026-07-18T15:38:41.893+0530] {dag.py:3239} INFO - Sync 1 DAGs
[2026-07-18T15:38:41.895+0530] {logging_mixin.py:190} INFO - [2026-07-18T15:38:41.895+0530] {dag.py:4180} INFO - Setting next_dagrun for example_task_group_decorator to None, run_after=None
[2026-07-18T15:38:41.900+0530] {processor.py:208} INFO - Processing /Users/bhavishyachallagolla/Desktop/RetailSense/.venv/lib/python3.12/site-packages/airflow/example_dags/example_task_group_decorator.py took 0.047 seconds
[2026-07-18T15:39:43.087+0530] {processor.py:186} INFO - Started process (PID=3886) to work on /Users/bhavishyachallagolla/Desktop/RetailSense/.venv/lib/python3.12/site-packages/airflow/example_dags/example_task_group_decorator.py
[2026-07-18T15:39:43.088+0530] {processor.py:914} INFO - Processing file /Users/bhavishyachallagolla/Desktop/RetailSense/.venv/lib/python3.12/site-packages/airflow/example_dags/example_task_group_decorator.py for tasks to queue
[2026-07-18T15:39:43.088+0530] {logging_mixin.py:190} INFO - [2026-07-18T15:39:43.088+0530] {dagbag.py:588} INFO - Filling up the DagBag from /Users/bhavishyachallagolla/Desktop/RetailSense/.venv/lib/python3.12/site-packages/airflow/example_dags/example_task_group_decorator.py
[2026-07-18T15:39:43.102+0530] {processor.py:925} INFO - DAG(s) 'example_task_group_decorator' retrieved from /Users/bhavishyachallagolla/Desktop/RetailSense/.venv/lib/python3.12/site-packages/airflow/example_dags/example_task_group_decorator.py
[2026-07-18T15:39:43.129+0530] {logging_mixin.py:190} INFO - [2026-07-18T15:39:43.129+0530] {dag.py:3239} INFO - Sync 1 DAGs
[2026-07-18T15:39:43.132+0530] {logging_mixin.py:190} INFO - [2026-07-18T15:39:43.132+0530] {dag.py:4180} INFO - Setting next_dagrun for example_task_group_decorator to None, run_after=None
[2026-07-18T15:39:43.137+0530] {processor.py:208} INFO - Processing /Users/bhavishyachallagolla/Desktop/RetailSense/.venv/lib/python3.12/site-packages/airflow/example_dags/example_task_group_decorator.py took 0.050 seconds
[2026-07-18T15:41:22.865+0530] {processor.py:186} INFO - Started process (PID=4149) to work on /Users/bhavishyachallagolla/Desktop/RetailSense/.venv/lib/python3.12/site-packages/airflow/example_dags/example_task_group_decorator.py
[2026-07-18T15:41:22.866+0530] {processor.py:914} INFO - Processing file /Users/bhavishyachallagolla/Desktop/RetailSense/.venv/lib/python3.12/site-packages/airflow/example_dags/example_task_group_decorator.py for tasks to queue
[2026-07-18T15:41:22.866+0530] {logging_mixin.py:190} INFO - [2026-07-18T15:41:22.866+0530] {dagbag.py:588} INFO - Filling up the DagBag from /Users/bhavishyachallagolla/Desktop/RetailSense/.venv/lib/python3.12/site-packages/airflow/example_dags/example_task_group_decorator.py
[2026-07-18T15:41:22.880+0530] {processor.py:925} INFO - DAG(s) 'example_task_group_decorator' retrieved from /Users/bhavishyachallagolla/Desktop/RetailSense/.venv/lib/python3.12/site-packages/airflow/example_dags/example_task_group_decorator.py
[2026-07-18T15:41:22.906+0530] {logging_mixin.py:190} INFO - [2026-07-18T15:41:22.906+0530] {dag.py:3239} INFO - Sync 1 DAGs
[2026-07-18T15:41:22.909+0530] {logging_mixin.py:190} INFO - [2026-07-18T15:41:22.909+0530] {dag.py:4180} INFO - Setting next_dagrun for example_task_group_decorator to None, run_after=None
[2026-07-18T15:41:22.913+0530] {processor.py:208} INFO - Processing /Users/bhavishyachallagolla/Desktop/RetailSense/.venv/lib/python3.12/site-packages/airflow/example_dags/example_task_group_decorator.py took 0.049 seconds
[2026-07-18T15:43:07.089+0530] {processor.py:186} INFO - Started process (PID=4435) to work on /Users/bhavishyachallagolla/Desktop/RetailSense/.venv/lib/python3.12/site-packages/airflow/example_dags/example_task_group_decorator.py
[2026-07-18T15:43:07.090+0530] {processor.py:914} INFO - Processing file /Users/bhavishyachallagolla/Desktop/RetailSense/.venv/lib/python3.12/site-packages/airflow/example_dags/example_task_group_decorator.py for tasks to queue
[2026-07-18T15:43:07.091+0530] {logging_mixin.py:190} INFO - [2026-07-18T15:43:07.090+0530] {dagbag.py:588} INFO - Filling up the DagBag from /Users/bhavishyachallagolla/Desktop/RetailSense/.venv/lib/python3.12/site-packages/airflow/example_dags/example_task_group_decorator.py
[2026-07-18T15:43:07.104+0530] {processor.py:925} INFO - DAG(s) 'example_task_group_decorator' retrieved from /Users/bhavishyachallagolla/Desktop/RetailSense/.venv/lib/python3.12/site-packages/airflow/example_dags/example_task_group_decorator.py
[2026-07-18T15:43:07.129+0530] {logging_mixin.py:190} INFO - [2026-07-18T15:43:07.129+0530] {dag.py:3239} INFO - Sync 1 DAGs
[2026-07-18T15:43:07.132+0530] {logging_mixin.py:190} INFO - [2026-07-18T15:43:07.132+0530] {dag.py:4180} INFO - Setting next_dagrun for example_task_group_decorator to None, run_after=None
[2026-07-18T15:43:07.137+0530] {processor.py:208} INFO - Processing /Users/bhavishyachallagolla/Desktop/RetailSense/.venv/lib/python3.12/site-packages/airflow/example_dags/example_task_group_decorator.py took 0.048 seconds
[2026-07-18T15:45:00.516+0530] {processor.py:186} INFO - Started process (PID=4724) to work on /Users/bhavishyachallagolla/Desktop/RetailSense/.venv/lib/python3.12/site-packages/airflow/example_dags/example_task_group_decorator.py
[2026-07-18T15:45:00.517+0530] {processor.py:914} INFO - Processing file /Users/bhavishyachallagolla/Desktop/RetailSense/.venv/lib/python3.12/site-packages/airflow/example_dags/example_task_group_decorator.py for tasks to queue
[2026-07-18T15:45:00.517+0530] {logging_mixin.py:190} INFO - [2026-07-18T15:45:00.517+0530] {dagbag.py:588} INFO - Filling up the DagBag from /Users/bhavishyachallagolla/Desktop/RetailSense/.venv/lib/python3.12/site-packages/airflow/example_dags/example_task_group_decorator.py
[2026-07-18T15:45:00.530+0530] {processor.py:925} INFO - DAG(s) 'example_task_group_decorator' retrieved from /Users/bhavishyachallagolla/Desktop/RetailSense/.venv/lib/python3.12/site-packages/airflow/example_dags/example_task_group_decorator.py
[2026-07-18T15:45:00.555+0530] {logging_mixin.py:190} INFO - [2026-07-18T15:45:00.555+0530] {dag.py:3239} INFO - Sync 1 DAGs
[2026-07-18T15:45:00.558+0530] {logging_mixin.py:190} INFO - [2026-07-18T15:45:00.558+0530] {dag.py:4180} INFO - Setting next_dagrun for example_task_group_decorator to None, run_after=None
[2026-07-18T15:45:00.563+0530] {processor.py:208} INFO - Processing /Users/bhavishyachallagolla/Desktop/RetailSense/.venv/lib/python3.12/site-packages/airflow/example_dags/example_task_group_decorator.py took 0.048 seconds
[2026-07-18T15:46:45.681+0530] {processor.py:186} INFO - Started process (PID=4985) to work on /Users/bhavishyachallagolla/Desktop/RetailSense/.venv/lib/python3.12/site-packages/airflow/example_dags/example_task_group_decorator.py
[2026-07-18T15:46:45.681+0530] {processor.py:914} INFO - Processing file /Users/bhavishyachallagolla/Desktop/RetailSense/.venv/lib/python3.12/site-packages/airflow/example_dags/example_task_group_decorator.py for tasks to queue
[2026-07-18T15:46:45.682+0530] {logging_mixin.py:190} INFO - [2026-07-18T15:46:45.682+0530] {dagbag.py:588} INFO - Filling up the DagBag from /Users/bhavishyachallagolla/Desktop/RetailSense/.venv/lib/python3.12/site-packages/airflow/example_dags/example_task_group_decorator.py
[2026-07-18T15:46:45.695+0530] {processor.py:925} INFO - DAG(s) 'example_task_group_decorator' retrieved from /Users/bhavishyachallagolla/Desktop/RetailSense/.venv/lib/python3.12/site-packages/airflow/example_dags/example_task_group_decorator.py
[2026-07-18T15:46:45.721+0530] {logging_mixin.py:190} INFO - [2026-07-18T15:46:45.721+0530] {dag.py:3239} INFO - Sync 1 DAGs
[2026-07-18T15:46:45.723+0530] {logging_mixin.py:190} INFO - [2026-07-18T15:46:45.723+0530] {dag.py:4180} INFO - Setting next_dagrun for example_task_group_decorator to None, run_after=None
[2026-07-18T15:46:45.728+0530] {processor.py:208} INFO - Processing /Users/bhavishyachallagolla/Desktop/RetailSense/.venv/lib/python3.12/site-packages/airflow/example_dags/example_task_group_decorator.py took 0.048 seconds
[2026-07-18T15:48:29.644+0530] {processor.py:186} INFO - Started process (PID=5287) to work on /Users/bhavishyachallagolla/Desktop/RetailSense/.venv/lib/python3.12/site-packages/airflow/example_dags/example_task_group_decorator.py
[2026-07-18T15:48:29.644+0530] {processor.py:914} INFO - Processing file /Users/bhavishyachallagolla/Desktop/RetailSense/.venv/lib/python3.12/site-packages/airflow/example_dags/example_task_group_decorator.py for tasks to queue
[2026-07-18T15:48:29.645+0530] {logging_mixin.py:190} INFO - [2026-07-18T15:48:29.645+0530] {dagbag.py:588} INFO - Filling up the DagBag from /Users/bhavishyachallagolla/Desktop/RetailSense/.venv/lib/python3.12/site-packages/airflow/example_dags/example_task_group_decorator.py
[2026-07-18T15:48:29.660+0530] {processor.py:925} INFO - DAG(s) 'example_task_group_decorator' retrieved from /Users/bhavishyachallagolla/Desktop/RetailSense/.venv/lib/python3.12/site-packages/airflow/example_dags/example_task_group_decorator.py
[2026-07-18T15:48:29.686+0530] {logging_mixin.py:190} INFO - [2026-07-18T15:48:29.686+0530] {dag.py:3239} INFO - Sync 1 DAGs
[2026-07-18T15:48:29.689+0530] {logging_mixin.py:190} INFO - [2026-07-18T15:48:29.689+0530] {dag.py:4180} INFO - Setting next_dagrun for example_task_group_decorator to None, run_after=None
[2026-07-18T15:48:29.694+0530] {processor.py:208} INFO - Processing /Users/bhavishyachallagolla/Desktop/RetailSense/.venv/lib/python3.12/site-packages/airflow/example_dags/example_task_group_decorator.py took 0.051 seconds
[2026-07-18T15:50:16.226+0530] {processor.py:186} INFO - Started process (PID=5569) to work on /Users/bhavishyachallagolla/Desktop/RetailSense/.venv/lib/python3.12/site-packages/airflow/example_dags/example_task_group_decorator.py
[2026-07-18T15:50:16.227+0530] {processor.py:914} INFO - Processing file /Users/bhavishyachallagolla/Desktop/RetailSense/.venv/lib/python3.12/site-packages/airflow/example_dags/example_task_group_decorator.py for tasks to queue
[2026-07-18T15:50:16.227+0530] {logging_mixin.py:190} INFO - [2026-07-18T15:50:16.227+0530] {dagbag.py:588} INFO - Filling up the DagBag from /Users/bhavishyachallagolla/Desktop/RetailSense/.venv/lib/python3.12/site-packages/airflow/example_dags/example_task_group_decorator.py
[2026-07-18T15:50:16.241+0530] {processor.py:925} INFO - DAG(s) 'example_task_group_decorator' retrieved from /Users/bhavishyachallagolla/Desktop/RetailSense/.venv/lib/python3.12/site-packages/airflow/example_dags/example_task_group_decorator.py
[2026-07-18T15:50:16.268+0530] {logging_mixin.py:190} INFO - [2026-07-18T15:50:16.268+0530] {dag.py:3239} INFO - Sync 1 DAGs
[2026-07-18T15:50:16.271+0530] {logging_mixin.py:190} INFO - [2026-07-18T15:50:16.271+0530] {dag.py:4180} INFO - Setting next_dagrun for example_task_group_decorator to None, run_after=None
[2026-07-18T15:50:16.276+0530] {processor.py:208} INFO - Processing /Users/bhavishyachallagolla/Desktop/RetailSense/.venv/lib/python3.12/site-packages/airflow/example_dags/example_task_group_decorator.py took 0.051 seconds
[2026-07-18T15:51:57.323+0530] {processor.py:186} INFO - Started process (PID=5821) to work on /Users/bhavishyachallagolla/Desktop/RetailSense/.venv/lib/python3.12/site-packages/airflow/example_dags/example_task_group_decorator.py
[2026-07-18T15:51:57.324+0530] {processor.py:914} INFO - Processing file /Users/bhavishyachallagolla/Desktop/RetailSense/.venv/lib/python3.12/site-packages/airflow/example_dags/example_task_group_decorator.py for tasks to queue
[2026-07-18T15:51:57.325+0530] {logging_mixin.py:190} INFO - [2026-07-18T15:51:57.325+0530] {dagbag.py:588} INFO - Filling up the DagBag from /Users/bhavishyachallagolla/Desktop/RetailSense/.venv/lib/python3.12/site-packages/airflow/example_dags/example_task_group_decorator.py
[2026-07-18T15:51:57.338+0530] {processor.py:925} INFO - DAG(s) 'example_task_group_decorator' retrieved from /Users/bhavishyachallagolla/Desktop/RetailSense/.venv/lib/python3.12/site-packages/airflow/example_dags/example_task_group_decorator.py
[2026-07-18T15:51:57.364+0530] {logging_mixin.py:190} INFO - [2026-07-18T15:51:57.364+0530] {dag.py:3239} INFO - Sync 1 DAGs
[2026-07-18T15:51:57.367+0530] {logging_mixin.py:190} INFO - [2026-07-18T15:51:57.367+0530] {dag.py:4180} INFO - Setting next_dagrun for example_task_group_decorator to None, run_after=None
[2026-07-18T15:51:57.371+0530] {processor.py:208} INFO - Processing /Users/bhavishyachallagolla/Desktop/RetailSense/.venv/lib/python3.12/site-packages/airflow/example_dags/example_task_group_decorator.py took 0.049 seconds
[2026-07-18T15:53:40.234+0530] {processor.py:186} INFO - Started process (PID=6087) to work on /Users/bhavishyachallagolla/Desktop/RetailSense/.venv/lib/python3.12/site-packages/airflow/example_dags/example_task_group_decorator.py
[2026-07-18T15:53:40.235+0530] {processor.py:914} INFO - Processing file /Users/bhavishyachallagolla/Desktop/RetailSense/.venv/lib/python3.12/site-packages/airflow/example_dags/example_task_group_decorator.py for tasks to queue
[2026-07-18T15:53:40.235+0530] {logging_mixin.py:190} INFO - [2026-07-18T15:53:40.235+0530] {dagbag.py:588} INFO - Filling up the DagBag from /Users/bhavishyachallagolla/Desktop/RetailSense/.venv/lib/python3.12/site-packages/airflow/example_dags/example_task_group_decorator.py
[2026-07-18T15:53:40.249+0530] {processor.py:925} INFO - DAG(s) 'example_task_group_decorator' retrieved from /Users/bhavishyachallagolla/Desktop/RetailSense/.venv/lib/python3.12/site-packages/airflow/example_dags/example_task_group_decorator.py
[2026-07-18T15:53:40.275+0530] {logging_mixin.py:190} INFO - [2026-07-18T15:53:40.275+0530] {dag.py:3239} INFO - Sync 1 DAGs
[2026-07-18T15:53:40.277+0530] {logging_mixin.py:190} INFO - [2026-07-18T15:53:40.277+0530] {dag.py:4180} INFO - Setting next_dagrun for example_task_group_decorator to None, run_after=None
[2026-07-18T15:53:40.282+0530] {processor.py:208} INFO - Processing /Users/bhavishyachallagolla/Desktop/RetailSense/.venv/lib/python3.12/site-packages/airflow/example_dags/example_task_group_decorator.py took 0.049 seconds
[2026-07-18T15:55:26.074+0530] {processor.py:186} INFO - Started process (PID=6352) to work on /Users/bhavishyachallagolla/Desktop/RetailSense/.venv/lib/python3.12/site-packages/airflow/example_dags/example_task_group_decorator.py
[2026-07-18T15:55:26.075+0530] {processor.py:914} INFO - Processing file /Users/bhavishyachallagolla/Desktop/RetailSense/.venv/lib/python3.12/site-packages/airflow/example_dags/example_task_group_decorator.py for tasks to queue
[2026-07-18T15:55:26.075+0530] {logging_mixin.py:190} INFO - [2026-07-18T15:55:26.075+0530] {dagbag.py:588} INFO - Filling up the DagBag from /Users/bhavishyachallagolla/Desktop/RetailSense/.venv/lib/python3.12/site-packages/airflow/example_dags/example_task_group_decorator.py
[2026-07-18T15:55:26.089+0530] {processor.py:925} INFO - DAG(s) 'example_task_group_decorator' retrieved from /Users/bhavishyachallagolla/Desktop/RetailSense/.venv/lib/python3.12/site-packages/airflow/example_dags/example_task_group_decorator.py
[2026-07-18T15:55:26.114+0530] {logging_mixin.py:190} INFO - [2026-07-18T15:55:26.114+0530] {dag.py:3239} INFO - Sync 1 DAGs
[2026-07-18T15:55:26.117+0530] {logging_mixin.py:190} INFO - [2026-07-18T15:55:26.117+0530] {dag.py:4180} INFO - Setting next_dagrun for example_task_group_decorator to None, run_after=None
[2026-07-18T15:55:26.122+0530] {processor.py:208} INFO - Processing /Users/bhavishyachallagolla/Desktop/RetailSense/.venv/lib/python3.12/site-packages/airflow/example_dags/example_task_group_decorator.py took 0.049 seconds
