[2026-07-18T15:36:22.193+0530] {processor.py:186} INFO - Started process (PID=3357) to work on /Users/bhavishyachallagolla/Desktop/RetailSense/.venv/lib/python3.12/site-packages/airflow/example_dags/example_sla_dag.py
[2026-07-18T15:36:22.193+0530] {processor.py:914} INFO - Processing file /Users/bhavishyachallagolla/Desktop/RetailSense/.venv/lib/python3.12/site-packages/airflow/example_dags/example_sla_dag.py for tasks to queue
[2026-07-18T15:36:22.194+0530] {logging_mixin.py:190} INFO - [2026-07-18T15:36:22.194+0530] {dagbag.py:588} INFO - Filling up the DagBag from /Users/bhavishyachallagolla/Desktop/RetailSense/.venv/lib/python3.12/site-packages/airflow/example_dags/example_sla_dag.py
[2026-07-18T15:36:22.206+0530] {processor.py:925} INFO - DAG(s) 'example_sla_dag' retrieved from /Users/bhavishyachallagolla/Desktop/RetailSense/.venv/lib/python3.12/site-packages/airflow/example_dags/example_sla_dag.py
[2026-07-18T15:36:22.230+0530] {logging_mixin.py:190} INFO - [2026-07-18T15:36:22.230+0530] {dag.py:3239} INFO - Sync 1 DAGs
[2026-07-18T15:36:22.236+0530] {logging_mixin.py:190} INFO - [2026-07-18T15:36:22.236+0530] {dag.py:4180} INFO - Setting next_dagrun for example_sla_dag to 2026-07-18 10:04:00+00:00, run_after=2026-07-18 10:06:00+00:00
[2026-07-18T15:36:22.241+0530] {processor.py:208} INFO - Processing /Users/bhavishyachallagolla/Desktop/RetailSense/.venv/lib/python3.12/site-packages/airflow/example_dags/example_sla_dag.py took 0.049 seconds
[2026-07-18T15:37:43.262+0530] {processor.py:186} INFO - Started process (PID=3563) to work on /Users/bhavishyachallagolla/Desktop/RetailSense/.venv/lib/python3.12/site-packages/airflow/example_dags/example_sla_dag.py
[2026-07-18T15:37:43.263+0530] {processor.py:914} INFO - Processing file /Users/bhavishyachallagolla/Desktop/RetailSense/.venv/lib/python3.12/site-packages/airflow/example_dags/example_sla_dag.py for tasks to queue
[2026-07-18T15:37:43.264+0530] {logging_mixin.py:190} INFO - [2026-07-18T15:37:43.264+0530] {dagbag.py:588} INFO - Filling up the DagBag from /Users/bhavishyachallagolla/Desktop/RetailSense/.venv/lib/python3.12/site-packages/airflow/example_dags/example_sla_dag.py
[2026-07-18T15:37:43.275+0530] {processor.py:925} INFO - DAG(s) 'example_sla_dag' retrieved from /Users/bhavishyachallagolla/Desktop/RetailSense/.venv/lib/python3.12/site-packages/airflow/example_dags/example_sla_dag.py
[2026-07-18T15:37:43.299+0530] {logging_mixin.py:190} INFO - [2026-07-18T15:37:43.299+0530] {dag.py:3239} INFO - Sync 1 DAGs
[2026-07-18T15:37:43.304+0530] {logging_mixin.py:190} INFO - [2026-07-18T15:37:43.304+0530] {dag.py:4180} INFO - Setting next_dagrun for example_sla_dag to 2026-07-18 10:04:00+00:00, run_after=2026-07-18 10:06:00+00:00
[2026-07-18T15:37:43.309+0530] {processor.py:208} INFO - Processing /Users/bhavishyachallagolla/Desktop/RetailSense/.venv/lib/python3.12/site-packages/airflow/example_dags/example_sla_dag.py took 0.047 seconds
[2026-07-18T15:38:45.905+0530] {processor.py:186} INFO - Started process (PID=3723) to work on /Users/bhavishyachallagolla/Desktop/RetailSense/.venv/lib/python3.12/site-packages/airflow/example_dags/example_sla_dag.py
[2026-07-18T15:38:45.906+0530] {processor.py:914} INFO - Processing file /Users/bhavishyachallagolla/Desktop/RetailSense/.venv/lib/python3.12/site-packages/airflow/example_dags/example_sla_dag.py for tasks to queue
[2026-07-18T15:38:45.906+0530] {logging_mixin.py:190} INFO - [2026-07-18T15:38:45.906+0530] {dagbag.py:588} INFO - Filling up the DagBag from /Users/bhavishyachallagolla/Desktop/RetailSense/.venv/lib/python3.12/site-packages/airflow/example_dags/example_sla_dag.py
[2026-07-18T15:38:45.920+0530] {processor.py:925} INFO - DAG(s) 'example_sla_dag' retrieved from /Users/bhavishyachallagolla/Desktop/RetailSense/.venv/lib/python3.12/site-packages/airflow/example_dags/example_sla_dag.py
[2026-07-18T15:38:45.946+0530] {logging_mixin.py:190} INFO - [2026-07-18T15:38:45.946+0530] {dag.py:3239} INFO - Sync 1 DAGs
[2026-07-18T15:38:45.952+0530] {logging_mixin.py:190} INFO - [2026-07-18T15:38:45.952+0530] {dag.py:4180} INFO - Setting next_dagrun for example_sla_dag to 2026-07-18 10:06:00+00:00, run_after=2026-07-18 10:08:00+00:00
[2026-07-18T15:38:45.957+0530] {processor.py:208} INFO - Processing /Users/bhavishyachallagolla/Desktop/RetailSense/.venv/lib/python3.12/site-packages/airflow/example_dags/example_sla_dag.py took 0.052 seconds
[2026-07-18T15:39:47.578+0530] {processor.py:186} INFO - Started process (PID=3898) to work on /Users/bhavishyachallagolla/Desktop/RetailSense/.venv/lib/python3.12/site-packages/airflow/example_dags/example_sla_dag.py
[2026-07-18T15:39:47.579+0530] {processor.py:914} INFO - Processing file /Users/bhavishyachallagolla/Desktop/RetailSense/.venv/lib/python3.12/site-packages/airflow/example_dags/example_sla_dag.py for tasks to queue
[2026-07-18T15:39:47.579+0530] {logging_mixin.py:190} INFO - [2026-07-18T15:39:47.579+0530] {dagbag.py:588} INFO - Filling up the DagBag from /Users/bhavishyachallagolla/Desktop/RetailSense/.venv/lib/python3.12/site-packages/airflow/example_dags/example_sla_dag.py
[2026-07-18T15:39:47.591+0530] {processor.py:925} INFO - DAG(s) 'example_sla_dag' retrieved from /Users/bhavishyachallagolla/Desktop/RetailSense/.venv/lib/python3.12/site-packages/airflow/example_dags/example_sla_dag.py
[2026-07-18T15:39:47.616+0530] {logging_mixin.py:190} INFO - [2026-07-18T15:39:47.616+0530] {dag.py:3239} INFO - Sync 1 DAGs
[2026-07-18T15:39:47.621+0530] {logging_mixin.py:190} INFO - [2026-07-18T15:39:47.621+0530] {dag.py:4180} INFO - Setting next_dagrun for example_sla_dag to 2026-07-18 10:06:00+00:00, run_after=2026-07-18 10:08:00+00:00
[2026-07-18T15:39:47.626+0530] {processor.py:208} INFO - Processing /Users/bhavishyachallagolla/Desktop/RetailSense/.venv/lib/python3.12/site-packages/airflow/example_dags/example_sla_dag.py took 0.049 seconds
[2026-07-18T15:41:26.876+0530] {processor.py:186} INFO - Started process (PID=4159) to work on /Users/bhavishyachallagolla/Desktop/RetailSense/.venv/lib/python3.12/site-packages/airflow/example_dags/example_sla_dag.py
[2026-07-18T15:41:26.877+0530] {processor.py:914} INFO - Processing file /Users/bhavishyachallagolla/Desktop/RetailSense/.venv/lib/python3.12/site-packages/airflow/example_dags/example_sla_dag.py for tasks to queue
[2026-07-18T15:41:26.877+0530] {logging_mixin.py:190} INFO - [2026-07-18T15:41:26.877+0530] {dagbag.py:588} INFO - Filling up the DagBag from /Users/bhavishyachallagolla/Desktop/RetailSense/.venv/lib/python3.12/site-packages/airflow/example_dags/example_sla_dag.py
[2026-07-18T15:41:26.890+0530] {processor.py:925} INFO - DAG(s) 'example_sla_dag' retrieved from /Users/bhavishyachallagolla/Desktop/RetailSense/.venv/lib/python3.12/site-packages/airflow/example_dags/example_sla_dag.py
[2026-07-18T15:41:26.915+0530] {logging_mixin.py:190} INFO - [2026-07-18T15:41:26.914+0530] {dag.py:3239} INFO - Sync 1 DAGs
[2026-07-18T15:41:26.920+0530] {logging_mixin.py:190} INFO - [2026-07-18T15:41:26.920+0530] {dag.py:4180} INFO - Setting next_dagrun for example_sla_dag to 2026-07-18 10:08:00+00:00, run_after=2026-07-18 10:10:00+00:00
[2026-07-18T15:41:26.924+0530] {processor.py:208} INFO - Processing /Users/bhavishyachallagolla/Desktop/RetailSense/.venv/lib/python3.12/site-packages/airflow/example_dags/example_sla_dag.py took 0.050 seconds
[2026-07-18T15:43:11.059+0530] {processor.py:186} INFO - Started process (PID=4447) to work on /Users/bhavishyachallagolla/Desktop/RetailSense/.venv/lib/python3.12/site-packages/airflow/example_dags/example_sla_dag.py
[2026-07-18T15:43:11.060+0530] {processor.py:914} INFO - Processing file /Users/bhavishyachallagolla/Desktop/RetailSense/.venv/lib/python3.12/site-packages/airflow/example_dags/example_sla_dag.py for tasks to queue
[2026-07-18T15:43:11.060+0530] {logging_mixin.py:190} INFO - [2026-07-18T15:43:11.060+0530] {dagbag.py:588} INFO - Filling up the DagBag from /Users/bhavishyachallagolla/Desktop/RetailSense/.venv/lib/python3.12/site-packages/airflow/example_dags/example_sla_dag.py
[2026-07-18T15:43:11.073+0530] {processor.py:925} INFO - DAG(s) 'example_sla_dag' retrieved from /Users/bhavishyachallagolla/Desktop/RetailSense/.venv/lib/python3.12/site-packages/airflow/example_dags/example_sla_dag.py
[2026-07-18T15:43:11.097+0530] {logging_mixin.py:190} INFO - [2026-07-18T15:43:11.097+0530] {dag.py:3239} INFO - Sync 1 DAGs
[2026-07-18T15:43:11.103+0530] {logging_mixin.py:190} INFO - [2026-07-18T15:43:11.102+0530] {dag.py:4180} INFO - Setting next_dagrun for example_sla_dag to 2026-07-18 10:10:00+00:00, run_after=2026-07-18 10:12:00+00:00
[2026-07-18T15:43:11.107+0530] {processor.py:208} INFO - Processing /Users/bhavishyachallagolla/Desktop/RetailSense/.venv/lib/python3.12/site-packages/airflow/example_dags/example_sla_dag.py took 0.049 seconds
[2026-07-18T15:45:05.412+0530] {processor.py:186} INFO - Started process (PID=4735) to work on /Users/bhavishyachallagolla/Desktop/RetailSense/.venv/lib/python3.12/site-packages/airflow/example_dags/example_sla_dag.py
[2026-07-18T15:45:05.414+0530] {processor.py:914} INFO - Processing file /Users/bhavishyachallagolla/Desktop/RetailSense/.venv/lib/python3.12/site-packages/airflow/example_dags/example_sla_dag.py for tasks to queue
[2026-07-18T15:45:05.414+0530] {logging_mixin.py:190} INFO - [2026-07-18T15:45:05.414+0530] {dagbag.py:588} INFO - Filling up the DagBag from /Users/bhavishyachallagolla/Desktop/RetailSense/.venv/lib/python3.12/site-packages/airflow/example_dags/example_sla_dag.py
[2026-07-18T15:45:05.427+0530] {processor.py:925} INFO - DAG(s) 'example_sla_dag' retrieved from /Users/bhavishyachallagolla/Desktop/RetailSense/.venv/lib/python3.12/site-packages/airflow/example_dags/example_sla_dag.py
[2026-07-18T15:45:05.451+0530] {logging_mixin.py:190} INFO - [2026-07-18T15:45:05.450+0530] {dag.py:3239} INFO - Sync 1 DAGs
[2026-07-18T15:45:05.456+0530] {logging_mixin.py:190} INFO - [2026-07-18T15:45:05.456+0530] {dag.py:4180} INFO - Setting next_dagrun for example_sla_dag to 2026-07-18 10:12:00+00:00, run_after=2026-07-18 10:14:00+00:00
[2026-07-18T15:45:05.460+0530] {processor.py:208} INFO - Processing /Users/bhavishyachallagolla/Desktop/RetailSense/.venv/lib/python3.12/site-packages/airflow/example_dags/example_sla_dag.py took 0.049 seconds
[2026-07-18T15:46:49.707+0530] {processor.py:186} INFO - Started process (PID=5000) to work on /Users/bhavishyachallagolla/Desktop/RetailSense/.venv/lib/python3.12/site-packages/airflow/example_dags/example_sla_dag.py
[2026-07-18T15:46:49.708+0530] {processor.py:914} INFO - Processing file /Users/bhavishyachallagolla/Desktop/RetailSense/.venv/lib/python3.12/site-packages/airflow/example_dags/example_sla_dag.py for tasks to queue
[2026-07-18T15:46:49.709+0530] {logging_mixin.py:190} INFO - [2026-07-18T15:46:49.709+0530] {dagbag.py:588} INFO - Filling up the DagBag from /Users/bhavishyachallagolla/Desktop/RetailSense/.venv/lib/python3.12/site-packages/airflow/example_dags/example_sla_dag.py
[2026-07-18T15:46:49.721+0530] {processor.py:925} INFO - DAG(s) 'example_sla_dag' retrieved from /Users/bhavishyachallagolla/Desktop/RetailSense/.venv/lib/python3.12/site-packages/airflow/example_dags/example_sla_dag.py
[2026-07-18T15:46:49.745+0530] {logging_mixin.py:190} INFO - [2026-07-18T15:46:49.745+0530] {dag.py:3239} INFO - Sync 1 DAGs
[2026-07-18T15:46:49.750+0530] {logging_mixin.py:190} INFO - [2026-07-18T15:46:49.750+0530] {dag.py:4180} INFO - Setting next_dagrun for example_sla_dag to 2026-07-18 10:14:00+00:00, run_after=2026-07-18 10:16:00+00:00
[2026-07-18T15:46:49.755+0530] {processor.py:208} INFO - Processing /Users/bhavishyachallagolla/Desktop/RetailSense/.venv/lib/python3.12/site-packages/airflow/example_dags/example_sla_dag.py took 0.049 seconds
[2026-07-18T15:48:33.575+0530] {processor.py:186} INFO - Started process (PID=5300) to work on /Users/bhavishyachallagolla/Desktop/RetailSense/.venv/lib/python3.12/site-packages/airflow/example_dags/example_sla_dag.py
[2026-07-18T15:48:33.575+0530] {processor.py:914} INFO - Processing file /Users/bhavishyachallagolla/Desktop/RetailSense/.venv/lib/python3.12/site-packages/airflow/example_dags/example_sla_dag.py for tasks to queue
[2026-07-18T15:48:33.576+0530] {logging_mixin.py:190} INFO - [2026-07-18T15:48:33.576+0530] {dagbag.py:588} INFO - Filling up the DagBag from /Users/bhavishyachallagolla/Desktop/RetailSense/.venv/lib/python3.12/site-packages/airflow/example_dags/example_sla_dag.py
[2026-07-18T15:48:33.589+0530] {processor.py:925} INFO - DAG(s) 'example_sla_dag' retrieved from /Users/bhavishyachallagolla/Desktop/RetailSense/.venv/lib/python3.12/site-packages/airflow/example_dags/example_sla_dag.py
[2026-07-18T15:48:33.613+0530] {logging_mixin.py:190} INFO - [2026-07-18T15:48:33.613+0530] {dag.py:3239} INFO - Sync 1 DAGs
[2026-07-18T15:48:33.619+0530] {logging_mixin.py:190} INFO - [2026-07-18T15:48:33.618+0530] {dag.py:4180} INFO - Setting next_dagrun for example_sla_dag to 2026-07-18 10:16:00+00:00, run_after=2026-07-18 10:18:00+00:00
[2026-07-18T15:48:33.623+0530] {processor.py:208} INFO - Processing /Users/bhavishyachallagolla/Desktop/RetailSense/.venv/lib/python3.12/site-packages/airflow/example_dags/example_sla_dag.py took 0.049 seconds
[2026-07-18T15:50:21.191+0530] {processor.py:186} INFO - Started process (PID=5580) to work on /Users/bhavishyachallagolla/Desktop/RetailSense/.venv/lib/python3.12/site-packages/airflow/example_dags/example_sla_dag.py
[2026-07-18T15:50:21.192+0530] {processor.py:914} INFO - Processing file /Users/bhavishyachallagolla/Desktop/RetailSense/.venv/lib/python3.12/site-packages/airflow/example_dags/example_sla_dag.py for tasks to queue
[2026-07-18T15:50:21.192+0530] {logging_mixin.py:190} INFO - [2026-07-18T15:50:21.192+0530] {dagbag.py:588} INFO - Filling up the DagBag from /Users/bhavishyachallagolla/Desktop/RetailSense/.venv/lib/python3.12/site-packages/airflow/example_dags/example_sla_dag.py
[2026-07-18T15:50:21.205+0530] {processor.py:925} INFO - DAG(s) 'example_sla_dag' retrieved from /Users/bhavishyachallagolla/Desktop/RetailSense/.venv/lib/python3.12/site-packages/airflow/example_dags/example_sla_dag.py
[2026-07-18T15:50:21.230+0530] {logging_mixin.py:190} INFO - [2026-07-18T15:50:21.230+0530] {dag.py:3239} INFO - Sync 1 DAGs
[2026-07-18T15:50:21.235+0530] {logging_mixin.py:190} INFO - [2026-07-18T15:50:21.235+0530] {dag.py:4180} INFO - Setting next_dagrun for example_sla_dag to 2026-07-18 10:18:00+00:00, run_after=2026-07-18 10:20:00+00:00
[2026-07-18T15:50:21.240+0530] {processor.py:208} INFO - Processing /Users/bhavishyachallagolla/Desktop/RetailSense/.venv/lib/python3.12/site-packages/airflow/example_dags/example_sla_dag.py took 0.050 seconds
[2026-07-18T15:52:02.251+0530] {processor.py:186} INFO - Started process (PID=5833) to work on /Users/bhavishyachallagolla/Desktop/RetailSense/.venv/lib/python3.12/site-packages/airflow/example_dags/example_sla_dag.py
[2026-07-18T15:52:02.252+0530] {processor.py:914} INFO - Processing file /Users/bhavishyachallagolla/Desktop/RetailSense/.venv/lib/python3.12/site-packages/airflow/example_dags/example_sla_dag.py for tasks to queue
[2026-07-18T15:52:02.253+0530] {logging_mixin.py:190} INFO - [2026-07-18T15:52:02.253+0530] {dagbag.py:588} INFO - Filling up the DagBag from /Users/bhavishyachallagolla/Desktop/RetailSense/.venv/lib/python3.12/site-packages/airflow/example_dags/example_sla_dag.py
[2026-07-18T15:52:02.265+0530] {processor.py:925} INFO - DAG(s) 'example_sla_dag' retrieved from /Users/bhavishyachallagolla/Desktop/RetailSense/.venv/lib/python3.12/site-packages/airflow/example_dags/example_sla_dag.py
[2026-07-18T15:52:02.289+0530] {logging_mixin.py:190} INFO - [2026-07-18T15:52:02.289+0530] {dag.py:3239} INFO - Sync 1 DAGs
[2026-07-18T15:52:02.295+0530] {logging_mixin.py:190} INFO - [2026-07-18T15:52:02.295+0530] {dag.py:4180} INFO - Setting next_dagrun for example_sla_dag to 2026-07-18 10:20:00+00:00, run_after=2026-07-18 10:22:00+00:00
[2026-07-18T15:52:02.300+0530] {processor.py:208} INFO - Processing /Users/bhavishyachallagolla/Desktop/RetailSense/.venv/lib/python3.12/site-packages/airflow/example_dags/example_sla_dag.py took 0.050 seconds
[2026-07-18T15:53:44.813+0530] {processor.py:186} INFO - Started process (PID=6098) to work on /Users/bhavishyachallagolla/Desktop/RetailSense/.venv/lib/python3.12/site-packages/airflow/example_dags/example_sla_dag.py
[2026-07-18T15:53:44.815+0530] {processor.py:914} INFO - Processing file /Users/bhavishyachallagolla/Desktop/RetailSense/.venv/lib/python3.12/site-packages/airflow/example_dags/example_sla_dag.py for tasks to queue
[2026-07-18T15:53:44.815+0530] {logging_mixin.py:190} INFO - [2026-07-18T15:53:44.815+0530] {dagbag.py:588} INFO - Filling up the DagBag from /Users/bhavishyachallagolla/Desktop/RetailSense/.venv/lib/python3.12/site-packages/airflow/example_dags/example_sla_dag.py
[2026-07-18T15:53:44.827+0530] {processor.py:925} INFO - DAG(s) 'example_sla_dag' retrieved from /Users/bhavishyachallagolla/Desktop/RetailSense/.venv/lib/python3.12/site-packages/airflow/example_dags/example_sla_dag.py
[2026-07-18T15:53:44.851+0530] {logging_mixin.py:190} INFO - [2026-07-18T15:53:44.850+0530] {dag.py:3239} INFO - Sync 1 DAGs
[2026-07-18T15:53:44.856+0530] {logging_mixin.py:190} INFO - [2026-07-18T15:53:44.856+0530] {dag.py:4180} INFO - Setting next_dagrun for example_sla_dag to 2026-07-18 10:20:00+00:00, run_after=2026-07-18 10:22:00+00:00
[2026-07-18T15:53:44.860+0530] {processor.py:208} INFO - Processing /Users/bhavishyachallagolla/Desktop/RetailSense/.venv/lib/python3.12/site-packages/airflow/example_dags/example_sla_dag.py took 0.048 seconds
[2026-07-18T15:55:30.911+0530] {processor.py:186} INFO - Started process (PID=6364) to work on /Users/bhavishyachallagolla/Desktop/RetailSense/.venv/lib/python3.12/site-packages/airflow/example_dags/example_sla_dag.py
[2026-07-18T15:55:30.913+0530] {processor.py:914} INFO - Processing file /Users/bhavishyachallagolla/Desktop/RetailSense/.venv/lib/python3.12/site-packages/airflow/example_dags/example_sla_dag.py for tasks to queue
[2026-07-18T15:55:30.913+0530] {logging_mixin.py:190} INFO - [2026-07-18T15:55:30.913+0530] {dagbag.py:588} INFO - Filling up the DagBag from /Users/bhavishyachallagolla/Desktop/RetailSense/.venv/lib/python3.12/site-packages/airflow/example_dags/example_sla_dag.py
[2026-07-18T15:55:30.925+0530] {processor.py:925} INFO - DAG(s) 'example_sla_dag' retrieved from /Users/bhavishyachallagolla/Desktop/RetailSense/.venv/lib/python3.12/site-packages/airflow/example_dags/example_sla_dag.py
[2026-07-18T15:55:30.949+0530] {logging_mixin.py:190} INFO - [2026-07-18T15:55:30.949+0530] {dag.py:3239} INFO - Sync 1 DAGs
[2026-07-18T15:55:30.954+0530] {logging_mixin.py:190} INFO - [2026-07-18T15:55:30.954+0530] {dag.py:4180} INFO - Setting next_dagrun for example_sla_dag to 2026-07-18 10:22:00+00:00, run_after=2026-07-18 10:24:00+00:00
[2026-07-18T15:55:30.959+0530] {processor.py:208} INFO - Processing /Users/bhavishyachallagolla/Desktop/RetailSense/.venv/lib/python3.12/site-packages/airflow/example_dags/example_sla_dag.py took 0.048 seconds
