[2026-07-18T15:37:11.190+0530] {processor.py:186} INFO - Started process (PID=3476) to work on /Users/bhavishyachallagolla/Desktop/RetailSense/.venv/lib/python3.12/site-packages/airflow/example_dags/example_bash_operator.py
[2026-07-18T15:37:11.190+0530] {processor.py:914} INFO - Processing file /Users/bhavishyachallagolla/Desktop/RetailSense/.venv/lib/python3.12/site-packages/airflow/example_dags/example_bash_operator.py for tasks to queue
[2026-07-18T15:37:11.191+0530] {logging_mixin.py:190} INFO - [2026-07-18T15:37:11.190+0530] {dagbag.py:588} INFO - Filling up the DagBag from /Users/bhavishyachallagolla/Desktop/RetailSense/.venv/lib/python3.12/site-packages/airflow/example_dags/example_bash_operator.py
[2026-07-18T15:37:11.194+0530] {processor.py:925} INFO - DAG(s) 'example_bash_operator' retrieved from /Users/bhavishyachallagolla/Desktop/RetailSense/.venv/lib/python3.12/site-packages/airflow/example_dags/example_bash_operator.py
[2026-07-18T15:37:11.221+0530] {logging_mixin.py:190} INFO - [2026-07-18T15:37:11.221+0530] {dag.py:3239} INFO - Sync 1 DAGs
[2026-07-18T15:37:11.227+0530] {logging_mixin.py:190} INFO - [2026-07-18T15:37:11.227+0530] {dag.py:4180} INFO - Setting next_dagrun for example_bash_operator to 2026-07-17 00:00:00+00:00, run_after=2026-07-18 00:00:00+00:00
[2026-07-18T15:37:11.231+0530] {processor.py:208} INFO - Processing /Users/bhavishyachallagolla/Desktop/RetailSense/.venv/lib/python3.12/site-packages/airflow/example_dags/example_bash_operator.py took 0.042 seconds
[2026-07-18T15:39:14.990+0530] {processor.py:186} INFO - Started process (PID=3815) to work on /Users/bhavishyachallagolla/Desktop/RetailSense/.venv/lib/python3.12/site-packages/airflow/example_dags/example_bash_operator.py
[2026-07-18T15:39:14.991+0530] {processor.py:914} INFO - Processing file /Users/bhavishyachallagolla/Desktop/RetailSense/.venv/lib/python3.12/site-packages/airflow/example_dags/example_bash_operator.py for tasks to queue
[2026-07-18T15:39:14.991+0530] {logging_mixin.py:190} INFO - [2026-07-18T15:39:14.991+0530] {dagbag.py:588} INFO - Filling up the DagBag from /Users/bhavishyachallagolla/Desktop/RetailSense/.venv/lib/python3.12/site-packages/airflow/example_dags/example_bash_operator.py
[2026-07-18T15:39:14.995+0530] {processor.py:925} INFO - DAG(s) 'example_bash_operator' retrieved from /Users/bhavishyachallagolla/Desktop/RetailSense/.venv/lib/python3.12/site-packages/airflow/example_dags/example_bash_operator.py
[2026-07-18T15:39:15.020+0530] {logging_mixin.py:190} INFO - [2026-07-18T15:39:15.020+0530] {dag.py:3239} INFO - Sync 1 DAGs
[2026-07-18T15:39:15.026+0530] {logging_mixin.py:190} INFO - [2026-07-18T15:39:15.026+0530] {dag.py:4180} INFO - Setting next_dagrun for example_bash_operator to 2026-07-17 00:00:00+00:00, run_after=2026-07-18 00:00:00+00:00
[2026-07-18T15:39:15.030+0530] {processor.py:208} INFO - Processing /Users/bhavishyachallagolla/Desktop/RetailSense/.venv/lib/python3.12/site-packages/airflow/example_dags/example_bash_operator.py took 0.041 seconds
[2026-07-18T15:40:54.835+0530] {processor.py:186} INFO - Started process (PID=4064) to work on /Users/bhavishyachallagolla/Desktop/RetailSense/.venv/lib/python3.12/site-packages/airflow/example_dags/example_bash_operator.py
[2026-07-18T15:40:54.836+0530] {processor.py:914} INFO - Processing file /Users/bhavishyachallagolla/Desktop/RetailSense/.venv/lib/python3.12/site-packages/airflow/example_dags/example_bash_operator.py for tasks to queue
[2026-07-18T15:40:54.836+0530] {logging_mixin.py:190} INFO - [2026-07-18T15:40:54.836+0530] {dagbag.py:588} INFO - Filling up the DagBag from /Users/bhavishyachallagolla/Desktop/RetailSense/.venv/lib/python3.12/site-packages/airflow/example_dags/example_bash_operator.py
[2026-07-18T15:40:54.839+0530] {processor.py:925} INFO - DAG(s) 'example_bash_operator' retrieved from /Users/bhavishyachallagolla/Desktop/RetailSense/.venv/lib/python3.12/site-packages/airflow/example_dags/example_bash_operator.py
[2026-07-18T15:40:54.865+0530] {logging_mixin.py:190} INFO - [2026-07-18T15:40:54.865+0530] {dag.py:3239} INFO - Sync 1 DAGs
[2026-07-18T15:40:54.870+0530] {logging_mixin.py:190} INFO - [2026-07-18T15:40:54.870+0530] {dag.py:4180} INFO - Setting next_dagrun for example_bash_operator to 2026-07-17 00:00:00+00:00, run_after=2026-07-18 00:00:00+00:00
[2026-07-18T15:40:54.875+0530] {processor.py:208} INFO - Processing /Users/bhavishyachallagolla/Desktop/RetailSense/.venv/lib/python3.12/site-packages/airflow/example_dags/example_bash_operator.py took 0.041 seconds
[2026-07-18T15:42:37.674+0530] {processor.py:186} INFO - Started process (PID=4331) to work on /Users/bhavishyachallagolla/Desktop/RetailSense/.venv/lib/python3.12/site-packages/airflow/example_dags/example_bash_operator.py
[2026-07-18T15:42:37.675+0530] {processor.py:914} INFO - Processing file /Users/bhavishyachallagolla/Desktop/RetailSense/.venv/lib/python3.12/site-packages/airflow/example_dags/example_bash_operator.py for tasks to queue
[2026-07-18T15:42:37.675+0530] {logging_mixin.py:190} INFO - [2026-07-18T15:42:37.675+0530] {dagbag.py:588} INFO - Filling up the DagBag from /Users/bhavishyachallagolla/Desktop/RetailSense/.venv/lib/python3.12/site-packages/airflow/example_dags/example_bash_operator.py
[2026-07-18T15:42:37.679+0530] {processor.py:925} INFO - DAG(s) 'example_bash_operator' retrieved from /Users/bhavishyachallagolla/Desktop/RetailSense/.venv/lib/python3.12/site-packages/airflow/example_dags/example_bash_operator.py
[2026-07-18T15:42:37.707+0530] {logging_mixin.py:190} INFO - [2026-07-18T15:42:37.707+0530] {dag.py:3239} INFO - Sync 1 DAGs
[2026-07-18T15:42:37.712+0530] {logging_mixin.py:190} INFO - [2026-07-18T15:42:37.712+0530] {dag.py:4180} INFO - Setting next_dagrun for example_bash_operator to 2026-07-17 00:00:00+00:00, run_after=2026-07-18 00:00:00+00:00
[2026-07-18T15:42:37.717+0530] {processor.py:208} INFO - Processing /Users/bhavishyachallagolla/Desktop/RetailSense/.venv/lib/python3.12/site-packages/airflow/example_dags/example_bash_operator.py took 0.044 seconds
[2026-07-18T15:44:32.450+0530] {processor.py:186} INFO - Started process (PID=4656) to work on /Users/bhavishyachallagolla/Desktop/RetailSense/.venv/lib/python3.12/site-packages/airflow/example_dags/example_bash_operator.py
[2026-07-18T15:44:32.451+0530] {processor.py:914} INFO - Processing file /Users/bhavishyachallagolla/Desktop/RetailSense/.venv/lib/python3.12/site-packages/airflow/example_dags/example_bash_operator.py for tasks to queue
[2026-07-18T15:44:32.451+0530] {logging_mixin.py:190} INFO - [2026-07-18T15:44:32.451+0530] {dagbag.py:588} INFO - Filling up the DagBag from /Users/bhavishyachallagolla/Desktop/RetailSense/.venv/lib/python3.12/site-packages/airflow/example_dags/example_bash_operator.py
[2026-07-18T15:44:32.455+0530] {processor.py:925} INFO - DAG(s) 'example_bash_operator' retrieved from /Users/bhavishyachallagolla/Desktop/RetailSense/.venv/lib/python3.12/site-packages/airflow/example_dags/example_bash_operator.py
[2026-07-18T15:44:32.481+0530] {logging_mixin.py:190} INFO - [2026-07-18T15:44:32.481+0530] {dag.py:3239} INFO - Sync 1 DAGs
[2026-07-18T15:44:32.486+0530] {logging_mixin.py:190} INFO - [2026-07-18T15:44:32.486+0530] {dag.py:4180} INFO - Setting next_dagrun for example_bash_operator to 2026-07-17 00:00:00+00:00, run_after=2026-07-18 00:00:00+00:00
[2026-07-18T15:44:32.491+0530] {processor.py:208} INFO - Processing /Users/bhavishyachallagolla/Desktop/RetailSense/.venv/lib/python3.12/site-packages/airflow/example_dags/example_bash_operator.py took 0.042 seconds
[2026-07-18T15:46:16.768+0530] {processor.py:186} INFO - Started process (PID=4911) to work on /Users/bhavishyachallagolla/Desktop/RetailSense/.venv/lib/python3.12/site-packages/airflow/example_dags/example_bash_operator.py
[2026-07-18T15:46:16.768+0530] {processor.py:914} INFO - Processing file /Users/bhavishyachallagolla/Desktop/RetailSense/.venv/lib/python3.12/site-packages/airflow/example_dags/example_bash_operator.py for tasks to queue
[2026-07-18T15:46:16.768+0530] {logging_mixin.py:190} INFO - [2026-07-18T15:46:16.768+0530] {dagbag.py:588} INFO - Filling up the DagBag from /Users/bhavishyachallagolla/Desktop/RetailSense/.venv/lib/python3.12/site-packages/airflow/example_dags/example_bash_operator.py
[2026-07-18T15:46:16.772+0530] {processor.py:925} INFO - DAG(s) 'example_bash_operator' retrieved from /Users/bhavishyachallagolla/Desktop/RetailSense/.venv/lib/python3.12/site-packages/airflow/example_dags/example_bash_operator.py
[2026-07-18T15:46:16.800+0530] {logging_mixin.py:190} INFO - [2026-07-18T15:46:16.800+0530] {dag.py:3239} INFO - Sync 1 DAGs
[2026-07-18T15:46:16.806+0530] {logging_mixin.py:190} INFO - [2026-07-18T15:46:16.806+0530] {dag.py:4180} INFO - Setting next_dagrun for example_bash_operator to 2026-07-17 00:00:00+00:00, run_after=2026-07-18 00:00:00+00:00
[2026-07-18T15:46:16.811+0530] {processor.py:208} INFO - Processing /Users/bhavishyachallagolla/Desktop/RetailSense/.venv/lib/python3.12/site-packages/airflow/example_dags/example_bash_operator.py took 0.044 seconds
[2026-07-18T15:48:01.434+0530] {processor.py:186} INFO - Started process (PID=5205) to work on /Users/bhavishyachallagolla/Desktop/RetailSense/.venv/lib/python3.12/site-packages/airflow/example_dags/example_bash_operator.py
[2026-07-18T15:48:01.435+0530] {processor.py:914} INFO - Processing file /Users/bhavishyachallagolla/Desktop/RetailSense/.venv/lib/python3.12/site-packages/airflow/example_dags/example_bash_operator.py for tasks to queue
[2026-07-18T15:48:01.435+0530] {logging_mixin.py:190} INFO - [2026-07-18T15:48:01.435+0530] {dagbag.py:588} INFO - Filling up the DagBag from /Users/bhavishyachallagolla/Desktop/RetailSense/.venv/lib/python3.12/site-packages/airflow/example_dags/example_bash_operator.py
[2026-07-18T15:48:01.439+0530] {processor.py:925} INFO - DAG(s) 'example_bash_operator' retrieved from /Users/bhavishyachallagolla/Desktop/RetailSense/.venv/lib/python3.12/site-packages/airflow/example_dags/example_bash_operator.py
[2026-07-18T15:48:01.466+0530] {logging_mixin.py:190} INFO - [2026-07-18T15:48:01.466+0530] {dag.py:3239} INFO - Sync 1 DAGs
[2026-07-18T15:48:01.471+0530] {logging_mixin.py:190} INFO - [2026-07-18T15:48:01.471+0530] {dag.py:4180} INFO - Setting next_dagrun for example_bash_operator to 2026-07-17 00:00:00+00:00, run_after=2026-07-18 00:00:00+00:00
[2026-07-18T15:48:01.475+0530] {processor.py:208} INFO - Processing /Users/bhavishyachallagolla/Desktop/RetailSense/.venv/lib/python3.12/site-packages/airflow/example_dags/example_bash_operator.py took 0.042 seconds
[2026-07-18T15:49:48.227+0530] {processor.py:186} INFO - Started process (PID=5494) to work on /Users/bhavishyachallagolla/Desktop/RetailSense/.venv/lib/python3.12/site-packages/airflow/example_dags/example_bash_operator.py
[2026-07-18T15:49:48.228+0530] {processor.py:914} INFO - Processing file /Users/bhavishyachallagolla/Desktop/RetailSense/.venv/lib/python3.12/site-packages/airflow/example_dags/example_bash_operator.py for tasks to queue
[2026-07-18T15:49:48.228+0530] {logging_mixin.py:190} INFO - [2026-07-18T15:49:48.228+0530] {dagbag.py:588} INFO - Filling up the DagBag from /Users/bhavishyachallagolla/Desktop/RetailSense/.venv/lib/python3.12/site-packages/airflow/example_dags/example_bash_operator.py
[2026-07-18T15:49:48.232+0530] {processor.py:925} INFO - DAG(s) 'example_bash_operator' retrieved from /Users/bhavishyachallagolla/Desktop/RetailSense/.venv/lib/python3.12/site-packages/airflow/example_dags/example_bash_operator.py
[2026-07-18T15:49:48.260+0530] {logging_mixin.py:190} INFO - [2026-07-18T15:49:48.259+0530] {dag.py:3239} INFO - Sync 1 DAGs
[2026-07-18T15:49:48.265+0530] {logging_mixin.py:190} INFO - [2026-07-18T15:49:48.265+0530] {dag.py:4180} INFO - Setting next_dagrun for example_bash_operator to 2026-07-17 00:00:00+00:00, run_after=2026-07-18 00:00:00+00:00
[2026-07-18T15:49:48.270+0530] {processor.py:208} INFO - Processing /Users/bhavishyachallagolla/Desktop/RetailSense/.venv/lib/python3.12/site-packages/airflow/example_dags/example_bash_operator.py took 0.045 seconds
[2026-07-18T15:51:32.496+0530] {processor.py:186} INFO - Started process (PID=5759) to work on /Users/bhavishyachallagolla/Desktop/RetailSense/.venv/lib/python3.12/site-packages/airflow/example_dags/example_bash_operator.py
[2026-07-18T15:51:32.497+0530] {processor.py:914} INFO - Processing file /Users/bhavishyachallagolla/Desktop/RetailSense/.venv/lib/python3.12/site-packages/airflow/example_dags/example_bash_operator.py for tasks to queue
[2026-07-18T15:51:32.497+0530] {logging_mixin.py:190} INFO - [2026-07-18T15:51:32.497+0530] {dagbag.py:588} INFO - Filling up the DagBag from /Users/bhavishyachallagolla/Desktop/RetailSense/.venv/lib/python3.12/site-packages/airflow/example_dags/example_bash_operator.py
[2026-07-18T15:51:32.501+0530] {processor.py:925} INFO - DAG(s) 'example_bash_operator' retrieved from /Users/bhavishyachallagolla/Desktop/RetailSense/.venv/lib/python3.12/site-packages/airflow/example_dags/example_bash_operator.py
[2026-07-18T15:51:32.527+0530] {logging_mixin.py:190} INFO - [2026-07-18T15:51:32.527+0530] {dag.py:3239} INFO - Sync 1 DAGs
[2026-07-18T15:51:32.532+0530] {logging_mixin.py:190} INFO - [2026-07-18T15:51:32.532+0530] {dag.py:4180} INFO - Setting next_dagrun for example_bash_operator to 2026-07-17 00:00:00+00:00, run_after=2026-07-18 00:00:00+00:00
[2026-07-18T15:51:32.537+0530] {processor.py:208} INFO - Processing /Users/bhavishyachallagolla/Desktop/RetailSense/.venv/lib/python3.12/site-packages/airflow/example_dags/example_bash_operator.py took 0.042 seconds
[2026-07-18T15:53:14.397+0530] {processor.py:186} INFO - Started process (PID=6022) to work on /Users/bhavishyachallagolla/Desktop/RetailSense/.venv/lib/python3.12/site-packages/airflow/example_dags/example_bash_operator.py
[2026-07-18T15:53:14.398+0530] {processor.py:914} INFO - Processing file /Users/bhavishyachallagolla/Desktop/RetailSense/.venv/lib/python3.12/site-packages/airflow/example_dags/example_bash_operator.py for tasks to queue
[2026-07-18T15:53:14.398+0530] {logging_mixin.py:190} INFO - [2026-07-18T15:53:14.398+0530] {dagbag.py:588} INFO - Filling up the DagBag from /Users/bhavishyachallagolla/Desktop/RetailSense/.venv/lib/python3.12/site-packages/airflow/example_dags/example_bash_operator.py
[2026-07-18T15:53:14.402+0530] {processor.py:925} INFO - DAG(s) 'example_bash_operator' retrieved from /Users/bhavishyachallagolla/Desktop/RetailSense/.venv/lib/python3.12/site-packages/airflow/example_dags/example_bash_operator.py
[2026-07-18T15:53:14.428+0530] {logging_mixin.py:190} INFO - [2026-07-18T15:53:14.428+0530] {dag.py:3239} INFO - Sync 1 DAGs
[2026-07-18T15:53:14.433+0530] {logging_mixin.py:190} INFO - [2026-07-18T15:53:14.433+0530] {dag.py:4180} INFO - Setting next_dagrun for example_bash_operator to 2026-07-17 00:00:00+00:00, run_after=2026-07-18 00:00:00+00:00
[2026-07-18T15:53:14.437+0530] {processor.py:208} INFO - Processing /Users/bhavishyachallagolla/Desktop/RetailSense/.venv/lib/python3.12/site-packages/airflow/example_dags/example_bash_operator.py took 0.041 seconds
[2026-07-18T15:55:00.034+0530] {processor.py:186} INFO - Started process (PID=6283) to work on /Users/bhavishyachallagolla/Desktop/RetailSense/.venv/lib/python3.12/site-packages/airflow/example_dags/example_bash_operator.py
[2026-07-18T15:55:00.034+0530] {processor.py:914} INFO - Processing file /Users/bhavishyachallagolla/Desktop/RetailSense/.venv/lib/python3.12/site-packages/airflow/example_dags/example_bash_operator.py for tasks to queue
[2026-07-18T15:55:00.034+0530] {logging_mixin.py:190} INFO - [2026-07-18T15:55:00.034+0530] {dagbag.py:588} INFO - Filling up the DagBag from /Users/bhavishyachallagolla/Desktop/RetailSense/.venv/lib/python3.12/site-packages/airflow/example_dags/example_bash_operator.py
[2026-07-18T15:55:00.038+0530] {processor.py:925} INFO - DAG(s) 'example_bash_operator' retrieved from /Users/bhavishyachallagolla/Desktop/RetailSense/.venv/lib/python3.12/site-packages/airflow/example_dags/example_bash_operator.py
[2026-07-18T15:55:00.064+0530] {logging_mixin.py:190} INFO - [2026-07-18T15:55:00.064+0530] {dag.py:3239} INFO - Sync 1 DAGs
[2026-07-18T15:55:00.069+0530] {logging_mixin.py:190} INFO - [2026-07-18T15:55:00.069+0530] {dag.py:4180} INFO - Setting next_dagrun for example_bash_operator to 2026-07-17 00:00:00+00:00, run_after=2026-07-18 00:00:00+00:00
[2026-07-18T15:55:00.073+0530] {processor.py:208} INFO - Processing /Users/bhavishyachallagolla/Desktop/RetailSense/.venv/lib/python3.12/site-packages/airflow/example_dags/example_bash_operator.py took 0.041 seconds
[2026-07-18T15:56:43.631+0530] {processor.py:186} INFO - Started process (PID=6548) to work on /Users/bhavishyachallagolla/Desktop/RetailSense/.venv/lib/python3.12/site-packages/airflow/example_dags/example_bash_operator.py
[2026-07-18T15:56:43.632+0530] {processor.py:914} INFO - Processing file /Users/bhavishyachallagolla/Desktop/RetailSense/.venv/lib/python3.12/site-packages/airflow/example_dags/example_bash_operator.py for tasks to queue
[2026-07-18T15:56:43.632+0530] {logging_mixin.py:190} INFO - [2026-07-18T15:56:43.632+0530] {dagbag.py:588} INFO - Filling up the DagBag from /Users/bhavishyachallagolla/Desktop/RetailSense/.venv/lib/python3.12/site-packages/airflow/example_dags/example_bash_operator.py
[2026-07-18T15:56:43.636+0530] {processor.py:925} INFO - DAG(s) 'example_bash_operator' retrieved from /Users/bhavishyachallagolla/Desktop/RetailSense/.venv/lib/python3.12/site-packages/airflow/example_dags/example_bash_operator.py
[2026-07-18T15:56:43.663+0530] {logging_mixin.py:190} INFO - [2026-07-18T15:56:43.663+0530] {dag.py:3239} INFO - Sync 1 DAGs
[2026-07-18T15:56:43.668+0530] {logging_mixin.py:190} INFO - [2026-07-18T15:56:43.668+0530] {dag.py:4180} INFO - Setting next_dagrun for example_bash_operator to 2026-07-17 00:00:00+00:00, run_after=2026-07-18 00:00:00+00:00
[2026-07-18T15:56:43.672+0530] {processor.py:208} INFO - Processing /Users/bhavishyachallagolla/Desktop/RetailSense/.venv/lib/python3.12/site-packages/airflow/example_dags/example_bash_operator.py took 0.042 seconds
