[2026-07-18T15:36:30.863+0530] {processor.py:186} INFO - Started process (PID=3380) to work on /Users/bhavishyachallagolla/Desktop/RetailSense/.venv/lib/python3.12/site-packages/airflow/example_dags/example_sensors.py
[2026-07-18T15:36:30.864+0530] {processor.py:914} INFO - Processing file /Users/bhavishyachallagolla/Desktop/RetailSense/.venv/lib/python3.12/site-packages/airflow/example_dags/example_sensors.py for tasks to queue
[2026-07-18T15:36:30.864+0530] {logging_mixin.py:190} INFO - [2026-07-18T15:36:30.864+0530] {dagbag.py:588} INFO - Filling up the DagBag from /Users/bhavishyachallagolla/Desktop/RetailSense/.venv/lib/python3.12/site-packages/airflow/example_dags/example_sensors.py
[2026-07-18T15:36:30.868+0530] {processor.py:925} INFO - DAG(s) 'example_sensors' retrieved from /Users/bhavishyachallagolla/Desktop/RetailSense/.venv/lib/python3.12/site-packages/airflow/example_dags/example_sensors.py
[2026-07-18T15:36:30.891+0530] {logging_mixin.py:190} INFO - [2026-07-18T15:36:30.891+0530] {workday.py:41} WARNING - Could not import pandas. Holidays will not be considered.
[2026-07-18T15:36:30.899+0530] {logging_mixin.py:190} INFO - [2026-07-18T15:36:30.899+0530] {dag.py:3239} INFO - Sync 1 DAGs
[2026-07-18T15:36:30.902+0530] {logging_mixin.py:190} INFO - [2026-07-18T15:36:30.902+0530] {dag.py:4180} INFO - Setting next_dagrun for example_sensors to None, run_after=None
[2026-07-18T15:36:30.907+0530] {processor.py:208} INFO - Processing /Users/bhavishyachallagolla/Desktop/RetailSense/.venv/lib/python3.12/site-packages/airflow/example_dags/example_sensors.py took 0.045 seconds
[2026-07-18T15:37:52.048+0530] {processor.py:186} INFO - Started process (PID=3582) to work on /Users/bhavishyachallagolla/Desktop/RetailSense/.venv/lib/python3.12/site-packages/airflow/example_dags/example_sensors.py
[2026-07-18T15:37:52.048+0530] {processor.py:914} INFO - Processing file /Users/bhavishyachallagolla/Desktop/RetailSense/.venv/lib/python3.12/site-packages/airflow/example_dags/example_sensors.py for tasks to queue
[2026-07-18T15:37:52.049+0530] {logging_mixin.py:190} INFO - [2026-07-18T15:37:52.049+0530] {dagbag.py:588} INFO - Filling up the DagBag from /Users/bhavishyachallagolla/Desktop/RetailSense/.venv/lib/python3.12/site-packages/airflow/example_dags/example_sensors.py
[2026-07-18T15:37:52.054+0530] {processor.py:925} INFO - DAG(s) 'example_sensors' retrieved from /Users/bhavishyachallagolla/Desktop/RetailSense/.venv/lib/python3.12/site-packages/airflow/example_dags/example_sensors.py
[2026-07-18T15:37:52.076+0530] {logging_mixin.py:190} INFO - [2026-07-18T15:37:52.076+0530] {workday.py:41} WARNING - Could not import pandas. Holidays will not be considered.
[2026-07-18T15:37:52.084+0530] {logging_mixin.py:190} INFO - [2026-07-18T15:37:52.084+0530] {dag.py:3239} INFO - Sync 1 DAGs
[2026-07-18T15:37:52.087+0530] {logging_mixin.py:190} INFO - [2026-07-18T15:37:52.087+0530] {dag.py:4180} INFO - Setting next_dagrun for example_sensors to None, run_after=None
[2026-07-18T15:37:52.092+0530] {processor.py:208} INFO - Processing /Users/bhavishyachallagolla/Desktop/RetailSense/.venv/lib/python3.12/site-packages/airflow/example_dags/example_sensors.py took 0.045 seconds
[2026-07-18T15:39:54.849+0530] {processor.py:186} INFO - Started process (PID=3917) to work on /Users/bhavishyachallagolla/Desktop/RetailSense/.venv/lib/python3.12/site-packages/airflow/example_dags/example_sensors.py
[2026-07-18T15:39:54.850+0530] {processor.py:914} INFO - Processing file /Users/bhavishyachallagolla/Desktop/RetailSense/.venv/lib/python3.12/site-packages/airflow/example_dags/example_sensors.py for tasks to queue
[2026-07-18T15:39:54.851+0530] {logging_mixin.py:190} INFO - [2026-07-18T15:39:54.851+0530] {dagbag.py:588} INFO - Filling up the DagBag from /Users/bhavishyachallagolla/Desktop/RetailSense/.venv/lib/python3.12/site-packages/airflow/example_dags/example_sensors.py
[2026-07-18T15:39:54.856+0530] {processor.py:925} INFO - DAG(s) 'example_sensors' retrieved from /Users/bhavishyachallagolla/Desktop/RetailSense/.venv/lib/python3.12/site-packages/airflow/example_dags/example_sensors.py
[2026-07-18T15:39:54.879+0530] {logging_mixin.py:190} INFO - [2026-07-18T15:39:54.879+0530] {workday.py:41} WARNING - Could not import pandas. Holidays will not be considered.
[2026-07-18T15:39:54.886+0530] {logging_mixin.py:190} INFO - [2026-07-18T15:39:54.886+0530] {dag.py:3239} INFO - Sync 1 DAGs
[2026-07-18T15:39:54.890+0530] {logging_mixin.py:190} INFO - [2026-07-18T15:39:54.889+0530] {dag.py:4180} INFO - Setting next_dagrun for example_sensors to None, run_after=None
[2026-07-18T15:39:54.894+0530] {processor.py:208} INFO - Processing /Users/bhavishyachallagolla/Desktop/RetailSense/.venv/lib/python3.12/site-packages/airflow/example_dags/example_sensors.py took 0.046 seconds
[2026-07-18T15:41:34.101+0530] {processor.py:186} INFO - Started process (PID=4177) to work on /Users/bhavishyachallagolla/Desktop/RetailSense/.venv/lib/python3.12/site-packages/airflow/example_dags/example_sensors.py
[2026-07-18T15:41:34.102+0530] {processor.py:914} INFO - Processing file /Users/bhavishyachallagolla/Desktop/RetailSense/.venv/lib/python3.12/site-packages/airflow/example_dags/example_sensors.py for tasks to queue
[2026-07-18T15:41:34.103+0530] {logging_mixin.py:190} INFO - [2026-07-18T15:41:34.103+0530] {dagbag.py:588} INFO - Filling up the DagBag from /Users/bhavishyachallagolla/Desktop/RetailSense/.venv/lib/python3.12/site-packages/airflow/example_dags/example_sensors.py
[2026-07-18T15:41:34.108+0530] {processor.py:925} INFO - DAG(s) 'example_sensors' retrieved from /Users/bhavishyachallagolla/Desktop/RetailSense/.venv/lib/python3.12/site-packages/airflow/example_dags/example_sensors.py
[2026-07-18T15:41:34.130+0530] {logging_mixin.py:190} INFO - [2026-07-18T15:41:34.130+0530] {workday.py:41} WARNING - Could not import pandas. Holidays will not be considered.
[2026-07-18T15:41:34.138+0530] {logging_mixin.py:190} INFO - [2026-07-18T15:41:34.138+0530] {dag.py:3239} INFO - Sync 1 DAGs
[2026-07-18T15:41:34.141+0530] {logging_mixin.py:190} INFO - [2026-07-18T15:41:34.141+0530] {dag.py:4180} INFO - Setting next_dagrun for example_sensors to None, run_after=None
[2026-07-18T15:41:34.146+0530] {processor.py:208} INFO - Processing /Users/bhavishyachallagolla/Desktop/RetailSense/.venv/lib/python3.12/site-packages/airflow/example_dags/example_sensors.py took 0.046 seconds
[2026-07-18T15:43:19.405+0530] {processor.py:186} INFO - Started process (PID=4468) to work on /Users/bhavishyachallagolla/Desktop/RetailSense/.venv/lib/python3.12/site-packages/airflow/example_dags/example_sensors.py
[2026-07-18T15:43:19.406+0530] {processor.py:914} INFO - Processing file /Users/bhavishyachallagolla/Desktop/RetailSense/.venv/lib/python3.12/site-packages/airflow/example_dags/example_sensors.py for tasks to queue
[2026-07-18T15:43:19.407+0530] {logging_mixin.py:190} INFO - [2026-07-18T15:43:19.406+0530] {dagbag.py:588} INFO - Filling up the DagBag from /Users/bhavishyachallagolla/Desktop/RetailSense/.venv/lib/python3.12/site-packages/airflow/example_dags/example_sensors.py
[2026-07-18T15:43:19.412+0530] {processor.py:925} INFO - DAG(s) 'example_sensors' retrieved from /Users/bhavishyachallagolla/Desktop/RetailSense/.venv/lib/python3.12/site-packages/airflow/example_dags/example_sensors.py
[2026-07-18T15:43:19.434+0530] {logging_mixin.py:190} INFO - [2026-07-18T15:43:19.434+0530] {workday.py:41} WARNING - Could not import pandas. Holidays will not be considered.
[2026-07-18T15:43:19.441+0530] {logging_mixin.py:190} INFO - [2026-07-18T15:43:19.441+0530] {dag.py:3239} INFO - Sync 1 DAGs
[2026-07-18T15:43:19.444+0530] {logging_mixin.py:190} INFO - [2026-07-18T15:43:19.444+0530] {dag.py:4180} INFO - Setting next_dagrun for example_sensors to None, run_after=None
[2026-07-18T15:43:19.449+0530] {processor.py:208} INFO - Processing /Users/bhavishyachallagolla/Desktop/RetailSense/.venv/lib/python3.12/site-packages/airflow/example_dags/example_sensors.py took 0.045 seconds
[2026-07-18T15:45:13.386+0530] {processor.py:186} INFO - Started process (PID=4758) to work on /Users/bhavishyachallagolla/Desktop/RetailSense/.venv/lib/python3.12/site-packages/airflow/example_dags/example_sensors.py
[2026-07-18T15:45:13.387+0530] {processor.py:914} INFO - Processing file /Users/bhavishyachallagolla/Desktop/RetailSense/.venv/lib/python3.12/site-packages/airflow/example_dags/example_sensors.py for tasks to queue
[2026-07-18T15:45:13.388+0530] {logging_mixin.py:190} INFO - [2026-07-18T15:45:13.388+0530] {dagbag.py:588} INFO - Filling up the DagBag from /Users/bhavishyachallagolla/Desktop/RetailSense/.venv/lib/python3.12/site-packages/airflow/example_dags/example_sensors.py
[2026-07-18T15:45:13.391+0530] {processor.py:925} INFO - DAG(s) 'example_sensors' retrieved from /Users/bhavishyachallagolla/Desktop/RetailSense/.venv/lib/python3.12/site-packages/airflow/example_dags/example_sensors.py
[2026-07-18T15:45:13.414+0530] {logging_mixin.py:190} INFO - [2026-07-18T15:45:13.414+0530] {workday.py:41} WARNING - Could not import pandas. Holidays will not be considered.
[2026-07-18T15:45:13.421+0530] {logging_mixin.py:190} INFO - [2026-07-18T15:45:13.421+0530] {dag.py:3239} INFO - Sync 1 DAGs
[2026-07-18T15:45:13.424+0530] {logging_mixin.py:190} INFO - [2026-07-18T15:45:13.424+0530] {dag.py:4180} INFO - Setting next_dagrun for example_sensors to None, run_after=None
[2026-07-18T15:45:13.429+0530] {processor.py:208} INFO - Processing /Users/bhavishyachallagolla/Desktop/RetailSense/.venv/lib/python3.12/site-packages/airflow/example_dags/example_sensors.py took 0.044 seconds
[2026-07-18T15:46:57.683+0530] {processor.py:186} INFO - Started process (PID=5017) to work on /Users/bhavishyachallagolla/Desktop/RetailSense/.venv/lib/python3.12/site-packages/airflow/example_dags/example_sensors.py
[2026-07-18T15:46:57.684+0530] {processor.py:914} INFO - Processing file /Users/bhavishyachallagolla/Desktop/RetailSense/.venv/lib/python3.12/site-packages/airflow/example_dags/example_sensors.py for tasks to queue
[2026-07-18T15:46:57.684+0530] {logging_mixin.py:190} INFO - [2026-07-18T15:46:57.684+0530] {dagbag.py:588} INFO - Filling up the DagBag from /Users/bhavishyachallagolla/Desktop/RetailSense/.venv/lib/python3.12/site-packages/airflow/example_dags/example_sensors.py
[2026-07-18T15:46:57.689+0530] {processor.py:925} INFO - DAG(s) 'example_sensors' retrieved from /Users/bhavishyachallagolla/Desktop/RetailSense/.venv/lib/python3.12/site-packages/airflow/example_dags/example_sensors.py
[2026-07-18T15:46:57.712+0530] {logging_mixin.py:190} INFO - [2026-07-18T15:46:57.712+0530] {workday.py:41} WARNING - Could not import pandas. Holidays will not be considered.
[2026-07-18T15:46:57.719+0530] {logging_mixin.py:190} INFO - [2026-07-18T15:46:57.719+0530] {dag.py:3239} INFO - Sync 1 DAGs
[2026-07-18T15:46:57.723+0530] {logging_mixin.py:190} INFO - [2026-07-18T15:46:57.723+0530] {dag.py:4180} INFO - Setting next_dagrun for example_sensors to None, run_after=None
[2026-07-18T15:46:57.727+0530] {processor.py:208} INFO - Processing /Users/bhavishyachallagolla/Desktop/RetailSense/.venv/lib/python3.12/site-packages/airflow/example_dags/example_sensors.py took 0.046 seconds
[2026-07-18T15:48:42.437+0530] {processor.py:186} INFO - Started process (PID=5326) to work on /Users/bhavishyachallagolla/Desktop/RetailSense/.venv/lib/python3.12/site-packages/airflow/example_dags/example_sensors.py
[2026-07-18T15:48:42.437+0530] {processor.py:914} INFO - Processing file /Users/bhavishyachallagolla/Desktop/RetailSense/.venv/lib/python3.12/site-packages/airflow/example_dags/example_sensors.py for tasks to queue
[2026-07-18T15:48:42.437+0530] {logging_mixin.py:190} INFO - [2026-07-18T15:48:42.437+0530] {dagbag.py:588} INFO - Filling up the DagBag from /Users/bhavishyachallagolla/Desktop/RetailSense/.venv/lib/python3.12/site-packages/airflow/example_dags/example_sensors.py
[2026-07-18T15:48:42.443+0530] {processor.py:925} INFO - DAG(s) 'example_sensors' retrieved from /Users/bhavishyachallagolla/Desktop/RetailSense/.venv/lib/python3.12/site-packages/airflow/example_dags/example_sensors.py
[2026-07-18T15:48:42.466+0530] {logging_mixin.py:190} INFO - [2026-07-18T15:48:42.466+0530] {workday.py:41} WARNING - Could not import pandas. Holidays will not be considered.
[2026-07-18T15:48:42.473+0530] {logging_mixin.py:190} INFO - [2026-07-18T15:48:42.473+0530] {dag.py:3239} INFO - Sync 1 DAGs
[2026-07-18T15:48:42.476+0530] {logging_mixin.py:190} INFO - [2026-07-18T15:48:42.476+0530] {dag.py:4180} INFO - Setting next_dagrun for example_sensors to None, run_after=None
[2026-07-18T15:48:42.481+0530] {processor.py:208} INFO - Processing /Users/bhavishyachallagolla/Desktop/RetailSense/.venv/lib/python3.12/site-packages/airflow/example_dags/example_sensors.py took 0.045 seconds
[2026-07-18T15:50:29.024+0530] {processor.py:186} INFO - Started process (PID=5602) to work on /Users/bhavishyachallagolla/Desktop/RetailSense/.venv/lib/python3.12/site-packages/airflow/example_dags/example_sensors.py
[2026-07-18T15:50:29.027+0530] {processor.py:914} INFO - Processing file /Users/bhavishyachallagolla/Desktop/RetailSense/.venv/lib/python3.12/site-packages/airflow/example_dags/example_sensors.py for tasks to queue
[2026-07-18T15:50:29.027+0530] {logging_mixin.py:190} INFO - [2026-07-18T15:50:29.027+0530] {dagbag.py:588} INFO - Filling up the DagBag from /Users/bhavishyachallagolla/Desktop/RetailSense/.venv/lib/python3.12/site-packages/airflow/example_dags/example_sensors.py
[2026-07-18T15:50:29.032+0530] {processor.py:925} INFO - DAG(s) 'example_sensors' retrieved from /Users/bhavishyachallagolla/Desktop/RetailSense/.venv/lib/python3.12/site-packages/airflow/example_dags/example_sensors.py
[2026-07-18T15:50:29.054+0530] {logging_mixin.py:190} INFO - [2026-07-18T15:50:29.054+0530] {workday.py:41} WARNING - Could not import pandas. Holidays will not be considered.
[2026-07-18T15:50:29.061+0530] {logging_mixin.py:190} INFO - [2026-07-18T15:50:29.061+0530] {dag.py:3239} INFO - Sync 1 DAGs
[2026-07-18T15:50:29.064+0530] {logging_mixin.py:190} INFO - [2026-07-18T15:50:29.064+0530] {dag.py:4180} INFO - Setting next_dagrun for example_sensors to None, run_after=None
[2026-07-18T15:50:29.069+0530] {processor.py:208} INFO - Processing /Users/bhavishyachallagolla/Desktop/RetailSense/.venv/lib/python3.12/site-packages/airflow/example_dags/example_sensors.py took 0.046 seconds
[2026-07-18T15:52:10.235+0530] {processor.py:186} INFO - Started process (PID=5852) to work on /Users/bhavishyachallagolla/Desktop/RetailSense/.venv/lib/python3.12/site-packages/airflow/example_dags/example_sensors.py
[2026-07-18T15:52:10.235+0530] {processor.py:914} INFO - Processing file /Users/bhavishyachallagolla/Desktop/RetailSense/.venv/lib/python3.12/site-packages/airflow/example_dags/example_sensors.py for tasks to queue
[2026-07-18T15:52:10.236+0530] {logging_mixin.py:190} INFO - [2026-07-18T15:52:10.236+0530] {dagbag.py:588} INFO - Filling up the DagBag from /Users/bhavishyachallagolla/Desktop/RetailSense/.venv/lib/python3.12/site-packages/airflow/example_dags/example_sensors.py
[2026-07-18T15:52:10.241+0530] {processor.py:925} INFO - DAG(s) 'example_sensors' retrieved from /Users/bhavishyachallagolla/Desktop/RetailSense/.venv/lib/python3.12/site-packages/airflow/example_dags/example_sensors.py
[2026-07-18T15:52:10.264+0530] {logging_mixin.py:190} INFO - [2026-07-18T15:52:10.264+0530] {workday.py:41} WARNING - Could not import pandas. Holidays will not be considered.
[2026-07-18T15:52:10.272+0530] {logging_mixin.py:190} INFO - [2026-07-18T15:52:10.272+0530] {dag.py:3239} INFO - Sync 1 DAGs
[2026-07-18T15:52:10.275+0530] {logging_mixin.py:190} INFO - [2026-07-18T15:52:10.275+0530] {dag.py:4180} INFO - Setting next_dagrun for example_sensors to None, run_after=None
[2026-07-18T15:52:10.280+0530] {processor.py:208} INFO - Processing /Users/bhavishyachallagolla/Desktop/RetailSense/.venv/lib/python3.12/site-packages/airflow/example_dags/example_sensors.py took 0.047 seconds
[2026-07-18T15:53:53.740+0530] {processor.py:186} INFO - Started process (PID=6121) to work on /Users/bhavishyachallagolla/Desktop/RetailSense/.venv/lib/python3.12/site-packages/airflow/example_dags/example_sensors.py
[2026-07-18T15:53:53.741+0530] {processor.py:914} INFO - Processing file /Users/bhavishyachallagolla/Desktop/RetailSense/.venv/lib/python3.12/site-packages/airflow/example_dags/example_sensors.py for tasks to queue
[2026-07-18T15:53:53.741+0530] {logging_mixin.py:190} INFO - [2026-07-18T15:53:53.741+0530] {dagbag.py:588} INFO - Filling up the DagBag from /Users/bhavishyachallagolla/Desktop/RetailSense/.venv/lib/python3.12/site-packages/airflow/example_dags/example_sensors.py
[2026-07-18T15:53:53.746+0530] {processor.py:925} INFO - DAG(s) 'example_sensors' retrieved from /Users/bhavishyachallagolla/Desktop/RetailSense/.venv/lib/python3.12/site-packages/airflow/example_dags/example_sensors.py
[2026-07-18T15:53:53.770+0530] {logging_mixin.py:190} INFO - [2026-07-18T15:53:53.770+0530] {workday.py:41} WARNING - Could not import pandas. Holidays will not be considered.
[2026-07-18T15:53:53.777+0530] {logging_mixin.py:190} INFO - [2026-07-18T15:53:53.777+0530] {dag.py:3239} INFO - Sync 1 DAGs
[2026-07-18T15:53:53.781+0530] {logging_mixin.py:190} INFO - [2026-07-18T15:53:53.781+0530] {dag.py:4180} INFO - Setting next_dagrun for example_sensors to None, run_after=None
[2026-07-18T15:53:53.785+0530] {processor.py:208} INFO - Processing /Users/bhavishyachallagolla/Desktop/RetailSense/.venv/lib/python3.12/site-packages/airflow/example_dags/example_sensors.py took 0.047 seconds
[2026-07-18T15:55:38.862+0530] {processor.py:186} INFO - Started process (PID=6381) to work on /Users/bhavishyachallagolla/Desktop/RetailSense/.venv/lib/python3.12/site-packages/airflow/example_dags/example_sensors.py
[2026-07-18T15:55:38.863+0530] {processor.py:914} INFO - Processing file /Users/bhavishyachallagolla/Desktop/RetailSense/.venv/lib/python3.12/site-packages/airflow/example_dags/example_sensors.py for tasks to queue
[2026-07-18T15:55:38.863+0530] {logging_mixin.py:190} INFO - [2026-07-18T15:55:38.863+0530] {dagbag.py:588} INFO - Filling up the DagBag from /Users/bhavishyachallagolla/Desktop/RetailSense/.venv/lib/python3.12/site-packages/airflow/example_dags/example_sensors.py
[2026-07-18T15:55:38.869+0530] {processor.py:925} INFO - DAG(s) 'example_sensors' retrieved from /Users/bhavishyachallagolla/Desktop/RetailSense/.venv/lib/python3.12/site-packages/airflow/example_dags/example_sensors.py
[2026-07-18T15:55:38.891+0530] {logging_mixin.py:190} INFO - [2026-07-18T15:55:38.891+0530] {workday.py:41} WARNING - Could not import pandas. Holidays will not be considered.
[2026-07-18T15:55:38.899+0530] {logging_mixin.py:190} INFO - [2026-07-18T15:55:38.899+0530] {dag.py:3239} INFO - Sync 1 DAGs
[2026-07-18T15:55:38.902+0530] {logging_mixin.py:190} INFO - [2026-07-18T15:55:38.902+0530] {dag.py:4180} INFO - Setting next_dagrun for example_sensors to None, run_after=None
[2026-07-18T15:55:38.906+0530] {processor.py:208} INFO - Processing /Users/bhavishyachallagolla/Desktop/RetailSense/.venv/lib/python3.12/site-packages/airflow/example_dags/example_sensors.py took 0.045 seconds
