[2026-07-18T15:37:03.193+0530] {processor.py:186} INFO - Started process (PID=3458) to work on /Users/bhavishyachallagolla/Desktop/RetailSense/.venv/lib/python3.12/site-packages/airflow/example_dags/example_branch_python_dop_operator_3.py
[2026-07-18T15:37:03.193+0530] {processor.py:914} INFO - Processing file /Users/bhavishyachallagolla/Desktop/RetailSense/.venv/lib/python3.12/site-packages/airflow/example_dags/example_branch_python_dop_operator_3.py for tasks to queue
[2026-07-18T15:37:03.194+0530] {logging_mixin.py:190} INFO - [2026-07-18T15:37:03.194+0530] {dagbag.py:588} INFO - Filling up the DagBag from /Users/bhavishyachallagolla/Desktop/RetailSense/.venv/lib/python3.12/site-packages/airflow/example_dags/example_branch_python_dop_operator_3.py
[2026-07-18T15:37:03.205+0530] {processor.py:925} INFO - DAG(s) 'example_branch_dop_operator_v3' retrieved from /Users/bhavishyachallagolla/Desktop/RetailSense/.venv/lib/python3.12/site-packages/airflow/example_dags/example_branch_python_dop_operator_3.py
[2026-07-18T15:37:03.229+0530] {logging_mixin.py:190} INFO - [2026-07-18T15:37:03.229+0530] {dag.py:3239} INFO - Sync 1 DAGs
[2026-07-18T15:37:03.234+0530] {logging_mixin.py:190} INFO - [2026-07-18T15:37:03.234+0530] {dag.py:4180} INFO - Setting next_dagrun for example_branch_dop_operator_v3 to 2026-07-18 10:06:00+00:00, run_after=2026-07-18 10:07:00+00:00
[2026-07-18T15:37:03.239+0530] {processor.py:208} INFO - Processing /Users/bhavishyachallagolla/Desktop/RetailSense/.venv/lib/python3.12/site-packages/airflow/example_dags/example_branch_python_dop_operator_3.py took 0.047 seconds
[2026-07-18T15:39:06.687+0530] {processor.py:186} INFO - Started process (PID=3793) to work on /Users/bhavishyachallagolla/Desktop/RetailSense/.venv/lib/python3.12/site-packages/airflow/example_dags/example_branch_python_dop_operator_3.py
[2026-07-18T15:39:06.688+0530] {processor.py:914} INFO - Processing file /Users/bhavishyachallagolla/Desktop/RetailSense/.venv/lib/python3.12/site-packages/airflow/example_dags/example_branch_python_dop_operator_3.py for tasks to queue
[2026-07-18T15:39:06.688+0530] {logging_mixin.py:190} INFO - [2026-07-18T15:39:06.688+0530] {dagbag.py:588} INFO - Filling up the DagBag from /Users/bhavishyachallagolla/Desktop/RetailSense/.venv/lib/python3.12/site-packages/airflow/example_dags/example_branch_python_dop_operator_3.py
[2026-07-18T15:39:06.701+0530] {processor.py:925} INFO - DAG(s) 'example_branch_dop_operator_v3' retrieved from /Users/bhavishyachallagolla/Desktop/RetailSense/.venv/lib/python3.12/site-packages/airflow/example_dags/example_branch_python_dop_operator_3.py
[2026-07-18T15:39:06.726+0530] {logging_mixin.py:190} INFO - [2026-07-18T15:39:06.726+0530] {dag.py:3239} INFO - Sync 1 DAGs
[2026-07-18T15:39:06.731+0530] {logging_mixin.py:190} INFO - [2026-07-18T15:39:06.731+0530] {dag.py:4180} INFO - Setting next_dagrun for example_branch_dop_operator_v3 to 2026-07-18 10:08:00+00:00, run_after=2026-07-18 10:09:00+00:00
[2026-07-18T15:39:06.736+0530] {processor.py:208} INFO - Processing /Users/bhavishyachallagolla/Desktop/RetailSense/.venv/lib/python3.12/site-packages/airflow/example_dags/example_branch_python_dop_operator_3.py took 0.050 seconds
[2026-07-18T15:40:46.042+0530] {processor.py:186} INFO - Started process (PID=4045) to work on /Users/bhavishyachallagolla/Desktop/RetailSense/.venv/lib/python3.12/site-packages/airflow/example_dags/example_branch_python_dop_operator_3.py
[2026-07-18T15:40:46.043+0530] {processor.py:914} INFO - Processing file /Users/bhavishyachallagolla/Desktop/RetailSense/.venv/lib/python3.12/site-packages/airflow/example_dags/example_branch_python_dop_operator_3.py for tasks to queue
[2026-07-18T15:40:46.043+0530] {logging_mixin.py:190} INFO - [2026-07-18T15:40:46.043+0530] {dagbag.py:588} INFO - Filling up the DagBag from /Users/bhavishyachallagolla/Desktop/RetailSense/.venv/lib/python3.12/site-packages/airflow/example_dags/example_branch_python_dop_operator_3.py
[2026-07-18T15:40:46.055+0530] {processor.py:925} INFO - DAG(s) 'example_branch_dop_operator_v3' retrieved from /Users/bhavishyachallagolla/Desktop/RetailSense/.venv/lib/python3.12/site-packages/airflow/example_dags/example_branch_python_dop_operator_3.py
[2026-07-18T15:40:46.078+0530] {logging_mixin.py:190} INFO - [2026-07-18T15:40:46.078+0530] {dag.py:3239} INFO - Sync 1 DAGs
[2026-07-18T15:40:46.084+0530] {logging_mixin.py:190} INFO - [2026-07-18T15:40:46.084+0530] {dag.py:4180} INFO - Setting next_dagrun for example_branch_dop_operator_v3 to 2026-07-18 10:09:00+00:00, run_after=2026-07-18 10:10:00+00:00
[2026-07-18T15:40:46.088+0530] {processor.py:208} INFO - Processing /Users/bhavishyachallagolla/Desktop/RetailSense/.venv/lib/python3.12/site-packages/airflow/example_dags/example_branch_python_dop_operator_3.py took 0.048 seconds
[2026-07-18T15:42:29.722+0530] {processor.py:186} INFO - Started process (PID=4314) to work on /Users/bhavishyachallagolla/Desktop/RetailSense/.venv/lib/python3.12/site-packages/airflow/example_dags/example_branch_python_dop_operator_3.py
[2026-07-18T15:42:29.723+0530] {processor.py:914} INFO - Processing file /Users/bhavishyachallagolla/Desktop/RetailSense/.venv/lib/python3.12/site-packages/airflow/example_dags/example_branch_python_dop_operator_3.py for tasks to queue
[2026-07-18T15:42:29.723+0530] {logging_mixin.py:190} INFO - [2026-07-18T15:42:29.723+0530] {dagbag.py:588} INFO - Filling up the DagBag from /Users/bhavishyachallagolla/Desktop/RetailSense/.venv/lib/python3.12/site-packages/airflow/example_dags/example_branch_python_dop_operator_3.py
[2026-07-18T15:42:29.736+0530] {processor.py:925} INFO - DAG(s) 'example_branch_dop_operator_v3' retrieved from /Users/bhavishyachallagolla/Desktop/RetailSense/.venv/lib/python3.12/site-packages/airflow/example_dags/example_branch_python_dop_operator_3.py
[2026-07-18T15:42:29.761+0530] {logging_mixin.py:190} INFO - [2026-07-18T15:42:29.761+0530] {dag.py:3239} INFO - Sync 1 DAGs
[2026-07-18T15:42:29.766+0530] {logging_mixin.py:190} INFO - [2026-07-18T15:42:29.766+0530] {dag.py:4180} INFO - Setting next_dagrun for example_branch_dop_operator_v3 to 2026-07-18 10:11:00+00:00, run_after=2026-07-18 10:12:00+00:00
[2026-07-18T15:42:29.771+0530] {processor.py:208} INFO - Processing /Users/bhavishyachallagolla/Desktop/RetailSense/.venv/lib/python3.12/site-packages/airflow/example_dags/example_branch_python_dop_operator_3.py took 0.049 seconds
[2026-07-18T15:44:24.290+0530] {processor.py:186} INFO - Started process (PID=4634) to work on /Users/bhavishyachallagolla/Desktop/RetailSense/.venv/lib/python3.12/site-packages/airflow/example_dags/example_branch_python_dop_operator_3.py
[2026-07-18T15:44:24.291+0530] {processor.py:914} INFO - Processing file /Users/bhavishyachallagolla/Desktop/RetailSense/.venv/lib/python3.12/site-packages/airflow/example_dags/example_branch_python_dop_operator_3.py for tasks to queue
[2026-07-18T15:44:24.291+0530] {logging_mixin.py:190} INFO - [2026-07-18T15:44:24.291+0530] {dagbag.py:588} INFO - Filling up the DagBag from /Users/bhavishyachallagolla/Desktop/RetailSense/.venv/lib/python3.12/site-packages/airflow/example_dags/example_branch_python_dop_operator_3.py
[2026-07-18T15:44:24.304+0530] {processor.py:925} INFO - DAG(s) 'example_branch_dop_operator_v3' retrieved from /Users/bhavishyachallagolla/Desktop/RetailSense/.venv/lib/python3.12/site-packages/airflow/example_dags/example_branch_python_dop_operator_3.py
[2026-07-18T15:44:24.329+0530] {logging_mixin.py:190} INFO - [2026-07-18T15:44:24.328+0530] {dag.py:3239} INFO - Sync 1 DAGs
[2026-07-18T15:44:24.334+0530] {logging_mixin.py:190} INFO - [2026-07-18T15:44:24.334+0530] {dag.py:4180} INFO - Setting next_dagrun for example_branch_dop_operator_v3 to 2026-07-18 10:13:00+00:00, run_after=2026-07-18 10:14:00+00:00
[2026-07-18T15:44:24.339+0530] {processor.py:208} INFO - Processing /Users/bhavishyachallagolla/Desktop/RetailSense/.venv/lib/python3.12/site-packages/airflow/example_dags/example_branch_python_dop_operator_3.py took 0.050 seconds
[2026-07-18T15:46:07.837+0530] {processor.py:186} INFO - Started process (PID=4889) to work on /Users/bhavishyachallagolla/Desktop/RetailSense/.venv/lib/python3.12/site-packages/airflow/example_dags/example_branch_python_dop_operator_3.py
[2026-07-18T15:46:07.838+0530] {processor.py:914} INFO - Processing file /Users/bhavishyachallagolla/Desktop/RetailSense/.venv/lib/python3.12/site-packages/airflow/example_dags/example_branch_python_dop_operator_3.py for tasks to queue
[2026-07-18T15:46:07.838+0530] {logging_mixin.py:190} INFO - [2026-07-18T15:46:07.838+0530] {dagbag.py:588} INFO - Filling up the DagBag from /Users/bhavishyachallagolla/Desktop/RetailSense/.venv/lib/python3.12/site-packages/airflow/example_dags/example_branch_python_dop_operator_3.py
[2026-07-18T15:46:07.851+0530] {processor.py:925} INFO - DAG(s) 'example_branch_dop_operator_v3' retrieved from /Users/bhavishyachallagolla/Desktop/RetailSense/.venv/lib/python3.12/site-packages/airflow/example_dags/example_branch_python_dop_operator_3.py
[2026-07-18T15:46:07.878+0530] {logging_mixin.py:190} INFO - [2026-07-18T15:46:07.878+0530] {dag.py:3239} INFO - Sync 1 DAGs
[2026-07-18T15:46:07.884+0530] {logging_mixin.py:190} INFO - [2026-07-18T15:46:07.884+0530] {dag.py:4180} INFO - Setting next_dagrun for example_branch_dop_operator_v3 to 2026-07-18 10:15:00+00:00, run_after=2026-07-18 10:16:00+00:00
[2026-07-18T15:46:07.889+0530] {processor.py:208} INFO - Processing /Users/bhavishyachallagolla/Desktop/RetailSense/.venv/lib/python3.12/site-packages/airflow/example_dags/example_branch_python_dop_operator_3.py took 0.053 seconds
[2026-07-18T15:47:53.159+0530] {processor.py:186} INFO - Started process (PID=5181) to work on /Users/bhavishyachallagolla/Desktop/RetailSense/.venv/lib/python3.12/site-packages/airflow/example_dags/example_branch_python_dop_operator_3.py
[2026-07-18T15:47:53.161+0530] {processor.py:914} INFO - Processing file /Users/bhavishyachallagolla/Desktop/RetailSense/.venv/lib/python3.12/site-packages/airflow/example_dags/example_branch_python_dop_operator_3.py for tasks to queue
[2026-07-18T15:47:53.161+0530] {logging_mixin.py:190} INFO - [2026-07-18T15:47:53.161+0530] {dagbag.py:588} INFO - Filling up the DagBag from /Users/bhavishyachallagolla/Desktop/RetailSense/.venv/lib/python3.12/site-packages/airflow/example_dags/example_branch_python_dop_operator_3.py
[2026-07-18T15:47:53.174+0530] {processor.py:925} INFO - DAG(s) 'example_branch_dop_operator_v3' retrieved from /Users/bhavishyachallagolla/Desktop/RetailSense/.venv/lib/python3.12/site-packages/airflow/example_dags/example_branch_python_dop_operator_3.py
[2026-07-18T15:47:53.198+0530] {logging_mixin.py:190} INFO - [2026-07-18T15:47:53.198+0530] {dag.py:3239} INFO - Sync 1 DAGs
[2026-07-18T15:47:53.204+0530] {logging_mixin.py:190} INFO - [2026-07-18T15:47:53.204+0530] {dag.py:4180} INFO - Setting next_dagrun for example_branch_dop_operator_v3 to 2026-07-18 10:16:00+00:00, run_after=2026-07-18 10:17:00+00:00
[2026-07-18T15:47:53.208+0530] {processor.py:208} INFO - Processing /Users/bhavishyachallagolla/Desktop/RetailSense/.venv/lib/python3.12/site-packages/airflow/example_dags/example_branch_python_dop_operator_3.py took 0.050 seconds
[2026-07-18T15:49:39.585+0530] {processor.py:186} INFO - Started process (PID=5471) to work on /Users/bhavishyachallagolla/Desktop/RetailSense/.venv/lib/python3.12/site-packages/airflow/example_dags/example_branch_python_dop_operator_3.py
[2026-07-18T15:49:39.585+0530] {processor.py:914} INFO - Processing file /Users/bhavishyachallagolla/Desktop/RetailSense/.venv/lib/python3.12/site-packages/airflow/example_dags/example_branch_python_dop_operator_3.py for tasks to queue
[2026-07-18T15:49:39.586+0530] {logging_mixin.py:190} INFO - [2026-07-18T15:49:39.585+0530] {dagbag.py:588} INFO - Filling up the DagBag from /Users/bhavishyachallagolla/Desktop/RetailSense/.venv/lib/python3.12/site-packages/airflow/example_dags/example_branch_python_dop_operator_3.py
[2026-07-18T15:49:39.598+0530] {processor.py:925} INFO - DAG(s) 'example_branch_dop_operator_v3' retrieved from /Users/bhavishyachallagolla/Desktop/RetailSense/.venv/lib/python3.12/site-packages/airflow/example_dags/example_branch_python_dop_operator_3.py
[2026-07-18T15:49:39.622+0530] {logging_mixin.py:190} INFO - [2026-07-18T15:49:39.622+0530] {dag.py:3239} INFO - Sync 1 DAGs
[2026-07-18T15:49:39.628+0530] {logging_mixin.py:190} INFO - [2026-07-18T15:49:39.628+0530] {dag.py:4180} INFO - Setting next_dagrun for example_branch_dop_operator_v3 to 2026-07-18 10:18:00+00:00, run_after=2026-07-18 10:19:00+00:00
[2026-07-18T15:49:39.633+0530] {processor.py:208} INFO - Processing /Users/bhavishyachallagolla/Desktop/RetailSense/.venv/lib/python3.12/site-packages/airflow/example_dags/example_branch_python_dop_operator_3.py took 0.049 seconds
[2026-07-18T15:51:23.633+0530] {processor.py:186} INFO - Started process (PID=5736) to work on /Users/bhavishyachallagolla/Desktop/RetailSense/.venv/lib/python3.12/site-packages/airflow/example_dags/example_branch_python_dop_operator_3.py
[2026-07-18T15:51:23.634+0530] {processor.py:914} INFO - Processing file /Users/bhavishyachallagolla/Desktop/RetailSense/.venv/lib/python3.12/site-packages/airflow/example_dags/example_branch_python_dop_operator_3.py for tasks to queue
[2026-07-18T15:51:23.634+0530] {logging_mixin.py:190} INFO - [2026-07-18T15:51:23.634+0530] {dagbag.py:588} INFO - Filling up the DagBag from /Users/bhavishyachallagolla/Desktop/RetailSense/.venv/lib/python3.12/site-packages/airflow/example_dags/example_branch_python_dop_operator_3.py
[2026-07-18T15:51:23.647+0530] {processor.py:925} INFO - DAG(s) 'example_branch_dop_operator_v3' retrieved from /Users/bhavishyachallagolla/Desktop/RetailSense/.venv/lib/python3.12/site-packages/airflow/example_dags/example_branch_python_dop_operator_3.py
[2026-07-18T15:51:23.670+0530] {logging_mixin.py:190} INFO - [2026-07-18T15:51:23.670+0530] {dag.py:3239} INFO - Sync 1 DAGs
[2026-07-18T15:51:23.676+0530] {logging_mixin.py:190} INFO - [2026-07-18T15:51:23.676+0530] {dag.py:4180} INFO - Setting next_dagrun for example_branch_dop_operator_v3 to 2026-07-18 10:20:00+00:00, run_after=2026-07-18 10:21:00+00:00
[2026-07-18T15:51:23.680+0530] {processor.py:208} INFO - Processing /Users/bhavishyachallagolla/Desktop/RetailSense/.venv/lib/python3.12/site-packages/airflow/example_dags/example_branch_python_dop_operator_3.py took 0.048 seconds
[2026-07-18T15:53:05.791+0530] {processor.py:186} INFO - Started process (PID=5999) to work on /Users/bhavishyachallagolla/Desktop/RetailSense/.venv/lib/python3.12/site-packages/airflow/example_dags/example_branch_python_dop_operator_3.py
[2026-07-18T15:53:05.793+0530] {processor.py:914} INFO - Processing file /Users/bhavishyachallagolla/Desktop/RetailSense/.venv/lib/python3.12/site-packages/airflow/example_dags/example_branch_python_dop_operator_3.py for tasks to queue
[2026-07-18T15:53:05.793+0530] {logging_mixin.py:190} INFO - [2026-07-18T15:53:05.793+0530] {dagbag.py:588} INFO - Filling up the DagBag from /Users/bhavishyachallagolla/Desktop/RetailSense/.venv/lib/python3.12/site-packages/airflow/example_dags/example_branch_python_dop_operator_3.py
[2026-07-18T15:53:05.805+0530] {processor.py:925} INFO - DAG(s) 'example_branch_dop_operator_v3' retrieved from /Users/bhavishyachallagolla/Desktop/RetailSense/.venv/lib/python3.12/site-packages/airflow/example_dags/example_branch_python_dop_operator_3.py
[2026-07-18T15:53:05.829+0530] {logging_mixin.py:190} INFO - [2026-07-18T15:53:05.829+0530] {dag.py:3239} INFO - Sync 1 DAGs
[2026-07-18T15:53:05.835+0530] {logging_mixin.py:190} INFO - [2026-07-18T15:53:05.835+0530] {dag.py:4180} INFO - Setting next_dagrun for example_branch_dop_operator_v3 to 2026-07-18 10:22:00+00:00, run_after=2026-07-18 10:23:00+00:00
[2026-07-18T15:53:05.839+0530] {processor.py:208} INFO - Processing /Users/bhavishyachallagolla/Desktop/RetailSense/.venv/lib/python3.12/site-packages/airflow/example_dags/example_branch_python_dop_operator_3.py took 0.049 seconds
[2026-07-18T15:54:51.998+0530] {processor.py:186} INFO - Started process (PID=6261) to work on /Users/bhavishyachallagolla/Desktop/RetailSense/.venv/lib/python3.12/site-packages/airflow/example_dags/example_branch_python_dop_operator_3.py
[2026-07-18T15:54:51.999+0530] {processor.py:914} INFO - Processing file /Users/bhavishyachallagolla/Desktop/RetailSense/.venv/lib/python3.12/site-packages/airflow/example_dags/example_branch_python_dop_operator_3.py for tasks to queue
[2026-07-18T15:54:52.000+0530] {logging_mixin.py:190} INFO - [2026-07-18T15:54:52.000+0530] {dagbag.py:588} INFO - Filling up the DagBag from /Users/bhavishyachallagolla/Desktop/RetailSense/.venv/lib/python3.12/site-packages/airflow/example_dags/example_branch_python_dop_operator_3.py
[2026-07-18T15:54:52.012+0530] {processor.py:925} INFO - DAG(s) 'example_branch_dop_operator_v3' retrieved from /Users/bhavishyachallagolla/Desktop/RetailSense/.venv/lib/python3.12/site-packages/airflow/example_dags/example_branch_python_dop_operator_3.py
[2026-07-18T15:54:52.036+0530] {logging_mixin.py:190} INFO - [2026-07-18T15:54:52.036+0530] {dag.py:3239} INFO - Sync 1 DAGs
[2026-07-18T15:54:52.042+0530] {logging_mixin.py:190} INFO - [2026-07-18T15:54:52.042+0530] {dag.py:4180} INFO - Setting next_dagrun for example_branch_dop_operator_v3 to 2026-07-18 10:23:00+00:00, run_after=2026-07-18 10:24:00+00:00
[2026-07-18T15:54:52.047+0530] {processor.py:208} INFO - Processing /Users/bhavishyachallagolla/Desktop/RetailSense/.venv/lib/python3.12/site-packages/airflow/example_dags/example_branch_python_dop_operator_3.py took 0.049 seconds
[2026-07-18T15:56:34.957+0530] {processor.py:186} INFO - Started process (PID=6522) to work on /Users/bhavishyachallagolla/Desktop/RetailSense/.venv/lib/python3.12/site-packages/airflow/example_dags/example_branch_python_dop_operator_3.py
[2026-07-18T15:56:34.958+0530] {processor.py:914} INFO - Processing file /Users/bhavishyachallagolla/Desktop/RetailSense/.venv/lib/python3.12/site-packages/airflow/example_dags/example_branch_python_dop_operator_3.py for tasks to queue
[2026-07-18T15:56:34.958+0530] {logging_mixin.py:190} INFO - [2026-07-18T15:56:34.958+0530] {dagbag.py:588} INFO - Filling up the DagBag from /Users/bhavishyachallagolla/Desktop/RetailSense/.venv/lib/python3.12/site-packages/airflow/example_dags/example_branch_python_dop_operator_3.py
[2026-07-18T15:56:34.971+0530] {processor.py:925} INFO - DAG(s) 'example_branch_dop_operator_v3' retrieved from /Users/bhavishyachallagolla/Desktop/RetailSense/.venv/lib/python3.12/site-packages/airflow/example_dags/example_branch_python_dop_operator_3.py
[2026-07-18T15:56:34.994+0530] {logging_mixin.py:190} INFO - [2026-07-18T15:56:34.994+0530] {dag.py:3239} INFO - Sync 1 DAGs
[2026-07-18T15:56:35.000+0530] {logging_mixin.py:190} INFO - [2026-07-18T15:56:35.000+0530] {dag.py:4180} INFO - Setting next_dagrun for example_branch_dop_operator_v3 to 2026-07-18 10:25:00+00:00, run_after=2026-07-18 10:26:00+00:00
[2026-07-18T15:56:35.004+0530] {processor.py:208} INFO - Processing /Users/bhavishyachallagolla/Desktop/RetailSense/.venv/lib/python3.12/site-packages/airflow/example_dags/example_branch_python_dop_operator_3.py took 0.048 seconds
