[2026-07-18T15:37:07.177+0530] {processor.py:186} INFO - Started process (PID=3468) to work on /Users/bhavishyachallagolla/Desktop/RetailSense/.venv/lib/python3.12/site-packages/airflow/example_dags/example_branch_labels.py
[2026-07-18T15:37:07.177+0530] {processor.py:914} INFO - Processing file /Users/bhavishyachallagolla/Desktop/RetailSense/.venv/lib/python3.12/site-packages/airflow/example_dags/example_branch_labels.py for tasks to queue
[2026-07-18T15:37:07.178+0530] {logging_mixin.py:190} INFO - [2026-07-18T15:37:07.177+0530] {dagbag.py:588} INFO - Filling up the DagBag from /Users/bhavishyachallagolla/Desktop/RetailSense/.venv/lib/python3.12/site-packages/airflow/example_dags/example_branch_labels.py
[2026-07-18T15:37:07.180+0530] {processor.py:925} INFO - DAG(s) 'example_branch_labels' retrieved from /Users/bhavishyachallagolla/Desktop/RetailSense/.venv/lib/python3.12/site-packages/airflow/example_dags/example_branch_labels.py
[2026-07-18T15:37:07.205+0530] {logging_mixin.py:190} INFO - [2026-07-18T15:37:07.205+0530] {dag.py:3239} INFO - Sync 1 DAGs
[2026-07-18T15:37:07.210+0530] {logging_mixin.py:190} INFO - [2026-07-18T15:37:07.210+0530] {dag.py:4180} INFO - Setting next_dagrun for example_branch_labels to 2026-07-17 00:00:00+00:00, run_after=2026-07-18 00:00:00+00:00
[2026-07-18T15:37:07.216+0530] {processor.py:208} INFO - Processing /Users/bhavishyachallagolla/Desktop/RetailSense/.venv/lib/python3.12/site-packages/airflow/example_dags/example_branch_labels.py took 0.040 seconds
[2026-07-18T15:39:10.670+0530] {processor.py:186} INFO - Started process (PID=3805) to work on /Users/bhavishyachallagolla/Desktop/RetailSense/.venv/lib/python3.12/site-packages/airflow/example_dags/example_branch_labels.py
[2026-07-18T15:39:10.671+0530] {processor.py:914} INFO - Processing file /Users/bhavishyachallagolla/Desktop/RetailSense/.venv/lib/python3.12/site-packages/airflow/example_dags/example_branch_labels.py for tasks to queue
[2026-07-18T15:39:10.672+0530] {logging_mixin.py:190} INFO - [2026-07-18T15:39:10.672+0530] {dagbag.py:588} INFO - Filling up the DagBag from /Users/bhavishyachallagolla/Desktop/RetailSense/.venv/lib/python3.12/site-packages/airflow/example_dags/example_branch_labels.py
[2026-07-18T15:39:10.674+0530] {processor.py:925} INFO - DAG(s) 'example_branch_labels' retrieved from /Users/bhavishyachallagolla/Desktop/RetailSense/.venv/lib/python3.12/site-packages/airflow/example_dags/example_branch_labels.py
[2026-07-18T15:39:10.700+0530] {logging_mixin.py:190} INFO - [2026-07-18T15:39:10.700+0530] {dag.py:3239} INFO - Sync 1 DAGs
[2026-07-18T15:39:10.705+0530] {logging_mixin.py:190} INFO - [2026-07-18T15:39:10.705+0530] {dag.py:4180} INFO - Setting next_dagrun for example_branch_labels to 2026-07-17 00:00:00+00:00, run_after=2026-07-18 00:00:00+00:00
[2026-07-18T15:39:10.710+0530] {processor.py:208} INFO - Processing /Users/bhavishyachallagolla/Desktop/RetailSense/.venv/lib/python3.12/site-packages/airflow/example_dags/example_branch_labels.py took 0.041 seconds
[2026-07-18T15:40:50.823+0530] {processor.py:186} INFO - Started process (PID=4053) to work on /Users/bhavishyachallagolla/Desktop/RetailSense/.venv/lib/python3.12/site-packages/airflow/example_dags/example_branch_labels.py
[2026-07-18T15:40:50.824+0530] {processor.py:914} INFO - Processing file /Users/bhavishyachallagolla/Desktop/RetailSense/.venv/lib/python3.12/site-packages/airflow/example_dags/example_branch_labels.py for tasks to queue
[2026-07-18T15:40:50.825+0530] {logging_mixin.py:190} INFO - [2026-07-18T15:40:50.825+0530] {dagbag.py:588} INFO - Filling up the DagBag from /Users/bhavishyachallagolla/Desktop/RetailSense/.venv/lib/python3.12/site-packages/airflow/example_dags/example_branch_labels.py
[2026-07-18T15:40:50.827+0530] {processor.py:925} INFO - DAG(s) 'example_branch_labels' retrieved from /Users/bhavishyachallagolla/Desktop/RetailSense/.venv/lib/python3.12/site-packages/airflow/example_dags/example_branch_labels.py
[2026-07-18T15:40:50.853+0530] {logging_mixin.py:190} INFO - [2026-07-18T15:40:50.853+0530] {dag.py:3239} INFO - Sync 1 DAGs
[2026-07-18T15:40:50.858+0530] {logging_mixin.py:190} INFO - [2026-07-18T15:40:50.858+0530] {dag.py:4180} INFO - Setting next_dagrun for example_branch_labels to 2026-07-17 00:00:00+00:00, run_after=2026-07-18 00:00:00+00:00
[2026-07-18T15:40:50.863+0530] {processor.py:208} INFO - Processing /Users/bhavishyachallagolla/Desktop/RetailSense/.venv/lib/python3.12/site-packages/airflow/example_dags/example_branch_labels.py took 0.041 seconds
[2026-07-18T15:42:33.671+0530] {processor.py:186} INFO - Started process (PID=4324) to work on /Users/bhavishyachallagolla/Desktop/RetailSense/.venv/lib/python3.12/site-packages/airflow/example_dags/example_branch_labels.py
[2026-07-18T15:42:33.672+0530] {processor.py:914} INFO - Processing file /Users/bhavishyachallagolla/Desktop/RetailSense/.venv/lib/python3.12/site-packages/airflow/example_dags/example_branch_labels.py for tasks to queue
[2026-07-18T15:42:33.672+0530] {logging_mixin.py:190} INFO - [2026-07-18T15:42:33.672+0530] {dagbag.py:588} INFO - Filling up the DagBag from /Users/bhavishyachallagolla/Desktop/RetailSense/.venv/lib/python3.12/site-packages/airflow/example_dags/example_branch_labels.py
[2026-07-18T15:42:33.675+0530] {processor.py:925} INFO - DAG(s) 'example_branch_labels' retrieved from /Users/bhavishyachallagolla/Desktop/RetailSense/.venv/lib/python3.12/site-packages/airflow/example_dags/example_branch_labels.py
[2026-07-18T15:42:33.700+0530] {logging_mixin.py:190} INFO - [2026-07-18T15:42:33.700+0530] {dag.py:3239} INFO - Sync 1 DAGs
[2026-07-18T15:42:33.705+0530] {logging_mixin.py:190} INFO - [2026-07-18T15:42:33.705+0530] {dag.py:4180} INFO - Setting next_dagrun for example_branch_labels to 2026-07-17 00:00:00+00:00, run_after=2026-07-18 00:00:00+00:00
[2026-07-18T15:42:33.710+0530] {processor.py:208} INFO - Processing /Users/bhavishyachallagolla/Desktop/RetailSense/.venv/lib/python3.12/site-packages/airflow/example_dags/example_branch_labels.py took 0.040 seconds
[2026-07-18T15:44:28.466+0530] {processor.py:186} INFO - Started process (PID=4646) to work on /Users/bhavishyachallagolla/Desktop/RetailSense/.venv/lib/python3.12/site-packages/airflow/example_dags/example_branch_labels.py
[2026-07-18T15:44:28.467+0530] {processor.py:914} INFO - Processing file /Users/bhavishyachallagolla/Desktop/RetailSense/.venv/lib/python3.12/site-packages/airflow/example_dags/example_branch_labels.py for tasks to queue
[2026-07-18T15:44:28.468+0530] {logging_mixin.py:190} INFO - [2026-07-18T15:44:28.468+0530] {dagbag.py:588} INFO - Filling up the DagBag from /Users/bhavishyachallagolla/Desktop/RetailSense/.venv/lib/python3.12/site-packages/airflow/example_dags/example_branch_labels.py
[2026-07-18T15:44:28.470+0530] {processor.py:925} INFO - DAG(s) 'example_branch_labels' retrieved from /Users/bhavishyachallagolla/Desktop/RetailSense/.venv/lib/python3.12/site-packages/airflow/example_dags/example_branch_labels.py
[2026-07-18T15:44:28.495+0530] {logging_mixin.py:190} INFO - [2026-07-18T15:44:28.495+0530] {dag.py:3239} INFO - Sync 1 DAGs
[2026-07-18T15:44:28.500+0530] {logging_mixin.py:190} INFO - [2026-07-18T15:44:28.500+0530] {dag.py:4180} INFO - Setting next_dagrun for example_branch_labels to 2026-07-17 00:00:00+00:00, run_after=2026-07-18 00:00:00+00:00
[2026-07-18T15:44:28.504+0530] {processor.py:208} INFO - Processing /Users/bhavishyachallagolla/Desktop/RetailSense/.venv/lib/python3.12/site-packages/airflow/example_dags/example_branch_labels.py took 0.039 seconds
[2026-07-18T15:46:12.097+0530] {processor.py:186} INFO - Started process (PID=4900) to work on /Users/bhavishyachallagolla/Desktop/RetailSense/.venv/lib/python3.12/site-packages/airflow/example_dags/example_branch_labels.py
[2026-07-18T15:46:12.098+0530] {processor.py:914} INFO - Processing file /Users/bhavishyachallagolla/Desktop/RetailSense/.venv/lib/python3.12/site-packages/airflow/example_dags/example_branch_labels.py for tasks to queue
[2026-07-18T15:46:12.098+0530] {logging_mixin.py:190} INFO - [2026-07-18T15:46:12.098+0530] {dagbag.py:588} INFO - Filling up the DagBag from /Users/bhavishyachallagolla/Desktop/RetailSense/.venv/lib/python3.12/site-packages/airflow/example_dags/example_branch_labels.py
[2026-07-18T15:46:12.101+0530] {processor.py:925} INFO - DAG(s) 'example_branch_labels' retrieved from /Users/bhavishyachallagolla/Desktop/RetailSense/.venv/lib/python3.12/site-packages/airflow/example_dags/example_branch_labels.py
[2026-07-18T15:46:12.127+0530] {logging_mixin.py:190} INFO - [2026-07-18T15:46:12.127+0530] {dag.py:3239} INFO - Sync 1 DAGs
[2026-07-18T15:46:12.133+0530] {logging_mixin.py:190} INFO - [2026-07-18T15:46:12.133+0530] {dag.py:4180} INFO - Setting next_dagrun for example_branch_labels to 2026-07-17 00:00:00+00:00, run_after=2026-07-18 00:00:00+00:00
[2026-07-18T15:46:12.137+0530] {processor.py:208} INFO - Processing /Users/bhavishyachallagolla/Desktop/RetailSense/.venv/lib/python3.12/site-packages/airflow/example_dags/example_branch_labels.py took 0.041 seconds
[2026-07-18T15:47:57.128+0530] {processor.py:186} INFO - Started process (PID=5193) to work on /Users/bhavishyachallagolla/Desktop/RetailSense/.venv/lib/python3.12/site-packages/airflow/example_dags/example_branch_labels.py
[2026-07-18T15:47:57.129+0530] {processor.py:914} INFO - Processing file /Users/bhavishyachallagolla/Desktop/RetailSense/.venv/lib/python3.12/site-packages/airflow/example_dags/example_branch_labels.py for tasks to queue
[2026-07-18T15:47:57.129+0530] {logging_mixin.py:190} INFO - [2026-07-18T15:47:57.129+0530] {dagbag.py:588} INFO - Filling up the DagBag from /Users/bhavishyachallagolla/Desktop/RetailSense/.venv/lib/python3.12/site-packages/airflow/example_dags/example_branch_labels.py
[2026-07-18T15:47:57.132+0530] {processor.py:925} INFO - DAG(s) 'example_branch_labels' retrieved from /Users/bhavishyachallagolla/Desktop/RetailSense/.venv/lib/python3.12/site-packages/airflow/example_dags/example_branch_labels.py
[2026-07-18T15:47:57.157+0530] {logging_mixin.py:190} INFO - [2026-07-18T15:47:57.157+0530] {dag.py:3239} INFO - Sync 1 DAGs
[2026-07-18T15:47:57.163+0530] {logging_mixin.py:190} INFO - [2026-07-18T15:47:57.163+0530] {dag.py:4180} INFO - Setting next_dagrun for example_branch_labels to 2026-07-17 00:00:00+00:00, run_after=2026-07-18 00:00:00+00:00
[2026-07-18T15:47:57.167+0530] {processor.py:208} INFO - Processing /Users/bhavishyachallagolla/Desktop/RetailSense/.venv/lib/python3.12/site-packages/airflow/example_dags/example_branch_labels.py took 0.040 seconds
[2026-07-18T15:49:44.225+0530] {processor.py:186} INFO - Started process (PID=5483) to work on /Users/bhavishyachallagolla/Desktop/RetailSense/.venv/lib/python3.12/site-packages/airflow/example_dags/example_branch_labels.py
[2026-07-18T15:49:44.226+0530] {processor.py:914} INFO - Processing file /Users/bhavishyachallagolla/Desktop/RetailSense/.venv/lib/python3.12/site-packages/airflow/example_dags/example_branch_labels.py for tasks to queue
[2026-07-18T15:49:44.226+0530] {logging_mixin.py:190} INFO - [2026-07-18T15:49:44.226+0530] {dagbag.py:588} INFO - Filling up the DagBag from /Users/bhavishyachallagolla/Desktop/RetailSense/.venv/lib/python3.12/site-packages/airflow/example_dags/example_branch_labels.py
[2026-07-18T15:49:44.229+0530] {processor.py:925} INFO - DAG(s) 'example_branch_labels' retrieved from /Users/bhavishyachallagolla/Desktop/RetailSense/.venv/lib/python3.12/site-packages/airflow/example_dags/example_branch_labels.py
[2026-07-18T15:49:44.253+0530] {logging_mixin.py:190} INFO - [2026-07-18T15:49:44.253+0530] {dag.py:3239} INFO - Sync 1 DAGs
[2026-07-18T15:49:44.258+0530] {logging_mixin.py:190} INFO - [2026-07-18T15:49:44.258+0530] {dag.py:4180} INFO - Setting next_dagrun for example_branch_labels to 2026-07-17 00:00:00+00:00, run_after=2026-07-18 00:00:00+00:00
[2026-07-18T15:49:44.263+0530] {processor.py:208} INFO - Processing /Users/bhavishyachallagolla/Desktop/RetailSense/.venv/lib/python3.12/site-packages/airflow/example_dags/example_branch_labels.py took 0.038 seconds
[2026-07-18T15:51:28.534+0530] {processor.py:186} INFO - Started process (PID=5748) to work on /Users/bhavishyachallagolla/Desktop/RetailSense/.venv/lib/python3.12/site-packages/airflow/example_dags/example_branch_labels.py
[2026-07-18T15:51:28.534+0530] {processor.py:914} INFO - Processing file /Users/bhavishyachallagolla/Desktop/RetailSense/.venv/lib/python3.12/site-packages/airflow/example_dags/example_branch_labels.py for tasks to queue
[2026-07-18T15:51:28.535+0530] {logging_mixin.py:190} INFO - [2026-07-18T15:51:28.535+0530] {dagbag.py:588} INFO - Filling up the DagBag from /Users/bhavishyachallagolla/Desktop/RetailSense/.venv/lib/python3.12/site-packages/airflow/example_dags/example_branch_labels.py
[2026-07-18T15:51:28.537+0530] {processor.py:925} INFO - DAG(s) 'example_branch_labels' retrieved from /Users/bhavishyachallagolla/Desktop/RetailSense/.venv/lib/python3.12/site-packages/airflow/example_dags/example_branch_labels.py
[2026-07-18T15:51:28.562+0530] {logging_mixin.py:190} INFO - [2026-07-18T15:51:28.562+0530] {dag.py:3239} INFO - Sync 1 DAGs
[2026-07-18T15:51:28.567+0530] {logging_mixin.py:190} INFO - [2026-07-18T15:51:28.567+0530] {dag.py:4180} INFO - Setting next_dagrun for example_branch_labels to 2026-07-17 00:00:00+00:00, run_after=2026-07-18 00:00:00+00:00
[2026-07-18T15:51:28.571+0530] {processor.py:208} INFO - Processing /Users/bhavishyachallagolla/Desktop/RetailSense/.venv/lib/python3.12/site-packages/airflow/example_dags/example_branch_labels.py took 0.038 seconds
[2026-07-18T15:53:09.534+0530] {processor.py:186} INFO - Started process (PID=6011) to work on /Users/bhavishyachallagolla/Desktop/RetailSense/.venv/lib/python3.12/site-packages/airflow/example_dags/example_branch_labels.py
[2026-07-18T15:53:09.535+0530] {processor.py:914} INFO - Processing file /Users/bhavishyachallagolla/Desktop/RetailSense/.venv/lib/python3.12/site-packages/airflow/example_dags/example_branch_labels.py for tasks to queue
[2026-07-18T15:53:09.536+0530] {logging_mixin.py:190} INFO - [2026-07-18T15:53:09.536+0530] {dagbag.py:588} INFO - Filling up the DagBag from /Users/bhavishyachallagolla/Desktop/RetailSense/.venv/lib/python3.12/site-packages/airflow/example_dags/example_branch_labels.py
[2026-07-18T15:53:09.538+0530] {processor.py:925} INFO - DAG(s) 'example_branch_labels' retrieved from /Users/bhavishyachallagolla/Desktop/RetailSense/.venv/lib/python3.12/site-packages/airflow/example_dags/example_branch_labels.py
[2026-07-18T15:53:09.563+0530] {logging_mixin.py:190} INFO - [2026-07-18T15:53:09.563+0530] {dag.py:3239} INFO - Sync 1 DAGs
[2026-07-18T15:53:09.568+0530] {logging_mixin.py:190} INFO - [2026-07-18T15:53:09.568+0530] {dag.py:4180} INFO - Setting next_dagrun for example_branch_labels to 2026-07-17 00:00:00+00:00, run_after=2026-07-18 00:00:00+00:00
[2026-07-18T15:53:09.572+0530] {processor.py:208} INFO - Processing /Users/bhavishyachallagolla/Desktop/RetailSense/.venv/lib/python3.12/site-packages/airflow/example_dags/example_branch_labels.py took 0.039 seconds
[2026-07-18T15:54:55.388+0530] {processor.py:186} INFO - Started process (PID=6272) to work on /Users/bhavishyachallagolla/Desktop/RetailSense/.venv/lib/python3.12/site-packages/airflow/example_dags/example_branch_labels.py
[2026-07-18T15:54:55.389+0530] {processor.py:914} INFO - Processing file /Users/bhavishyachallagolla/Desktop/RetailSense/.venv/lib/python3.12/site-packages/airflow/example_dags/example_branch_labels.py for tasks to queue
[2026-07-18T15:54:55.390+0530] {logging_mixin.py:190} INFO - [2026-07-18T15:54:55.390+0530] {dagbag.py:588} INFO - Filling up the DagBag from /Users/bhavishyachallagolla/Desktop/RetailSense/.venv/lib/python3.12/site-packages/airflow/example_dags/example_branch_labels.py
[2026-07-18T15:54:55.392+0530] {processor.py:925} INFO - DAG(s) 'example_branch_labels' retrieved from /Users/bhavishyachallagolla/Desktop/RetailSense/.venv/lib/python3.12/site-packages/airflow/example_dags/example_branch_labels.py
[2026-07-18T15:54:55.418+0530] {logging_mixin.py:190} INFO - [2026-07-18T15:54:55.418+0530] {dag.py:3239} INFO - Sync 1 DAGs
[2026-07-18T15:54:55.423+0530] {logging_mixin.py:190} INFO - [2026-07-18T15:54:55.423+0530] {dag.py:4180} INFO - Setting next_dagrun for example_branch_labels to 2026-07-17 00:00:00+00:00, run_after=2026-07-18 00:00:00+00:00
[2026-07-18T15:54:55.427+0530] {processor.py:208} INFO - Processing /Users/bhavishyachallagolla/Desktop/RetailSense/.venv/lib/python3.12/site-packages/airflow/example_dags/example_branch_labels.py took 0.040 seconds
[2026-07-18T15:56:39.739+0530] {processor.py:186} INFO - Started process (PID=6537) to work on /Users/bhavishyachallagolla/Desktop/RetailSense/.venv/lib/python3.12/site-packages/airflow/example_dags/example_branch_labels.py
[2026-07-18T15:56:39.740+0530] {processor.py:914} INFO - Processing file /Users/bhavishyachallagolla/Desktop/RetailSense/.venv/lib/python3.12/site-packages/airflow/example_dags/example_branch_labels.py for tasks to queue
[2026-07-18T15:56:39.740+0530] {logging_mixin.py:190} INFO - [2026-07-18T15:56:39.740+0530] {dagbag.py:588} INFO - Filling up the DagBag from /Users/bhavishyachallagolla/Desktop/RetailSense/.venv/lib/python3.12/site-packages/airflow/example_dags/example_branch_labels.py
[2026-07-18T15:56:39.743+0530] {processor.py:925} INFO - DAG(s) 'example_branch_labels' retrieved from /Users/bhavishyachallagolla/Desktop/RetailSense/.venv/lib/python3.12/site-packages/airflow/example_dags/example_branch_labels.py
[2026-07-18T15:56:39.767+0530] {logging_mixin.py:190} INFO - [2026-07-18T15:56:39.767+0530] {dag.py:3239} INFO - Sync 1 DAGs
[2026-07-18T15:56:39.772+0530] {logging_mixin.py:190} INFO - [2026-07-18T15:56:39.772+0530] {dag.py:4180} INFO - Setting next_dagrun for example_branch_labels to 2026-07-17 00:00:00+00:00, run_after=2026-07-18 00:00:00+00:00
[2026-07-18T15:56:39.777+0530] {processor.py:208} INFO - Processing /Users/bhavishyachallagolla/Desktop/RetailSense/.venv/lib/python3.12/site-packages/airflow/example_dags/example_branch_labels.py took 0.038 seconds
