[2026-07-18T15:36:06.928+0530] {processor.py:186} INFO - Started process (PID=3315) to work on /Users/bhavishyachallagolla/Desktop/RetailSense/.venv/lib/python3.12/site-packages/airflow/example_dags/tutorial_dag.py
[2026-07-18T15:36:06.928+0530] {processor.py:914} INFO - Processing file /Users/bhavishyachallagolla/Desktop/RetailSense/.venv/lib/python3.12/site-packages/airflow/example_dags/tutorial_dag.py for tasks to queue
[2026-07-18T15:36:06.928+0530] {logging_mixin.py:190} INFO - [2026-07-18T15:36:06.928+0530] {dagbag.py:588} INFO - Filling up the DagBag from /Users/bhavishyachallagolla/Desktop/RetailSense/.venv/lib/python3.12/site-packages/airflow/example_dags/tutorial_dag.py
[2026-07-18T15:36:06.936+0530] {processor.py:925} INFO - DAG(s) 'tutorial_dag' retrieved from /Users/bhavishyachallagolla/Desktop/RetailSense/.venv/lib/python3.12/site-packages/airflow/example_dags/tutorial_dag.py
[2026-07-18T15:36:06.960+0530] {logging_mixin.py:190} INFO - [2026-07-18T15:36:06.960+0530] {dag.py:3239} INFO - Sync 1 DAGs
[2026-07-18T15:36:06.964+0530] {logging_mixin.py:190} INFO - [2026-07-18T15:36:06.963+0530] {dag.py:4180} INFO - Setting next_dagrun for tutorial_dag to None, run_after=None
[2026-07-18T15:36:06.969+0530] {processor.py:208} INFO - Processing /Users/bhavishyachallagolla/Desktop/RetailSense/.venv/lib/python3.12/site-packages/airflow/example_dags/tutorial_dag.py took 0.042 seconds
[2026-07-18T15:37:28.050+0530] {processor.py:186} INFO - Started process (PID=3520) to work on /Users/bhavishyachallagolla/Desktop/RetailSense/.venv/lib/python3.12/site-packages/airflow/example_dags/tutorial_dag.py
[2026-07-18T15:37:28.051+0530] {processor.py:914} INFO - Processing file /Users/bhavishyachallagolla/Desktop/RetailSense/.venv/lib/python3.12/site-packages/airflow/example_dags/tutorial_dag.py for tasks to queue
[2026-07-18T15:37:28.051+0530] {logging_mixin.py:190} INFO - [2026-07-18T15:37:28.051+0530] {dagbag.py:588} INFO - Filling up the DagBag from /Users/bhavishyachallagolla/Desktop/RetailSense/.venv/lib/python3.12/site-packages/airflow/example_dags/tutorial_dag.py
[2026-07-18T15:37:28.060+0530] {processor.py:925} INFO - DAG(s) 'tutorial_dag' retrieved from /Users/bhavishyachallagolla/Desktop/RetailSense/.venv/lib/python3.12/site-packages/airflow/example_dags/tutorial_dag.py
[2026-07-18T15:37:28.084+0530] {logging_mixin.py:190} INFO - [2026-07-18T15:37:28.084+0530] {dag.py:3239} INFO - Sync 1 DAGs
[2026-07-18T15:37:28.087+0530] {logging_mixin.py:190} INFO - [2026-07-18T15:37:28.087+0530] {dag.py:4180} INFO - Setting next_dagrun for tutorial_dag to None, run_after=None
[2026-07-18T15:37:28.092+0530] {processor.py:208} INFO - Processing /Users/bhavishyachallagolla/Desktop/RetailSense/.venv/lib/python3.12/site-packages/airflow/example_dags/tutorial_dag.py took 0.043 seconds
[2026-07-18T15:38:30.177+0530] {processor.py:186} INFO - Started process (PID=3684) to work on /Users/bhavishyachallagolla/Desktop/RetailSense/.venv/lib/python3.12/site-packages/airflow/example_dags/tutorial_dag.py
[2026-07-18T15:38:30.178+0530] {processor.py:914} INFO - Processing file /Users/bhavishyachallagolla/Desktop/RetailSense/.venv/lib/python3.12/site-packages/airflow/example_dags/tutorial_dag.py for tasks to queue
[2026-07-18T15:38:30.179+0530] {logging_mixin.py:190} INFO - [2026-07-18T15:38:30.179+0530] {dagbag.py:588} INFO - Filling up the DagBag from /Users/bhavishyachallagolla/Desktop/RetailSense/.venv/lib/python3.12/site-packages/airflow/example_dags/tutorial_dag.py
[2026-07-18T15:38:30.187+0530] {processor.py:925} INFO - DAG(s) 'tutorial_dag' retrieved from /Users/bhavishyachallagolla/Desktop/RetailSense/.venv/lib/python3.12/site-packages/airflow/example_dags/tutorial_dag.py
[2026-07-18T15:38:30.211+0530] {logging_mixin.py:190} INFO - [2026-07-18T15:38:30.210+0530] {dag.py:3239} INFO - Sync 1 DAGs
[2026-07-18T15:38:30.214+0530] {logging_mixin.py:190} INFO - [2026-07-18T15:38:30.214+0530] {dag.py:4180} INFO - Setting next_dagrun for tutorial_dag to None, run_after=None
[2026-07-18T15:38:30.218+0530] {processor.py:208} INFO - Processing /Users/bhavishyachallagolla/Desktop/RetailSense/.venv/lib/python3.12/site-packages/airflow/example_dags/tutorial_dag.py took 0.043 seconds
[2026-07-18T15:39:32.433+0530] {processor.py:186} INFO - Started process (PID=3857) to work on /Users/bhavishyachallagolla/Desktop/RetailSense/.venv/lib/python3.12/site-packages/airflow/example_dags/tutorial_dag.py
[2026-07-18T15:39:32.433+0530] {processor.py:914} INFO - Processing file /Users/bhavishyachallagolla/Desktop/RetailSense/.venv/lib/python3.12/site-packages/airflow/example_dags/tutorial_dag.py for tasks to queue
[2026-07-18T15:39:32.433+0530] {logging_mixin.py:190} INFO - [2026-07-18T15:39:32.433+0530] {dagbag.py:588} INFO - Filling up the DagBag from /Users/bhavishyachallagolla/Desktop/RetailSense/.venv/lib/python3.12/site-packages/airflow/example_dags/tutorial_dag.py
[2026-07-18T15:39:32.441+0530] {processor.py:925} INFO - DAG(s) 'tutorial_dag' retrieved from /Users/bhavishyachallagolla/Desktop/RetailSense/.venv/lib/python3.12/site-packages/airflow/example_dags/tutorial_dag.py
[2026-07-18T15:39:32.465+0530] {logging_mixin.py:190} INFO - [2026-07-18T15:39:32.465+0530] {dag.py:3239} INFO - Sync 1 DAGs
[2026-07-18T15:39:32.468+0530] {logging_mixin.py:190} INFO - [2026-07-18T15:39:32.468+0530] {dag.py:4180} INFO - Setting next_dagrun for tutorial_dag to None, run_after=None
[2026-07-18T15:39:32.473+0530] {processor.py:208} INFO - Processing /Users/bhavishyachallagolla/Desktop/RetailSense/.venv/lib/python3.12/site-packages/airflow/example_dags/tutorial_dag.py took 0.042 seconds
[2026-07-18T15:40:22.830+0530] {processor.py:186} INFO - Started process (PID=3984) to work on /Users/bhavishyachallagolla/Desktop/RetailSense/.venv/lib/python3.12/site-packages/airflow/example_dags/tutorial_dag.py
[2026-07-18T15:40:22.831+0530] {processor.py:914} INFO - Processing file /Users/bhavishyachallagolla/Desktop/RetailSense/.venv/lib/python3.12/site-packages/airflow/example_dags/tutorial_dag.py for tasks to queue
[2026-07-18T15:40:22.831+0530] {logging_mixin.py:190} INFO - [2026-07-18T15:40:22.831+0530] {dagbag.py:588} INFO - Filling up the DagBag from /Users/bhavishyachallagolla/Desktop/RetailSense/.venv/lib/python3.12/site-packages/airflow/example_dags/tutorial_dag.py
[2026-07-18T15:40:22.839+0530] {processor.py:925} INFO - DAG(s) 'tutorial_dag' retrieved from /Users/bhavishyachallagolla/Desktop/RetailSense/.venv/lib/python3.12/site-packages/airflow/example_dags/tutorial_dag.py
[2026-07-18T15:40:22.863+0530] {logging_mixin.py:190} INFO - [2026-07-18T15:40:22.863+0530] {dag.py:3239} INFO - Sync 1 DAGs
[2026-07-18T15:40:22.866+0530] {logging_mixin.py:190} INFO - [2026-07-18T15:40:22.866+0530] {dag.py:4180} INFO - Setting next_dagrun for tutorial_dag to None, run_after=None
[2026-07-18T15:40:22.870+0530] {processor.py:208} INFO - Processing /Users/bhavishyachallagolla/Desktop/RetailSense/.venv/lib/python3.12/site-packages/airflow/example_dags/tutorial_dag.py took 0.041 seconds
[2026-07-18T15:41:11.693+0530] {processor.py:186} INFO - Started process (PID=4122) to work on /Users/bhavishyachallagolla/Desktop/RetailSense/.venv/lib/python3.12/site-packages/airflow/example_dags/tutorial_dag.py
[2026-07-18T15:41:11.694+0530] {processor.py:914} INFO - Processing file /Users/bhavishyachallagolla/Desktop/RetailSense/.venv/lib/python3.12/site-packages/airflow/example_dags/tutorial_dag.py for tasks to queue
[2026-07-18T15:41:11.695+0530] {logging_mixin.py:190} INFO - [2026-07-18T15:41:11.694+0530] {dagbag.py:588} INFO - Filling up the DagBag from /Users/bhavishyachallagolla/Desktop/RetailSense/.venv/lib/python3.12/site-packages/airflow/example_dags/tutorial_dag.py
[2026-07-18T15:41:11.703+0530] {processor.py:925} INFO - DAG(s) 'tutorial_dag' retrieved from /Users/bhavishyachallagolla/Desktop/RetailSense/.venv/lib/python3.12/site-packages/airflow/example_dags/tutorial_dag.py
[2026-07-18T15:41:11.726+0530] {logging_mixin.py:190} INFO - [2026-07-18T15:41:11.726+0530] {dag.py:3239} INFO - Sync 1 DAGs
[2026-07-18T15:41:11.729+0530] {logging_mixin.py:190} INFO - [2026-07-18T15:41:11.729+0530] {dag.py:4180} INFO - Setting next_dagrun for tutorial_dag to None, run_after=None
[2026-07-18T15:41:11.734+0530] {processor.py:208} INFO - Processing /Users/bhavishyachallagolla/Desktop/RetailSense/.venv/lib/python3.12/site-packages/airflow/example_dags/tutorial_dag.py took 0.042 seconds
[2026-07-18T15:42:02.077+0530] {processor.py:186} INFO - Started process (PID=4243) to work on /Users/bhavishyachallagolla/Desktop/RetailSense/.venv/lib/python3.12/site-packages/airflow/example_dags/tutorial_dag.py
[2026-07-18T15:42:02.077+0530] {processor.py:914} INFO - Processing file /Users/bhavishyachallagolla/Desktop/RetailSense/.venv/lib/python3.12/site-packages/airflow/example_dags/tutorial_dag.py for tasks to queue
[2026-07-18T15:42:02.077+0530] {logging_mixin.py:190} INFO - [2026-07-18T15:42:02.077+0530] {dagbag.py:588} INFO - Filling up the DagBag from /Users/bhavishyachallagolla/Desktop/RetailSense/.venv/lib/python3.12/site-packages/airflow/example_dags/tutorial_dag.py
[2026-07-18T15:42:02.086+0530] {processor.py:925} INFO - DAG(s) 'tutorial_dag' retrieved from /Users/bhavishyachallagolla/Desktop/RetailSense/.venv/lib/python3.12/site-packages/airflow/example_dags/tutorial_dag.py
[2026-07-18T15:42:02.111+0530] {logging_mixin.py:190} INFO - [2026-07-18T15:42:02.111+0530] {dag.py:3239} INFO - Sync 1 DAGs
[2026-07-18T15:42:02.114+0530] {logging_mixin.py:190} INFO - [2026-07-18T15:42:02.114+0530] {dag.py:4180} INFO - Setting next_dagrun for tutorial_dag to None, run_after=None
[2026-07-18T15:42:02.119+0530] {processor.py:208} INFO - Processing /Users/bhavishyachallagolla/Desktop/RetailSense/.venv/lib/python3.12/site-packages/airflow/example_dags/tutorial_dag.py took 0.043 seconds
[2026-07-18T15:42:54.552+0530] {processor.py:186} INFO - Started process (PID=4376) to work on /Users/bhavishyachallagolla/Desktop/RetailSense/.venv/lib/python3.12/site-packages/airflow/example_dags/tutorial_dag.py
[2026-07-18T15:42:54.553+0530] {processor.py:914} INFO - Processing file /Users/bhavishyachallagolla/Desktop/RetailSense/.venv/lib/python3.12/site-packages/airflow/example_dags/tutorial_dag.py for tasks to queue
[2026-07-18T15:42:54.553+0530] {logging_mixin.py:190} INFO - [2026-07-18T15:42:54.553+0530] {dagbag.py:588} INFO - Filling up the DagBag from /Users/bhavishyachallagolla/Desktop/RetailSense/.venv/lib/python3.12/site-packages/airflow/example_dags/tutorial_dag.py
[2026-07-18T15:42:54.562+0530] {processor.py:925} INFO - DAG(s) 'tutorial_dag' retrieved from /Users/bhavishyachallagolla/Desktop/RetailSense/.venv/lib/python3.12/site-packages/airflow/example_dags/tutorial_dag.py
[2026-07-18T15:42:54.585+0530] {logging_mixin.py:190} INFO - [2026-07-18T15:42:54.585+0530] {dag.py:3239} INFO - Sync 1 DAGs
[2026-07-18T15:42:54.588+0530] {logging_mixin.py:190} INFO - [2026-07-18T15:42:54.588+0530] {dag.py:4180} INFO - Setting next_dagrun for tutorial_dag to None, run_after=None
[2026-07-18T15:42:54.593+0530] {processor.py:208} INFO - Processing /Users/bhavishyachallagolla/Desktop/RetailSense/.venv/lib/python3.12/site-packages/airflow/example_dags/tutorial_dag.py took 0.042 seconds
[2026-07-18T15:43:57.581+0530] {processor.py:186} INFO - Started process (PID=4567) to work on /Users/bhavishyachallagolla/Desktop/RetailSense/.venv/lib/python3.12/site-packages/airflow/example_dags/tutorial_dag.py
[2026-07-18T15:43:57.582+0530] {processor.py:914} INFO - Processing file /Users/bhavishyachallagolla/Desktop/RetailSense/.venv/lib/python3.12/site-packages/airflow/example_dags/tutorial_dag.py for tasks to queue
[2026-07-18T15:43:57.582+0530] {logging_mixin.py:190} INFO - [2026-07-18T15:43:57.582+0530] {dagbag.py:588} INFO - Filling up the DagBag from /Users/bhavishyachallagolla/Desktop/RetailSense/.venv/lib/python3.12/site-packages/airflow/example_dags/tutorial_dag.py
[2026-07-18T15:43:57.591+0530] {processor.py:925} INFO - DAG(s) 'tutorial_dag' retrieved from /Users/bhavishyachallagolla/Desktop/RetailSense/.venv/lib/python3.12/site-packages/airflow/example_dags/tutorial_dag.py
[2026-07-18T15:43:57.615+0530] {logging_mixin.py:190} INFO - [2026-07-18T15:43:57.615+0530] {dag.py:3239} INFO - Sync 1 DAGs
[2026-07-18T15:43:57.618+0530] {logging_mixin.py:190} INFO - [2026-07-18T15:43:57.618+0530] {dag.py:4180} INFO - Setting next_dagrun for tutorial_dag to None, run_after=None
[2026-07-18T15:43:57.623+0530] {processor.py:208} INFO - Processing /Users/bhavishyachallagolla/Desktop/RetailSense/.venv/lib/python3.12/site-packages/airflow/example_dags/tutorial_dag.py took 0.043 seconds
[2026-07-18T15:44:49.277+0530] {processor.py:186} INFO - Started process (PID=4698) to work on /Users/bhavishyachallagolla/Desktop/RetailSense/.venv/lib/python3.12/site-packages/airflow/example_dags/tutorial_dag.py
[2026-07-18T15:44:49.278+0530] {processor.py:914} INFO - Processing file /Users/bhavishyachallagolla/Desktop/RetailSense/.venv/lib/python3.12/site-packages/airflow/example_dags/tutorial_dag.py for tasks to queue
[2026-07-18T15:44:49.278+0530] {logging_mixin.py:190} INFO - [2026-07-18T15:44:49.278+0530] {dagbag.py:588} INFO - Filling up the DagBag from /Users/bhavishyachallagolla/Desktop/RetailSense/.venv/lib/python3.12/site-packages/airflow/example_dags/tutorial_dag.py
[2026-07-18T15:44:49.287+0530] {processor.py:925} INFO - DAG(s) 'tutorial_dag' retrieved from /Users/bhavishyachallagolla/Desktop/RetailSense/.venv/lib/python3.12/site-packages/airflow/example_dags/tutorial_dag.py
[2026-07-18T15:44:49.311+0530] {logging_mixin.py:190} INFO - [2026-07-18T15:44:49.311+0530] {dag.py:3239} INFO - Sync 1 DAGs
[2026-07-18T15:44:49.314+0530] {logging_mixin.py:190} INFO - [2026-07-18T15:44:49.313+0530] {dag.py:4180} INFO - Setting next_dagrun for tutorial_dag to None, run_after=None
[2026-07-18T15:44:49.318+0530] {processor.py:208} INFO - Processing /Users/bhavishyachallagolla/Desktop/RetailSense/.venv/lib/python3.12/site-packages/airflow/example_dags/tutorial_dag.py took 0.042 seconds
[2026-07-18T15:45:41.381+0530] {processor.py:186} INFO - Started process (PID=4824) to work on /Users/bhavishyachallagolla/Desktop/RetailSense/.venv/lib/python3.12/site-packages/airflow/example_dags/tutorial_dag.py
[2026-07-18T15:45:41.381+0530] {processor.py:914} INFO - Processing file /Users/bhavishyachallagolla/Desktop/RetailSense/.venv/lib/python3.12/site-packages/airflow/example_dags/tutorial_dag.py for tasks to queue
[2026-07-18T15:45:41.381+0530] {logging_mixin.py:190} INFO - [2026-07-18T15:45:41.381+0530] {dagbag.py:588} INFO - Filling up the DagBag from /Users/bhavishyachallagolla/Desktop/RetailSense/.venv/lib/python3.12/site-packages/airflow/example_dags/tutorial_dag.py
[2026-07-18T15:45:41.389+0530] {processor.py:925} INFO - DAG(s) 'tutorial_dag' retrieved from /Users/bhavishyachallagolla/Desktop/RetailSense/.venv/lib/python3.12/site-packages/airflow/example_dags/tutorial_dag.py
[2026-07-18T15:45:41.413+0530] {logging_mixin.py:190} INFO - [2026-07-18T15:45:41.413+0530] {dag.py:3239} INFO - Sync 1 DAGs
[2026-07-18T15:45:41.415+0530] {logging_mixin.py:190} INFO - [2026-07-18T15:45:41.415+0530] {dag.py:4180} INFO - Setting next_dagrun for tutorial_dag to None, run_after=None
[2026-07-18T15:45:41.420+0530] {processor.py:208} INFO - Processing /Users/bhavishyachallagolla/Desktop/RetailSense/.venv/lib/python3.12/site-packages/airflow/example_dags/tutorial_dag.py took 0.040 seconds
[2026-07-18T15:46:34.545+0530] {processor.py:186} INFO - Started process (PID=4955) to work on /Users/bhavishyachallagolla/Desktop/RetailSense/.venv/lib/python3.12/site-packages/airflow/example_dags/tutorial_dag.py
[2026-07-18T15:46:34.545+0530] {processor.py:914} INFO - Processing file /Users/bhavishyachallagolla/Desktop/RetailSense/.venv/lib/python3.12/site-packages/airflow/example_dags/tutorial_dag.py for tasks to queue
[2026-07-18T15:46:34.546+0530] {logging_mixin.py:190} INFO - [2026-07-18T15:46:34.546+0530] {dagbag.py:588} INFO - Filling up the DagBag from /Users/bhavishyachallagolla/Desktop/RetailSense/.venv/lib/python3.12/site-packages/airflow/example_dags/tutorial_dag.py
[2026-07-18T15:46:34.554+0530] {processor.py:925} INFO - DAG(s) 'tutorial_dag' retrieved from /Users/bhavishyachallagolla/Desktop/RetailSense/.venv/lib/python3.12/site-packages/airflow/example_dags/tutorial_dag.py
[2026-07-18T15:46:34.578+0530] {logging_mixin.py:190} INFO - [2026-07-18T15:46:34.578+0530] {dag.py:3239} INFO - Sync 1 DAGs
[2026-07-18T15:46:34.581+0530] {logging_mixin.py:190} INFO - [2026-07-18T15:46:34.581+0530] {dag.py:4180} INFO - Setting next_dagrun for tutorial_dag to None, run_after=None
[2026-07-18T15:46:34.586+0530] {processor.py:208} INFO - Processing /Users/bhavishyachallagolla/Desktop/RetailSense/.venv/lib/python3.12/site-packages/airflow/example_dags/tutorial_dag.py took 0.042 seconds
[2026-07-18T15:47:25.709+0530] {processor.py:186} INFO - Started process (PID=5113) to work on /Users/bhavishyachallagolla/Desktop/RetailSense/.venv/lib/python3.12/site-packages/airflow/example_dags/tutorial_dag.py
[2026-07-18T15:47:25.710+0530] {processor.py:914} INFO - Processing file /Users/bhavishyachallagolla/Desktop/RetailSense/.venv/lib/python3.12/site-packages/airflow/example_dags/tutorial_dag.py for tasks to queue
[2026-07-18T15:47:25.711+0530] {logging_mixin.py:190} INFO - [2026-07-18T15:47:25.710+0530] {dagbag.py:588} INFO - Filling up the DagBag from /Users/bhavishyachallagolla/Desktop/RetailSense/.venv/lib/python3.12/site-packages/airflow/example_dags/tutorial_dag.py
[2026-07-18T15:47:25.719+0530] {processor.py:925} INFO - DAG(s) 'tutorial_dag' retrieved from /Users/bhavishyachallagolla/Desktop/RetailSense/.venv/lib/python3.12/site-packages/airflow/example_dags/tutorial_dag.py
[2026-07-18T15:47:25.743+0530] {logging_mixin.py:190} INFO - [2026-07-18T15:47:25.743+0530] {dag.py:3239} INFO - Sync 1 DAGs
[2026-07-18T15:47:25.746+0530] {logging_mixin.py:190} INFO - [2026-07-18T15:47:25.746+0530] {dag.py:4180} INFO - Setting next_dagrun for tutorial_dag to None, run_after=None
[2026-07-18T15:47:25.751+0530] {processor.py:208} INFO - Processing /Users/bhavishyachallagolla/Desktop/RetailSense/.venv/lib/python3.12/site-packages/airflow/example_dags/tutorial_dag.py took 0.042 seconds
[2026-07-18T15:48:18.321+0530] {processor.py:186} INFO - Started process (PID=5256) to work on /Users/bhavishyachallagolla/Desktop/RetailSense/.venv/lib/python3.12/site-packages/airflow/example_dags/tutorial_dag.py
[2026-07-18T15:48:18.322+0530] {processor.py:914} INFO - Processing file /Users/bhavishyachallagolla/Desktop/RetailSense/.venv/lib/python3.12/site-packages/airflow/example_dags/tutorial_dag.py for tasks to queue
[2026-07-18T15:48:18.322+0530] {logging_mixin.py:190} INFO - [2026-07-18T15:48:18.322+0530] {dagbag.py:588} INFO - Filling up the DagBag from /Users/bhavishyachallagolla/Desktop/RetailSense/.venv/lib/python3.12/site-packages/airflow/example_dags/tutorial_dag.py
[2026-07-18T15:48:18.331+0530] {processor.py:925} INFO - DAG(s) 'tutorial_dag' retrieved from /Users/bhavishyachallagolla/Desktop/RetailSense/.venv/lib/python3.12/site-packages/airflow/example_dags/tutorial_dag.py
[2026-07-18T15:48:18.355+0530] {logging_mixin.py:190} INFO - [2026-07-18T15:48:18.355+0530] {dag.py:3239} INFO - Sync 1 DAGs
[2026-07-18T15:48:18.358+0530] {logging_mixin.py:190} INFO - [2026-07-18T15:48:18.358+0530] {dag.py:4180} INFO - Setting next_dagrun for tutorial_dag to None, run_after=None
[2026-07-18T15:48:18.362+0530] {processor.py:208} INFO - Processing /Users/bhavishyachallagolla/Desktop/RetailSense/.venv/lib/python3.12/site-packages/airflow/example_dags/tutorial_dag.py took 0.042 seconds
[2026-07-18T15:49:11.648+0530] {processor.py:186} INFO - Started process (PID=5402) to work on /Users/bhavishyachallagolla/Desktop/RetailSense/.venv/lib/python3.12/site-packages/airflow/example_dags/tutorial_dag.py
[2026-07-18T15:49:11.648+0530] {processor.py:914} INFO - Processing file /Users/bhavishyachallagolla/Desktop/RetailSense/.venv/lib/python3.12/site-packages/airflow/example_dags/tutorial_dag.py for tasks to queue
[2026-07-18T15:49:11.649+0530] {logging_mixin.py:190} INFO - [2026-07-18T15:49:11.649+0530] {dagbag.py:588} INFO - Filling up the DagBag from /Users/bhavishyachallagolla/Desktop/RetailSense/.venv/lib/python3.12/site-packages/airflow/example_dags/tutorial_dag.py
[2026-07-18T15:49:11.661+0530] {processor.py:925} INFO - DAG(s) 'tutorial_dag' retrieved from /Users/bhavishyachallagolla/Desktop/RetailSense/.venv/lib/python3.12/site-packages/airflow/example_dags/tutorial_dag.py
[2026-07-18T15:49:11.688+0530] {logging_mixin.py:190} INFO - [2026-07-18T15:49:11.688+0530] {dag.py:3239} INFO - Sync 1 DAGs
[2026-07-18T15:49:11.691+0530] {logging_mixin.py:190} INFO - [2026-07-18T15:49:11.691+0530] {dag.py:4180} INFO - Setting next_dagrun for tutorial_dag to None, run_after=None
[2026-07-18T15:49:11.696+0530] {processor.py:208} INFO - Processing /Users/bhavishyachallagolla/Desktop/RetailSense/.venv/lib/python3.12/site-packages/airflow/example_dags/tutorial_dag.py took 0.050 seconds
[2026-07-18T15:50:05.030+0530] {processor.py:186} INFO - Started process (PID=5535) to work on /Users/bhavishyachallagolla/Desktop/RetailSense/.venv/lib/python3.12/site-packages/airflow/example_dags/tutorial_dag.py
[2026-07-18T15:50:05.031+0530] {processor.py:914} INFO - Processing file /Users/bhavishyachallagolla/Desktop/RetailSense/.venv/lib/python3.12/site-packages/airflow/example_dags/tutorial_dag.py for tasks to queue
[2026-07-18T15:50:05.032+0530] {logging_mixin.py:190} INFO - [2026-07-18T15:50:05.032+0530] {dagbag.py:588} INFO - Filling up the DagBag from /Users/bhavishyachallagolla/Desktop/RetailSense/.venv/lib/python3.12/site-packages/airflow/example_dags/tutorial_dag.py
[2026-07-18T15:50:05.041+0530] {processor.py:925} INFO - DAG(s) 'tutorial_dag' retrieved from /Users/bhavishyachallagolla/Desktop/RetailSense/.venv/lib/python3.12/site-packages/airflow/example_dags/tutorial_dag.py
[2026-07-18T15:50:05.065+0530] {logging_mixin.py:190} INFO - [2026-07-18T15:50:05.065+0530] {dag.py:3239} INFO - Sync 1 DAGs
[2026-07-18T15:50:05.068+0530] {logging_mixin.py:190} INFO - [2026-07-18T15:50:05.068+0530] {dag.py:4180} INFO - Setting next_dagrun for tutorial_dag to None, run_after=None
[2026-07-18T15:50:05.072+0530] {processor.py:208} INFO - Processing /Users/bhavishyachallagolla/Desktop/RetailSense/.venv/lib/python3.12/site-packages/airflow/example_dags/tutorial_dag.py took 0.043 seconds
[2026-07-18T15:50:58.973+0530] {processor.py:186} INFO - Started process (PID=5674) to work on /Users/bhavishyachallagolla/Desktop/RetailSense/.venv/lib/python3.12/site-packages/airflow/example_dags/tutorial_dag.py
[2026-07-18T15:50:58.975+0530] {processor.py:914} INFO - Processing file /Users/bhavishyachallagolla/Desktop/RetailSense/.venv/lib/python3.12/site-packages/airflow/example_dags/tutorial_dag.py for tasks to queue
[2026-07-18T15:50:58.975+0530] {logging_mixin.py:190} INFO - [2026-07-18T15:50:58.975+0530] {dagbag.py:588} INFO - Filling up the DagBag from /Users/bhavishyachallagolla/Desktop/RetailSense/.venv/lib/python3.12/site-packages/airflow/example_dags/tutorial_dag.py
[2026-07-18T15:50:58.985+0530] {processor.py:925} INFO - DAG(s) 'tutorial_dag' retrieved from /Users/bhavishyachallagolla/Desktop/RetailSense/.venv/lib/python3.12/site-packages/airflow/example_dags/tutorial_dag.py
[2026-07-18T15:50:59.012+0530] {logging_mixin.py:190} INFO - [2026-07-18T15:50:59.011+0530] {dag.py:3239} INFO - Sync 1 DAGs
[2026-07-18T15:50:59.015+0530] {logging_mixin.py:190} INFO - [2026-07-18T15:50:59.014+0530] {dag.py:4180} INFO - Setting next_dagrun for tutorial_dag to None, run_after=None
[2026-07-18T15:50:59.020+0530] {processor.py:208} INFO - Processing /Users/bhavishyachallagolla/Desktop/RetailSense/.venv/lib/python3.12/site-packages/airflow/example_dags/tutorial_dag.py took 0.048 seconds
[2026-07-18T15:51:49.333+0530] {processor.py:186} INFO - Started process (PID=5799) to work on /Users/bhavishyachallagolla/Desktop/RetailSense/.venv/lib/python3.12/site-packages/airflow/example_dags/tutorial_dag.py
[2026-07-18T15:51:49.334+0530] {processor.py:914} INFO - Processing file /Users/bhavishyachallagolla/Desktop/RetailSense/.venv/lib/python3.12/site-packages/airflow/example_dags/tutorial_dag.py for tasks to queue
[2026-07-18T15:51:49.334+0530] {logging_mixin.py:190} INFO - [2026-07-18T15:51:49.334+0530] {dagbag.py:588} INFO - Filling up the DagBag from /Users/bhavishyachallagolla/Desktop/RetailSense/.venv/lib/python3.12/site-packages/airflow/example_dags/tutorial_dag.py
[2026-07-18T15:51:49.343+0530] {processor.py:925} INFO - DAG(s) 'tutorial_dag' retrieved from /Users/bhavishyachallagolla/Desktop/RetailSense/.venv/lib/python3.12/site-packages/airflow/example_dags/tutorial_dag.py
[2026-07-18T15:51:49.366+0530] {logging_mixin.py:190} INFO - [2026-07-18T15:51:49.366+0530] {dag.py:3239} INFO - Sync 1 DAGs
[2026-07-18T15:51:49.369+0530] {logging_mixin.py:190} INFO - [2026-07-18T15:51:49.369+0530] {dag.py:4180} INFO - Setting next_dagrun for tutorial_dag to None, run_after=None
[2026-07-18T15:51:49.373+0530] {processor.py:208} INFO - Processing /Users/bhavishyachallagolla/Desktop/RetailSense/.venv/lib/python3.12/site-packages/airflow/example_dags/tutorial_dag.py took 0.042 seconds
[2026-07-18T15:52:39.927+0530] {processor.py:186} INFO - Started process (PID=5925) to work on /Users/bhavishyachallagolla/Desktop/RetailSense/.venv/lib/python3.12/site-packages/airflow/example_dags/tutorial_dag.py
[2026-07-18T15:52:39.927+0530] {processor.py:914} INFO - Processing file /Users/bhavishyachallagolla/Desktop/RetailSense/.venv/lib/python3.12/site-packages/airflow/example_dags/tutorial_dag.py for tasks to queue
[2026-07-18T15:52:39.928+0530] {logging_mixin.py:190} INFO - [2026-07-18T15:52:39.928+0530] {dagbag.py:588} INFO - Filling up the DagBag from /Users/bhavishyachallagolla/Desktop/RetailSense/.venv/lib/python3.12/site-packages/airflow/example_dags/tutorial_dag.py
[2026-07-18T15:52:39.936+0530] {processor.py:925} INFO - DAG(s) 'tutorial_dag' retrieved from /Users/bhavishyachallagolla/Desktop/RetailSense/.venv/lib/python3.12/site-packages/airflow/example_dags/tutorial_dag.py
[2026-07-18T15:52:39.961+0530] {logging_mixin.py:190} INFO - [2026-07-18T15:52:39.960+0530] {dag.py:3239} INFO - Sync 1 DAGs
[2026-07-18T15:52:39.963+0530] {logging_mixin.py:190} INFO - [2026-07-18T15:52:39.963+0530] {dag.py:4180} INFO - Setting next_dagrun for tutorial_dag to None, run_after=None
[2026-07-18T15:52:39.968+0530] {processor.py:208} INFO - Processing /Users/bhavishyachallagolla/Desktop/RetailSense/.venv/lib/python3.12/site-packages/airflow/example_dags/tutorial_dag.py took 0.042 seconds
[2026-07-18T15:53:31.213+0530] {processor.py:186} INFO - Started process (PID=6063) to work on /Users/bhavishyachallagolla/Desktop/RetailSense/.venv/lib/python3.12/site-packages/airflow/example_dags/tutorial_dag.py
[2026-07-18T15:53:31.213+0530] {processor.py:914} INFO - Processing file /Users/bhavishyachallagolla/Desktop/RetailSense/.venv/lib/python3.12/site-packages/airflow/example_dags/tutorial_dag.py for tasks to queue
[2026-07-18T15:53:31.214+0530] {logging_mixin.py:190} INFO - [2026-07-18T15:53:31.214+0530] {dagbag.py:588} INFO - Filling up the DagBag from /Users/bhavishyachallagolla/Desktop/RetailSense/.venv/lib/python3.12/site-packages/airflow/example_dags/tutorial_dag.py
[2026-07-18T15:53:31.222+0530] {processor.py:925} INFO - DAG(s) 'tutorial_dag' retrieved from /Users/bhavishyachallagolla/Desktop/RetailSense/.venv/lib/python3.12/site-packages/airflow/example_dags/tutorial_dag.py
[2026-07-18T15:53:31.246+0530] {logging_mixin.py:190} INFO - [2026-07-18T15:53:31.245+0530] {dag.py:3239} INFO - Sync 1 DAGs
[2026-07-18T15:53:31.248+0530] {logging_mixin.py:190} INFO - [2026-07-18T15:53:31.248+0530] {dag.py:4180} INFO - Setting next_dagrun for tutorial_dag to None, run_after=None
[2026-07-18T15:53:31.253+0530] {processor.py:208} INFO - Processing /Users/bhavishyachallagolla/Desktop/RetailSense/.venv/lib/python3.12/site-packages/airflow/example_dags/tutorial_dag.py took 0.041 seconds
[2026-07-18T15:54:22.931+0530] {processor.py:186} INFO - Started process (PID=6189) to work on /Users/bhavishyachallagolla/Desktop/RetailSense/.venv/lib/python3.12/site-packages/airflow/example_dags/tutorial_dag.py
[2026-07-18T15:54:22.932+0530] {processor.py:914} INFO - Processing file /Users/bhavishyachallagolla/Desktop/RetailSense/.venv/lib/python3.12/site-packages/airflow/example_dags/tutorial_dag.py for tasks to queue
[2026-07-18T15:54:22.932+0530] {logging_mixin.py:190} INFO - [2026-07-18T15:54:22.932+0530] {dagbag.py:588} INFO - Filling up the DagBag from /Users/bhavishyachallagolla/Desktop/RetailSense/.venv/lib/python3.12/site-packages/airflow/example_dags/tutorial_dag.py
[2026-07-18T15:54:22.941+0530] {processor.py:925} INFO - DAG(s) 'tutorial_dag' retrieved from /Users/bhavishyachallagolla/Desktop/RetailSense/.venv/lib/python3.12/site-packages/airflow/example_dags/tutorial_dag.py
[2026-07-18T15:54:22.966+0530] {logging_mixin.py:190} INFO - [2026-07-18T15:54:22.966+0530] {dag.py:3239} INFO - Sync 1 DAGs
[2026-07-18T15:54:22.969+0530] {logging_mixin.py:190} INFO - [2026-07-18T15:54:22.969+0530] {dag.py:4180} INFO - Setting next_dagrun for tutorial_dag to None, run_after=None
[2026-07-18T15:54:22.974+0530] {processor.py:208} INFO - Processing /Users/bhavishyachallagolla/Desktop/RetailSense/.venv/lib/python3.12/site-packages/airflow/example_dags/tutorial_dag.py took 0.044 seconds
[2026-07-18T15:55:16.862+0530] {processor.py:186} INFO - Started process (PID=6328) to work on /Users/bhavishyachallagolla/Desktop/RetailSense/.venv/lib/python3.12/site-packages/airflow/example_dags/tutorial_dag.py
[2026-07-18T15:55:16.863+0530] {processor.py:914} INFO - Processing file /Users/bhavishyachallagolla/Desktop/RetailSense/.venv/lib/python3.12/site-packages/airflow/example_dags/tutorial_dag.py for tasks to queue
[2026-07-18T15:55:16.864+0530] {logging_mixin.py:190} INFO - [2026-07-18T15:55:16.864+0530] {dagbag.py:588} INFO - Filling up the DagBag from /Users/bhavishyachallagolla/Desktop/RetailSense/.venv/lib/python3.12/site-packages/airflow/example_dags/tutorial_dag.py
[2026-07-18T15:55:16.873+0530] {processor.py:925} INFO - DAG(s) 'tutorial_dag' retrieved from /Users/bhavishyachallagolla/Desktop/RetailSense/.venv/lib/python3.12/site-packages/airflow/example_dags/tutorial_dag.py
[2026-07-18T15:55:16.897+0530] {logging_mixin.py:190} INFO - [2026-07-18T15:55:16.897+0530] {dag.py:3239} INFO - Sync 1 DAGs
[2026-07-18T15:55:16.899+0530] {logging_mixin.py:190} INFO - [2026-07-18T15:55:16.899+0530] {dag.py:4180} INFO - Setting next_dagrun for tutorial_dag to None, run_after=None
[2026-07-18T15:55:16.904+0530] {processor.py:208} INFO - Processing /Users/bhavishyachallagolla/Desktop/RetailSense/.venv/lib/python3.12/site-packages/airflow/example_dags/tutorial_dag.py took 0.043 seconds
[2026-07-18T15:56:08.545+0530] {processor.py:186} INFO - Started process (PID=6456) to work on /Users/bhavishyachallagolla/Desktop/RetailSense/.venv/lib/python3.12/site-packages/airflow/example_dags/tutorial_dag.py
[2026-07-18T15:56:08.546+0530] {processor.py:914} INFO - Processing file /Users/bhavishyachallagolla/Desktop/RetailSense/.venv/lib/python3.12/site-packages/airflow/example_dags/tutorial_dag.py for tasks to queue
[2026-07-18T15:56:08.546+0530] {logging_mixin.py:190} INFO - [2026-07-18T15:56:08.546+0530] {dagbag.py:588} INFO - Filling up the DagBag from /Users/bhavishyachallagolla/Desktop/RetailSense/.venv/lib/python3.12/site-packages/airflow/example_dags/tutorial_dag.py
[2026-07-18T15:56:08.555+0530] {processor.py:925} INFO - DAG(s) 'tutorial_dag' retrieved from /Users/bhavishyachallagolla/Desktop/RetailSense/.venv/lib/python3.12/site-packages/airflow/example_dags/tutorial_dag.py
[2026-07-18T15:56:08.579+0530] {logging_mixin.py:190} INFO - [2026-07-18T15:56:08.579+0530] {dag.py:3239} INFO - Sync 1 DAGs
[2026-07-18T15:56:08.582+0530] {logging_mixin.py:190} INFO - [2026-07-18T15:56:08.582+0530] {dag.py:4180} INFO - Setting next_dagrun for tutorial_dag to None, run_after=None
[2026-07-18T15:56:08.587+0530] {processor.py:208} INFO - Processing /Users/bhavishyachallagolla/Desktop/RetailSense/.venv/lib/python3.12/site-packages/airflow/example_dags/tutorial_dag.py took 0.043 seconds
