[2026-07-18T15:36:01.305+0530] {processor.py:186} INFO - Started process (PID=3301) to work on /Users/bhavishyachallagolla/Desktop/RetailSense/.venv/lib/python3.12/site-packages/airflow/example_dags/tutorial_taskflow_templates.py
[2026-07-18T15:36:01.305+0530] {processor.py:914} INFO - Processing file /Users/bhavishyachallagolla/Desktop/RetailSense/.venv/lib/python3.12/site-packages/airflow/example_dags/tutorial_taskflow_templates.py for tasks to queue
[2026-07-18T15:36:01.305+0530] {logging_mixin.py:190} INFO - [2026-07-18T15:36:01.305+0530] {dagbag.py:588} INFO - Filling up the DagBag from /Users/bhavishyachallagolla/Desktop/RetailSense/.venv/lib/python3.12/site-packages/airflow/example_dags/tutorial_taskflow_templates.py
[2026-07-18T15:36:01.317+0530] {processor.py:925} INFO - DAG(s) 'tutorial_taskflow_templates' retrieved from /Users/bhavishyachallagolla/Desktop/RetailSense/.venv/lib/python3.12/site-packages/airflow/example_dags/tutorial_taskflow_templates.py
[2026-07-18T15:36:01.341+0530] {logging_mixin.py:190} INFO - [2026-07-18T15:36:01.341+0530] {dag.py:3239} INFO - Sync 1 DAGs
[2026-07-18T15:36:01.346+0530] {logging_mixin.py:190} INFO - [2026-07-18T15:36:01.346+0530] {dag.py:4180} INFO - Setting next_dagrun for tutorial_taskflow_templates to 2026-07-17 00:00:00+00:00, run_after=2026-07-18 00:00:00+00:00
[2026-07-18T15:36:01.350+0530] {processor.py:208} INFO - Processing /Users/bhavishyachallagolla/Desktop/RetailSense/.venv/lib/python3.12/site-packages/airflow/example_dags/tutorial_taskflow_templates.py took 0.046 seconds
[2026-07-18T15:37:22.425+0530] {processor.py:186} INFO - Started process (PID=3506) to work on /Users/bhavishyachallagolla/Desktop/RetailSense/.venv/lib/python3.12/site-packages/airflow/example_dags/tutorial_taskflow_templates.py
[2026-07-18T15:37:22.426+0530] {processor.py:914} INFO - Processing file /Users/bhavishyachallagolla/Desktop/RetailSense/.venv/lib/python3.12/site-packages/airflow/example_dags/tutorial_taskflow_templates.py for tasks to queue
[2026-07-18T15:37:22.426+0530] {logging_mixin.py:190} INFO - [2026-07-18T15:37:22.426+0530] {dagbag.py:588} INFO - Filling up the DagBag from /Users/bhavishyachallagolla/Desktop/RetailSense/.venv/lib/python3.12/site-packages/airflow/example_dags/tutorial_taskflow_templates.py
[2026-07-18T15:37:22.439+0530] {processor.py:925} INFO - DAG(s) 'tutorial_taskflow_templates' retrieved from /Users/bhavishyachallagolla/Desktop/RetailSense/.venv/lib/python3.12/site-packages/airflow/example_dags/tutorial_taskflow_templates.py
[2026-07-18T15:37:22.463+0530] {logging_mixin.py:190} INFO - [2026-07-18T15:37:22.463+0530] {dag.py:3239} INFO - Sync 1 DAGs
[2026-07-18T15:37:22.468+0530] {logging_mixin.py:190} INFO - [2026-07-18T15:37:22.468+0530] {dag.py:4180} INFO - Setting next_dagrun for tutorial_taskflow_templates to 2026-07-17 00:00:00+00:00, run_after=2026-07-18 00:00:00+00:00
[2026-07-18T15:37:22.473+0530] {processor.py:208} INFO - Processing /Users/bhavishyachallagolla/Desktop/RetailSense/.venv/lib/python3.12/site-packages/airflow/example_dags/tutorial_taskflow_templates.py took 0.049 seconds
[2026-07-18T15:38:24.719+0530] {processor.py:186} INFO - Started process (PID=3670) to work on /Users/bhavishyachallagolla/Desktop/RetailSense/.venv/lib/python3.12/site-packages/airflow/example_dags/tutorial_taskflow_templates.py
[2026-07-18T15:38:24.720+0530] {processor.py:914} INFO - Processing file /Users/bhavishyachallagolla/Desktop/RetailSense/.venv/lib/python3.12/site-packages/airflow/example_dags/tutorial_taskflow_templates.py for tasks to queue
[2026-07-18T15:38:24.720+0530] {logging_mixin.py:190} INFO - [2026-07-18T15:38:24.720+0530] {dagbag.py:588} INFO - Filling up the DagBag from /Users/bhavishyachallagolla/Desktop/RetailSense/.venv/lib/python3.12/site-packages/airflow/example_dags/tutorial_taskflow_templates.py
[2026-07-18T15:38:24.733+0530] {processor.py:925} INFO - DAG(s) 'tutorial_taskflow_templates' retrieved from /Users/bhavishyachallagolla/Desktop/RetailSense/.venv/lib/python3.12/site-packages/airflow/example_dags/tutorial_taskflow_templates.py
[2026-07-18T15:38:24.758+0530] {logging_mixin.py:190} INFO - [2026-07-18T15:38:24.758+0530] {dag.py:3239} INFO - Sync 1 DAGs
[2026-07-18T15:38:24.762+0530] {logging_mixin.py:190} INFO - [2026-07-18T15:38:24.762+0530] {dag.py:4180} INFO - Setting next_dagrun for tutorial_taskflow_templates to 2026-07-17 00:00:00+00:00, run_after=2026-07-18 00:00:00+00:00
[2026-07-18T15:38:24.767+0530] {processor.py:208} INFO - Processing /Users/bhavishyachallagolla/Desktop/RetailSense/.venv/lib/python3.12/site-packages/airflow/example_dags/tutorial_taskflow_templates.py took 0.049 seconds
[2026-07-18T15:39:26.295+0530] {processor.py:186} INFO - Started process (PID=3843) to work on /Users/bhavishyachallagolla/Desktop/RetailSense/.venv/lib/python3.12/site-packages/airflow/example_dags/tutorial_taskflow_templates.py
[2026-07-18T15:39:26.295+0530] {processor.py:914} INFO - Processing file /Users/bhavishyachallagolla/Desktop/RetailSense/.venv/lib/python3.12/site-packages/airflow/example_dags/tutorial_taskflow_templates.py for tasks to queue
[2026-07-18T15:39:26.295+0530] {logging_mixin.py:190} INFO - [2026-07-18T15:39:26.295+0530] {dagbag.py:588} INFO - Filling up the DagBag from /Users/bhavishyachallagolla/Desktop/RetailSense/.venv/lib/python3.12/site-packages/airflow/example_dags/tutorial_taskflow_templates.py
[2026-07-18T15:39:26.308+0530] {processor.py:925} INFO - DAG(s) 'tutorial_taskflow_templates' retrieved from /Users/bhavishyachallagolla/Desktop/RetailSense/.venv/lib/python3.12/site-packages/airflow/example_dags/tutorial_taskflow_templates.py
[2026-07-18T15:39:26.331+0530] {logging_mixin.py:190} INFO - [2026-07-18T15:39:26.331+0530] {dag.py:3239} INFO - Sync 1 DAGs
[2026-07-18T15:39:26.336+0530] {logging_mixin.py:190} INFO - [2026-07-18T15:39:26.336+0530] {dag.py:4180} INFO - Setting next_dagrun for tutorial_taskflow_templates to 2026-07-17 00:00:00+00:00, run_after=2026-07-18 00:00:00+00:00
[2026-07-18T15:39:26.341+0530] {processor.py:208} INFO - Processing /Users/bhavishyachallagolla/Desktop/RetailSense/.venv/lib/python3.12/site-packages/airflow/example_dags/tutorial_taskflow_templates.py took 0.047 seconds
[2026-07-18T15:40:17.176+0530] {processor.py:186} INFO - Started process (PID=3971) to work on /Users/bhavishyachallagolla/Desktop/RetailSense/.venv/lib/python3.12/site-packages/airflow/example_dags/tutorial_taskflow_templates.py
[2026-07-18T15:40:17.177+0530] {processor.py:914} INFO - Processing file /Users/bhavishyachallagolla/Desktop/RetailSense/.venv/lib/python3.12/site-packages/airflow/example_dags/tutorial_taskflow_templates.py for tasks to queue
[2026-07-18T15:40:17.177+0530] {logging_mixin.py:190} INFO - [2026-07-18T15:40:17.177+0530] {dagbag.py:588} INFO - Filling up the DagBag from /Users/bhavishyachallagolla/Desktop/RetailSense/.venv/lib/python3.12/site-packages/airflow/example_dags/tutorial_taskflow_templates.py
[2026-07-18T15:40:17.190+0530] {processor.py:925} INFO - DAG(s) 'tutorial_taskflow_templates' retrieved from /Users/bhavishyachallagolla/Desktop/RetailSense/.venv/lib/python3.12/site-packages/airflow/example_dags/tutorial_taskflow_templates.py
[2026-07-18T15:40:17.214+0530] {logging_mixin.py:190} INFO - [2026-07-18T15:40:17.214+0530] {dag.py:3239} INFO - Sync 1 DAGs
[2026-07-18T15:40:17.219+0530] {logging_mixin.py:190} INFO - [2026-07-18T15:40:17.219+0530] {dag.py:4180} INFO - Setting next_dagrun for tutorial_taskflow_templates to 2026-07-17 00:00:00+00:00, run_after=2026-07-18 00:00:00+00:00
[2026-07-18T15:40:17.223+0530] {processor.py:208} INFO - Processing /Users/bhavishyachallagolla/Desktop/RetailSense/.venv/lib/python3.12/site-packages/airflow/example_dags/tutorial_taskflow_templates.py took 0.048 seconds
[2026-07-18T15:41:06.036+0530] {processor.py:186} INFO - Started process (PID=4104) to work on /Users/bhavishyachallagolla/Desktop/RetailSense/.venv/lib/python3.12/site-packages/airflow/example_dags/tutorial_taskflow_templates.py
[2026-07-18T15:41:06.036+0530] {processor.py:914} INFO - Processing file /Users/bhavishyachallagolla/Desktop/RetailSense/.venv/lib/python3.12/site-packages/airflow/example_dags/tutorial_taskflow_templates.py for tasks to queue
[2026-07-18T15:41:06.037+0530] {logging_mixin.py:190} INFO - [2026-07-18T15:41:06.037+0530] {dagbag.py:588} INFO - Filling up the DagBag from /Users/bhavishyachallagolla/Desktop/RetailSense/.venv/lib/python3.12/site-packages/airflow/example_dags/tutorial_taskflow_templates.py
[2026-07-18T15:41:06.051+0530] {processor.py:925} INFO - DAG(s) 'tutorial_taskflow_templates' retrieved from /Users/bhavishyachallagolla/Desktop/RetailSense/.venv/lib/python3.12/site-packages/airflow/example_dags/tutorial_taskflow_templates.py
[2026-07-18T15:41:06.076+0530] {logging_mixin.py:190} INFO - [2026-07-18T15:41:06.076+0530] {dag.py:3239} INFO - Sync 1 DAGs
[2026-07-18T15:41:06.081+0530] {logging_mixin.py:190} INFO - [2026-07-18T15:41:06.081+0530] {dag.py:4180} INFO - Setting next_dagrun for tutorial_taskflow_templates to 2026-07-17 00:00:00+00:00, run_after=2026-07-18 00:00:00+00:00
[2026-07-18T15:41:06.086+0530] {processor.py:208} INFO - Processing /Users/bhavishyachallagolla/Desktop/RetailSense/.venv/lib/python3.12/site-packages/airflow/example_dags/tutorial_taskflow_templates.py took 0.051 seconds
[2026-07-18T15:41:56.578+0530] {processor.py:186} INFO - Started process (PID=4230) to work on /Users/bhavishyachallagolla/Desktop/RetailSense/.venv/lib/python3.12/site-packages/airflow/example_dags/tutorial_taskflow_templates.py
[2026-07-18T15:41:56.578+0530] {processor.py:914} INFO - Processing file /Users/bhavishyachallagolla/Desktop/RetailSense/.venv/lib/python3.12/site-packages/airflow/example_dags/tutorial_taskflow_templates.py for tasks to queue
[2026-07-18T15:41:56.578+0530] {logging_mixin.py:190} INFO - [2026-07-18T15:41:56.578+0530] {dagbag.py:588} INFO - Filling up the DagBag from /Users/bhavishyachallagolla/Desktop/RetailSense/.venv/lib/python3.12/site-packages/airflow/example_dags/tutorial_taskflow_templates.py
[2026-07-18T15:41:56.591+0530] {processor.py:925} INFO - DAG(s) 'tutorial_taskflow_templates' retrieved from /Users/bhavishyachallagolla/Desktop/RetailSense/.venv/lib/python3.12/site-packages/airflow/example_dags/tutorial_taskflow_templates.py
[2026-07-18T15:41:56.616+0530] {logging_mixin.py:190} INFO - [2026-07-18T15:41:56.616+0530] {dag.py:3239} INFO - Sync 1 DAGs
[2026-07-18T15:41:56.621+0530] {logging_mixin.py:190} INFO - [2026-07-18T15:41:56.621+0530] {dag.py:4180} INFO - Setting next_dagrun for tutorial_taskflow_templates to 2026-07-17 00:00:00+00:00, run_after=2026-07-18 00:00:00+00:00
[2026-07-18T15:41:56.626+0530] {processor.py:208} INFO - Processing /Users/bhavishyachallagolla/Desktop/RetailSense/.venv/lib/python3.12/site-packages/airflow/example_dags/tutorial_taskflow_templates.py took 0.049 seconds
[2026-07-18T15:42:48.925+0530] {processor.py:186} INFO - Started process (PID=4362) to work on /Users/bhavishyachallagolla/Desktop/RetailSense/.venv/lib/python3.12/site-packages/airflow/example_dags/tutorial_taskflow_templates.py
[2026-07-18T15:42:48.925+0530] {processor.py:914} INFO - Processing file /Users/bhavishyachallagolla/Desktop/RetailSense/.venv/lib/python3.12/site-packages/airflow/example_dags/tutorial_taskflow_templates.py for tasks to queue
[2026-07-18T15:42:48.926+0530] {logging_mixin.py:190} INFO - [2026-07-18T15:42:48.926+0530] {dagbag.py:588} INFO - Filling up the DagBag from /Users/bhavishyachallagolla/Desktop/RetailSense/.venv/lib/python3.12/site-packages/airflow/example_dags/tutorial_taskflow_templates.py
[2026-07-18T15:42:48.938+0530] {processor.py:925} INFO - DAG(s) 'tutorial_taskflow_templates' retrieved from /Users/bhavishyachallagolla/Desktop/RetailSense/.venv/lib/python3.12/site-packages/airflow/example_dags/tutorial_taskflow_templates.py
[2026-07-18T15:42:48.963+0530] {logging_mixin.py:190} INFO - [2026-07-18T15:42:48.963+0530] {dag.py:3239} INFO - Sync 1 DAGs
[2026-07-18T15:42:48.967+0530] {logging_mixin.py:190} INFO - [2026-07-18T15:42:48.967+0530] {dag.py:4180} INFO - Setting next_dagrun for tutorial_taskflow_templates to 2026-07-17 00:00:00+00:00, run_after=2026-07-18 00:00:00+00:00
[2026-07-18T15:42:48.972+0530] {processor.py:208} INFO - Processing /Users/bhavishyachallagolla/Desktop/RetailSense/.venv/lib/python3.12/site-packages/airflow/example_dags/tutorial_taskflow_templates.py took 0.048 seconds
[2026-07-18T15:43:42.200+0530] {processor.py:186} INFO - Started process (PID=4528) to work on /Users/bhavishyachallagolla/Desktop/RetailSense/.venv/lib/python3.12/site-packages/airflow/example_dags/tutorial_taskflow_templates.py
[2026-07-18T15:43:42.201+0530] {processor.py:914} INFO - Processing file /Users/bhavishyachallagolla/Desktop/RetailSense/.venv/lib/python3.12/site-packages/airflow/example_dags/tutorial_taskflow_templates.py for tasks to queue
[2026-07-18T15:43:42.201+0530] {logging_mixin.py:190} INFO - [2026-07-18T15:43:42.201+0530] {dagbag.py:588} INFO - Filling up the DagBag from /Users/bhavishyachallagolla/Desktop/RetailSense/.venv/lib/python3.12/site-packages/airflow/example_dags/tutorial_taskflow_templates.py
[2026-07-18T15:43:42.214+0530] {processor.py:925} INFO - DAG(s) 'tutorial_taskflow_templates' retrieved from /Users/bhavishyachallagolla/Desktop/RetailSense/.venv/lib/python3.12/site-packages/airflow/example_dags/tutorial_taskflow_templates.py
[2026-07-18T15:43:42.239+0530] {logging_mixin.py:190} INFO - [2026-07-18T15:43:42.238+0530] {dag.py:3239} INFO - Sync 1 DAGs
[2026-07-18T15:43:42.243+0530] {logging_mixin.py:190} INFO - [2026-07-18T15:43:42.243+0530] {dag.py:4180} INFO - Setting next_dagrun for tutorial_taskflow_templates to 2026-07-17 00:00:00+00:00, run_after=2026-07-18 00:00:00+00:00
[2026-07-18T15:43:42.248+0530] {processor.py:208} INFO - Processing /Users/bhavishyachallagolla/Desktop/RetailSense/.venv/lib/python3.12/site-packages/airflow/example_dags/tutorial_taskflow_templates.py took 0.049 seconds
[2026-07-18T15:44:43.679+0530] {processor.py:186} INFO - Started process (PID=4684) to work on /Users/bhavishyachallagolla/Desktop/RetailSense/.venv/lib/python3.12/site-packages/airflow/example_dags/tutorial_taskflow_templates.py
[2026-07-18T15:44:43.680+0530] {processor.py:914} INFO - Processing file /Users/bhavishyachallagolla/Desktop/RetailSense/.venv/lib/python3.12/site-packages/airflow/example_dags/tutorial_taskflow_templates.py for tasks to queue
[2026-07-18T15:44:43.681+0530] {logging_mixin.py:190} INFO - [2026-07-18T15:44:43.681+0530] {dagbag.py:588} INFO - Filling up the DagBag from /Users/bhavishyachallagolla/Desktop/RetailSense/.venv/lib/python3.12/site-packages/airflow/example_dags/tutorial_taskflow_templates.py
[2026-07-18T15:44:43.694+0530] {processor.py:925} INFO - DAG(s) 'tutorial_taskflow_templates' retrieved from /Users/bhavishyachallagolla/Desktop/RetailSense/.venv/lib/python3.12/site-packages/airflow/example_dags/tutorial_taskflow_templates.py
[2026-07-18T15:44:43.718+0530] {logging_mixin.py:190} INFO - [2026-07-18T15:44:43.718+0530] {dag.py:3239} INFO - Sync 1 DAGs
[2026-07-18T15:44:43.723+0530] {logging_mixin.py:190} INFO - [2026-07-18T15:44:43.723+0530] {dag.py:4180} INFO - Setting next_dagrun for tutorial_taskflow_templates to 2026-07-17 00:00:00+00:00, run_after=2026-07-18 00:00:00+00:00
[2026-07-18T15:44:43.728+0530] {processor.py:208} INFO - Processing /Users/bhavishyachallagolla/Desktop/RetailSense/.venv/lib/python3.12/site-packages/airflow/example_dags/tutorial_taskflow_templates.py took 0.050 seconds
[2026-07-18T15:45:35.795+0530] {processor.py:186} INFO - Started process (PID=4811) to work on /Users/bhavishyachallagolla/Desktop/RetailSense/.venv/lib/python3.12/site-packages/airflow/example_dags/tutorial_taskflow_templates.py
[2026-07-18T15:45:35.795+0530] {processor.py:914} INFO - Processing file /Users/bhavishyachallagolla/Desktop/RetailSense/.venv/lib/python3.12/site-packages/airflow/example_dags/tutorial_taskflow_templates.py for tasks to queue
[2026-07-18T15:45:35.795+0530] {logging_mixin.py:190} INFO - [2026-07-18T15:45:35.795+0530] {dagbag.py:588} INFO - Filling up the DagBag from /Users/bhavishyachallagolla/Desktop/RetailSense/.venv/lib/python3.12/site-packages/airflow/example_dags/tutorial_taskflow_templates.py
[2026-07-18T15:45:35.808+0530] {processor.py:925} INFO - DAG(s) 'tutorial_taskflow_templates' retrieved from /Users/bhavishyachallagolla/Desktop/RetailSense/.venv/lib/python3.12/site-packages/airflow/example_dags/tutorial_taskflow_templates.py
[2026-07-18T15:45:35.832+0530] {logging_mixin.py:190} INFO - [2026-07-18T15:45:35.832+0530] {dag.py:3239} INFO - Sync 1 DAGs
[2026-07-18T15:45:35.837+0530] {logging_mixin.py:190} INFO - [2026-07-18T15:45:35.837+0530] {dag.py:4180} INFO - Setting next_dagrun for tutorial_taskflow_templates to 2026-07-17 00:00:00+00:00, run_after=2026-07-18 00:00:00+00:00
[2026-07-18T15:45:35.842+0530] {processor.py:208} INFO - Processing /Users/bhavishyachallagolla/Desktop/RetailSense/.venv/lib/python3.12/site-packages/airflow/example_dags/tutorial_taskflow_templates.py took 0.048 seconds
[2026-07-18T15:46:28.962+0530] {processor.py:186} INFO - Started process (PID=4942) to work on /Users/bhavishyachallagolla/Desktop/RetailSense/.venv/lib/python3.12/site-packages/airflow/example_dags/tutorial_taskflow_templates.py
[2026-07-18T15:46:28.962+0530] {processor.py:914} INFO - Processing file /Users/bhavishyachallagolla/Desktop/RetailSense/.venv/lib/python3.12/site-packages/airflow/example_dags/tutorial_taskflow_templates.py for tasks to queue
[2026-07-18T15:46:28.963+0530] {logging_mixin.py:190} INFO - [2026-07-18T15:46:28.963+0530] {dagbag.py:588} INFO - Filling up the DagBag from /Users/bhavishyachallagolla/Desktop/RetailSense/.venv/lib/python3.12/site-packages/airflow/example_dags/tutorial_taskflow_templates.py
[2026-07-18T15:46:28.976+0530] {processor.py:925} INFO - DAG(s) 'tutorial_taskflow_templates' retrieved from /Users/bhavishyachallagolla/Desktop/RetailSense/.venv/lib/python3.12/site-packages/airflow/example_dags/tutorial_taskflow_templates.py
[2026-07-18T15:46:29.000+0530] {logging_mixin.py:190} INFO - [2026-07-18T15:46:29.000+0530] {dag.py:3239} INFO - Sync 1 DAGs
[2026-07-18T15:46:29.005+0530] {logging_mixin.py:190} INFO - [2026-07-18T15:46:29.004+0530] {dag.py:4180} INFO - Setting next_dagrun for tutorial_taskflow_templates to 2026-07-17 00:00:00+00:00, run_after=2026-07-18 00:00:00+00:00
[2026-07-18T15:46:29.009+0530] {processor.py:208} INFO - Processing /Users/bhavishyachallagolla/Desktop/RetailSense/.venv/lib/python3.12/site-packages/airflow/example_dags/tutorial_taskflow_templates.py took 0.048 seconds
[2026-07-18T15:47:20.100+0530] {processor.py:186} INFO - Started process (PID=5098) to work on /Users/bhavishyachallagolla/Desktop/RetailSense/.venv/lib/python3.12/site-packages/airflow/example_dags/tutorial_taskflow_templates.py
[2026-07-18T15:47:20.102+0530] {processor.py:914} INFO - Processing file /Users/bhavishyachallagolla/Desktop/RetailSense/.venv/lib/python3.12/site-packages/airflow/example_dags/tutorial_taskflow_templates.py for tasks to queue
[2026-07-18T15:47:20.102+0530] {logging_mixin.py:190} INFO - [2026-07-18T15:47:20.102+0530] {dagbag.py:588} INFO - Filling up the DagBag from /Users/bhavishyachallagolla/Desktop/RetailSense/.venv/lib/python3.12/site-packages/airflow/example_dags/tutorial_taskflow_templates.py
[2026-07-18T15:47:20.115+0530] {processor.py:925} INFO - DAG(s) 'tutorial_taskflow_templates' retrieved from /Users/bhavishyachallagolla/Desktop/RetailSense/.venv/lib/python3.12/site-packages/airflow/example_dags/tutorial_taskflow_templates.py
[2026-07-18T15:47:20.140+0530] {logging_mixin.py:190} INFO - [2026-07-18T15:47:20.140+0530] {dag.py:3239} INFO - Sync 1 DAGs
[2026-07-18T15:47:20.145+0530] {logging_mixin.py:190} INFO - [2026-07-18T15:47:20.145+0530] {dag.py:4180} INFO - Setting next_dagrun for tutorial_taskflow_templates to 2026-07-17 00:00:00+00:00, run_after=2026-07-18 00:00:00+00:00
[2026-07-18T15:47:20.149+0530] {processor.py:208} INFO - Processing /Users/bhavishyachallagolla/Desktop/RetailSense/.venv/lib/python3.12/site-packages/airflow/example_dags/tutorial_taskflow_templates.py took 0.050 seconds
[2026-07-18T15:48:12.682+0530] {processor.py:186} INFO - Started process (PID=5241) to work on /Users/bhavishyachallagolla/Desktop/RetailSense/.venv/lib/python3.12/site-packages/airflow/example_dags/tutorial_taskflow_templates.py
[2026-07-18T15:48:12.683+0530] {processor.py:914} INFO - Processing file /Users/bhavishyachallagolla/Desktop/RetailSense/.venv/lib/python3.12/site-packages/airflow/example_dags/tutorial_taskflow_templates.py for tasks to queue
[2026-07-18T15:48:12.683+0530] {logging_mixin.py:190} INFO - [2026-07-18T15:48:12.683+0530] {dagbag.py:588} INFO - Filling up the DagBag from /Users/bhavishyachallagolla/Desktop/RetailSense/.venv/lib/python3.12/site-packages/airflow/example_dags/tutorial_taskflow_templates.py
[2026-07-18T15:48:12.696+0530] {processor.py:925} INFO - DAG(s) 'tutorial_taskflow_templates' retrieved from /Users/bhavishyachallagolla/Desktop/RetailSense/.venv/lib/python3.12/site-packages/airflow/example_dags/tutorial_taskflow_templates.py
[2026-07-18T15:48:12.720+0530] {logging_mixin.py:190} INFO - [2026-07-18T15:48:12.720+0530] {dag.py:3239} INFO - Sync 1 DAGs
[2026-07-18T15:48:12.725+0530] {logging_mixin.py:190} INFO - [2026-07-18T15:48:12.725+0530] {dag.py:4180} INFO - Setting next_dagrun for tutorial_taskflow_templates to 2026-07-17 00:00:00+00:00, run_after=2026-07-18 00:00:00+00:00
[2026-07-18T15:48:12.729+0530] {processor.py:208} INFO - Processing /Users/bhavishyachallagolla/Desktop/RetailSense/.venv/lib/python3.12/site-packages/airflow/example_dags/tutorial_taskflow_templates.py took 0.048 seconds
[2026-07-18T15:49:04.971+0530] {processor.py:186} INFO - Started process (PID=5388) to work on /Users/bhavishyachallagolla/Desktop/RetailSense/.venv/lib/python3.12/site-packages/airflow/example_dags/tutorial_taskflow_templates.py
[2026-07-18T15:49:04.972+0530] {processor.py:914} INFO - Processing file /Users/bhavishyachallagolla/Desktop/RetailSense/.venv/lib/python3.12/site-packages/airflow/example_dags/tutorial_taskflow_templates.py for tasks to queue
[2026-07-18T15:49:04.972+0530] {logging_mixin.py:190} INFO - [2026-07-18T15:49:04.972+0530] {dagbag.py:588} INFO - Filling up the DagBag from /Users/bhavishyachallagolla/Desktop/RetailSense/.venv/lib/python3.12/site-packages/airflow/example_dags/tutorial_taskflow_templates.py
[2026-07-18T15:49:04.985+0530] {processor.py:925} INFO - DAG(s) 'tutorial_taskflow_templates' retrieved from /Users/bhavishyachallagolla/Desktop/RetailSense/.venv/lib/python3.12/site-packages/airflow/example_dags/tutorial_taskflow_templates.py
[2026-07-18T15:49:05.010+0530] {logging_mixin.py:190} INFO - [2026-07-18T15:49:05.010+0530] {dag.py:3239} INFO - Sync 1 DAGs
[2026-07-18T15:49:05.015+0530] {logging_mixin.py:190} INFO - [2026-07-18T15:49:05.015+0530] {dag.py:4180} INFO - Setting next_dagrun for tutorial_taskflow_templates to 2026-07-17 00:00:00+00:00, run_after=2026-07-18 00:00:00+00:00
[2026-07-18T15:49:05.019+0530] {processor.py:208} INFO - Processing /Users/bhavishyachallagolla/Desktop/RetailSense/.venv/lib/python3.12/site-packages/airflow/example_dags/tutorial_taskflow_templates.py took 0.049 seconds
[2026-07-18T15:49:59.434+0530] {processor.py:186} INFO - Started process (PID=5521) to work on /Users/bhavishyachallagolla/Desktop/RetailSense/.venv/lib/python3.12/site-packages/airflow/example_dags/tutorial_taskflow_templates.py
[2026-07-18T15:49:59.435+0530] {processor.py:914} INFO - Processing file /Users/bhavishyachallagolla/Desktop/RetailSense/.venv/lib/python3.12/site-packages/airflow/example_dags/tutorial_taskflow_templates.py for tasks to queue
[2026-07-18T15:49:59.436+0530] {logging_mixin.py:190} INFO - [2026-07-18T15:49:59.436+0530] {dagbag.py:588} INFO - Filling up the DagBag from /Users/bhavishyachallagolla/Desktop/RetailSense/.venv/lib/python3.12/site-packages/airflow/example_dags/tutorial_taskflow_templates.py
[2026-07-18T15:49:59.449+0530] {processor.py:925} INFO - DAG(s) 'tutorial_taskflow_templates' retrieved from /Users/bhavishyachallagolla/Desktop/RetailSense/.venv/lib/python3.12/site-packages/airflow/example_dags/tutorial_taskflow_templates.py
[2026-07-18T15:49:59.473+0530] {logging_mixin.py:190} INFO - [2026-07-18T15:49:59.473+0530] {dag.py:3239} INFO - Sync 1 DAGs
[2026-07-18T15:49:59.478+0530] {logging_mixin.py:190} INFO - [2026-07-18T15:49:59.478+0530] {dag.py:4180} INFO - Setting next_dagrun for tutorial_taskflow_templates to 2026-07-17 00:00:00+00:00, run_after=2026-07-18 00:00:00+00:00
[2026-07-18T15:49:59.483+0530] {processor.py:208} INFO - Processing /Users/bhavishyachallagolla/Desktop/RetailSense/.venv/lib/python3.12/site-packages/airflow/example_dags/tutorial_taskflow_templates.py took 0.050 seconds
[2026-07-18T15:50:52.566+0530] {processor.py:186} INFO - Started process (PID=5661) to work on /Users/bhavishyachallagolla/Desktop/RetailSense/.venv/lib/python3.12/site-packages/airflow/example_dags/tutorial_taskflow_templates.py
[2026-07-18T15:50:52.567+0530] {processor.py:914} INFO - Processing file /Users/bhavishyachallagolla/Desktop/RetailSense/.venv/lib/python3.12/site-packages/airflow/example_dags/tutorial_taskflow_templates.py for tasks to queue
[2026-07-18T15:50:52.567+0530] {logging_mixin.py:190} INFO - [2026-07-18T15:50:52.567+0530] {dagbag.py:588} INFO - Filling up the DagBag from /Users/bhavishyachallagolla/Desktop/RetailSense/.venv/lib/python3.12/site-packages/airflow/example_dags/tutorial_taskflow_templates.py
[2026-07-18T15:50:52.585+0530] {processor.py:925} INFO - DAG(s) 'tutorial_taskflow_templates' retrieved from /Users/bhavishyachallagolla/Desktop/RetailSense/.venv/lib/python3.12/site-packages/airflow/example_dags/tutorial_taskflow_templates.py
[2026-07-18T15:50:52.610+0530] {logging_mixin.py:190} INFO - [2026-07-18T15:50:52.610+0530] {dag.py:3239} INFO - Sync 1 DAGs
[2026-07-18T15:50:52.615+0530] {logging_mixin.py:190} INFO - [2026-07-18T15:50:52.615+0530] {dag.py:4180} INFO - Setting next_dagrun for tutorial_taskflow_templates to 2026-07-17 00:00:00+00:00, run_after=2026-07-18 00:00:00+00:00
[2026-07-18T15:50:52.619+0530] {processor.py:208} INFO - Processing /Users/bhavishyachallagolla/Desktop/RetailSense/.venv/lib/python3.12/site-packages/airflow/example_dags/tutorial_taskflow_templates.py took 0.054 seconds
[2026-07-18T15:51:43.119+0530] {processor.py:186} INFO - Started process (PID=5785) to work on /Users/bhavishyachallagolla/Desktop/RetailSense/.venv/lib/python3.12/site-packages/airflow/example_dags/tutorial_taskflow_templates.py
[2026-07-18T15:51:43.119+0530] {processor.py:914} INFO - Processing file /Users/bhavishyachallagolla/Desktop/RetailSense/.venv/lib/python3.12/site-packages/airflow/example_dags/tutorial_taskflow_templates.py for tasks to queue
[2026-07-18T15:51:43.119+0530] {logging_mixin.py:190} INFO - [2026-07-18T15:51:43.119+0530] {dagbag.py:588} INFO - Filling up the DagBag from /Users/bhavishyachallagolla/Desktop/RetailSense/.venv/lib/python3.12/site-packages/airflow/example_dags/tutorial_taskflow_templates.py
[2026-07-18T15:51:43.132+0530] {processor.py:925} INFO - DAG(s) 'tutorial_taskflow_templates' retrieved from /Users/bhavishyachallagolla/Desktop/RetailSense/.venv/lib/python3.12/site-packages/airflow/example_dags/tutorial_taskflow_templates.py
[2026-07-18T15:51:43.157+0530] {logging_mixin.py:190} INFO - [2026-07-18T15:51:43.157+0530] {dag.py:3239} INFO - Sync 1 DAGs
[2026-07-18T15:51:43.163+0530] {logging_mixin.py:190} INFO - [2026-07-18T15:51:43.163+0530] {dag.py:4180} INFO - Setting next_dagrun for tutorial_taskflow_templates to 2026-07-17 00:00:00+00:00, run_after=2026-07-18 00:00:00+00:00
[2026-07-18T15:51:43.168+0530] {processor.py:208} INFO - Processing /Users/bhavishyachallagolla/Desktop/RetailSense/.venv/lib/python3.12/site-packages/airflow/example_dags/tutorial_taskflow_templates.py took 0.051 seconds
[2026-07-18T15:52:34.288+0530] {processor.py:186} INFO - Started process (PID=5912) to work on /Users/bhavishyachallagolla/Desktop/RetailSense/.venv/lib/python3.12/site-packages/airflow/example_dags/tutorial_taskflow_templates.py
[2026-07-18T15:52:34.288+0530] {processor.py:914} INFO - Processing file /Users/bhavishyachallagolla/Desktop/RetailSense/.venv/lib/python3.12/site-packages/airflow/example_dags/tutorial_taskflow_templates.py for tasks to queue
[2026-07-18T15:52:34.289+0530] {logging_mixin.py:190} INFO - [2026-07-18T15:52:34.289+0530] {dagbag.py:588} INFO - Filling up the DagBag from /Users/bhavishyachallagolla/Desktop/RetailSense/.venv/lib/python3.12/site-packages/airflow/example_dags/tutorial_taskflow_templates.py
[2026-07-18T15:52:34.308+0530] {processor.py:925} INFO - DAG(s) 'tutorial_taskflow_templates' retrieved from /Users/bhavishyachallagolla/Desktop/RetailSense/.venv/lib/python3.12/site-packages/airflow/example_dags/tutorial_taskflow_templates.py
[2026-07-18T15:52:34.333+0530] {logging_mixin.py:190} INFO - [2026-07-18T15:52:34.333+0530] {dag.py:3239} INFO - Sync 1 DAGs
[2026-07-18T15:52:34.338+0530] {logging_mixin.py:190} INFO - [2026-07-18T15:52:34.338+0530] {dag.py:4180} INFO - Setting next_dagrun for tutorial_taskflow_templates to 2026-07-17 00:00:00+00:00, run_after=2026-07-18 00:00:00+00:00
[2026-07-18T15:52:34.343+0530] {processor.py:208} INFO - Processing /Users/bhavishyachallagolla/Desktop/RetailSense/.venv/lib/python3.12/site-packages/airflow/example_dags/tutorial_taskflow_templates.py took 0.056 seconds
[2026-07-18T15:53:25.131+0530] {processor.py:186} INFO - Started process (PID=6049) to work on /Users/bhavishyachallagolla/Desktop/RetailSense/.venv/lib/python3.12/site-packages/airflow/example_dags/tutorial_taskflow_templates.py
[2026-07-18T15:53:25.132+0530] {processor.py:914} INFO - Processing file /Users/bhavishyachallagolla/Desktop/RetailSense/.venv/lib/python3.12/site-packages/airflow/example_dags/tutorial_taskflow_templates.py for tasks to queue
[2026-07-18T15:53:25.132+0530] {logging_mixin.py:190} INFO - [2026-07-18T15:53:25.132+0530] {dagbag.py:588} INFO - Filling up the DagBag from /Users/bhavishyachallagolla/Desktop/RetailSense/.venv/lib/python3.12/site-packages/airflow/example_dags/tutorial_taskflow_templates.py
[2026-07-18T15:53:25.145+0530] {processor.py:925} INFO - DAG(s) 'tutorial_taskflow_templates' retrieved from /Users/bhavishyachallagolla/Desktop/RetailSense/.venv/lib/python3.12/site-packages/airflow/example_dags/tutorial_taskflow_templates.py
[2026-07-18T15:53:25.169+0530] {logging_mixin.py:190} INFO - [2026-07-18T15:53:25.169+0530] {dag.py:3239} INFO - Sync 1 DAGs
[2026-07-18T15:53:25.174+0530] {logging_mixin.py:190} INFO - [2026-07-18T15:53:25.174+0530] {dag.py:4180} INFO - Setting next_dagrun for tutorial_taskflow_templates to 2026-07-17 00:00:00+00:00, run_after=2026-07-18 00:00:00+00:00
[2026-07-18T15:53:25.179+0530] {processor.py:208} INFO - Processing /Users/bhavishyachallagolla/Desktop/RetailSense/.venv/lib/python3.12/site-packages/airflow/example_dags/tutorial_taskflow_templates.py took 0.048 seconds
[2026-07-18T15:54:17.317+0530] {processor.py:186} INFO - Started process (PID=6176) to work on /Users/bhavishyachallagolla/Desktop/RetailSense/.venv/lib/python3.12/site-packages/airflow/example_dags/tutorial_taskflow_templates.py
[2026-07-18T15:54:17.318+0530] {processor.py:914} INFO - Processing file /Users/bhavishyachallagolla/Desktop/RetailSense/.venv/lib/python3.12/site-packages/airflow/example_dags/tutorial_taskflow_templates.py for tasks to queue
[2026-07-18T15:54:17.318+0530] {logging_mixin.py:190} INFO - [2026-07-18T15:54:17.318+0530] {dagbag.py:588} INFO - Filling up the DagBag from /Users/bhavishyachallagolla/Desktop/RetailSense/.venv/lib/python3.12/site-packages/airflow/example_dags/tutorial_taskflow_templates.py
[2026-07-18T15:54:17.331+0530] {processor.py:925} INFO - DAG(s) 'tutorial_taskflow_templates' retrieved from /Users/bhavishyachallagolla/Desktop/RetailSense/.venv/lib/python3.12/site-packages/airflow/example_dags/tutorial_taskflow_templates.py
[2026-07-18T15:54:17.356+0530] {logging_mixin.py:190} INFO - [2026-07-18T15:54:17.355+0530] {dag.py:3239} INFO - Sync 1 DAGs
[2026-07-18T15:54:17.360+0530] {logging_mixin.py:190} INFO - [2026-07-18T15:54:17.360+0530] {dag.py:4180} INFO - Setting next_dagrun for tutorial_taskflow_templates to 2026-07-17 00:00:00+00:00, run_after=2026-07-18 00:00:00+00:00
[2026-07-18T15:54:17.365+0530] {processor.py:208} INFO - Processing /Users/bhavishyachallagolla/Desktop/RetailSense/.venv/lib/python3.12/site-packages/airflow/example_dags/tutorial_taskflow_templates.py took 0.049 seconds
[2026-07-18T15:55:11.273+0530] {processor.py:186} INFO - Started process (PID=6315) to work on /Users/bhavishyachallagolla/Desktop/RetailSense/.venv/lib/python3.12/site-packages/airflow/example_dags/tutorial_taskflow_templates.py
[2026-07-18T15:55:11.274+0530] {processor.py:914} INFO - Processing file /Users/bhavishyachallagolla/Desktop/RetailSense/.venv/lib/python3.12/site-packages/airflow/example_dags/tutorial_taskflow_templates.py for tasks to queue
[2026-07-18T15:55:11.274+0530] {logging_mixin.py:190} INFO - [2026-07-18T15:55:11.274+0530] {dagbag.py:588} INFO - Filling up the DagBag from /Users/bhavishyachallagolla/Desktop/RetailSense/.venv/lib/python3.12/site-packages/airflow/example_dags/tutorial_taskflow_templates.py
[2026-07-18T15:55:11.288+0530] {processor.py:925} INFO - DAG(s) 'tutorial_taskflow_templates' retrieved from /Users/bhavishyachallagolla/Desktop/RetailSense/.venv/lib/python3.12/site-packages/airflow/example_dags/tutorial_taskflow_templates.py
[2026-07-18T15:55:11.312+0530] {logging_mixin.py:190} INFO - [2026-07-18T15:55:11.312+0530] {dag.py:3239} INFO - Sync 1 DAGs
[2026-07-18T15:55:11.317+0530] {logging_mixin.py:190} INFO - [2026-07-18T15:55:11.317+0530] {dag.py:4180} INFO - Setting next_dagrun for tutorial_taskflow_templates to 2026-07-17 00:00:00+00:00, run_after=2026-07-18 00:00:00+00:00
[2026-07-18T15:55:11.322+0530] {processor.py:208} INFO - Processing /Users/bhavishyachallagolla/Desktop/RetailSense/.venv/lib/python3.12/site-packages/airflow/example_dags/tutorial_taskflow_templates.py took 0.050 seconds
[2026-07-18T15:56:02.933+0530] {processor.py:186} INFO - Started process (PID=6442) to work on /Users/bhavishyachallagolla/Desktop/RetailSense/.venv/lib/python3.12/site-packages/airflow/example_dags/tutorial_taskflow_templates.py
[2026-07-18T15:56:02.934+0530] {processor.py:914} INFO - Processing file /Users/bhavishyachallagolla/Desktop/RetailSense/.venv/lib/python3.12/site-packages/airflow/example_dags/tutorial_taskflow_templates.py for tasks to queue
[2026-07-18T15:56:02.934+0530] {logging_mixin.py:190} INFO - [2026-07-18T15:56:02.934+0530] {dagbag.py:588} INFO - Filling up the DagBag from /Users/bhavishyachallagolla/Desktop/RetailSense/.venv/lib/python3.12/site-packages/airflow/example_dags/tutorial_taskflow_templates.py
[2026-07-18T15:56:02.947+0530] {processor.py:925} INFO - DAG(s) 'tutorial_taskflow_templates' retrieved from /Users/bhavishyachallagolla/Desktop/RetailSense/.venv/lib/python3.12/site-packages/airflow/example_dags/tutorial_taskflow_templates.py
[2026-07-18T15:56:02.971+0530] {logging_mixin.py:190} INFO - [2026-07-18T15:56:02.971+0530] {dag.py:3239} INFO - Sync 1 DAGs
[2026-07-18T15:56:02.976+0530] {logging_mixin.py:190} INFO - [2026-07-18T15:56:02.976+0530] {dag.py:4180} INFO - Setting next_dagrun for tutorial_taskflow_templates to 2026-07-17 00:00:00+00:00, run_after=2026-07-18 00:00:00+00:00
[2026-07-18T15:56:02.980+0530] {processor.py:208} INFO - Processing /Users/bhavishyachallagolla/Desktop/RetailSense/.venv/lib/python3.12/site-packages/airflow/example_dags/tutorial_taskflow_templates.py took 0.048 seconds
