[2026-07-18T15:36:05.334+0530] {processor.py:186} INFO - Started process (PID=3312) to work on /Users/bhavishyachallagolla/Desktop/RetailSense/.venv/lib/python3.12/site-packages/airflow/example_dags/tutorial_objectstorage.py
[2026-07-18T15:36:05.334+0530] {processor.py:914} INFO - Processing file /Users/bhavishyachallagolla/Desktop/RetailSense/.venv/lib/python3.12/site-packages/airflow/example_dags/tutorial_objectstorage.py for tasks to queue
[2026-07-18T15:36:05.334+0530] {logging_mixin.py:190} INFO - [2026-07-18T15:36:05.334+0530] {dagbag.py:588} INFO - Filling up the DagBag from /Users/bhavishyachallagolla/Desktop/RetailSense/.venv/lib/python3.12/site-packages/airflow/example_dags/tutorial_objectstorage.py
[2026-07-18T15:36:05.346+0530] {processor.py:925} INFO - DAG(s) 'tutorial_objectstorage' retrieved from /Users/bhavishyachallagolla/Desktop/RetailSense/.venv/lib/python3.12/site-packages/airflow/example_dags/tutorial_objectstorage.py
[2026-07-18T15:36:05.371+0530] {logging_mixin.py:190} INFO - [2026-07-18T15:36:05.371+0530] {dag.py:3239} INFO - Sync 1 DAGs
[2026-07-18T15:36:05.374+0530] {logging_mixin.py:190} INFO - [2026-07-18T15:36:05.374+0530] {dag.py:4180} INFO - Setting next_dagrun for tutorial_objectstorage to None, run_after=None
[2026-07-18T15:36:05.379+0530] {processor.py:208} INFO - Processing /Users/bhavishyachallagolla/Desktop/RetailSense/.venv/lib/python3.12/site-packages/airflow/example_dags/tutorial_objectstorage.py took 0.046 seconds
[2026-07-18T15:37:26.448+0530] {processor.py:186} INFO - Started process (PID=3513) to work on /Users/bhavishyachallagolla/Desktop/RetailSense/.venv/lib/python3.12/site-packages/airflow/example_dags/tutorial_objectstorage.py
[2026-07-18T15:37:26.449+0530] {processor.py:914} INFO - Processing file /Users/bhavishyachallagolla/Desktop/RetailSense/.venv/lib/python3.12/site-packages/airflow/example_dags/tutorial_objectstorage.py for tasks to queue
[2026-07-18T15:37:26.450+0530] {logging_mixin.py:190} INFO - [2026-07-18T15:37:26.450+0530] {dagbag.py:588} INFO - Filling up the DagBag from /Users/bhavishyachallagolla/Desktop/RetailSense/.venv/lib/python3.12/site-packages/airflow/example_dags/tutorial_objectstorage.py
[2026-07-18T15:37:26.461+0530] {processor.py:925} INFO - DAG(s) 'tutorial_objectstorage' retrieved from /Users/bhavishyachallagolla/Desktop/RetailSense/.venv/lib/python3.12/site-packages/airflow/example_dags/tutorial_objectstorage.py
[2026-07-18T15:37:26.487+0530] {logging_mixin.py:190} INFO - [2026-07-18T15:37:26.487+0530] {dag.py:3239} INFO - Sync 1 DAGs
[2026-07-18T15:37:26.490+0530] {logging_mixin.py:190} INFO - [2026-07-18T15:37:26.490+0530] {dag.py:4180} INFO - Setting next_dagrun for tutorial_objectstorage to None, run_after=None
[2026-07-18T15:37:26.495+0530] {processor.py:208} INFO - Processing /Users/bhavishyachallagolla/Desktop/RetailSense/.venv/lib/python3.12/site-packages/airflow/example_dags/tutorial_objectstorage.py took 0.048 seconds
[2026-07-18T15:38:29.102+0530] {processor.py:186} INFO - Started process (PID=3681) to work on /Users/bhavishyachallagolla/Desktop/RetailSense/.venv/lib/python3.12/site-packages/airflow/example_dags/tutorial_objectstorage.py
[2026-07-18T15:38:29.104+0530] {processor.py:914} INFO - Processing file /Users/bhavishyachallagolla/Desktop/RetailSense/.venv/lib/python3.12/site-packages/airflow/example_dags/tutorial_objectstorage.py for tasks to queue
[2026-07-18T15:38:29.104+0530] {logging_mixin.py:190} INFO - [2026-07-18T15:38:29.104+0530] {dagbag.py:588} INFO - Filling up the DagBag from /Users/bhavishyachallagolla/Desktop/RetailSense/.venv/lib/python3.12/site-packages/airflow/example_dags/tutorial_objectstorage.py
[2026-07-18T15:38:29.115+0530] {processor.py:925} INFO - DAG(s) 'tutorial_objectstorage' retrieved from /Users/bhavishyachallagolla/Desktop/RetailSense/.venv/lib/python3.12/site-packages/airflow/example_dags/tutorial_objectstorage.py
[2026-07-18T15:38:29.139+0530] {logging_mixin.py:190} INFO - [2026-07-18T15:38:29.139+0530] {dag.py:3239} INFO - Sync 1 DAGs
[2026-07-18T15:38:29.141+0530] {logging_mixin.py:190} INFO - [2026-07-18T15:38:29.141+0530] {dag.py:4180} INFO - Setting next_dagrun for tutorial_objectstorage to None, run_after=None
[2026-07-18T15:38:29.146+0530] {processor.py:208} INFO - Processing /Users/bhavishyachallagolla/Desktop/RetailSense/.venv/lib/python3.12/site-packages/airflow/example_dags/tutorial_objectstorage.py took 0.045 seconds
[2026-07-18T15:39:30.823+0530] {processor.py:186} INFO - Started process (PID=3855) to work on /Users/bhavishyachallagolla/Desktop/RetailSense/.venv/lib/python3.12/site-packages/airflow/example_dags/tutorial_objectstorage.py
[2026-07-18T15:39:30.823+0530] {processor.py:914} INFO - Processing file /Users/bhavishyachallagolla/Desktop/RetailSense/.venv/lib/python3.12/site-packages/airflow/example_dags/tutorial_objectstorage.py for tasks to queue
[2026-07-18T15:39:30.823+0530] {logging_mixin.py:190} INFO - [2026-07-18T15:39:30.823+0530] {dagbag.py:588} INFO - Filling up the DagBag from /Users/bhavishyachallagolla/Desktop/RetailSense/.venv/lib/python3.12/site-packages/airflow/example_dags/tutorial_objectstorage.py
[2026-07-18T15:39:30.836+0530] {processor.py:925} INFO - DAG(s) 'tutorial_objectstorage' retrieved from /Users/bhavishyachallagolla/Desktop/RetailSense/.venv/lib/python3.12/site-packages/airflow/example_dags/tutorial_objectstorage.py
[2026-07-18T15:39:30.860+0530] {logging_mixin.py:190} INFO - [2026-07-18T15:39:30.860+0530] {dag.py:3239} INFO - Sync 1 DAGs
[2026-07-18T15:39:30.863+0530] {logging_mixin.py:190} INFO - [2026-07-18T15:39:30.863+0530] {dag.py:4180} INFO - Setting next_dagrun for tutorial_objectstorage to None, run_after=None
[2026-07-18T15:39:30.867+0530] {processor.py:208} INFO - Processing /Users/bhavishyachallagolla/Desktop/RetailSense/.venv/lib/python3.12/site-packages/airflow/example_dags/tutorial_objectstorage.py took 0.045 seconds
[2026-07-18T15:40:21.209+0530] {processor.py:186} INFO - Started process (PID=3981) to work on /Users/bhavishyachallagolla/Desktop/RetailSense/.venv/lib/python3.12/site-packages/airflow/example_dags/tutorial_objectstorage.py
[2026-07-18T15:40:21.210+0530] {processor.py:914} INFO - Processing file /Users/bhavishyachallagolla/Desktop/RetailSense/.venv/lib/python3.12/site-packages/airflow/example_dags/tutorial_objectstorage.py for tasks to queue
[2026-07-18T15:40:21.210+0530] {logging_mixin.py:190} INFO - [2026-07-18T15:40:21.210+0530] {dagbag.py:588} INFO - Filling up the DagBag from /Users/bhavishyachallagolla/Desktop/RetailSense/.venv/lib/python3.12/site-packages/airflow/example_dags/tutorial_objectstorage.py
[2026-07-18T15:40:21.222+0530] {processor.py:925} INFO - DAG(s) 'tutorial_objectstorage' retrieved from /Users/bhavishyachallagolla/Desktop/RetailSense/.venv/lib/python3.12/site-packages/airflow/example_dags/tutorial_objectstorage.py
[2026-07-18T15:40:21.247+0530] {logging_mixin.py:190} INFO - [2026-07-18T15:40:21.246+0530] {dag.py:3239} INFO - Sync 1 DAGs
[2026-07-18T15:40:21.249+0530] {logging_mixin.py:190} INFO - [2026-07-18T15:40:21.249+0530] {dag.py:4180} INFO - Setting next_dagrun for tutorial_objectstorage to None, run_after=None
[2026-07-18T15:40:21.254+0530] {processor.py:208} INFO - Processing /Users/bhavishyachallagolla/Desktop/RetailSense/.venv/lib/python3.12/site-packages/airflow/example_dags/tutorial_objectstorage.py took 0.046 seconds
[2026-07-18T15:41:10.067+0530] {processor.py:186} INFO - Started process (PID=4116) to work on /Users/bhavishyachallagolla/Desktop/RetailSense/.venv/lib/python3.12/site-packages/airflow/example_dags/tutorial_objectstorage.py
[2026-07-18T15:41:10.068+0530] {processor.py:914} INFO - Processing file /Users/bhavishyachallagolla/Desktop/RetailSense/.venv/lib/python3.12/site-packages/airflow/example_dags/tutorial_objectstorage.py for tasks to queue
[2026-07-18T15:41:10.068+0530] {logging_mixin.py:190} INFO - [2026-07-18T15:41:10.068+0530] {dagbag.py:588} INFO - Filling up the DagBag from /Users/bhavishyachallagolla/Desktop/RetailSense/.venv/lib/python3.12/site-packages/airflow/example_dags/tutorial_objectstorage.py
[2026-07-18T15:41:10.081+0530] {processor.py:925} INFO - DAG(s) 'tutorial_objectstorage' retrieved from /Users/bhavishyachallagolla/Desktop/RetailSense/.venv/lib/python3.12/site-packages/airflow/example_dags/tutorial_objectstorage.py
[2026-07-18T15:41:10.105+0530] {logging_mixin.py:190} INFO - [2026-07-18T15:41:10.105+0530] {dag.py:3239} INFO - Sync 1 DAGs
[2026-07-18T15:41:10.108+0530] {logging_mixin.py:190} INFO - [2026-07-18T15:41:10.108+0530] {dag.py:4180} INFO - Setting next_dagrun for tutorial_objectstorage to None, run_after=None
[2026-07-18T15:41:10.113+0530] {processor.py:208} INFO - Processing /Users/bhavishyachallagolla/Desktop/RetailSense/.venv/lib/python3.12/site-packages/airflow/example_dags/tutorial_objectstorage.py took 0.047 seconds
[2026-07-18T15:42:00.459+0530] {processor.py:186} INFO - Started process (PID=4241) to work on /Users/bhavishyachallagolla/Desktop/RetailSense/.venv/lib/python3.12/site-packages/airflow/example_dags/tutorial_objectstorage.py
[2026-07-18T15:42:00.459+0530] {processor.py:914} INFO - Processing file /Users/bhavishyachallagolla/Desktop/RetailSense/.venv/lib/python3.12/site-packages/airflow/example_dags/tutorial_objectstorage.py for tasks to queue
[2026-07-18T15:42:00.459+0530] {logging_mixin.py:190} INFO - [2026-07-18T15:42:00.459+0530] {dagbag.py:588} INFO - Filling up the DagBag from /Users/bhavishyachallagolla/Desktop/RetailSense/.venv/lib/python3.12/site-packages/airflow/example_dags/tutorial_objectstorage.py
[2026-07-18T15:42:00.471+0530] {processor.py:925} INFO - DAG(s) 'tutorial_objectstorage' retrieved from /Users/bhavishyachallagolla/Desktop/RetailSense/.venv/lib/python3.12/site-packages/airflow/example_dags/tutorial_objectstorage.py
[2026-07-18T15:42:00.494+0530] {logging_mixin.py:190} INFO - [2026-07-18T15:42:00.494+0530] {dag.py:3239} INFO - Sync 1 DAGs
[2026-07-18T15:42:00.497+0530] {logging_mixin.py:190} INFO - [2026-07-18T15:42:00.497+0530] {dag.py:4180} INFO - Setting next_dagrun for tutorial_objectstorage to None, run_after=None
[2026-07-18T15:42:00.501+0530] {processor.py:208} INFO - Processing /Users/bhavishyachallagolla/Desktop/RetailSense/.venv/lib/python3.12/site-packages/airflow/example_dags/tutorial_objectstorage.py took 0.044 seconds
[2026-07-18T15:42:53.798+0530] {processor.py:186} INFO - Started process (PID=4374) to work on /Users/bhavishyachallagolla/Desktop/RetailSense/.venv/lib/python3.12/site-packages/airflow/example_dags/tutorial_objectstorage.py
[2026-07-18T15:42:53.798+0530] {processor.py:914} INFO - Processing file /Users/bhavishyachallagolla/Desktop/RetailSense/.venv/lib/python3.12/site-packages/airflow/example_dags/tutorial_objectstorage.py for tasks to queue
[2026-07-18T15:42:53.799+0530] {logging_mixin.py:190} INFO - [2026-07-18T15:42:53.799+0530] {dagbag.py:588} INFO - Filling up the DagBag from /Users/bhavishyachallagolla/Desktop/RetailSense/.venv/lib/python3.12/site-packages/airflow/example_dags/tutorial_objectstorage.py
[2026-07-18T15:42:53.811+0530] {processor.py:925} INFO - DAG(s) 'tutorial_objectstorage' retrieved from /Users/bhavishyachallagolla/Desktop/RetailSense/.venv/lib/python3.12/site-packages/airflow/example_dags/tutorial_objectstorage.py
[2026-07-18T15:42:53.835+0530] {logging_mixin.py:190} INFO - [2026-07-18T15:42:53.835+0530] {dag.py:3239} INFO - Sync 1 DAGs
[2026-07-18T15:42:53.838+0530] {logging_mixin.py:190} INFO - [2026-07-18T15:42:53.838+0530] {dag.py:4180} INFO - Setting next_dagrun for tutorial_objectstorage to None, run_after=None
[2026-07-18T15:42:53.843+0530] {processor.py:208} INFO - Processing /Users/bhavishyachallagolla/Desktop/RetailSense/.venv/lib/python3.12/site-packages/airflow/example_dags/tutorial_objectstorage.py took 0.045 seconds
[2026-07-18T15:43:56.180+0530] {processor.py:186} INFO - Started process (PID=4560) to work on /Users/bhavishyachallagolla/Desktop/RetailSense/.venv/lib/python3.12/site-packages/airflow/example_dags/tutorial_objectstorage.py
[2026-07-18T15:43:56.181+0530] {processor.py:914} INFO - Processing file /Users/bhavishyachallagolla/Desktop/RetailSense/.venv/lib/python3.12/site-packages/airflow/example_dags/tutorial_objectstorage.py for tasks to queue
[2026-07-18T15:43:56.181+0530] {logging_mixin.py:190} INFO - [2026-07-18T15:43:56.181+0530] {dagbag.py:588} INFO - Filling up the DagBag from /Users/bhavishyachallagolla/Desktop/RetailSense/.venv/lib/python3.12/site-packages/airflow/example_dags/tutorial_objectstorage.py
[2026-07-18T15:43:56.194+0530] {processor.py:925} INFO - DAG(s) 'tutorial_objectstorage' retrieved from /Users/bhavishyachallagolla/Desktop/RetailSense/.venv/lib/python3.12/site-packages/airflow/example_dags/tutorial_objectstorage.py
[2026-07-18T15:43:56.218+0530] {logging_mixin.py:190} INFO - [2026-07-18T15:43:56.218+0530] {dag.py:3239} INFO - Sync 1 DAGs
[2026-07-18T15:43:56.221+0530] {logging_mixin.py:190} INFO - [2026-07-18T15:43:56.221+0530] {dag.py:4180} INFO - Setting next_dagrun for tutorial_objectstorage to None, run_after=None
[2026-07-18T15:43:56.225+0530] {processor.py:208} INFO - Processing /Users/bhavishyachallagolla/Desktop/RetailSense/.venv/lib/python3.12/site-packages/airflow/example_dags/tutorial_objectstorage.py took 0.046 seconds
[2026-07-18T15:44:48.571+0530] {processor.py:186} INFO - Started process (PID=4696) to work on /Users/bhavishyachallagolla/Desktop/RetailSense/.venv/lib/python3.12/site-packages/airflow/example_dags/tutorial_objectstorage.py
[2026-07-18T15:44:48.572+0530] {processor.py:914} INFO - Processing file /Users/bhavishyachallagolla/Desktop/RetailSense/.venv/lib/python3.12/site-packages/airflow/example_dags/tutorial_objectstorage.py for tasks to queue
[2026-07-18T15:44:48.572+0530] {logging_mixin.py:190} INFO - [2026-07-18T15:44:48.572+0530] {dagbag.py:588} INFO - Filling up the DagBag from /Users/bhavishyachallagolla/Desktop/RetailSense/.venv/lib/python3.12/site-packages/airflow/example_dags/tutorial_objectstorage.py
[2026-07-18T15:44:48.584+0530] {processor.py:925} INFO - DAG(s) 'tutorial_objectstorage' retrieved from /Users/bhavishyachallagolla/Desktop/RetailSense/.venv/lib/python3.12/site-packages/airflow/example_dags/tutorial_objectstorage.py
[2026-07-18T15:44:48.609+0530] {logging_mixin.py:190} INFO - [2026-07-18T15:44:48.608+0530] {dag.py:3239} INFO - Sync 1 DAGs
[2026-07-18T15:44:48.611+0530] {logging_mixin.py:190} INFO - [2026-07-18T15:44:48.611+0530] {dag.py:4180} INFO - Setting next_dagrun for tutorial_objectstorage to None, run_after=None
[2026-07-18T15:44:48.616+0530] {processor.py:208} INFO - Processing /Users/bhavishyachallagolla/Desktop/RetailSense/.venv/lib/python3.12/site-packages/airflow/example_dags/tutorial_objectstorage.py took 0.046 seconds
[2026-07-18T15:45:39.758+0530] {processor.py:186} INFO - Started process (PID=4822) to work on /Users/bhavishyachallagolla/Desktop/RetailSense/.venv/lib/python3.12/site-packages/airflow/example_dags/tutorial_objectstorage.py
[2026-07-18T15:45:39.758+0530] {processor.py:914} INFO - Processing file /Users/bhavishyachallagolla/Desktop/RetailSense/.venv/lib/python3.12/site-packages/airflow/example_dags/tutorial_objectstorage.py for tasks to queue
[2026-07-18T15:45:39.758+0530] {logging_mixin.py:190} INFO - [2026-07-18T15:45:39.758+0530] {dagbag.py:588} INFO - Filling up the DagBag from /Users/bhavishyachallagolla/Desktop/RetailSense/.venv/lib/python3.12/site-packages/airflow/example_dags/tutorial_objectstorage.py
[2026-07-18T15:45:39.770+0530] {processor.py:925} INFO - DAG(s) 'tutorial_objectstorage' retrieved from /Users/bhavishyachallagolla/Desktop/RetailSense/.venv/lib/python3.12/site-packages/airflow/example_dags/tutorial_objectstorage.py
[2026-07-18T15:45:39.794+0530] {logging_mixin.py:190} INFO - [2026-07-18T15:45:39.794+0530] {dag.py:3239} INFO - Sync 1 DAGs
[2026-07-18T15:45:39.797+0530] {logging_mixin.py:190} INFO - [2026-07-18T15:45:39.797+0530] {dag.py:4180} INFO - Setting next_dagrun for tutorial_objectstorage to None, run_after=None
[2026-07-18T15:45:39.802+0530] {processor.py:208} INFO - Processing /Users/bhavishyachallagolla/Desktop/RetailSense/.venv/lib/python3.12/site-packages/airflow/example_dags/tutorial_objectstorage.py took 0.045 seconds
[2026-07-18T15:46:32.904+0530] {processor.py:186} INFO - Started process (PID=4949) to work on /Users/bhavishyachallagolla/Desktop/RetailSense/.venv/lib/python3.12/site-packages/airflow/example_dags/tutorial_objectstorage.py
[2026-07-18T15:46:32.905+0530] {processor.py:914} INFO - Processing file /Users/bhavishyachallagolla/Desktop/RetailSense/.venv/lib/python3.12/site-packages/airflow/example_dags/tutorial_objectstorage.py for tasks to queue
[2026-07-18T15:46:32.905+0530] {logging_mixin.py:190} INFO - [2026-07-18T15:46:32.905+0530] {dagbag.py:588} INFO - Filling up the DagBag from /Users/bhavishyachallagolla/Desktop/RetailSense/.venv/lib/python3.12/site-packages/airflow/example_dags/tutorial_objectstorage.py
[2026-07-18T15:46:32.917+0530] {processor.py:925} INFO - DAG(s) 'tutorial_objectstorage' retrieved from /Users/bhavishyachallagolla/Desktop/RetailSense/.venv/lib/python3.12/site-packages/airflow/example_dags/tutorial_objectstorage.py
[2026-07-18T15:46:32.941+0530] {logging_mixin.py:190} INFO - [2026-07-18T15:46:32.941+0530] {dag.py:3239} INFO - Sync 1 DAGs
[2026-07-18T15:46:32.944+0530] {logging_mixin.py:190} INFO - [2026-07-18T15:46:32.944+0530] {dag.py:4180} INFO - Setting next_dagrun for tutorial_objectstorage to None, run_after=None
[2026-07-18T15:46:32.948+0530] {processor.py:208} INFO - Processing /Users/bhavishyachallagolla/Desktop/RetailSense/.venv/lib/python3.12/site-packages/airflow/example_dags/tutorial_objectstorage.py took 0.045 seconds
[2026-07-18T15:47:24.996+0530] {processor.py:186} INFO - Started process (PID=5109) to work on /Users/bhavishyachallagolla/Desktop/RetailSense/.venv/lib/python3.12/site-packages/airflow/example_dags/tutorial_objectstorage.py
[2026-07-18T15:47:24.997+0530] {processor.py:914} INFO - Processing file /Users/bhavishyachallagolla/Desktop/RetailSense/.venv/lib/python3.12/site-packages/airflow/example_dags/tutorial_objectstorage.py for tasks to queue
[2026-07-18T15:47:24.998+0530] {logging_mixin.py:190} INFO - [2026-07-18T15:47:24.998+0530] {dagbag.py:588} INFO - Filling up the DagBag from /Users/bhavishyachallagolla/Desktop/RetailSense/.venv/lib/python3.12/site-packages/airflow/example_dags/tutorial_objectstorage.py
[2026-07-18T15:47:25.010+0530] {processor.py:925} INFO - DAG(s) 'tutorial_objectstorage' retrieved from /Users/bhavishyachallagolla/Desktop/RetailSense/.venv/lib/python3.12/site-packages/airflow/example_dags/tutorial_objectstorage.py
[2026-07-18T15:47:25.033+0530] {logging_mixin.py:190} INFO - [2026-07-18T15:47:25.033+0530] {dag.py:3239} INFO - Sync 1 DAGs
[2026-07-18T15:47:25.036+0530] {logging_mixin.py:190} INFO - [2026-07-18T15:47:25.036+0530] {dag.py:4180} INFO - Setting next_dagrun for tutorial_objectstorage to None, run_after=None
[2026-07-18T15:47:25.041+0530] {processor.py:208} INFO - Processing /Users/bhavishyachallagolla/Desktop/RetailSense/.venv/lib/python3.12/site-packages/airflow/example_dags/tutorial_objectstorage.py took 0.045 seconds
[2026-07-18T15:48:16.699+0530] {processor.py:186} INFO - Started process (PID=5252) to work on /Users/bhavishyachallagolla/Desktop/RetailSense/.venv/lib/python3.12/site-packages/airflow/example_dags/tutorial_objectstorage.py
[2026-07-18T15:48:16.700+0530] {processor.py:914} INFO - Processing file /Users/bhavishyachallagolla/Desktop/RetailSense/.venv/lib/python3.12/site-packages/airflow/example_dags/tutorial_objectstorage.py for tasks to queue
[2026-07-18T15:48:16.700+0530] {logging_mixin.py:190} INFO - [2026-07-18T15:48:16.700+0530] {dagbag.py:588} INFO - Filling up the DagBag from /Users/bhavishyachallagolla/Desktop/RetailSense/.venv/lib/python3.12/site-packages/airflow/example_dags/tutorial_objectstorage.py
[2026-07-18T15:48:16.712+0530] {processor.py:925} INFO - DAG(s) 'tutorial_objectstorage' retrieved from /Users/bhavishyachallagolla/Desktop/RetailSense/.venv/lib/python3.12/site-packages/airflow/example_dags/tutorial_objectstorage.py
[2026-07-18T15:48:16.736+0530] {logging_mixin.py:190} INFO - [2026-07-18T15:48:16.736+0530] {dag.py:3239} INFO - Sync 1 DAGs
[2026-07-18T15:48:16.738+0530] {logging_mixin.py:190} INFO - [2026-07-18T15:48:16.738+0530] {dag.py:4180} INFO - Setting next_dagrun for tutorial_objectstorage to None, run_after=None
[2026-07-18T15:48:16.743+0530] {processor.py:208} INFO - Processing /Users/bhavishyachallagolla/Desktop/RetailSense/.venv/lib/python3.12/site-packages/airflow/example_dags/tutorial_objectstorage.py took 0.045 seconds
[2026-07-18T15:49:09.983+0530] {processor.py:186} INFO - Started process (PID=5400) to work on /Users/bhavishyachallagolla/Desktop/RetailSense/.venv/lib/python3.12/site-packages/airflow/example_dags/tutorial_objectstorage.py
[2026-07-18T15:49:09.984+0530] {processor.py:914} INFO - Processing file /Users/bhavishyachallagolla/Desktop/RetailSense/.venv/lib/python3.12/site-packages/airflow/example_dags/tutorial_objectstorage.py for tasks to queue
[2026-07-18T15:49:09.984+0530] {logging_mixin.py:190} INFO - [2026-07-18T15:49:09.984+0530] {dagbag.py:588} INFO - Filling up the DagBag from /Users/bhavishyachallagolla/Desktop/RetailSense/.venv/lib/python3.12/site-packages/airflow/example_dags/tutorial_objectstorage.py
[2026-07-18T15:49:09.997+0530] {processor.py:925} INFO - DAG(s) 'tutorial_objectstorage' retrieved from /Users/bhavishyachallagolla/Desktop/RetailSense/.venv/lib/python3.12/site-packages/airflow/example_dags/tutorial_objectstorage.py
[2026-07-18T15:49:10.020+0530] {logging_mixin.py:190} INFO - [2026-07-18T15:49:10.020+0530] {dag.py:3239} INFO - Sync 1 DAGs
[2026-07-18T15:49:10.023+0530] {logging_mixin.py:190} INFO - [2026-07-18T15:49:10.023+0530] {dag.py:4180} INFO - Setting next_dagrun for tutorial_objectstorage to None, run_after=None
[2026-07-18T15:49:10.028+0530] {processor.py:208} INFO - Processing /Users/bhavishyachallagolla/Desktop/RetailSense/.venv/lib/python3.12/site-packages/airflow/example_dags/tutorial_objectstorage.py took 0.046 seconds
[2026-07-18T15:50:04.363+0530] {processor.py:186} INFO - Started process (PID=5533) to work on /Users/bhavishyachallagolla/Desktop/RetailSense/.venv/lib/python3.12/site-packages/airflow/example_dags/tutorial_objectstorage.py
[2026-07-18T15:50:04.364+0530] {processor.py:914} INFO - Processing file /Users/bhavishyachallagolla/Desktop/RetailSense/.venv/lib/python3.12/site-packages/airflow/example_dags/tutorial_objectstorage.py for tasks to queue
[2026-07-18T15:50:04.364+0530] {logging_mixin.py:190} INFO - [2026-07-18T15:50:04.364+0530] {dagbag.py:588} INFO - Filling up the DagBag from /Users/bhavishyachallagolla/Desktop/RetailSense/.venv/lib/python3.12/site-packages/airflow/example_dags/tutorial_objectstorage.py
[2026-07-18T15:50:04.378+0530] {processor.py:925} INFO - DAG(s) 'tutorial_objectstorage' retrieved from /Users/bhavishyachallagolla/Desktop/RetailSense/.venv/lib/python3.12/site-packages/airflow/example_dags/tutorial_objectstorage.py
[2026-07-18T15:50:04.402+0530] {logging_mixin.py:190} INFO - [2026-07-18T15:50:04.402+0530] {dag.py:3239} INFO - Sync 1 DAGs
[2026-07-18T15:50:04.405+0530] {logging_mixin.py:190} INFO - [2026-07-18T15:50:04.405+0530] {dag.py:4180} INFO - Setting next_dagrun for tutorial_objectstorage to None, run_after=None
[2026-07-18T15:50:04.410+0530] {processor.py:208} INFO - Processing /Users/bhavishyachallagolla/Desktop/RetailSense/.venv/lib/python3.12/site-packages/airflow/example_dags/tutorial_objectstorage.py took 0.048 seconds
[2026-07-18T15:50:57.249+0530] {processor.py:186} INFO - Started process (PID=5672) to work on /Users/bhavishyachallagolla/Desktop/RetailSense/.venv/lib/python3.12/site-packages/airflow/example_dags/tutorial_objectstorage.py
[2026-07-18T15:50:57.250+0530] {processor.py:914} INFO - Processing file /Users/bhavishyachallagolla/Desktop/RetailSense/.venv/lib/python3.12/site-packages/airflow/example_dags/tutorial_objectstorage.py for tasks to queue
[2026-07-18T15:50:57.251+0530] {logging_mixin.py:190} INFO - [2026-07-18T15:50:57.251+0530] {dagbag.py:588} INFO - Filling up the DagBag from /Users/bhavishyachallagolla/Desktop/RetailSense/.venv/lib/python3.12/site-packages/airflow/example_dags/tutorial_objectstorage.py
[2026-07-18T15:50:57.263+0530] {processor.py:925} INFO - DAG(s) 'tutorial_objectstorage' retrieved from /Users/bhavishyachallagolla/Desktop/RetailSense/.venv/lib/python3.12/site-packages/airflow/example_dags/tutorial_objectstorage.py
[2026-07-18T15:50:57.286+0530] {logging_mixin.py:190} INFO - [2026-07-18T15:50:57.286+0530] {dag.py:3239} INFO - Sync 1 DAGs
[2026-07-18T15:50:57.289+0530] {logging_mixin.py:190} INFO - [2026-07-18T15:50:57.289+0530] {dag.py:4180} INFO - Setting next_dagrun for tutorial_objectstorage to None, run_after=None
[2026-07-18T15:50:57.294+0530] {processor.py:208} INFO - Processing /Users/bhavishyachallagolla/Desktop/RetailSense/.venv/lib/python3.12/site-packages/airflow/example_dags/tutorial_objectstorage.py took 0.046 seconds
[2026-07-18T15:51:47.714+0530] {processor.py:186} INFO - Started process (PID=5797) to work on /Users/bhavishyachallagolla/Desktop/RetailSense/.venv/lib/python3.12/site-packages/airflow/example_dags/tutorial_objectstorage.py
[2026-07-18T15:51:47.715+0530] {processor.py:914} INFO - Processing file /Users/bhavishyachallagolla/Desktop/RetailSense/.venv/lib/python3.12/site-packages/airflow/example_dags/tutorial_objectstorage.py for tasks to queue
[2026-07-18T15:51:47.715+0530] {logging_mixin.py:190} INFO - [2026-07-18T15:51:47.715+0530] {dagbag.py:588} INFO - Filling up the DagBag from /Users/bhavishyachallagolla/Desktop/RetailSense/.venv/lib/python3.12/site-packages/airflow/example_dags/tutorial_objectstorage.py
[2026-07-18T15:51:47.727+0530] {processor.py:925} INFO - DAG(s) 'tutorial_objectstorage' retrieved from /Users/bhavishyachallagolla/Desktop/RetailSense/.venv/lib/python3.12/site-packages/airflow/example_dags/tutorial_objectstorage.py
[2026-07-18T15:51:47.751+0530] {logging_mixin.py:190} INFO - [2026-07-18T15:51:47.751+0530] {dag.py:3239} INFO - Sync 1 DAGs
[2026-07-18T15:51:47.754+0530] {logging_mixin.py:190} INFO - [2026-07-18T15:51:47.754+0530] {dag.py:4180} INFO - Setting next_dagrun for tutorial_objectstorage to None, run_after=None
[2026-07-18T15:51:47.759+0530] {processor.py:208} INFO - Processing /Users/bhavishyachallagolla/Desktop/RetailSense/.venv/lib/python3.12/site-packages/airflow/example_dags/tutorial_objectstorage.py took 0.046 seconds
[2026-07-18T15:52:38.301+0530] {processor.py:186} INFO - Started process (PID=5923) to work on /Users/bhavishyachallagolla/Desktop/RetailSense/.venv/lib/python3.12/site-packages/airflow/example_dags/tutorial_objectstorage.py
[2026-07-18T15:52:38.303+0530] {processor.py:914} INFO - Processing file /Users/bhavishyachallagolla/Desktop/RetailSense/.venv/lib/python3.12/site-packages/airflow/example_dags/tutorial_objectstorage.py for tasks to queue
[2026-07-18T15:52:38.303+0530] {logging_mixin.py:190} INFO - [2026-07-18T15:52:38.303+0530] {dagbag.py:588} INFO - Filling up the DagBag from /Users/bhavishyachallagolla/Desktop/RetailSense/.venv/lib/python3.12/site-packages/airflow/example_dags/tutorial_objectstorage.py
[2026-07-18T15:52:38.315+0530] {processor.py:925} INFO - DAG(s) 'tutorial_objectstorage' retrieved from /Users/bhavishyachallagolla/Desktop/RetailSense/.venv/lib/python3.12/site-packages/airflow/example_dags/tutorial_objectstorage.py
[2026-07-18T15:52:38.338+0530] {logging_mixin.py:190} INFO - [2026-07-18T15:52:38.338+0530] {dag.py:3239} INFO - Sync 1 DAGs
[2026-07-18T15:52:38.341+0530] {logging_mixin.py:190} INFO - [2026-07-18T15:52:38.341+0530] {dag.py:4180} INFO - Setting next_dagrun for tutorial_objectstorage to None, run_after=None
[2026-07-18T15:52:38.346+0530] {processor.py:208} INFO - Processing /Users/bhavishyachallagolla/Desktop/RetailSense/.venv/lib/python3.12/site-packages/airflow/example_dags/tutorial_objectstorage.py took 0.045 seconds
[2026-07-18T15:53:29.597+0530] {processor.py:186} INFO - Started process (PID=6061) to work on /Users/bhavishyachallagolla/Desktop/RetailSense/.venv/lib/python3.12/site-packages/airflow/example_dags/tutorial_objectstorage.py
[2026-07-18T15:53:29.598+0530] {processor.py:914} INFO - Processing file /Users/bhavishyachallagolla/Desktop/RetailSense/.venv/lib/python3.12/site-packages/airflow/example_dags/tutorial_objectstorage.py for tasks to queue
[2026-07-18T15:53:29.598+0530] {logging_mixin.py:190} INFO - [2026-07-18T15:53:29.598+0530] {dagbag.py:588} INFO - Filling up the DagBag from /Users/bhavishyachallagolla/Desktop/RetailSense/.venv/lib/python3.12/site-packages/airflow/example_dags/tutorial_objectstorage.py
[2026-07-18T15:53:29.610+0530] {processor.py:925} INFO - DAG(s) 'tutorial_objectstorage' retrieved from /Users/bhavishyachallagolla/Desktop/RetailSense/.venv/lib/python3.12/site-packages/airflow/example_dags/tutorial_objectstorage.py
[2026-07-18T15:53:29.634+0530] {logging_mixin.py:190} INFO - [2026-07-18T15:53:29.633+0530] {dag.py:3239} INFO - Sync 1 DAGs
[2026-07-18T15:53:29.636+0530] {logging_mixin.py:190} INFO - [2026-07-18T15:53:29.636+0530] {dag.py:4180} INFO - Setting next_dagrun for tutorial_objectstorage to None, run_after=None
[2026-07-18T15:53:29.641+0530] {processor.py:208} INFO - Processing /Users/bhavishyachallagolla/Desktop/RetailSense/.venv/lib/python3.12/site-packages/airflow/example_dags/tutorial_objectstorage.py took 0.045 seconds
[2026-07-18T15:54:21.288+0530] {processor.py:186} INFO - Started process (PID=6187) to work on /Users/bhavishyachallagolla/Desktop/RetailSense/.venv/lib/python3.12/site-packages/airflow/example_dags/tutorial_objectstorage.py
[2026-07-18T15:54:21.289+0530] {processor.py:914} INFO - Processing file /Users/bhavishyachallagolla/Desktop/RetailSense/.venv/lib/python3.12/site-packages/airflow/example_dags/tutorial_objectstorage.py for tasks to queue
[2026-07-18T15:54:21.289+0530] {logging_mixin.py:190} INFO - [2026-07-18T15:54:21.289+0530] {dagbag.py:588} INFO - Filling up the DagBag from /Users/bhavishyachallagolla/Desktop/RetailSense/.venv/lib/python3.12/site-packages/airflow/example_dags/tutorial_objectstorage.py
[2026-07-18T15:54:21.302+0530] {processor.py:925} INFO - DAG(s) 'tutorial_objectstorage' retrieved from /Users/bhavishyachallagolla/Desktop/RetailSense/.venv/lib/python3.12/site-packages/airflow/example_dags/tutorial_objectstorage.py
[2026-07-18T15:54:21.326+0530] {logging_mixin.py:190} INFO - [2026-07-18T15:54:21.326+0530] {dag.py:3239} INFO - Sync 1 DAGs
[2026-07-18T15:54:21.329+0530] {logging_mixin.py:190} INFO - [2026-07-18T15:54:21.329+0530] {dag.py:4180} INFO - Setting next_dagrun for tutorial_objectstorage to None, run_after=None
[2026-07-18T15:54:21.334+0530] {processor.py:208} INFO - Processing /Users/bhavishyachallagolla/Desktop/RetailSense/.venv/lib/python3.12/site-packages/airflow/example_dags/tutorial_objectstorage.py took 0.047 seconds
[2026-07-18T15:55:16.169+0530] {processor.py:186} INFO - Started process (PID=6326) to work on /Users/bhavishyachallagolla/Desktop/RetailSense/.venv/lib/python3.12/site-packages/airflow/example_dags/tutorial_objectstorage.py
[2026-07-18T15:55:16.170+0530] {processor.py:914} INFO - Processing file /Users/bhavishyachallagolla/Desktop/RetailSense/.venv/lib/python3.12/site-packages/airflow/example_dags/tutorial_objectstorage.py for tasks to queue
[2026-07-18T15:55:16.171+0530] {logging_mixin.py:190} INFO - [2026-07-18T15:55:16.171+0530] {dagbag.py:588} INFO - Filling up the DagBag from /Users/bhavishyachallagolla/Desktop/RetailSense/.venv/lib/python3.12/site-packages/airflow/example_dags/tutorial_objectstorage.py
[2026-07-18T15:55:16.183+0530] {processor.py:925} INFO - DAG(s) 'tutorial_objectstorage' retrieved from /Users/bhavishyachallagolla/Desktop/RetailSense/.venv/lib/python3.12/site-packages/airflow/example_dags/tutorial_objectstorage.py
[2026-07-18T15:55:16.206+0530] {logging_mixin.py:190} INFO - [2026-07-18T15:55:16.206+0530] {dag.py:3239} INFO - Sync 1 DAGs
[2026-07-18T15:55:16.209+0530] {logging_mixin.py:190} INFO - [2026-07-18T15:55:16.209+0530] {dag.py:4180} INFO - Setting next_dagrun for tutorial_objectstorage to None, run_after=None
[2026-07-18T15:55:16.213+0530] {processor.py:208} INFO - Processing /Users/bhavishyachallagolla/Desktop/RetailSense/.venv/lib/python3.12/site-packages/airflow/example_dags/tutorial_objectstorage.py took 0.045 seconds
[2026-07-18T15:56:06.939+0530] {processor.py:186} INFO - Started process (PID=6453) to work on /Users/bhavishyachallagolla/Desktop/RetailSense/.venv/lib/python3.12/site-packages/airflow/example_dags/tutorial_objectstorage.py
[2026-07-18T15:56:06.940+0530] {processor.py:914} INFO - Processing file /Users/bhavishyachallagolla/Desktop/RetailSense/.venv/lib/python3.12/site-packages/airflow/example_dags/tutorial_objectstorage.py for tasks to queue
[2026-07-18T15:56:06.941+0530] {logging_mixin.py:190} INFO - [2026-07-18T15:56:06.941+0530] {dagbag.py:588} INFO - Filling up the DagBag from /Users/bhavishyachallagolla/Desktop/RetailSense/.venv/lib/python3.12/site-packages/airflow/example_dags/tutorial_objectstorage.py
[2026-07-18T15:56:06.953+0530] {processor.py:925} INFO - DAG(s) 'tutorial_objectstorage' retrieved from /Users/bhavishyachallagolla/Desktop/RetailSense/.venv/lib/python3.12/site-packages/airflow/example_dags/tutorial_objectstorage.py
[2026-07-18T15:56:06.977+0530] {logging_mixin.py:190} INFO - [2026-07-18T15:56:06.977+0530] {dag.py:3239} INFO - Sync 1 DAGs
[2026-07-18T15:56:06.980+0530] {logging_mixin.py:190} INFO - [2026-07-18T15:56:06.980+0530] {dag.py:4180} INFO - Setting next_dagrun for tutorial_objectstorage to None, run_after=None
[2026-07-18T15:56:06.985+0530] {processor.py:208} INFO - Processing /Users/bhavishyachallagolla/Desktop/RetailSense/.venv/lib/python3.12/site-packages/airflow/example_dags/tutorial_objectstorage.py took 0.047 seconds
