[2026-07-18T15:36:08.521+0530] {processor.py:186} INFO - Started process (PID=3318) to work on /Users/bhavishyachallagolla/Desktop/RetailSense/.venv/lib/python3.12/site-packages/airflow/example_dags/tutorial.py
[2026-07-18T15:36:08.521+0530] {processor.py:914} INFO - Processing file /Users/bhavishyachallagolla/Desktop/RetailSense/.venv/lib/python3.12/site-packages/airflow/example_dags/tutorial.py for tasks to queue
[2026-07-18T15:36:08.522+0530] {logging_mixin.py:190} INFO - [2026-07-18T15:36:08.522+0530] {dagbag.py:588} INFO - Filling up the DagBag from /Users/bhavishyachallagolla/Desktop/RetailSense/.venv/lib/python3.12/site-packages/airflow/example_dags/tutorial.py
[2026-07-18T15:36:08.524+0530] {processor.py:925} INFO - DAG(s) 'tutorial' retrieved from /Users/bhavishyachallagolla/Desktop/RetailSense/.venv/lib/python3.12/site-packages/airflow/example_dags/tutorial.py
[2026-07-18T15:36:08.549+0530] {logging_mixin.py:190} INFO - [2026-07-18T15:36:08.549+0530] {dag.py:3239} INFO - Sync 1 DAGs
[2026-07-18T15:36:08.555+0530] {logging_mixin.py:190} INFO - [2026-07-18T15:36:08.554+0530] {dag.py:4180} INFO - Setting next_dagrun for tutorial to 2026-07-17 00:00:00+00:00, run_after=2026-07-18 00:00:00+00:00
[2026-07-18T15:36:08.559+0530] {processor.py:208} INFO - Processing /Users/bhavishyachallagolla/Desktop/RetailSense/.venv/lib/python3.12/site-packages/airflow/example_dags/tutorial.py took 0.039 seconds
[2026-07-18T15:37:29.677+0530] {processor.py:186} INFO - Started process (PID=3523) to work on /Users/bhavishyachallagolla/Desktop/RetailSense/.venv/lib/python3.12/site-packages/airflow/example_dags/tutorial.py
[2026-07-18T15:37:29.678+0530] {processor.py:914} INFO - Processing file /Users/bhavishyachallagolla/Desktop/RetailSense/.venv/lib/python3.12/site-packages/airflow/example_dags/tutorial.py for tasks to queue
[2026-07-18T15:37:29.678+0530] {logging_mixin.py:190} INFO - [2026-07-18T15:37:29.678+0530] {dagbag.py:588} INFO - Filling up the DagBag from /Users/bhavishyachallagolla/Desktop/RetailSense/.venv/lib/python3.12/site-packages/airflow/example_dags/tutorial.py
[2026-07-18T15:37:29.681+0530] {processor.py:925} INFO - DAG(s) 'tutorial' retrieved from /Users/bhavishyachallagolla/Desktop/RetailSense/.venv/lib/python3.12/site-packages/airflow/example_dags/tutorial.py
[2026-07-18T15:37:29.706+0530] {logging_mixin.py:190} INFO - [2026-07-18T15:37:29.706+0530] {dag.py:3239} INFO - Sync 1 DAGs
[2026-07-18T15:37:29.711+0530] {logging_mixin.py:190} INFO - [2026-07-18T15:37:29.711+0530] {dag.py:4180} INFO - Setting next_dagrun for tutorial to 2026-07-17 00:00:00+00:00, run_after=2026-07-18 00:00:00+00:00
[2026-07-18T15:37:29.716+0530] {processor.py:208} INFO - Processing /Users/bhavishyachallagolla/Desktop/RetailSense/.venv/lib/python3.12/site-packages/airflow/example_dags/tutorial.py took 0.040 seconds
[2026-07-18T15:38:31.489+0530] {processor.py:186} INFO - Started process (PID=3686) to work on /Users/bhavishyachallagolla/Desktop/RetailSense/.venv/lib/python3.12/site-packages/airflow/example_dags/tutorial.py
[2026-07-18T15:38:31.489+0530] {processor.py:914} INFO - Processing file /Users/bhavishyachallagolla/Desktop/RetailSense/.venv/lib/python3.12/site-packages/airflow/example_dags/tutorial.py for tasks to queue
[2026-07-18T15:38:31.489+0530] {logging_mixin.py:190} INFO - [2026-07-18T15:38:31.489+0530] {dagbag.py:588} INFO - Filling up the DagBag from /Users/bhavishyachallagolla/Desktop/RetailSense/.venv/lib/python3.12/site-packages/airflow/example_dags/tutorial.py
[2026-07-18T15:38:31.492+0530] {processor.py:925} INFO - DAG(s) 'tutorial' retrieved from /Users/bhavishyachallagolla/Desktop/RetailSense/.venv/lib/python3.12/site-packages/airflow/example_dags/tutorial.py
[2026-07-18T15:38:31.516+0530] {logging_mixin.py:190} INFO - [2026-07-18T15:38:31.516+0530] {dag.py:3239} INFO - Sync 1 DAGs
[2026-07-18T15:38:31.521+0530] {logging_mixin.py:190} INFO - [2026-07-18T15:38:31.521+0530] {dag.py:4180} INFO - Setting next_dagrun for tutorial to 2026-07-17 00:00:00+00:00, run_after=2026-07-18 00:00:00+00:00
[2026-07-18T15:38:31.525+0530] {processor.py:208} INFO - Processing /Users/bhavishyachallagolla/Desktop/RetailSense/.venv/lib/python3.12/site-packages/airflow/example_dags/tutorial.py took 0.037 seconds
[2026-07-18T15:39:33.139+0530] {processor.py:186} INFO - Started process (PID=3859) to work on /Users/bhavishyachallagolla/Desktop/RetailSense/.venv/lib/python3.12/site-packages/airflow/example_dags/tutorial.py
[2026-07-18T15:39:33.140+0530] {processor.py:914} INFO - Processing file /Users/bhavishyachallagolla/Desktop/RetailSense/.venv/lib/python3.12/site-packages/airflow/example_dags/tutorial.py for tasks to queue
[2026-07-18T15:39:33.140+0530] {logging_mixin.py:190} INFO - [2026-07-18T15:39:33.140+0530] {dagbag.py:588} INFO - Filling up the DagBag from /Users/bhavishyachallagolla/Desktop/RetailSense/.venv/lib/python3.12/site-packages/airflow/example_dags/tutorial.py
[2026-07-18T15:39:33.142+0530] {processor.py:925} INFO - DAG(s) 'tutorial' retrieved from /Users/bhavishyachallagolla/Desktop/RetailSense/.venv/lib/python3.12/site-packages/airflow/example_dags/tutorial.py
[2026-07-18T15:39:33.167+0530] {logging_mixin.py:190} INFO - [2026-07-18T15:39:33.167+0530] {dag.py:3239} INFO - Sync 1 DAGs
[2026-07-18T15:39:33.172+0530] {logging_mixin.py:190} INFO - [2026-07-18T15:39:33.172+0530] {dag.py:4180} INFO - Setting next_dagrun for tutorial to 2026-07-17 00:00:00+00:00, run_after=2026-07-18 00:00:00+00:00
[2026-07-18T15:39:33.177+0530] {processor.py:208} INFO - Processing /Users/bhavishyachallagolla/Desktop/RetailSense/.venv/lib/python3.12/site-packages/airflow/example_dags/tutorial.py took 0.038 seconds
[2026-07-18T15:40:23.586+0530] {processor.py:186} INFO - Started process (PID=3986) to work on /Users/bhavishyachallagolla/Desktop/RetailSense/.venv/lib/python3.12/site-packages/airflow/example_dags/tutorial.py
[2026-07-18T15:40:23.586+0530] {processor.py:914} INFO - Processing file /Users/bhavishyachallagolla/Desktop/RetailSense/.venv/lib/python3.12/site-packages/airflow/example_dags/tutorial.py for tasks to queue
[2026-07-18T15:40:23.587+0530] {logging_mixin.py:190} INFO - [2026-07-18T15:40:23.587+0530] {dagbag.py:588} INFO - Filling up the DagBag from /Users/bhavishyachallagolla/Desktop/RetailSense/.venv/lib/python3.12/site-packages/airflow/example_dags/tutorial.py
[2026-07-18T15:40:23.591+0530] {processor.py:925} INFO - DAG(s) 'tutorial' retrieved from /Users/bhavishyachallagolla/Desktop/RetailSense/.venv/lib/python3.12/site-packages/airflow/example_dags/tutorial.py
[2026-07-18T15:40:23.616+0530] {logging_mixin.py:190} INFO - [2026-07-18T15:40:23.615+0530] {dag.py:3239} INFO - Sync 1 DAGs
[2026-07-18T15:40:23.620+0530] {logging_mixin.py:190} INFO - [2026-07-18T15:40:23.620+0530] {dag.py:4180} INFO - Setting next_dagrun for tutorial to 2026-07-17 00:00:00+00:00, run_after=2026-07-18 00:00:00+00:00
[2026-07-18T15:40:23.625+0530] {processor.py:208} INFO - Processing /Users/bhavishyachallagolla/Desktop/RetailSense/.venv/lib/python3.12/site-packages/airflow/example_dags/tutorial.py took 0.040 seconds
[2026-07-18T15:41:13.266+0530] {processor.py:186} INFO - Started process (PID=4125) to work on /Users/bhavishyachallagolla/Desktop/RetailSense/.venv/lib/python3.12/site-packages/airflow/example_dags/tutorial.py
[2026-07-18T15:41:13.267+0530] {processor.py:914} INFO - Processing file /Users/bhavishyachallagolla/Desktop/RetailSense/.venv/lib/python3.12/site-packages/airflow/example_dags/tutorial.py for tasks to queue
[2026-07-18T15:41:13.268+0530] {logging_mixin.py:190} INFO - [2026-07-18T15:41:13.268+0530] {dagbag.py:588} INFO - Filling up the DagBag from /Users/bhavishyachallagolla/Desktop/RetailSense/.venv/lib/python3.12/site-packages/airflow/example_dags/tutorial.py
[2026-07-18T15:41:13.270+0530] {processor.py:925} INFO - DAG(s) 'tutorial' retrieved from /Users/bhavishyachallagolla/Desktop/RetailSense/.venv/lib/python3.12/site-packages/airflow/example_dags/tutorial.py
[2026-07-18T15:41:13.295+0530] {logging_mixin.py:190} INFO - [2026-07-18T15:41:13.295+0530] {dag.py:3239} INFO - Sync 1 DAGs
[2026-07-18T15:41:13.300+0530] {logging_mixin.py:190} INFO - [2026-07-18T15:41:13.300+0530] {dag.py:4180} INFO - Setting next_dagrun for tutorial to 2026-07-17 00:00:00+00:00, run_after=2026-07-18 00:00:00+00:00
[2026-07-18T15:41:13.305+0530] {processor.py:208} INFO - Processing /Users/bhavishyachallagolla/Desktop/RetailSense/.venv/lib/python3.12/site-packages/airflow/example_dags/tutorial.py took 0.039 seconds
[2026-07-18T15:42:03.693+0530] {processor.py:186} INFO - Started process (PID=4250) to work on /Users/bhavishyachallagolla/Desktop/RetailSense/.venv/lib/python3.12/site-packages/airflow/example_dags/tutorial.py
[2026-07-18T15:42:03.693+0530] {processor.py:914} INFO - Processing file /Users/bhavishyachallagolla/Desktop/RetailSense/.venv/lib/python3.12/site-packages/airflow/example_dags/tutorial.py for tasks to queue
[2026-07-18T15:42:03.694+0530] {logging_mixin.py:190} INFO - [2026-07-18T15:42:03.694+0530] {dagbag.py:588} INFO - Filling up the DagBag from /Users/bhavishyachallagolla/Desktop/RetailSense/.venv/lib/python3.12/site-packages/airflow/example_dags/tutorial.py
[2026-07-18T15:42:03.696+0530] {processor.py:925} INFO - DAG(s) 'tutorial' retrieved from /Users/bhavishyachallagolla/Desktop/RetailSense/.venv/lib/python3.12/site-packages/airflow/example_dags/tutorial.py
[2026-07-18T15:42:03.721+0530] {logging_mixin.py:190} INFO - [2026-07-18T15:42:03.721+0530] {dag.py:3239} INFO - Sync 1 DAGs
[2026-07-18T15:42:03.726+0530] {logging_mixin.py:190} INFO - [2026-07-18T15:42:03.726+0530] {dag.py:4180} INFO - Setting next_dagrun for tutorial to 2026-07-17 00:00:00+00:00, run_after=2026-07-18 00:00:00+00:00
[2026-07-18T15:42:03.731+0530] {processor.py:208} INFO - Processing /Users/bhavishyachallagolla/Desktop/RetailSense/.venv/lib/python3.12/site-packages/airflow/example_dags/tutorial.py took 0.039 seconds
[2026-07-18T15:42:56.181+0530] {processor.py:186} INFO - Started process (PID=4379) to work on /Users/bhavishyachallagolla/Desktop/RetailSense/.venv/lib/python3.12/site-packages/airflow/example_dags/tutorial.py
[2026-07-18T15:42:56.181+0530] {processor.py:914} INFO - Processing file /Users/bhavishyachallagolla/Desktop/RetailSense/.venv/lib/python3.12/site-packages/airflow/example_dags/tutorial.py for tasks to queue
[2026-07-18T15:42:56.181+0530] {logging_mixin.py:190} INFO - [2026-07-18T15:42:56.181+0530] {dagbag.py:588} INFO - Filling up the DagBag from /Users/bhavishyachallagolla/Desktop/RetailSense/.venv/lib/python3.12/site-packages/airflow/example_dags/tutorial.py
[2026-07-18T15:42:56.184+0530] {processor.py:925} INFO - DAG(s) 'tutorial' retrieved from /Users/bhavishyachallagolla/Desktop/RetailSense/.venv/lib/python3.12/site-packages/airflow/example_dags/tutorial.py
[2026-07-18T15:42:56.209+0530] {logging_mixin.py:190} INFO - [2026-07-18T15:42:56.209+0530] {dag.py:3239} INFO - Sync 1 DAGs
[2026-07-18T15:42:56.215+0530] {logging_mixin.py:190} INFO - [2026-07-18T15:42:56.215+0530] {dag.py:4180} INFO - Setting next_dagrun for tutorial to 2026-07-17 00:00:00+00:00, run_after=2026-07-18 00:00:00+00:00
[2026-07-18T15:42:56.219+0530] {processor.py:208} INFO - Processing /Users/bhavishyachallagolla/Desktop/RetailSense/.venv/lib/python3.12/site-packages/airflow/example_dags/tutorial.py took 0.040 seconds
[2026-07-18T15:43:58.676+0530] {processor.py:186} INFO - Started process (PID=4569) to work on /Users/bhavishyachallagolla/Desktop/RetailSense/.venv/lib/python3.12/site-packages/airflow/example_dags/tutorial.py
[2026-07-18T15:43:58.677+0530] {processor.py:914} INFO - Processing file /Users/bhavishyachallagolla/Desktop/RetailSense/.venv/lib/python3.12/site-packages/airflow/example_dags/tutorial.py for tasks to queue
[2026-07-18T15:43:58.677+0530] {logging_mixin.py:190} INFO - [2026-07-18T15:43:58.677+0530] {dagbag.py:588} INFO - Filling up the DagBag from /Users/bhavishyachallagolla/Desktop/RetailSense/.venv/lib/python3.12/site-packages/airflow/example_dags/tutorial.py
[2026-07-18T15:43:58.679+0530] {processor.py:925} INFO - DAG(s) 'tutorial' retrieved from /Users/bhavishyachallagolla/Desktop/RetailSense/.venv/lib/python3.12/site-packages/airflow/example_dags/tutorial.py
[2026-07-18T15:43:58.704+0530] {logging_mixin.py:190} INFO - [2026-07-18T15:43:58.704+0530] {dag.py:3239} INFO - Sync 1 DAGs
[2026-07-18T15:43:58.709+0530] {logging_mixin.py:190} INFO - [2026-07-18T15:43:58.709+0530] {dag.py:4180} INFO - Setting next_dagrun for tutorial to 2026-07-17 00:00:00+00:00, run_after=2026-07-18 00:00:00+00:00
[2026-07-18T15:43:58.713+0530] {processor.py:208} INFO - Processing /Users/bhavishyachallagolla/Desktop/RetailSense/.venv/lib/python3.12/site-packages/airflow/example_dags/tutorial.py took 0.039 seconds
[2026-07-18T15:44:50.904+0530] {processor.py:186} INFO - Started process (PID=4700) to work on /Users/bhavishyachallagolla/Desktop/RetailSense/.venv/lib/python3.12/site-packages/airflow/example_dags/tutorial.py
[2026-07-18T15:44:50.904+0530] {processor.py:914} INFO - Processing file /Users/bhavishyachallagolla/Desktop/RetailSense/.venv/lib/python3.12/site-packages/airflow/example_dags/tutorial.py for tasks to queue
[2026-07-18T15:44:50.905+0530] {logging_mixin.py:190} INFO - [2026-07-18T15:44:50.905+0530] {dagbag.py:588} INFO - Filling up the DagBag from /Users/bhavishyachallagolla/Desktop/RetailSense/.venv/lib/python3.12/site-packages/airflow/example_dags/tutorial.py
[2026-07-18T15:44:50.907+0530] {processor.py:925} INFO - DAG(s) 'tutorial' retrieved from /Users/bhavishyachallagolla/Desktop/RetailSense/.venv/lib/python3.12/site-packages/airflow/example_dags/tutorial.py
[2026-07-18T15:44:50.932+0530] {logging_mixin.py:190} INFO - [2026-07-18T15:44:50.932+0530] {dag.py:3239} INFO - Sync 1 DAGs
[2026-07-18T15:44:50.937+0530] {logging_mixin.py:190} INFO - [2026-07-18T15:44:50.937+0530] {dag.py:4180} INFO - Setting next_dagrun for tutorial to 2026-07-17 00:00:00+00:00, run_after=2026-07-18 00:00:00+00:00
[2026-07-18T15:44:50.942+0530] {processor.py:208} INFO - Processing /Users/bhavishyachallagolla/Desktop/RetailSense/.venv/lib/python3.12/site-packages/airflow/example_dags/tutorial.py took 0.039 seconds
[2026-07-18T15:45:42.299+0530] {processor.py:186} INFO - Started process (PID=4826) to work on /Users/bhavishyachallagolla/Desktop/RetailSense/.venv/lib/python3.12/site-packages/airflow/example_dags/tutorial.py
[2026-07-18T15:45:42.299+0530] {processor.py:914} INFO - Processing file /Users/bhavishyachallagolla/Desktop/RetailSense/.venv/lib/python3.12/site-packages/airflow/example_dags/tutorial.py for tasks to queue
[2026-07-18T15:45:42.299+0530] {logging_mixin.py:190} INFO - [2026-07-18T15:45:42.299+0530] {dagbag.py:588} INFO - Filling up the DagBag from /Users/bhavishyachallagolla/Desktop/RetailSense/.venv/lib/python3.12/site-packages/airflow/example_dags/tutorial.py
[2026-07-18T15:45:42.302+0530] {processor.py:925} INFO - DAG(s) 'tutorial' retrieved from /Users/bhavishyachallagolla/Desktop/RetailSense/.venv/lib/python3.12/site-packages/airflow/example_dags/tutorial.py
[2026-07-18T15:45:42.328+0530] {logging_mixin.py:190} INFO - [2026-07-18T15:45:42.328+0530] {dag.py:3239} INFO - Sync 1 DAGs
[2026-07-18T15:45:42.333+0530] {logging_mixin.py:190} INFO - [2026-07-18T15:45:42.333+0530] {dag.py:4180} INFO - Setting next_dagrun for tutorial to 2026-07-17 00:00:00+00:00, run_after=2026-07-18 00:00:00+00:00
[2026-07-18T15:45:42.338+0530] {processor.py:208} INFO - Processing /Users/bhavishyachallagolla/Desktop/RetailSense/.venv/lib/python3.12/site-packages/airflow/example_dags/tutorial.py took 0.041 seconds
[2026-07-18T15:46:35.261+0530] {processor.py:186} INFO - Started process (PID=4958) to work on /Users/bhavishyachallagolla/Desktop/RetailSense/.venv/lib/python3.12/site-packages/airflow/example_dags/tutorial.py
[2026-07-18T15:46:35.262+0530] {processor.py:914} INFO - Processing file /Users/bhavishyachallagolla/Desktop/RetailSense/.venv/lib/python3.12/site-packages/airflow/example_dags/tutorial.py for tasks to queue
[2026-07-18T15:46:35.262+0530] {logging_mixin.py:190} INFO - [2026-07-18T15:46:35.262+0530] {dagbag.py:588} INFO - Filling up the DagBag from /Users/bhavishyachallagolla/Desktop/RetailSense/.venv/lib/python3.12/site-packages/airflow/example_dags/tutorial.py
[2026-07-18T15:46:35.264+0530] {processor.py:925} INFO - DAG(s) 'tutorial' retrieved from /Users/bhavishyachallagolla/Desktop/RetailSense/.venv/lib/python3.12/site-packages/airflow/example_dags/tutorial.py
[2026-07-18T15:46:35.288+0530] {logging_mixin.py:190} INFO - [2026-07-18T15:46:35.288+0530] {dag.py:3239} INFO - Sync 1 DAGs
[2026-07-18T15:46:35.293+0530] {logging_mixin.py:190} INFO - [2026-07-18T15:46:35.293+0530] {dag.py:4180} INFO - Setting next_dagrun for tutorial to 2026-07-17 00:00:00+00:00, run_after=2026-07-18 00:00:00+00:00
[2026-07-18T15:46:35.298+0530] {processor.py:208} INFO - Processing /Users/bhavishyachallagolla/Desktop/RetailSense/.venv/lib/python3.12/site-packages/airflow/example_dags/tutorial.py took 0.037 seconds
[2026-07-18T15:47:27.326+0530] {processor.py:186} INFO - Started process (PID=5115) to work on /Users/bhavishyachallagolla/Desktop/RetailSense/.venv/lib/python3.12/site-packages/airflow/example_dags/tutorial.py
[2026-07-18T15:47:27.327+0530] {processor.py:914} INFO - Processing file /Users/bhavishyachallagolla/Desktop/RetailSense/.venv/lib/python3.12/site-packages/airflow/example_dags/tutorial.py for tasks to queue
[2026-07-18T15:47:27.328+0530] {logging_mixin.py:190} INFO - [2026-07-18T15:47:27.328+0530] {dagbag.py:588} INFO - Filling up the DagBag from /Users/bhavishyachallagolla/Desktop/RetailSense/.venv/lib/python3.12/site-packages/airflow/example_dags/tutorial.py
[2026-07-18T15:47:27.330+0530] {processor.py:925} INFO - DAG(s) 'tutorial' retrieved from /Users/bhavishyachallagolla/Desktop/RetailSense/.venv/lib/python3.12/site-packages/airflow/example_dags/tutorial.py
[2026-07-18T15:47:27.355+0530] {logging_mixin.py:190} INFO - [2026-07-18T15:47:27.355+0530] {dag.py:3239} INFO - Sync 1 DAGs
[2026-07-18T15:47:27.360+0530] {logging_mixin.py:190} INFO - [2026-07-18T15:47:27.360+0530] {dag.py:4180} INFO - Setting next_dagrun for tutorial to 2026-07-17 00:00:00+00:00, run_after=2026-07-18 00:00:00+00:00
[2026-07-18T15:47:27.364+0530] {processor.py:208} INFO - Processing /Users/bhavishyachallagolla/Desktop/RetailSense/.venv/lib/python3.12/site-packages/airflow/example_dags/tutorial.py took 0.039 seconds
[2026-07-18T15:48:19.934+0530] {processor.py:186} INFO - Started process (PID=5258) to work on /Users/bhavishyachallagolla/Desktop/RetailSense/.venv/lib/python3.12/site-packages/airflow/example_dags/tutorial.py
[2026-07-18T15:48:19.935+0530] {processor.py:914} INFO - Processing file /Users/bhavishyachallagolla/Desktop/RetailSense/.venv/lib/python3.12/site-packages/airflow/example_dags/tutorial.py for tasks to queue
[2026-07-18T15:48:19.935+0530] {logging_mixin.py:190} INFO - [2026-07-18T15:48:19.935+0530] {dagbag.py:588} INFO - Filling up the DagBag from /Users/bhavishyachallagolla/Desktop/RetailSense/.venv/lib/python3.12/site-packages/airflow/example_dags/tutorial.py
[2026-07-18T15:48:19.938+0530] {processor.py:925} INFO - DAG(s) 'tutorial' retrieved from /Users/bhavishyachallagolla/Desktop/RetailSense/.venv/lib/python3.12/site-packages/airflow/example_dags/tutorial.py
[2026-07-18T15:48:19.963+0530] {logging_mixin.py:190} INFO - [2026-07-18T15:48:19.963+0530] {dag.py:3239} INFO - Sync 1 DAGs
[2026-07-18T15:48:19.968+0530] {logging_mixin.py:190} INFO - [2026-07-18T15:48:19.968+0530] {dag.py:4180} INFO - Setting next_dagrun for tutorial to 2026-07-17 00:00:00+00:00, run_after=2026-07-18 00:00:00+00:00
[2026-07-18T15:48:19.972+0530] {processor.py:208} INFO - Processing /Users/bhavishyachallagolla/Desktop/RetailSense/.venv/lib/python3.12/site-packages/airflow/example_dags/tutorial.py took 0.039 seconds
[2026-07-18T15:49:13.285+0530] {processor.py:186} INFO - Started process (PID=5409) to work on /Users/bhavishyachallagolla/Desktop/RetailSense/.venv/lib/python3.12/site-packages/airflow/example_dags/tutorial.py
[2026-07-18T15:49:13.286+0530] {processor.py:914} INFO - Processing file /Users/bhavishyachallagolla/Desktop/RetailSense/.venv/lib/python3.12/site-packages/airflow/example_dags/tutorial.py for tasks to queue
[2026-07-18T15:49:13.286+0530] {logging_mixin.py:190} INFO - [2026-07-18T15:49:13.286+0530] {dagbag.py:588} INFO - Filling up the DagBag from /Users/bhavishyachallagolla/Desktop/RetailSense/.venv/lib/python3.12/site-packages/airflow/example_dags/tutorial.py
[2026-07-18T15:49:13.289+0530] {processor.py:925} INFO - DAG(s) 'tutorial' retrieved from /Users/bhavishyachallagolla/Desktop/RetailSense/.venv/lib/python3.12/site-packages/airflow/example_dags/tutorial.py
[2026-07-18T15:49:13.314+0530] {logging_mixin.py:190} INFO - [2026-07-18T15:49:13.314+0530] {dag.py:3239} INFO - Sync 1 DAGs
[2026-07-18T15:49:13.319+0530] {logging_mixin.py:190} INFO - [2026-07-18T15:49:13.319+0530] {dag.py:4180} INFO - Setting next_dagrun for tutorial to 2026-07-17 00:00:00+00:00, run_after=2026-07-18 00:00:00+00:00
[2026-07-18T15:49:13.323+0530] {processor.py:208} INFO - Processing /Users/bhavishyachallagolla/Desktop/RetailSense/.venv/lib/python3.12/site-packages/airflow/example_dags/tutorial.py took 0.039 seconds
[2026-07-18T15:50:06.661+0530] {processor.py:186} INFO - Started process (PID=5537) to work on /Users/bhavishyachallagolla/Desktop/RetailSense/.venv/lib/python3.12/site-packages/airflow/example_dags/tutorial.py
[2026-07-18T15:50:06.662+0530] {processor.py:914} INFO - Processing file /Users/bhavishyachallagolla/Desktop/RetailSense/.venv/lib/python3.12/site-packages/airflow/example_dags/tutorial.py for tasks to queue
[2026-07-18T15:50:06.662+0530] {logging_mixin.py:190} INFO - [2026-07-18T15:50:06.662+0530] {dagbag.py:588} INFO - Filling up the DagBag from /Users/bhavishyachallagolla/Desktop/RetailSense/.venv/lib/python3.12/site-packages/airflow/example_dags/tutorial.py
[2026-07-18T15:50:06.665+0530] {processor.py:925} INFO - DAG(s) 'tutorial' retrieved from /Users/bhavishyachallagolla/Desktop/RetailSense/.venv/lib/python3.12/site-packages/airflow/example_dags/tutorial.py
[2026-07-18T15:50:06.690+0530] {logging_mixin.py:190} INFO - [2026-07-18T15:50:06.690+0530] {dag.py:3239} INFO - Sync 1 DAGs
[2026-07-18T15:50:06.695+0530] {logging_mixin.py:190} INFO - [2026-07-18T15:50:06.695+0530] {dag.py:4180} INFO - Setting next_dagrun for tutorial to 2026-07-17 00:00:00+00:00, run_after=2026-07-18 00:00:00+00:00
[2026-07-18T15:50:06.699+0530] {processor.py:208} INFO - Processing /Users/bhavishyachallagolla/Desktop/RetailSense/.venv/lib/python3.12/site-packages/airflow/example_dags/tutorial.py took 0.039 seconds
[2026-07-18T15:51:00.603+0530] {processor.py:186} INFO - Started process (PID=5680) to work on /Users/bhavishyachallagolla/Desktop/RetailSense/.venv/lib/python3.12/site-packages/airflow/example_dags/tutorial.py
[2026-07-18T15:51:00.604+0530] {processor.py:914} INFO - Processing file /Users/bhavishyachallagolla/Desktop/RetailSense/.venv/lib/python3.12/site-packages/airflow/example_dags/tutorial.py for tasks to queue
[2026-07-18T15:51:00.605+0530] {logging_mixin.py:190} INFO - [2026-07-18T15:51:00.605+0530] {dagbag.py:588} INFO - Filling up the DagBag from /Users/bhavishyachallagolla/Desktop/RetailSense/.venv/lib/python3.12/site-packages/airflow/example_dags/tutorial.py
[2026-07-18T15:51:00.607+0530] {processor.py:925} INFO - DAG(s) 'tutorial' retrieved from /Users/bhavishyachallagolla/Desktop/RetailSense/.venv/lib/python3.12/site-packages/airflow/example_dags/tutorial.py
[2026-07-18T15:51:00.631+0530] {logging_mixin.py:190} INFO - [2026-07-18T15:51:00.631+0530] {dag.py:3239} INFO - Sync 1 DAGs
[2026-07-18T15:51:00.637+0530] {logging_mixin.py:190} INFO - [2026-07-18T15:51:00.637+0530] {dag.py:4180} INFO - Setting next_dagrun for tutorial to 2026-07-17 00:00:00+00:00, run_after=2026-07-18 00:00:00+00:00
[2026-07-18T15:51:00.641+0530] {processor.py:208} INFO - Processing /Users/bhavishyachallagolla/Desktop/RetailSense/.venv/lib/python3.12/site-packages/airflow/example_dags/tutorial.py took 0.039 seconds
[2026-07-18T15:51:50.509+0530] {processor.py:186} INFO - Started process (PID=5805) to work on /Users/bhavishyachallagolla/Desktop/RetailSense/.venv/lib/python3.12/site-packages/airflow/example_dags/tutorial.py
[2026-07-18T15:51:50.510+0530] {processor.py:914} INFO - Processing file /Users/bhavishyachallagolla/Desktop/RetailSense/.venv/lib/python3.12/site-packages/airflow/example_dags/tutorial.py for tasks to queue
[2026-07-18T15:51:50.510+0530] {logging_mixin.py:190} INFO - [2026-07-18T15:51:50.510+0530] {dagbag.py:588} INFO - Filling up the DagBag from /Users/bhavishyachallagolla/Desktop/RetailSense/.venv/lib/python3.12/site-packages/airflow/example_dags/tutorial.py
[2026-07-18T15:51:50.513+0530] {processor.py:925} INFO - DAG(s) 'tutorial' retrieved from /Users/bhavishyachallagolla/Desktop/RetailSense/.venv/lib/python3.12/site-packages/airflow/example_dags/tutorial.py
[2026-07-18T15:51:50.538+0530] {logging_mixin.py:190} INFO - [2026-07-18T15:51:50.538+0530] {dag.py:3239} INFO - Sync 1 DAGs
[2026-07-18T15:51:50.543+0530] {logging_mixin.py:190} INFO - [2026-07-18T15:51:50.543+0530] {dag.py:4180} INFO - Setting next_dagrun for tutorial to 2026-07-17 00:00:00+00:00, run_after=2026-07-18 00:00:00+00:00
[2026-07-18T15:51:50.548+0530] {processor.py:208} INFO - Processing /Users/bhavishyachallagolla/Desktop/RetailSense/.venv/lib/python3.12/site-packages/airflow/example_dags/tutorial.py took 0.040 seconds
[2026-07-18T15:52:41.550+0530] {processor.py:186} INFO - Started process (PID=5940) to work on /Users/bhavishyachallagolla/Desktop/RetailSense/.venv/lib/python3.12/site-packages/airflow/example_dags/tutorial.py
[2026-07-18T15:52:41.550+0530] {processor.py:914} INFO - Processing file /Users/bhavishyachallagolla/Desktop/RetailSense/.venv/lib/python3.12/site-packages/airflow/example_dags/tutorial.py for tasks to queue
[2026-07-18T15:52:41.551+0530] {logging_mixin.py:190} INFO - [2026-07-18T15:52:41.551+0530] {dagbag.py:588} INFO - Filling up the DagBag from /Users/bhavishyachallagolla/Desktop/RetailSense/.venv/lib/python3.12/site-packages/airflow/example_dags/tutorial.py
[2026-07-18T15:52:41.553+0530] {processor.py:925} INFO - DAG(s) 'tutorial' retrieved from /Users/bhavishyachallagolla/Desktop/RetailSense/.venv/lib/python3.12/site-packages/airflow/example_dags/tutorial.py
[2026-07-18T15:52:41.577+0530] {logging_mixin.py:190} INFO - [2026-07-18T15:52:41.577+0530] {dag.py:3239} INFO - Sync 1 DAGs
[2026-07-18T15:52:41.583+0530] {logging_mixin.py:190} INFO - [2026-07-18T15:52:41.583+0530] {dag.py:4180} INFO - Setting next_dagrun for tutorial to 2026-07-17 00:00:00+00:00, run_after=2026-07-18 00:00:00+00:00
[2026-07-18T15:52:41.587+0530] {processor.py:208} INFO - Processing /Users/bhavishyachallagolla/Desktop/RetailSense/.venv/lib/python3.12/site-packages/airflow/example_dags/tutorial.py took 0.038 seconds
[2026-07-18T15:53:31.942+0530] {processor.py:186} INFO - Started process (PID=6065) to work on /Users/bhavishyachallagolla/Desktop/RetailSense/.venv/lib/python3.12/site-packages/airflow/example_dags/tutorial.py
[2026-07-18T15:53:31.943+0530] {processor.py:914} INFO - Processing file /Users/bhavishyachallagolla/Desktop/RetailSense/.venv/lib/python3.12/site-packages/airflow/example_dags/tutorial.py for tasks to queue
[2026-07-18T15:53:31.943+0530] {logging_mixin.py:190} INFO - [2026-07-18T15:53:31.943+0530] {dagbag.py:588} INFO - Filling up the DagBag from /Users/bhavishyachallagolla/Desktop/RetailSense/.venv/lib/python3.12/site-packages/airflow/example_dags/tutorial.py
[2026-07-18T15:53:31.946+0530] {processor.py:925} INFO - DAG(s) 'tutorial' retrieved from /Users/bhavishyachallagolla/Desktop/RetailSense/.venv/lib/python3.12/site-packages/airflow/example_dags/tutorial.py
[2026-07-18T15:53:31.971+0530] {logging_mixin.py:190} INFO - [2026-07-18T15:53:31.971+0530] {dag.py:3239} INFO - Sync 1 DAGs
[2026-07-18T15:53:31.977+0530] {logging_mixin.py:190} INFO - [2026-07-18T15:53:31.976+0530] {dag.py:4180} INFO - Setting next_dagrun for tutorial to 2026-07-17 00:00:00+00:00, run_after=2026-07-18 00:00:00+00:00
[2026-07-18T15:53:31.981+0530] {processor.py:208} INFO - Processing /Users/bhavishyachallagolla/Desktop/RetailSense/.venv/lib/python3.12/site-packages/airflow/example_dags/tutorial.py took 0.041 seconds
[2026-07-18T15:54:24.574+0530] {processor.py:186} INFO - Started process (PID=6195) to work on /Users/bhavishyachallagolla/Desktop/RetailSense/.venv/lib/python3.12/site-packages/airflow/example_dags/tutorial.py
[2026-07-18T15:54:24.575+0530] {processor.py:914} INFO - Processing file /Users/bhavishyachallagolla/Desktop/RetailSense/.venv/lib/python3.12/site-packages/airflow/example_dags/tutorial.py for tasks to queue
[2026-07-18T15:54:24.575+0530] {logging_mixin.py:190} INFO - [2026-07-18T15:54:24.575+0530] {dagbag.py:588} INFO - Filling up the DagBag from /Users/bhavishyachallagolla/Desktop/RetailSense/.venv/lib/python3.12/site-packages/airflow/example_dags/tutorial.py
[2026-07-18T15:54:24.577+0530] {processor.py:925} INFO - DAG(s) 'tutorial' retrieved from /Users/bhavishyachallagolla/Desktop/RetailSense/.venv/lib/python3.12/site-packages/airflow/example_dags/tutorial.py
[2026-07-18T15:54:24.603+0530] {logging_mixin.py:190} INFO - [2026-07-18T15:54:24.602+0530] {dag.py:3239} INFO - Sync 1 DAGs
[2026-07-18T15:54:24.607+0530] {logging_mixin.py:190} INFO - [2026-07-18T15:54:24.607+0530] {dag.py:4180} INFO - Setting next_dagrun for tutorial to 2026-07-17 00:00:00+00:00, run_after=2026-07-18 00:00:00+00:00
[2026-07-18T15:54:24.612+0530] {processor.py:208} INFO - Processing /Users/bhavishyachallagolla/Desktop/RetailSense/.venv/lib/python3.12/site-packages/airflow/example_dags/tutorial.py took 0.039 seconds
[2026-07-18T15:55:18.461+0530] {processor.py:186} INFO - Started process (PID=6330) to work on /Users/bhavishyachallagolla/Desktop/RetailSense/.venv/lib/python3.12/site-packages/airflow/example_dags/tutorial.py
[2026-07-18T15:55:18.462+0530] {processor.py:914} INFO - Processing file /Users/bhavishyachallagolla/Desktop/RetailSense/.venv/lib/python3.12/site-packages/airflow/example_dags/tutorial.py for tasks to queue
[2026-07-18T15:55:18.462+0530] {logging_mixin.py:190} INFO - [2026-07-18T15:55:18.462+0530] {dagbag.py:588} INFO - Filling up the DagBag from /Users/bhavishyachallagolla/Desktop/RetailSense/.venv/lib/python3.12/site-packages/airflow/example_dags/tutorial.py
[2026-07-18T15:55:18.464+0530] {processor.py:925} INFO - DAG(s) 'tutorial' retrieved from /Users/bhavishyachallagolla/Desktop/RetailSense/.venv/lib/python3.12/site-packages/airflow/example_dags/tutorial.py
[2026-07-18T15:55:18.489+0530] {logging_mixin.py:190} INFO - [2026-07-18T15:55:18.489+0530] {dag.py:3239} INFO - Sync 1 DAGs
[2026-07-18T15:55:18.494+0530] {logging_mixin.py:190} INFO - [2026-07-18T15:55:18.494+0530] {dag.py:4180} INFO - Setting next_dagrun for tutorial to 2026-07-17 00:00:00+00:00, run_after=2026-07-18 00:00:00+00:00
[2026-07-18T15:55:18.498+0530] {processor.py:208} INFO - Processing /Users/bhavishyachallagolla/Desktop/RetailSense/.venv/lib/python3.12/site-packages/airflow/example_dags/tutorial.py took 0.039 seconds
[2026-07-18T15:56:10.152+0530] {processor.py:186} INFO - Started process (PID=6458) to work on /Users/bhavishyachallagolla/Desktop/RetailSense/.venv/lib/python3.12/site-packages/airflow/example_dags/tutorial.py
[2026-07-18T15:56:10.154+0530] {processor.py:914} INFO - Processing file /Users/bhavishyachallagolla/Desktop/RetailSense/.venv/lib/python3.12/site-packages/airflow/example_dags/tutorial.py for tasks to queue
[2026-07-18T15:56:10.154+0530] {logging_mixin.py:190} INFO - [2026-07-18T15:56:10.154+0530] {dagbag.py:588} INFO - Filling up the DagBag from /Users/bhavishyachallagolla/Desktop/RetailSense/.venv/lib/python3.12/site-packages/airflow/example_dags/tutorial.py
[2026-07-18T15:56:10.157+0530] {processor.py:925} INFO - DAG(s) 'tutorial' retrieved from /Users/bhavishyachallagolla/Desktop/RetailSense/.venv/lib/python3.12/site-packages/airflow/example_dags/tutorial.py
[2026-07-18T15:56:10.183+0530] {logging_mixin.py:190} INFO - [2026-07-18T15:56:10.183+0530] {dag.py:3239} INFO - Sync 1 DAGs
[2026-07-18T15:56:10.188+0530] {logging_mixin.py:190} INFO - [2026-07-18T15:56:10.188+0530] {dag.py:4180} INFO - Setting next_dagrun for tutorial to 2026-07-17 00:00:00+00:00, run_after=2026-07-18 00:00:00+00:00
[2026-07-18T15:56:10.193+0530] {processor.py:208} INFO - Processing /Users/bhavishyachallagolla/Desktop/RetailSense/.venv/lib/python3.12/site-packages/airflow/example_dags/tutorial.py took 0.041 seconds
