[2026-07-18T15:36:03.720+0530] {processor.py:186} INFO - Started process (PID=3306) to work on /Users/bhavishyachallagolla/Desktop/RetailSense/.venv/lib/python3.12/site-packages/airflow/example_dags/tutorial_taskflow_api.py
[2026-07-18T15:36:03.721+0530] {processor.py:914} INFO - Processing file /Users/bhavishyachallagolla/Desktop/RetailSense/.venv/lib/python3.12/site-packages/airflow/example_dags/tutorial_taskflow_api.py for tasks to queue
[2026-07-18T15:36:03.721+0530] {logging_mixin.py:190} INFO - [2026-07-18T15:36:03.721+0530] {dagbag.py:588} INFO - Filling up the DagBag from /Users/bhavishyachallagolla/Desktop/RetailSense/.venv/lib/python3.12/site-packages/airflow/example_dags/tutorial_taskflow_api.py
[2026-07-18T15:36:03.732+0530] {processor.py:925} INFO - DAG(s) 'tutorial_taskflow_api' retrieved from /Users/bhavishyachallagolla/Desktop/RetailSense/.venv/lib/python3.12/site-packages/airflow/example_dags/tutorial_taskflow_api.py
[2026-07-18T15:36:03.757+0530] {logging_mixin.py:190} INFO - [2026-07-18T15:36:03.757+0530] {dag.py:3239} INFO - Sync 1 DAGs
[2026-07-18T15:36:03.760+0530] {logging_mixin.py:190} INFO - [2026-07-18T15:36:03.760+0530] {dag.py:4180} INFO - Setting next_dagrun for tutorial_taskflow_api to None, run_after=None
[2026-07-18T15:36:03.764+0530] {processor.py:208} INFO - Processing /Users/bhavishyachallagolla/Desktop/RetailSense/.venv/lib/python3.12/site-packages/airflow/example_dags/tutorial_taskflow_api.py took 0.045 seconds
[2026-07-18T15:37:25.654+0530] {processor.py:186} INFO - Started process (PID=3511) to work on /Users/bhavishyachallagolla/Desktop/RetailSense/.venv/lib/python3.12/site-packages/airflow/example_dags/tutorial_taskflow_api.py
[2026-07-18T15:37:25.654+0530] {processor.py:914} INFO - Processing file /Users/bhavishyachallagolla/Desktop/RetailSense/.venv/lib/python3.12/site-packages/airflow/example_dags/tutorial_taskflow_api.py for tasks to queue
[2026-07-18T15:37:25.655+0530] {logging_mixin.py:190} INFO - [2026-07-18T15:37:25.655+0530] {dagbag.py:588} INFO - Filling up the DagBag from /Users/bhavishyachallagolla/Desktop/RetailSense/.venv/lib/python3.12/site-packages/airflow/example_dags/tutorial_taskflow_api.py
[2026-07-18T15:37:25.667+0530] {processor.py:925} INFO - DAG(s) 'tutorial_taskflow_api' retrieved from /Users/bhavishyachallagolla/Desktop/RetailSense/.venv/lib/python3.12/site-packages/airflow/example_dags/tutorial_taskflow_api.py
[2026-07-18T15:37:25.692+0530] {logging_mixin.py:190} INFO - [2026-07-18T15:37:25.692+0530] {dag.py:3239} INFO - Sync 1 DAGs
[2026-07-18T15:37:25.695+0530] {logging_mixin.py:190} INFO - [2026-07-18T15:37:25.695+0530] {dag.py:4180} INFO - Setting next_dagrun for tutorial_taskflow_api to None, run_after=None
[2026-07-18T15:37:25.699+0530] {processor.py:208} INFO - Processing /Users/bhavishyachallagolla/Desktop/RetailSense/.venv/lib/python3.12/site-packages/airflow/example_dags/tutorial_taskflow_api.py took 0.047 seconds
[2026-07-18T15:38:27.487+0530] {processor.py:186} INFO - Started process (PID=3675) to work on /Users/bhavishyachallagolla/Desktop/RetailSense/.venv/lib/python3.12/site-packages/airflow/example_dags/tutorial_taskflow_api.py
[2026-07-18T15:38:27.488+0530] {processor.py:914} INFO - Processing file /Users/bhavishyachallagolla/Desktop/RetailSense/.venv/lib/python3.12/site-packages/airflow/example_dags/tutorial_taskflow_api.py for tasks to queue
[2026-07-18T15:38:27.489+0530] {logging_mixin.py:190} INFO - [2026-07-18T15:38:27.489+0530] {dagbag.py:588} INFO - Filling up the DagBag from /Users/bhavishyachallagolla/Desktop/RetailSense/.venv/lib/python3.12/site-packages/airflow/example_dags/tutorial_taskflow_api.py
[2026-07-18T15:38:27.500+0530] {processor.py:925} INFO - DAG(s) 'tutorial_taskflow_api' retrieved from /Users/bhavishyachallagolla/Desktop/RetailSense/.venv/lib/python3.12/site-packages/airflow/example_dags/tutorial_taskflow_api.py
[2026-07-18T15:38:27.524+0530] {logging_mixin.py:190} INFO - [2026-07-18T15:38:27.524+0530] {dag.py:3239} INFO - Sync 1 DAGs
[2026-07-18T15:38:27.527+0530] {logging_mixin.py:190} INFO - [2026-07-18T15:38:27.527+0530] {dag.py:4180} INFO - Setting next_dagrun for tutorial_taskflow_api to None, run_after=None
[2026-07-18T15:38:27.532+0530] {processor.py:208} INFO - Processing /Users/bhavishyachallagolla/Desktop/RetailSense/.venv/lib/python3.12/site-packages/airflow/example_dags/tutorial_taskflow_api.py took 0.046 seconds
[2026-07-18T15:39:29.175+0530] {processor.py:186} INFO - Started process (PID=3848) to work on /Users/bhavishyachallagolla/Desktop/RetailSense/.venv/lib/python3.12/site-packages/airflow/example_dags/tutorial_taskflow_api.py
[2026-07-18T15:39:29.176+0530] {processor.py:914} INFO - Processing file /Users/bhavishyachallagolla/Desktop/RetailSense/.venv/lib/python3.12/site-packages/airflow/example_dags/tutorial_taskflow_api.py for tasks to queue
[2026-07-18T15:39:29.176+0530] {logging_mixin.py:190} INFO - [2026-07-18T15:39:29.176+0530] {dagbag.py:588} INFO - Filling up the DagBag from /Users/bhavishyachallagolla/Desktop/RetailSense/.venv/lib/python3.12/site-packages/airflow/example_dags/tutorial_taskflow_api.py
[2026-07-18T15:39:29.189+0530] {processor.py:925} INFO - DAG(s) 'tutorial_taskflow_api' retrieved from /Users/bhavishyachallagolla/Desktop/RetailSense/.venv/lib/python3.12/site-packages/airflow/example_dags/tutorial_taskflow_api.py
[2026-07-18T15:39:29.214+0530] {logging_mixin.py:190} INFO - [2026-07-18T15:39:29.214+0530] {dag.py:3239} INFO - Sync 1 DAGs
[2026-07-18T15:39:29.217+0530] {logging_mixin.py:190} INFO - [2026-07-18T15:39:29.217+0530] {dag.py:4180} INFO - Setting next_dagrun for tutorial_taskflow_api to None, run_after=None
[2026-07-18T15:39:29.222+0530] {processor.py:208} INFO - Processing /Users/bhavishyachallagolla/Desktop/RetailSense/.venv/lib/python3.12/site-packages/airflow/example_dags/tutorial_taskflow_api.py took 0.047 seconds
[2026-07-18T15:40:19.594+0530] {processor.py:186} INFO - Started process (PID=3975) to work on /Users/bhavishyachallagolla/Desktop/RetailSense/.venv/lib/python3.12/site-packages/airflow/example_dags/tutorial_taskflow_api.py
[2026-07-18T15:40:19.595+0530] {processor.py:914} INFO - Processing file /Users/bhavishyachallagolla/Desktop/RetailSense/.venv/lib/python3.12/site-packages/airflow/example_dags/tutorial_taskflow_api.py for tasks to queue
[2026-07-18T15:40:19.596+0530] {logging_mixin.py:190} INFO - [2026-07-18T15:40:19.596+0530] {dagbag.py:588} INFO - Filling up the DagBag from /Users/bhavishyachallagolla/Desktop/RetailSense/.venv/lib/python3.12/site-packages/airflow/example_dags/tutorial_taskflow_api.py
[2026-07-18T15:40:19.608+0530] {processor.py:925} INFO - DAG(s) 'tutorial_taskflow_api' retrieved from /Users/bhavishyachallagolla/Desktop/RetailSense/.venv/lib/python3.12/site-packages/airflow/example_dags/tutorial_taskflow_api.py
[2026-07-18T15:40:19.632+0530] {logging_mixin.py:190} INFO - [2026-07-18T15:40:19.632+0530] {dag.py:3239} INFO - Sync 1 DAGs
[2026-07-18T15:40:19.635+0530] {logging_mixin.py:190} INFO - [2026-07-18T15:40:19.635+0530] {dag.py:4180} INFO - Setting next_dagrun for tutorial_taskflow_api to None, run_after=None
[2026-07-18T15:40:19.640+0530] {processor.py:208} INFO - Processing /Users/bhavishyachallagolla/Desktop/RetailSense/.venv/lib/python3.12/site-packages/airflow/example_dags/tutorial_taskflow_api.py took 0.046 seconds
[2026-07-18T15:41:08.437+0530] {processor.py:186} INFO - Started process (PID=4114) to work on /Users/bhavishyachallagolla/Desktop/RetailSense/.venv/lib/python3.12/site-packages/airflow/example_dags/tutorial_taskflow_api.py
[2026-07-18T15:41:08.438+0530] {processor.py:914} INFO - Processing file /Users/bhavishyachallagolla/Desktop/RetailSense/.venv/lib/python3.12/site-packages/airflow/example_dags/tutorial_taskflow_api.py for tasks to queue
[2026-07-18T15:41:08.439+0530] {logging_mixin.py:190} INFO - [2026-07-18T15:41:08.439+0530] {dagbag.py:588} INFO - Filling up the DagBag from /Users/bhavishyachallagolla/Desktop/RetailSense/.venv/lib/python3.12/site-packages/airflow/example_dags/tutorial_taskflow_api.py
[2026-07-18T15:41:08.452+0530] {processor.py:925} INFO - DAG(s) 'tutorial_taskflow_api' retrieved from /Users/bhavishyachallagolla/Desktop/RetailSense/.venv/lib/python3.12/site-packages/airflow/example_dags/tutorial_taskflow_api.py
[2026-07-18T15:41:08.476+0530] {logging_mixin.py:190} INFO - [2026-07-18T15:41:08.476+0530] {dag.py:3239} INFO - Sync 1 DAGs
[2026-07-18T15:41:08.479+0530] {logging_mixin.py:190} INFO - [2026-07-18T15:41:08.479+0530] {dag.py:4180} INFO - Setting next_dagrun for tutorial_taskflow_api to None, run_after=None
[2026-07-18T15:41:08.484+0530] {processor.py:208} INFO - Processing /Users/bhavishyachallagolla/Desktop/RetailSense/.venv/lib/python3.12/site-packages/airflow/example_dags/tutorial_taskflow_api.py took 0.048 seconds
[2026-07-18T15:41:58.996+0530] {processor.py:186} INFO - Started process (PID=4239) to work on /Users/bhavishyachallagolla/Desktop/RetailSense/.venv/lib/python3.12/site-packages/airflow/example_dags/tutorial_taskflow_api.py
[2026-07-18T15:41:58.996+0530] {processor.py:914} INFO - Processing file /Users/bhavishyachallagolla/Desktop/RetailSense/.venv/lib/python3.12/site-packages/airflow/example_dags/tutorial_taskflow_api.py for tasks to queue
[2026-07-18T15:41:58.997+0530] {logging_mixin.py:190} INFO - [2026-07-18T15:41:58.997+0530] {dagbag.py:588} INFO - Filling up the DagBag from /Users/bhavishyachallagolla/Desktop/RetailSense/.venv/lib/python3.12/site-packages/airflow/example_dags/tutorial_taskflow_api.py
[2026-07-18T15:41:59.008+0530] {processor.py:925} INFO - DAG(s) 'tutorial_taskflow_api' retrieved from /Users/bhavishyachallagolla/Desktop/RetailSense/.venv/lib/python3.12/site-packages/airflow/example_dags/tutorial_taskflow_api.py
[2026-07-18T15:41:59.032+0530] {logging_mixin.py:190} INFO - [2026-07-18T15:41:59.032+0530] {dag.py:3239} INFO - Sync 1 DAGs
[2026-07-18T15:41:59.035+0530] {logging_mixin.py:190} INFO - [2026-07-18T15:41:59.035+0530] {dag.py:4180} INFO - Setting next_dagrun for tutorial_taskflow_api to None, run_after=None
[2026-07-18T15:41:59.040+0530] {processor.py:208} INFO - Processing /Users/bhavishyachallagolla/Desktop/RetailSense/.venv/lib/python3.12/site-packages/airflow/example_dags/tutorial_taskflow_api.py took 0.045 seconds
[2026-07-18T15:42:52.169+0530] {processor.py:186} INFO - Started process (PID=4368) to work on /Users/bhavishyachallagolla/Desktop/RetailSense/.venv/lib/python3.12/site-packages/airflow/example_dags/tutorial_taskflow_api.py
[2026-07-18T15:42:52.169+0530] {processor.py:914} INFO - Processing file /Users/bhavishyachallagolla/Desktop/RetailSense/.venv/lib/python3.12/site-packages/airflow/example_dags/tutorial_taskflow_api.py for tasks to queue
[2026-07-18T15:42:52.170+0530] {logging_mixin.py:190} INFO - [2026-07-18T15:42:52.170+0530] {dagbag.py:588} INFO - Filling up the DagBag from /Users/bhavishyachallagolla/Desktop/RetailSense/.venv/lib/python3.12/site-packages/airflow/example_dags/tutorial_taskflow_api.py
[2026-07-18T15:42:52.182+0530] {processor.py:925} INFO - DAG(s) 'tutorial_taskflow_api' retrieved from /Users/bhavishyachallagolla/Desktop/RetailSense/.venv/lib/python3.12/site-packages/airflow/example_dags/tutorial_taskflow_api.py
[2026-07-18T15:42:52.208+0530] {logging_mixin.py:190} INFO - [2026-07-18T15:42:52.208+0530] {dag.py:3239} INFO - Sync 1 DAGs
[2026-07-18T15:42:52.211+0530] {logging_mixin.py:190} INFO - [2026-07-18T15:42:52.211+0530] {dag.py:4180} INFO - Setting next_dagrun for tutorial_taskflow_api to None, run_after=None
[2026-07-18T15:42:52.216+0530] {processor.py:208} INFO - Processing /Users/bhavishyachallagolla/Desktop/RetailSense/.venv/lib/python3.12/site-packages/airflow/example_dags/tutorial_taskflow_api.py took 0.048 seconds
[2026-07-18T15:43:53.667+0530] {processor.py:186} INFO - Started process (PID=4548) to work on /Users/bhavishyachallagolla/Desktop/RetailSense/.venv/lib/python3.12/site-packages/airflow/example_dags/tutorial_taskflow_api.py
[2026-07-18T15:43:53.668+0530] {processor.py:914} INFO - Processing file /Users/bhavishyachallagolla/Desktop/RetailSense/.venv/lib/python3.12/site-packages/airflow/example_dags/tutorial_taskflow_api.py for tasks to queue
[2026-07-18T15:43:53.668+0530] {logging_mixin.py:190} INFO - [2026-07-18T15:43:53.668+0530] {dagbag.py:588} INFO - Filling up the DagBag from /Users/bhavishyachallagolla/Desktop/RetailSense/.venv/lib/python3.12/site-packages/airflow/example_dags/tutorial_taskflow_api.py
[2026-07-18T15:43:53.680+0530] {processor.py:925} INFO - DAG(s) 'tutorial_taskflow_api' retrieved from /Users/bhavishyachallagolla/Desktop/RetailSense/.venv/lib/python3.12/site-packages/airflow/example_dags/tutorial_taskflow_api.py
[2026-07-18T15:43:53.704+0530] {logging_mixin.py:190} INFO - [2026-07-18T15:43:53.704+0530] {dag.py:3239} INFO - Sync 1 DAGs
[2026-07-18T15:43:53.707+0530] {logging_mixin.py:190} INFO - [2026-07-18T15:43:53.707+0530] {dag.py:4180} INFO - Setting next_dagrun for tutorial_taskflow_api to None, run_after=None
[2026-07-18T15:43:53.711+0530] {processor.py:208} INFO - Processing /Users/bhavishyachallagolla/Desktop/RetailSense/.venv/lib/python3.12/site-packages/airflow/example_dags/tutorial_taskflow_api.py took 0.045 seconds
[2026-07-18T15:44:46.941+0530] {processor.py:186} INFO - Started process (PID=4692) to work on /Users/bhavishyachallagolla/Desktop/RetailSense/.venv/lib/python3.12/site-packages/airflow/example_dags/tutorial_taskflow_api.py
[2026-07-18T15:44:46.942+0530] {processor.py:914} INFO - Processing file /Users/bhavishyachallagolla/Desktop/RetailSense/.venv/lib/python3.12/site-packages/airflow/example_dags/tutorial_taskflow_api.py for tasks to queue
[2026-07-18T15:44:46.942+0530] {logging_mixin.py:190} INFO - [2026-07-18T15:44:46.942+0530] {dagbag.py:588} INFO - Filling up the DagBag from /Users/bhavishyachallagolla/Desktop/RetailSense/.venv/lib/python3.12/site-packages/airflow/example_dags/tutorial_taskflow_api.py
[2026-07-18T15:44:46.954+0530] {processor.py:925} INFO - DAG(s) 'tutorial_taskflow_api' retrieved from /Users/bhavishyachallagolla/Desktop/RetailSense/.venv/lib/python3.12/site-packages/airflow/example_dags/tutorial_taskflow_api.py
[2026-07-18T15:44:46.978+0530] {logging_mixin.py:190} INFO - [2026-07-18T15:44:46.978+0530] {dag.py:3239} INFO - Sync 1 DAGs
[2026-07-18T15:44:46.981+0530] {logging_mixin.py:190} INFO - [2026-07-18T15:44:46.981+0530] {dag.py:4180} INFO - Setting next_dagrun for tutorial_taskflow_api to None, run_after=None
[2026-07-18T15:44:46.986+0530] {processor.py:208} INFO - Processing /Users/bhavishyachallagolla/Desktop/RetailSense/.venv/lib/python3.12/site-packages/airflow/example_dags/tutorial_taskflow_api.py took 0.045 seconds
[2026-07-18T15:45:39.081+0530] {processor.py:186} INFO - Started process (PID=4820) to work on /Users/bhavishyachallagolla/Desktop/RetailSense/.venv/lib/python3.12/site-packages/airflow/example_dags/tutorial_taskflow_api.py
[2026-07-18T15:45:39.082+0530] {processor.py:914} INFO - Processing file /Users/bhavishyachallagolla/Desktop/RetailSense/.venv/lib/python3.12/site-packages/airflow/example_dags/tutorial_taskflow_api.py for tasks to queue
[2026-07-18T15:45:39.082+0530] {logging_mixin.py:190} INFO - [2026-07-18T15:45:39.082+0530] {dagbag.py:588} INFO - Filling up the DagBag from /Users/bhavishyachallagolla/Desktop/RetailSense/.venv/lib/python3.12/site-packages/airflow/example_dags/tutorial_taskflow_api.py
[2026-07-18T15:45:39.094+0530] {processor.py:925} INFO - DAG(s) 'tutorial_taskflow_api' retrieved from /Users/bhavishyachallagolla/Desktop/RetailSense/.venv/lib/python3.12/site-packages/airflow/example_dags/tutorial_taskflow_api.py
[2026-07-18T15:45:39.118+0530] {logging_mixin.py:190} INFO - [2026-07-18T15:45:39.118+0530] {dag.py:3239} INFO - Sync 1 DAGs
[2026-07-18T15:45:39.120+0530] {logging_mixin.py:190} INFO - [2026-07-18T15:45:39.120+0530] {dag.py:4180} INFO - Setting next_dagrun for tutorial_taskflow_api to None, run_after=None
[2026-07-18T15:45:39.125+0530] {processor.py:208} INFO - Processing /Users/bhavishyachallagolla/Desktop/RetailSense/.venv/lib/python3.12/site-packages/airflow/example_dags/tutorial_taskflow_api.py took 0.044 seconds
[2026-07-18T15:46:31.289+0530] {processor.py:186} INFO - Started process (PID=4947) to work on /Users/bhavishyachallagolla/Desktop/RetailSense/.venv/lib/python3.12/site-packages/airflow/example_dags/tutorial_taskflow_api.py
[2026-07-18T15:46:31.289+0530] {processor.py:914} INFO - Processing file /Users/bhavishyachallagolla/Desktop/RetailSense/.venv/lib/python3.12/site-packages/airflow/example_dags/tutorial_taskflow_api.py for tasks to queue
[2026-07-18T15:46:31.289+0530] {logging_mixin.py:190} INFO - [2026-07-18T15:46:31.289+0530] {dagbag.py:588} INFO - Filling up the DagBag from /Users/bhavishyachallagolla/Desktop/RetailSense/.venv/lib/python3.12/site-packages/airflow/example_dags/tutorial_taskflow_api.py
[2026-07-18T15:46:31.301+0530] {processor.py:925} INFO - DAG(s) 'tutorial_taskflow_api' retrieved from /Users/bhavishyachallagolla/Desktop/RetailSense/.venv/lib/python3.12/site-packages/airflow/example_dags/tutorial_taskflow_api.py
[2026-07-18T15:46:31.324+0530] {logging_mixin.py:190} INFO - [2026-07-18T15:46:31.324+0530] {dag.py:3239} INFO - Sync 1 DAGs
[2026-07-18T15:46:31.327+0530] {logging_mixin.py:190} INFO - [2026-07-18T15:46:31.327+0530] {dag.py:4180} INFO - Setting next_dagrun for tutorial_taskflow_api to None, run_after=None
[2026-07-18T15:46:31.332+0530] {processor.py:208} INFO - Processing /Users/bhavishyachallagolla/Desktop/RetailSense/.venv/lib/python3.12/site-packages/airflow/example_dags/tutorial_taskflow_api.py took 0.044 seconds
[2026-07-18T15:47:23.364+0530] {processor.py:186} INFO - Started process (PID=5103) to work on /Users/bhavishyachallagolla/Desktop/RetailSense/.venv/lib/python3.12/site-packages/airflow/example_dags/tutorial_taskflow_api.py
[2026-07-18T15:47:23.365+0530] {processor.py:914} INFO - Processing file /Users/bhavishyachallagolla/Desktop/RetailSense/.venv/lib/python3.12/site-packages/airflow/example_dags/tutorial_taskflow_api.py for tasks to queue
[2026-07-18T15:47:23.365+0530] {logging_mixin.py:190} INFO - [2026-07-18T15:47:23.365+0530] {dagbag.py:588} INFO - Filling up the DagBag from /Users/bhavishyachallagolla/Desktop/RetailSense/.venv/lib/python3.12/site-packages/airflow/example_dags/tutorial_taskflow_api.py
[2026-07-18T15:47:23.377+0530] {processor.py:925} INFO - DAG(s) 'tutorial_taskflow_api' retrieved from /Users/bhavishyachallagolla/Desktop/RetailSense/.venv/lib/python3.12/site-packages/airflow/example_dags/tutorial_taskflow_api.py
[2026-07-18T15:47:23.402+0530] {logging_mixin.py:190} INFO - [2026-07-18T15:47:23.402+0530] {dag.py:3239} INFO - Sync 1 DAGs
[2026-07-18T15:47:23.404+0530] {logging_mixin.py:190} INFO - [2026-07-18T15:47:23.404+0530] {dag.py:4180} INFO - Setting next_dagrun for tutorial_taskflow_api to None, run_after=None
[2026-07-18T15:47:23.409+0530] {processor.py:208} INFO - Processing /Users/bhavishyachallagolla/Desktop/RetailSense/.venv/lib/python3.12/site-packages/airflow/example_dags/tutorial_taskflow_api.py took 0.047 seconds
[2026-07-18T15:48:15.057+0530] {processor.py:186} INFO - Started process (PID=5245) to work on /Users/bhavishyachallagolla/Desktop/RetailSense/.venv/lib/python3.12/site-packages/airflow/example_dags/tutorial_taskflow_api.py
[2026-07-18T15:48:15.058+0530] {processor.py:914} INFO - Processing file /Users/bhavishyachallagolla/Desktop/RetailSense/.venv/lib/python3.12/site-packages/airflow/example_dags/tutorial_taskflow_api.py for tasks to queue
[2026-07-18T15:48:15.058+0530] {logging_mixin.py:190} INFO - [2026-07-18T15:48:15.058+0530] {dagbag.py:588} INFO - Filling up the DagBag from /Users/bhavishyachallagolla/Desktop/RetailSense/.venv/lib/python3.12/site-packages/airflow/example_dags/tutorial_taskflow_api.py
[2026-07-18T15:48:15.071+0530] {processor.py:925} INFO - DAG(s) 'tutorial_taskflow_api' retrieved from /Users/bhavishyachallagolla/Desktop/RetailSense/.venv/lib/python3.12/site-packages/airflow/example_dags/tutorial_taskflow_api.py
[2026-07-18T15:48:15.095+0530] {logging_mixin.py:190} INFO - [2026-07-18T15:48:15.095+0530] {dag.py:3239} INFO - Sync 1 DAGs
[2026-07-18T15:48:15.098+0530] {logging_mixin.py:190} INFO - [2026-07-18T15:48:15.098+0530] {dag.py:4180} INFO - Setting next_dagrun for tutorial_taskflow_api to None, run_after=None
[2026-07-18T15:48:15.103+0530] {processor.py:208} INFO - Processing /Users/bhavishyachallagolla/Desktop/RetailSense/.venv/lib/python3.12/site-packages/airflow/example_dags/tutorial_taskflow_api.py took 0.047 seconds
[2026-07-18T15:49:08.334+0530] {processor.py:186} INFO - Started process (PID=5398) to work on /Users/bhavishyachallagolla/Desktop/RetailSense/.venv/lib/python3.12/site-packages/airflow/example_dags/tutorial_taskflow_api.py
[2026-07-18T15:49:08.335+0530] {processor.py:914} INFO - Processing file /Users/bhavishyachallagolla/Desktop/RetailSense/.venv/lib/python3.12/site-packages/airflow/example_dags/tutorial_taskflow_api.py for tasks to queue
[2026-07-18T15:49:08.335+0530] {logging_mixin.py:190} INFO - [2026-07-18T15:49:08.335+0530] {dagbag.py:588} INFO - Filling up the DagBag from /Users/bhavishyachallagolla/Desktop/RetailSense/.venv/lib/python3.12/site-packages/airflow/example_dags/tutorial_taskflow_api.py
[2026-07-18T15:49:08.348+0530] {processor.py:925} INFO - DAG(s) 'tutorial_taskflow_api' retrieved from /Users/bhavishyachallagolla/Desktop/RetailSense/.venv/lib/python3.12/site-packages/airflow/example_dags/tutorial_taskflow_api.py
[2026-07-18T15:49:08.372+0530] {logging_mixin.py:190} INFO - [2026-07-18T15:49:08.372+0530] {dag.py:3239} INFO - Sync 1 DAGs
[2026-07-18T15:49:08.375+0530] {logging_mixin.py:190} INFO - [2026-07-18T15:49:08.375+0530] {dag.py:4180} INFO - Setting next_dagrun for tutorial_taskflow_api to None, run_after=None
[2026-07-18T15:49:08.380+0530] {processor.py:208} INFO - Processing /Users/bhavishyachallagolla/Desktop/RetailSense/.venv/lib/python3.12/site-packages/airflow/example_dags/tutorial_taskflow_api.py took 0.047 seconds
[2026-07-18T15:50:02.699+0530] {processor.py:186} INFO - Started process (PID=5526) to work on /Users/bhavishyachallagolla/Desktop/RetailSense/.venv/lib/python3.12/site-packages/airflow/example_dags/tutorial_taskflow_api.py
[2026-07-18T15:50:02.700+0530] {processor.py:914} INFO - Processing file /Users/bhavishyachallagolla/Desktop/RetailSense/.venv/lib/python3.12/site-packages/airflow/example_dags/tutorial_taskflow_api.py for tasks to queue
[2026-07-18T15:50:02.700+0530] {logging_mixin.py:190} INFO - [2026-07-18T15:50:02.700+0530] {dagbag.py:588} INFO - Filling up the DagBag from /Users/bhavishyachallagolla/Desktop/RetailSense/.venv/lib/python3.12/site-packages/airflow/example_dags/tutorial_taskflow_api.py
[2026-07-18T15:50:02.714+0530] {processor.py:925} INFO - DAG(s) 'tutorial_taskflow_api' retrieved from /Users/bhavishyachallagolla/Desktop/RetailSense/.venv/lib/python3.12/site-packages/airflow/example_dags/tutorial_taskflow_api.py
[2026-07-18T15:50:02.740+0530] {logging_mixin.py:190} INFO - [2026-07-18T15:50:02.740+0530] {dag.py:3239} INFO - Sync 1 DAGs
[2026-07-18T15:50:02.743+0530] {logging_mixin.py:190} INFO - [2026-07-18T15:50:02.743+0530] {dag.py:4180} INFO - Setting next_dagrun for tutorial_taskflow_api to None, run_after=None
[2026-07-18T15:50:02.749+0530] {processor.py:208} INFO - Processing /Users/bhavishyachallagolla/Desktop/RetailSense/.venv/lib/python3.12/site-packages/airflow/example_dags/tutorial_taskflow_api.py took 0.051 seconds
[2026-07-18T15:50:55.604+0530] {processor.py:186} INFO - Started process (PID=5670) to work on /Users/bhavishyachallagolla/Desktop/RetailSense/.venv/lib/python3.12/site-packages/airflow/example_dags/tutorial_taskflow_api.py
[2026-07-18T15:50:55.605+0530] {processor.py:914} INFO - Processing file /Users/bhavishyachallagolla/Desktop/RetailSense/.venv/lib/python3.12/site-packages/airflow/example_dags/tutorial_taskflow_api.py for tasks to queue
[2026-07-18T15:50:55.605+0530] {logging_mixin.py:190} INFO - [2026-07-18T15:50:55.605+0530] {dagbag.py:588} INFO - Filling up the DagBag from /Users/bhavishyachallagolla/Desktop/RetailSense/.venv/lib/python3.12/site-packages/airflow/example_dags/tutorial_taskflow_api.py
[2026-07-18T15:50:55.617+0530] {processor.py:925} INFO - DAG(s) 'tutorial_taskflow_api' retrieved from /Users/bhavishyachallagolla/Desktop/RetailSense/.venv/lib/python3.12/site-packages/airflow/example_dags/tutorial_taskflow_api.py
[2026-07-18T15:50:55.641+0530] {logging_mixin.py:190} INFO - [2026-07-18T15:50:55.641+0530] {dag.py:3239} INFO - Sync 1 DAGs
[2026-07-18T15:50:55.644+0530] {logging_mixin.py:190} INFO - [2026-07-18T15:50:55.644+0530] {dag.py:4180} INFO - Setting next_dagrun for tutorial_taskflow_api to None, run_after=None
[2026-07-18T15:50:55.649+0530] {processor.py:208} INFO - Processing /Users/bhavishyachallagolla/Desktop/RetailSense/.venv/lib/python3.12/site-packages/airflow/example_dags/tutorial_taskflow_api.py took 0.046 seconds
[2026-07-18T15:51:46.091+0530] {processor.py:186} INFO - Started process (PID=5794) to work on /Users/bhavishyachallagolla/Desktop/RetailSense/.venv/lib/python3.12/site-packages/airflow/example_dags/tutorial_taskflow_api.py
[2026-07-18T15:51:46.092+0530] {processor.py:914} INFO - Processing file /Users/bhavishyachallagolla/Desktop/RetailSense/.venv/lib/python3.12/site-packages/airflow/example_dags/tutorial_taskflow_api.py for tasks to queue
[2026-07-18T15:51:46.093+0530] {logging_mixin.py:190} INFO - [2026-07-18T15:51:46.093+0530] {dagbag.py:588} INFO - Filling up the DagBag from /Users/bhavishyachallagolla/Desktop/RetailSense/.venv/lib/python3.12/site-packages/airflow/example_dags/tutorial_taskflow_api.py
[2026-07-18T15:51:46.105+0530] {processor.py:925} INFO - DAG(s) 'tutorial_taskflow_api' retrieved from /Users/bhavishyachallagolla/Desktop/RetailSense/.venv/lib/python3.12/site-packages/airflow/example_dags/tutorial_taskflow_api.py
[2026-07-18T15:51:46.129+0530] {logging_mixin.py:190} INFO - [2026-07-18T15:51:46.129+0530] {dag.py:3239} INFO - Sync 1 DAGs
[2026-07-18T15:51:46.132+0530] {logging_mixin.py:190} INFO - [2026-07-18T15:51:46.132+0530] {dag.py:4180} INFO - Setting next_dagrun for tutorial_taskflow_api to None, run_after=None
[2026-07-18T15:51:46.136+0530] {processor.py:208} INFO - Processing /Users/bhavishyachallagolla/Desktop/RetailSense/.venv/lib/python3.12/site-packages/airflow/example_dags/tutorial_taskflow_api.py took 0.046 seconds
[2026-07-18T15:52:36.684+0530] {processor.py:186} INFO - Started process (PID=5920) to work on /Users/bhavishyachallagolla/Desktop/RetailSense/.venv/lib/python3.12/site-packages/airflow/example_dags/tutorial_taskflow_api.py
[2026-07-18T15:52:36.686+0530] {processor.py:914} INFO - Processing file /Users/bhavishyachallagolla/Desktop/RetailSense/.venv/lib/python3.12/site-packages/airflow/example_dags/tutorial_taskflow_api.py for tasks to queue
[2026-07-18T15:52:36.686+0530] {logging_mixin.py:190} INFO - [2026-07-18T15:52:36.686+0530] {dagbag.py:588} INFO - Filling up the DagBag from /Users/bhavishyachallagolla/Desktop/RetailSense/.venv/lib/python3.12/site-packages/airflow/example_dags/tutorial_taskflow_api.py
[2026-07-18T15:52:36.698+0530] {processor.py:925} INFO - DAG(s) 'tutorial_taskflow_api' retrieved from /Users/bhavishyachallagolla/Desktop/RetailSense/.venv/lib/python3.12/site-packages/airflow/example_dags/tutorial_taskflow_api.py
[2026-07-18T15:52:36.722+0530] {logging_mixin.py:190} INFO - [2026-07-18T15:52:36.722+0530] {dag.py:3239} INFO - Sync 1 DAGs
[2026-07-18T15:52:36.725+0530] {logging_mixin.py:190} INFO - [2026-07-18T15:52:36.725+0530] {dag.py:4180} INFO - Setting next_dagrun for tutorial_taskflow_api to None, run_after=None
[2026-07-18T15:52:36.730+0530] {processor.py:208} INFO - Processing /Users/bhavishyachallagolla/Desktop/RetailSense/.venv/lib/python3.12/site-packages/airflow/example_dags/tutorial_taskflow_api.py took 0.047 seconds
[2026-07-18T15:53:27.958+0530] {processor.py:186} INFO - Started process (PID=6058) to work on /Users/bhavishyachallagolla/Desktop/RetailSense/.venv/lib/python3.12/site-packages/airflow/example_dags/tutorial_taskflow_api.py
[2026-07-18T15:53:27.958+0530] {processor.py:914} INFO - Processing file /Users/bhavishyachallagolla/Desktop/RetailSense/.venv/lib/python3.12/site-packages/airflow/example_dags/tutorial_taskflow_api.py for tasks to queue
[2026-07-18T15:53:27.959+0530] {logging_mixin.py:190} INFO - [2026-07-18T15:53:27.958+0530] {dagbag.py:588} INFO - Filling up the DagBag from /Users/bhavishyachallagolla/Desktop/RetailSense/.venv/lib/python3.12/site-packages/airflow/example_dags/tutorial_taskflow_api.py
[2026-07-18T15:53:27.971+0530] {processor.py:925} INFO - DAG(s) 'tutorial_taskflow_api' retrieved from /Users/bhavishyachallagolla/Desktop/RetailSense/.venv/lib/python3.12/site-packages/airflow/example_dags/tutorial_taskflow_api.py
[2026-07-18T15:53:27.995+0530] {logging_mixin.py:190} INFO - [2026-07-18T15:53:27.995+0530] {dag.py:3239} INFO - Sync 1 DAGs
[2026-07-18T15:53:27.998+0530] {logging_mixin.py:190} INFO - [2026-07-18T15:53:27.998+0530] {dag.py:4180} INFO - Setting next_dagrun for tutorial_taskflow_api to None, run_after=None
[2026-07-18T15:53:28.002+0530] {processor.py:208} INFO - Processing /Users/bhavishyachallagolla/Desktop/RetailSense/.venv/lib/python3.12/site-packages/airflow/example_dags/tutorial_taskflow_api.py took 0.046 seconds
[2026-07-18T15:54:20.566+0530] {processor.py:186} INFO - Started process (PID=6185) to work on /Users/bhavishyachallagolla/Desktop/RetailSense/.venv/lib/python3.12/site-packages/airflow/example_dags/tutorial_taskflow_api.py
[2026-07-18T15:54:20.568+0530] {processor.py:914} INFO - Processing file /Users/bhavishyachallagolla/Desktop/RetailSense/.venv/lib/python3.12/site-packages/airflow/example_dags/tutorial_taskflow_api.py for tasks to queue
[2026-07-18T15:54:20.568+0530] {logging_mixin.py:190} INFO - [2026-07-18T15:54:20.568+0530] {dagbag.py:588} INFO - Filling up the DagBag from /Users/bhavishyachallagolla/Desktop/RetailSense/.venv/lib/python3.12/site-packages/airflow/example_dags/tutorial_taskflow_api.py
[2026-07-18T15:54:20.580+0530] {processor.py:925} INFO - DAG(s) 'tutorial_taskflow_api' retrieved from /Users/bhavishyachallagolla/Desktop/RetailSense/.venv/lib/python3.12/site-packages/airflow/example_dags/tutorial_taskflow_api.py
[2026-07-18T15:54:20.604+0530] {logging_mixin.py:190} INFO - [2026-07-18T15:54:20.603+0530] {dag.py:3239} INFO - Sync 1 DAGs
[2026-07-18T15:54:20.606+0530] {logging_mixin.py:190} INFO - [2026-07-18T15:54:20.606+0530] {dag.py:4180} INFO - Setting next_dagrun for tutorial_taskflow_api to None, run_after=None
[2026-07-18T15:54:20.611+0530] {processor.py:208} INFO - Processing /Users/bhavishyachallagolla/Desktop/RetailSense/.venv/lib/python3.12/site-packages/airflow/example_dags/tutorial_taskflow_api.py took 0.045 seconds
[2026-07-18T15:55:14.566+0530] {processor.py:186} INFO - Started process (PID=6323) to work on /Users/bhavishyachallagolla/Desktop/RetailSense/.venv/lib/python3.12/site-packages/airflow/example_dags/tutorial_taskflow_api.py
[2026-07-18T15:55:14.567+0530] {processor.py:914} INFO - Processing file /Users/bhavishyachallagolla/Desktop/RetailSense/.venv/lib/python3.12/site-packages/airflow/example_dags/tutorial_taskflow_api.py for tasks to queue
[2026-07-18T15:55:14.567+0530] {logging_mixin.py:190} INFO - [2026-07-18T15:55:14.567+0530] {dagbag.py:588} INFO - Filling up the DagBag from /Users/bhavishyachallagolla/Desktop/RetailSense/.venv/lib/python3.12/site-packages/airflow/example_dags/tutorial_taskflow_api.py
[2026-07-18T15:55:14.579+0530] {processor.py:925} INFO - DAG(s) 'tutorial_taskflow_api' retrieved from /Users/bhavishyachallagolla/Desktop/RetailSense/.venv/lib/python3.12/site-packages/airflow/example_dags/tutorial_taskflow_api.py
[2026-07-18T15:55:14.604+0530] {logging_mixin.py:190} INFO - [2026-07-18T15:55:14.603+0530] {dag.py:3239} INFO - Sync 1 DAGs
[2026-07-18T15:55:14.606+0530] {logging_mixin.py:190} INFO - [2026-07-18T15:55:14.606+0530] {dag.py:4180} INFO - Setting next_dagrun for tutorial_taskflow_api to None, run_after=None
[2026-07-18T15:55:14.611+0530] {processor.py:208} INFO - Processing /Users/bhavishyachallagolla/Desktop/RetailSense/.venv/lib/python3.12/site-packages/airflow/example_dags/tutorial_taskflow_api.py took 0.046 seconds
[2026-07-18T15:56:05.633+0530] {processor.py:186} INFO - Started process (PID=6450) to work on /Users/bhavishyachallagolla/Desktop/RetailSense/.venv/lib/python3.12/site-packages/airflow/example_dags/tutorial_taskflow_api.py
[2026-07-18T15:56:05.634+0530] {processor.py:914} INFO - Processing file /Users/bhavishyachallagolla/Desktop/RetailSense/.venv/lib/python3.12/site-packages/airflow/example_dags/tutorial_taskflow_api.py for tasks to queue
[2026-07-18T15:56:05.635+0530] {logging_mixin.py:190} INFO - [2026-07-18T15:56:05.635+0530] {dagbag.py:588} INFO - Filling up the DagBag from /Users/bhavishyachallagolla/Desktop/RetailSense/.venv/lib/python3.12/site-packages/airflow/example_dags/tutorial_taskflow_api.py
[2026-07-18T15:56:05.647+0530] {processor.py:925} INFO - DAG(s) 'tutorial_taskflow_api' retrieved from /Users/bhavishyachallagolla/Desktop/RetailSense/.venv/lib/python3.12/site-packages/airflow/example_dags/tutorial_taskflow_api.py
[2026-07-18T15:56:05.671+0530] {logging_mixin.py:190} INFO - [2026-07-18T15:56:05.670+0530] {dag.py:3239} INFO - Sync 1 DAGs
[2026-07-18T15:56:05.673+0530] {logging_mixin.py:190} INFO - [2026-07-18T15:56:05.673+0530] {dag.py:4180} INFO - Setting next_dagrun for tutorial_taskflow_api to None, run_after=None
[2026-07-18T15:56:05.678+0530] {processor.py:208} INFO - Processing /Users/bhavishyachallagolla/Desktop/RetailSense/.venv/lib/python3.12/site-packages/airflow/example_dags/tutorial_taskflow_api.py took 0.046 seconds
