[2026-07-17T23:53:09.993+0530] {local_task_job_runner.py:123} INFO - ::group::Pre task execution logs
[2026-07-17T23:53:09.996+0530] {taskinstance.py:2614} INFO - Dependencies all met for dep_context=non-requeueable deps ti=<TaskInstance: retailsense_pipeline.populate_gold_layer manual__2026-07-17T18:22:55.633186+00:00 [queued]>
[2026-07-17T23:53:09.998+0530] {taskinstance.py:2614} INFO - Dependencies all met for dep_context=requeueable deps ti=<TaskInstance: retailsense_pipeline.populate_gold_layer manual__2026-07-17T18:22:55.633186+00:00 [queued]>
[2026-07-17T23:53:09.998+0530] {taskinstance.py:2867} INFO - Starting attempt 1 of 1
[2026-07-17T23:53:10.001+0530] {taskinstance.py:2890} INFO - Executing <Task(BashOperator): populate_gold_layer> on 2026-07-17 18:22:55.633186+00:00
[2026-07-17T23:53:10.005+0530] {logging_mixin.py:190} WARNING - /Users/bhavishyachallagolla/Desktop/RetailSense/.venv/lib/python3.12/site-packages/airflow/task/task_runner/standard_task_runner.py:70 DeprecationWarning: This process (pid=866) is multi-threaded, use of fork() may lead to deadlocks in the child.
[2026-07-17T23:53:10.005+0530] {standard_task_runner.py:72} INFO - Started process 870 to run task
[2026-07-17T23:53:10.004+0530] {standard_task_runner.py:104} INFO - Running: ['airflow', 'tasks', 'run', 'retailsense_pipeline', 'populate_gold_layer', 'manual__2026-07-17T18:22:55.633186+00:00', '--job-id', '11', '--raw', '--subdir', 'DAGS_FOLDER/retailsense_pipeline.py', '--cfg-path', '/var/folders/6d/4xc4k_515k3_5l_yp9jq8r540000gn/T/tmpc7j3l7pf']
[2026-07-17T23:53:10.005+0530] {standard_task_runner.py:105} INFO - Job 11: Subtask populate_gold_layer
[2026-07-17T23:53:10.016+0530] {task_command.py:467} INFO - Running <TaskInstance: retailsense_pipeline.populate_gold_layer manual__2026-07-17T18:22:55.633186+00:00 [running]> on host Bhavishyas-MacBook-Air.local
[2026-07-17T23:53:10.029+0530] {taskinstance.py:3134} INFO - Exporting env vars: AIRFLOW_CTX_DAG_OWNER='airflow' AIRFLOW_CTX_DAG_ID='retailsense_pipeline' AIRFLOW_CTX_TASK_ID='populate_gold_layer' AIRFLOW_CTX_EXECUTION_DATE='2026-07-17T18:22:55.633186+00:00' AIRFLOW_CTX_TRY_NUMBER='1' AIRFLOW_CTX_DAG_RUN_ID='manual__2026-07-17T18:22:55.633186+00:00'
[2026-07-17T23:53:10.029+0530] {logging_mixin.py:190} INFO - Task instance is in running state
[2026-07-17T23:53:10.030+0530] {logging_mixin.py:190} INFO -  Previous state of the Task instance: queued
[2026-07-17T23:53:10.030+0530] {logging_mixin.py:190} INFO - Current task name:populate_gold_layer state:running start_date:2026-07-17 18:23:09.996947+00:00
[2026-07-17T23:53:10.030+0530] {logging_mixin.py:190} INFO - Dag name:retailsense_pipeline and current dag run status:running
[2026-07-17T23:53:10.030+0530] {taskinstance.py:732} INFO - ::endgroup::
[2026-07-17T23:53:10.030+0530] {subprocess.py:78} INFO - Tmp dir root location: /var/folders/6d/4xc4k_515k3_5l_yp9jq8r540000gn/T
[2026-07-17T23:53:10.030+0530] {subprocess.py:88} INFO - Running command: ['/bin/bash', '-c', 'cd /Users/bhavishyachallagolla/Desktop/RetailSense && python evaluation.py']
[2026-07-17T23:53:10.033+0530] {subprocess.py:99} INFO - Output:
[2026-07-17T23:53:10.057+0530] {subprocess.py:106} INFO - Traceback (most recent call last):
[2026-07-17T23:53:10.057+0530] {subprocess.py:106} INFO -   File "/Users/bhavishyachallagolla/Desktop/RetailSense/evaluation.py", line 19, in <module>
[2026-07-17T23:53:10.058+0530] {subprocess.py:106} INFO -     import psycopg2
[2026-07-17T23:53:10.058+0530] {subprocess.py:106} INFO - ModuleNotFoundError: No module named 'psycopg2'
[2026-07-17T23:53:10.060+0530] {subprocess.py:110} INFO - Command exited with return code 1
[2026-07-17T23:53:10.062+0530] {taskinstance.py:3313} ERROR - Task failed with exception
Traceback (most recent call last):
  File "/Users/bhavishyachallagolla/Desktop/RetailSense/.venv/lib/python3.12/site-packages/airflow/models/taskinstance.py", line 768, in _execute_task
    result = _execute_callable(context=context, **execute_callable_kwargs)
             ^^^^^^^^^^^^^^^^^^^^^^^^^^^^^^^^^^^^^^^^^^^^^^^^^^^^^^^^^^^^^
  File "/Users/bhavishyachallagolla/Desktop/RetailSense/.venv/lib/python3.12/site-packages/airflow/models/taskinstance.py", line 734, in _execute_callable
    return ExecutionCallableRunner(
           ^^^^^^^^^^^^^^^^^^^^^^^^
  File "/Users/bhavishyachallagolla/Desktop/RetailSense/.venv/lib/python3.12/site-packages/airflow/utils/operator_helpers.py", line 252, in run
    return self.func(*args, **kwargs)
           ^^^^^^^^^^^^^^^^^^^^^^^^^^
  File "/Users/bhavishyachallagolla/Desktop/RetailSense/.venv/lib/python3.12/site-packages/airflow/models/baseoperator.py", line 424, in wrapper
    return func(self, *args, **kwargs)
           ^^^^^^^^^^^^^^^^^^^^^^^^^^^
  File "/Users/bhavishyachallagolla/Desktop/RetailSense/.venv/lib/python3.12/site-packages/airflow/operators/bash.py", line 276, in execute
    raise AirflowException(
airflow.exceptions.AirflowException: Bash command failed. The command returned a non-zero exit code 1.
[2026-07-17T23:53:10.065+0530] {logging_mixin.py:190} INFO - Task instance in failure state
[2026-07-17T23:53:10.065+0530] {logging_mixin.py:190} INFO - Task start:2026-07-17 18:23:09.996947+00:00 end:2026-07-17 18:23:10.064881+00:00 duration:0.067934
[2026-07-17T23:53:10.065+0530] {logging_mixin.py:190} INFO - Task:<Task(BashOperator): populate_gold_layer> dag:<DAG: retailsense_pipeline> dagrun:<DagRun retailsense_pipeline @ 2026-07-17 18:22:55.633186+00:00: manual__2026-07-17T18:22:55.633186+00:00, state:running, queued_at: 2026-07-17 18:22:55.648988+00:00. externally triggered: True>
[2026-07-17T23:53:10.065+0530] {logging_mixin.py:190} INFO - Failure caused by Bash command failed. The command returned a non-zero exit code 1.
[2026-07-17T23:53:10.065+0530] {taskinstance.py:1226} INFO - Marking task as FAILED. dag_id=retailsense_pipeline, task_id=populate_gold_layer, run_id=manual__2026-07-17T18:22:55.633186+00:00, execution_date=20260717T182255, start_date=20260717T182309, end_date=20260717T182310
[2026-07-17T23:53:10.069+0530] {taskinstance.py:341} INFO - ::group::Post task execution logs
[2026-07-17T23:53:10.069+0530] {standard_task_runner.py:124} ERROR - Failed to execute job 11 for task populate_gold_layer (Bash command failed. The command returned a non-zero exit code 1.; 870)
Traceback (most recent call last):
  File "/Users/bhavishyachallagolla/Desktop/RetailSense/.venv/lib/python3.12/site-packages/airflow/task/task_runner/standard_task_runner.py", line 117, in _start_by_fork
    ret = args.func(args, dag=self.dag)
          ^^^^^^^^^^^^^^^^^^^^^^^^^^^^^
  File "/Users/bhavishyachallagolla/Desktop/RetailSense/.venv/lib/python3.12/site-packages/airflow/cli/cli_config.py", line 49, in command
    return func(*args, **kwargs)
           ^^^^^^^^^^^^^^^^^^^^^
  File "/Users/bhavishyachallagolla/Desktop/RetailSense/.venv/lib/python3.12/site-packages/airflow/utils/cli.py", line 116, in wrapper
    return f(*args, **kwargs)
           ^^^^^^^^^^^^^^^^^^
  File "/Users/bhavishyachallagolla/Desktop/RetailSense/.venv/lib/python3.12/site-packages/airflow/cli/commands/task_command.py", line 483, in task_run
    task_return_code = _run_task_by_selected_method(args, _dag, ti)
                       ^^^^^^^^^^^^^^^^^^^^^^^^^^^^^^^^^^^^^^^^^^^^
  File "/Users/bhavishyachallagolla/Desktop/RetailSense/.venv/lib/python3.12/site-packages/airflow/cli/commands/task_command.py", line 256, in _run_task_by_selected_method
    return _run_raw_task(args, ti)
           ^^^^^^^^^^^^^^^^^^^^^^^
  File "/Users/bhavishyachallagolla/Desktop/RetailSense/.venv/lib/python3.12/site-packages/airflow/cli/commands/task_command.py", line 341, in _run_raw_task
    return ti._run_raw_task(
           ^^^^^^^^^^^^^^^^^
  File "/Users/bhavishyachallagolla/Desktop/RetailSense/.venv/lib/python3.12/site-packages/airflow/utils/session.py", line 97, in wrapper
    return func(*args, session=session, **kwargs)
           ^^^^^^^^^^^^^^^^^^^^^^^^^^^^^^^^^^^^^^
  File "/Users/bhavishyachallagolla/Desktop/RetailSense/.venv/lib/python3.12/site-packages/airflow/models/taskinstance.py", line 3006, in _run_raw_task
    return _run_raw_task(
           ^^^^^^^^^^^^^^
  File "/Users/bhavishyachallagolla/Desktop/RetailSense/.venv/lib/python3.12/site-packages/airflow/models/taskinstance.py", line 274, in _run_raw_task
    TaskInstance._execute_task_with_callbacks(
  File "/Users/bhavishyachallagolla/Desktop/RetailSense/.venv/lib/python3.12/site-packages/airflow/models/taskinstance.py", line 3161, in _execute_task_with_callbacks
    result = self._execute_task(context, task_orig)
             ^^^^^^^^^^^^^^^^^^^^^^^^^^^^^^^^^^^^^^
  File "/Users/bhavishyachallagolla/Desktop/RetailSense/.venv/lib/python3.12/site-packages/airflow/models/taskinstance.py", line 3185, in _execute_task
    return _execute_task(self, context, task_orig)
           ^^^^^^^^^^^^^^^^^^^^^^^^^^^^^^^^^^^^^^^
  File "/Users/bhavishyachallagolla/Desktop/RetailSense/.venv/lib/python3.12/site-packages/airflow/models/taskinstance.py", line 768, in _execute_task
    result = _execute_callable(context=context, **execute_callable_kwargs)
             ^^^^^^^^^^^^^^^^^^^^^^^^^^^^^^^^^^^^^^^^^^^^^^^^^^^^^^^^^^^^^
  File "/Users/bhavishyachallagolla/Desktop/RetailSense/.venv/lib/python3.12/site-packages/airflow/models/taskinstance.py", line 734, in _execute_callable
    return ExecutionCallableRunner(
           ^^^^^^^^^^^^^^^^^^^^^^^^
  File "/Users/bhavishyachallagolla/Desktop/RetailSense/.venv/lib/python3.12/site-packages/airflow/utils/operator_helpers.py", line 252, in run
    return self.func(*args, **kwargs)
           ^^^^^^^^^^^^^^^^^^^^^^^^^^
  File "/Users/bhavishyachallagolla/Desktop/RetailSense/.venv/lib/python3.12/site-packages/airflow/models/baseoperator.py", line 424, in wrapper
    return func(self, *args, **kwargs)
           ^^^^^^^^^^^^^^^^^^^^^^^^^^^
  File "/Users/bhavishyachallagolla/Desktop/RetailSense/.venv/lib/python3.12/site-packages/airflow/operators/bash.py", line 276, in execute
    raise AirflowException(
airflow.exceptions.AirflowException: Bash command failed. The command returned a non-zero exit code 1.
[2026-07-17T23:53:10.102+0530] {local_task_job_runner.py:266} INFO - Task exited with return code 1
[2026-07-17T23:53:10.105+0530] {taskinstance.py:3901} INFO - 0 downstream tasks scheduled from follow-on schedule check
[2026-07-17T23:53:10.105+0530] {local_task_job_runner.py:245} INFO - ::endgroup::
