[2026-07-17T20:10:51.902+0530] {processor.py:186} INFO - Started process (PID=87353) to work on /Users/bhavishyachallagolla/Desktop/RetailSense/.venv/lib/python3.12/site-packages/airflow/example_dags/example_branch_operator.py
[2026-07-17T20:10:51.902+0530] {processor.py:914} INFO - Processing file /Users/bhavishyachallagolla/Desktop/RetailSense/.venv/lib/python3.12/site-packages/airflow/example_dags/example_branch_operator.py for tasks to queue
[2026-07-17T20:10:51.903+0530] {logging_mixin.py:190} INFO - [2026-07-17T20:10:51.903+0530] {dagbag.py:588} INFO - Filling up the DagBag from /Users/bhavishyachallagolla/Desktop/RetailSense/.venv/lib/python3.12/site-packages/airflow/example_dags/example_branch_operator.py
[2026-07-17T20:10:51.910+0530] {processor.py:927} WARNING - No viable dags retrieved from /Users/bhavishyachallagolla/Desktop/RetailSense/.venv/lib/python3.12/site-packages/airflow/example_dags/example_branch_operator.py
[2026-07-17T20:10:51.931+0530] {processor.py:208} INFO - Processing /Users/bhavishyachallagolla/Desktop/RetailSense/.venv/lib/python3.12/site-packages/airflow/example_dags/example_branch_operator.py took 0.030 seconds
[2026-07-17T20:12:31.929+0530] {processor.py:186} INFO - Started process (PID=87503) to work on /Users/bhavishyachallagolla/Desktop/RetailSense/.venv/lib/python3.12/site-packages/airflow/example_dags/example_branch_operator.py
[2026-07-17T20:12:31.929+0530] {processor.py:914} INFO - Processing file /Users/bhavishyachallagolla/Desktop/RetailSense/.venv/lib/python3.12/site-packages/airflow/example_dags/example_branch_operator.py for tasks to queue
[2026-07-17T20:12:31.929+0530] {logging_mixin.py:190} INFO - [2026-07-17T20:12:31.929+0530] {dagbag.py:588} INFO - Filling up the DagBag from /Users/bhavishyachallagolla/Desktop/RetailSense/.venv/lib/python3.12/site-packages/airflow/example_dags/example_branch_operator.py
[2026-07-17T20:12:31.936+0530] {processor.py:927} WARNING - No viable dags retrieved from /Users/bhavishyachallagolla/Desktop/RetailSense/.venv/lib/python3.12/site-packages/airflow/example_dags/example_branch_operator.py
[2026-07-17T20:12:31.957+0530] {processor.py:208} INFO - Processing /Users/bhavishyachallagolla/Desktop/RetailSense/.venv/lib/python3.12/site-packages/airflow/example_dags/example_branch_operator.py took 0.029 seconds
[2026-07-17T20:14:11.841+0530] {processor.py:186} INFO - Started process (PID=87656) to work on /Users/bhavishyachallagolla/Desktop/RetailSense/.venv/lib/python3.12/site-packages/airflow/example_dags/example_branch_operator.py
[2026-07-17T20:14:11.842+0530] {processor.py:914} INFO - Processing file /Users/bhavishyachallagolla/Desktop/RetailSense/.venv/lib/python3.12/site-packages/airflow/example_dags/example_branch_operator.py for tasks to queue
[2026-07-17T20:14:11.842+0530] {logging_mixin.py:190} INFO - [2026-07-17T20:14:11.842+0530] {dagbag.py:588} INFO - Filling up the DagBag from /Users/bhavishyachallagolla/Desktop/RetailSense/.venv/lib/python3.12/site-packages/airflow/example_dags/example_branch_operator.py
[2026-07-17T20:14:11.849+0530] {processor.py:927} WARNING - No viable dags retrieved from /Users/bhavishyachallagolla/Desktop/RetailSense/.venv/lib/python3.12/site-packages/airflow/example_dags/example_branch_operator.py
[2026-07-17T20:14:11.870+0530] {processor.py:208} INFO - Processing /Users/bhavishyachallagolla/Desktop/RetailSense/.venv/lib/python3.12/site-packages/airflow/example_dags/example_branch_operator.py took 0.030 seconds
[2026-07-17T20:15:52.672+0530] {processor.py:186} INFO - Started process (PID=87822) to work on /Users/bhavishyachallagolla/Desktop/RetailSense/.venv/lib/python3.12/site-packages/airflow/example_dags/example_branch_operator.py
[2026-07-17T20:15:52.673+0530] {processor.py:914} INFO - Processing file /Users/bhavishyachallagolla/Desktop/RetailSense/.venv/lib/python3.12/site-packages/airflow/example_dags/example_branch_operator.py for tasks to queue
[2026-07-17T20:15:52.674+0530] {logging_mixin.py:190} INFO - [2026-07-17T20:15:52.674+0530] {dagbag.py:588} INFO - Filling up the DagBag from /Users/bhavishyachallagolla/Desktop/RetailSense/.venv/lib/python3.12/site-packages/airflow/example_dags/example_branch_operator.py
[2026-07-17T20:15:52.681+0530] {processor.py:927} WARNING - No viable dags retrieved from /Users/bhavishyachallagolla/Desktop/RetailSense/.venv/lib/python3.12/site-packages/airflow/example_dags/example_branch_operator.py
[2026-07-17T20:15:52.703+0530] {processor.py:208} INFO - Processing /Users/bhavishyachallagolla/Desktop/RetailSense/.venv/lib/python3.12/site-packages/airflow/example_dags/example_branch_operator.py took 0.032 seconds
[2026-07-17T20:17:30.368+0530] {processor.py:186} INFO - Started process (PID=87969) to work on /Users/bhavishyachallagolla/Desktop/RetailSense/.venv/lib/python3.12/site-packages/airflow/example_dags/example_branch_operator.py
[2026-07-17T20:17:30.369+0530] {processor.py:914} INFO - Processing file /Users/bhavishyachallagolla/Desktop/RetailSense/.venv/lib/python3.12/site-packages/airflow/example_dags/example_branch_operator.py for tasks to queue
[2026-07-17T20:17:30.369+0530] {logging_mixin.py:190} INFO - [2026-07-17T20:17:30.369+0530] {dagbag.py:588} INFO - Filling up the DagBag from /Users/bhavishyachallagolla/Desktop/RetailSense/.venv/lib/python3.12/site-packages/airflow/example_dags/example_branch_operator.py
[2026-07-17T20:17:30.376+0530] {processor.py:927} WARNING - No viable dags retrieved from /Users/bhavishyachallagolla/Desktop/RetailSense/.venv/lib/python3.12/site-packages/airflow/example_dags/example_branch_operator.py
[2026-07-17T20:17:30.398+0530] {processor.py:208} INFO - Processing /Users/bhavishyachallagolla/Desktop/RetailSense/.venv/lib/python3.12/site-packages/airflow/example_dags/example_branch_operator.py took 0.031 seconds
[2026-07-17T20:19:11.377+0530] {processor.py:186} INFO - Started process (PID=88124) to work on /Users/bhavishyachallagolla/Desktop/RetailSense/.venv/lib/python3.12/site-packages/airflow/example_dags/example_branch_operator.py
[2026-07-17T20:19:11.377+0530] {processor.py:914} INFO - Processing file /Users/bhavishyachallagolla/Desktop/RetailSense/.venv/lib/python3.12/site-packages/airflow/example_dags/example_branch_operator.py for tasks to queue
[2026-07-17T20:19:11.378+0530] {logging_mixin.py:190} INFO - [2026-07-17T20:19:11.378+0530] {dagbag.py:588} INFO - Filling up the DagBag from /Users/bhavishyachallagolla/Desktop/RetailSense/.venv/lib/python3.12/site-packages/airflow/example_dags/example_branch_operator.py
[2026-07-17T20:19:11.385+0530] {processor.py:927} WARNING - No viable dags retrieved from /Users/bhavishyachallagolla/Desktop/RetailSense/.venv/lib/python3.12/site-packages/airflow/example_dags/example_branch_operator.py
[2026-07-17T20:19:11.407+0530] {processor.py:208} INFO - Processing /Users/bhavishyachallagolla/Desktop/RetailSense/.venv/lib/python3.12/site-packages/airflow/example_dags/example_branch_operator.py took 0.031 seconds
[2026-07-17T20:20:49.843+0530] {processor.py:186} INFO - Started process (PID=88290) to work on /Users/bhavishyachallagolla/Desktop/RetailSense/.venv/lib/python3.12/site-packages/airflow/example_dags/example_branch_operator.py
[2026-07-17T20:20:49.845+0530] {processor.py:914} INFO - Processing file /Users/bhavishyachallagolla/Desktop/RetailSense/.venv/lib/python3.12/site-packages/airflow/example_dags/example_branch_operator.py for tasks to queue
[2026-07-17T20:20:49.845+0530] {logging_mixin.py:190} INFO - [2026-07-17T20:20:49.845+0530] {dagbag.py:588} INFO - Filling up the DagBag from /Users/bhavishyachallagolla/Desktop/RetailSense/.venv/lib/python3.12/site-packages/airflow/example_dags/example_branch_operator.py
[2026-07-17T20:20:49.852+0530] {processor.py:927} WARNING - No viable dags retrieved from /Users/bhavishyachallagolla/Desktop/RetailSense/.venv/lib/python3.12/site-packages/airflow/example_dags/example_branch_operator.py
[2026-07-17T20:20:49.874+0530] {processor.py:208} INFO - Processing /Users/bhavishyachallagolla/Desktop/RetailSense/.venv/lib/python3.12/site-packages/airflow/example_dags/example_branch_operator.py took 0.031 seconds
[2026-07-17T20:22:30.876+0530] {processor.py:186} INFO - Started process (PID=88444) to work on /Users/bhavishyachallagolla/Desktop/RetailSense/.venv/lib/python3.12/site-packages/airflow/example_dags/example_branch_operator.py
[2026-07-17T20:22:30.877+0530] {processor.py:914} INFO - Processing file /Users/bhavishyachallagolla/Desktop/RetailSense/.venv/lib/python3.12/site-packages/airflow/example_dags/example_branch_operator.py for tasks to queue
[2026-07-17T20:22:30.877+0530] {logging_mixin.py:190} INFO - [2026-07-17T20:22:30.877+0530] {dagbag.py:588} INFO - Filling up the DagBag from /Users/bhavishyachallagolla/Desktop/RetailSense/.venv/lib/python3.12/site-packages/airflow/example_dags/example_branch_operator.py
[2026-07-17T20:22:30.884+0530] {processor.py:927} WARNING - No viable dags retrieved from /Users/bhavishyachallagolla/Desktop/RetailSense/.venv/lib/python3.12/site-packages/airflow/example_dags/example_branch_operator.py
[2026-07-17T20:22:30.905+0530] {processor.py:208} INFO - Processing /Users/bhavishyachallagolla/Desktop/RetailSense/.venv/lib/python3.12/site-packages/airflow/example_dags/example_branch_operator.py took 0.030 seconds
[2026-07-17T20:24:12.038+0530] {processor.py:186} INFO - Started process (PID=88601) to work on /Users/bhavishyachallagolla/Desktop/RetailSense/.venv/lib/python3.12/site-packages/airflow/example_dags/example_branch_operator.py
[2026-07-17T20:24:12.039+0530] {processor.py:914} INFO - Processing file /Users/bhavishyachallagolla/Desktop/RetailSense/.venv/lib/python3.12/site-packages/airflow/example_dags/example_branch_operator.py for tasks to queue
[2026-07-17T20:24:12.039+0530] {logging_mixin.py:190} INFO - [2026-07-17T20:24:12.039+0530] {dagbag.py:588} INFO - Filling up the DagBag from /Users/bhavishyachallagolla/Desktop/RetailSense/.venv/lib/python3.12/site-packages/airflow/example_dags/example_branch_operator.py
[2026-07-17T20:24:12.047+0530] {processor.py:927} WARNING - No viable dags retrieved from /Users/bhavishyachallagolla/Desktop/RetailSense/.venv/lib/python3.12/site-packages/airflow/example_dags/example_branch_operator.py
[2026-07-17T20:24:12.069+0530] {processor.py:208} INFO - Processing /Users/bhavishyachallagolla/Desktop/RetailSense/.venv/lib/python3.12/site-packages/airflow/example_dags/example_branch_operator.py took 0.032 seconds
[2026-07-17T20:25:52.941+0530] {processor.py:186} INFO - Started process (PID=88757) to work on /Users/bhavishyachallagolla/Desktop/RetailSense/.venv/lib/python3.12/site-packages/airflow/example_dags/example_branch_operator.py
[2026-07-17T20:25:52.942+0530] {processor.py:914} INFO - Processing file /Users/bhavishyachallagolla/Desktop/RetailSense/.venv/lib/python3.12/site-packages/airflow/example_dags/example_branch_operator.py for tasks to queue
[2026-07-17T20:25:52.942+0530] {logging_mixin.py:190} INFO - [2026-07-17T20:25:52.942+0530] {dagbag.py:588} INFO - Filling up the DagBag from /Users/bhavishyachallagolla/Desktop/RetailSense/.venv/lib/python3.12/site-packages/airflow/example_dags/example_branch_operator.py
[2026-07-17T20:25:52.949+0530] {processor.py:927} WARNING - No viable dags retrieved from /Users/bhavishyachallagolla/Desktop/RetailSense/.venv/lib/python3.12/site-packages/airflow/example_dags/example_branch_operator.py
[2026-07-17T20:25:52.970+0530] {processor.py:208} INFO - Processing /Users/bhavishyachallagolla/Desktop/RetailSense/.venv/lib/python3.12/site-packages/airflow/example_dags/example_branch_operator.py took 0.030 seconds
[2026-07-17T20:27:33.869+0530] {processor.py:186} INFO - Started process (PID=88918) to work on /Users/bhavishyachallagolla/Desktop/RetailSense/.venv/lib/python3.12/site-packages/airflow/example_dags/example_branch_operator.py
[2026-07-17T20:27:33.869+0530] {processor.py:914} INFO - Processing file /Users/bhavishyachallagolla/Desktop/RetailSense/.venv/lib/python3.12/site-packages/airflow/example_dags/example_branch_operator.py for tasks to queue
[2026-07-17T20:27:33.869+0530] {logging_mixin.py:190} INFO - [2026-07-17T20:27:33.869+0530] {dagbag.py:588} INFO - Filling up the DagBag from /Users/bhavishyachallagolla/Desktop/RetailSense/.venv/lib/python3.12/site-packages/airflow/example_dags/example_branch_operator.py
[2026-07-17T20:27:33.877+0530] {processor.py:927} WARNING - No viable dags retrieved from /Users/bhavishyachallagolla/Desktop/RetailSense/.venv/lib/python3.12/site-packages/airflow/example_dags/example_branch_operator.py
[2026-07-17T20:27:33.898+0530] {processor.py:208} INFO - Processing /Users/bhavishyachallagolla/Desktop/RetailSense/.venv/lib/python3.12/site-packages/airflow/example_dags/example_branch_operator.py took 0.031 seconds
[2026-07-17T20:29:10.449+0530] {processor.py:186} INFO - Started process (PID=89067) to work on /Users/bhavishyachallagolla/Desktop/RetailSense/.venv/lib/python3.12/site-packages/airflow/example_dags/example_branch_operator.py
[2026-07-17T20:29:10.449+0530] {processor.py:914} INFO - Processing file /Users/bhavishyachallagolla/Desktop/RetailSense/.venv/lib/python3.12/site-packages/airflow/example_dags/example_branch_operator.py for tasks to queue
[2026-07-17T20:29:10.449+0530] {logging_mixin.py:190} INFO - [2026-07-17T20:29:10.449+0530] {dagbag.py:588} INFO - Filling up the DagBag from /Users/bhavishyachallagolla/Desktop/RetailSense/.venv/lib/python3.12/site-packages/airflow/example_dags/example_branch_operator.py
[2026-07-17T20:29:10.456+0530] {processor.py:927} WARNING - No viable dags retrieved from /Users/bhavishyachallagolla/Desktop/RetailSense/.venv/lib/python3.12/site-packages/airflow/example_dags/example_branch_operator.py
[2026-07-17T20:29:10.477+0530] {processor.py:208} INFO - Processing /Users/bhavishyachallagolla/Desktop/RetailSense/.venv/lib/python3.12/site-packages/airflow/example_dags/example_branch_operator.py took 0.029 seconds
[2026-07-17T20:30:50.069+0530] {processor.py:186} INFO - Started process (PID=89224) to work on /Users/bhavishyachallagolla/Desktop/RetailSense/.venv/lib/python3.12/site-packages/airflow/example_dags/example_branch_operator.py
[2026-07-17T20:30:50.070+0530] {processor.py:914} INFO - Processing file /Users/bhavishyachallagolla/Desktop/RetailSense/.venv/lib/python3.12/site-packages/airflow/example_dags/example_branch_operator.py for tasks to queue
[2026-07-17T20:30:50.071+0530] {logging_mixin.py:190} INFO - [2026-07-17T20:30:50.071+0530] {dagbag.py:588} INFO - Filling up the DagBag from /Users/bhavishyachallagolla/Desktop/RetailSense/.venv/lib/python3.12/site-packages/airflow/example_dags/example_branch_operator.py
[2026-07-17T20:30:50.078+0530] {processor.py:927} WARNING - No viable dags retrieved from /Users/bhavishyachallagolla/Desktop/RetailSense/.venv/lib/python3.12/site-packages/airflow/example_dags/example_branch_operator.py
[2026-07-17T20:30:50.099+0530] {processor.py:208} INFO - Processing /Users/bhavishyachallagolla/Desktop/RetailSense/.venv/lib/python3.12/site-packages/airflow/example_dags/example_branch_operator.py took 0.031 seconds
[2026-07-17T20:32:31.154+0530] {processor.py:186} INFO - Started process (PID=89374) to work on /Users/bhavishyachallagolla/Desktop/RetailSense/.venv/lib/python3.12/site-packages/airflow/example_dags/example_branch_operator.py
[2026-07-17T20:32:31.155+0530] {processor.py:914} INFO - Processing file /Users/bhavishyachallagolla/Desktop/RetailSense/.venv/lib/python3.12/site-packages/airflow/example_dags/example_branch_operator.py for tasks to queue
[2026-07-17T20:32:31.155+0530] {logging_mixin.py:190} INFO - [2026-07-17T20:32:31.155+0530] {dagbag.py:588} INFO - Filling up the DagBag from /Users/bhavishyachallagolla/Desktop/RetailSense/.venv/lib/python3.12/site-packages/airflow/example_dags/example_branch_operator.py
[2026-07-17T20:32:31.162+0530] {processor.py:927} WARNING - No viable dags retrieved from /Users/bhavishyachallagolla/Desktop/RetailSense/.venv/lib/python3.12/site-packages/airflow/example_dags/example_branch_operator.py
[2026-07-17T20:32:31.183+0530] {processor.py:208} INFO - Processing /Users/bhavishyachallagolla/Desktop/RetailSense/.venv/lib/python3.12/site-packages/airflow/example_dags/example_branch_operator.py took 0.029 seconds
[2026-07-17T20:34:12.071+0530] {processor.py:186} INFO - Started process (PID=89524) to work on /Users/bhavishyachallagolla/Desktop/RetailSense/.venv/lib/python3.12/site-packages/airflow/example_dags/example_branch_operator.py
[2026-07-17T20:34:12.071+0530] {processor.py:914} INFO - Processing file /Users/bhavishyachallagolla/Desktop/RetailSense/.venv/lib/python3.12/site-packages/airflow/example_dags/example_branch_operator.py for tasks to queue
[2026-07-17T20:34:12.071+0530] {logging_mixin.py:190} INFO - [2026-07-17T20:34:12.071+0530] {dagbag.py:588} INFO - Filling up the DagBag from /Users/bhavishyachallagolla/Desktop/RetailSense/.venv/lib/python3.12/site-packages/airflow/example_dags/example_branch_operator.py
[2026-07-17T20:34:12.078+0530] {processor.py:927} WARNING - No viable dags retrieved from /Users/bhavishyachallagolla/Desktop/RetailSense/.venv/lib/python3.12/site-packages/airflow/example_dags/example_branch_operator.py
[2026-07-17T20:34:12.100+0530] {processor.py:208} INFO - Processing /Users/bhavishyachallagolla/Desktop/RetailSense/.venv/lib/python3.12/site-packages/airflow/example_dags/example_branch_operator.py took 0.030 seconds
[2026-07-17T20:35:52.576+0530] {processor.py:186} INFO - Started process (PID=89673) to work on /Users/bhavishyachallagolla/Desktop/RetailSense/.venv/lib/python3.12/site-packages/airflow/example_dags/example_branch_operator.py
[2026-07-17T20:35:52.577+0530] {processor.py:914} INFO - Processing file /Users/bhavishyachallagolla/Desktop/RetailSense/.venv/lib/python3.12/site-packages/airflow/example_dags/example_branch_operator.py for tasks to queue
[2026-07-17T20:35:52.577+0530] {logging_mixin.py:190} INFO - [2026-07-17T20:35:52.577+0530] {dagbag.py:588} INFO - Filling up the DagBag from /Users/bhavishyachallagolla/Desktop/RetailSense/.venv/lib/python3.12/site-packages/airflow/example_dags/example_branch_operator.py
[2026-07-17T20:35:52.583+0530] {processor.py:927} WARNING - No viable dags retrieved from /Users/bhavishyachallagolla/Desktop/RetailSense/.venv/lib/python3.12/site-packages/airflow/example_dags/example_branch_operator.py
[2026-07-17T20:35:52.605+0530] {processor.py:208} INFO - Processing /Users/bhavishyachallagolla/Desktop/RetailSense/.venv/lib/python3.12/site-packages/airflow/example_dags/example_branch_operator.py took 0.029 seconds
[2026-07-17T20:37:33.525+0530] {processor.py:186} INFO - Started process (PID=89824) to work on /Users/bhavishyachallagolla/Desktop/RetailSense/.venv/lib/python3.12/site-packages/airflow/example_dags/example_branch_operator.py
[2026-07-17T20:37:33.526+0530] {processor.py:914} INFO - Processing file /Users/bhavishyachallagolla/Desktop/RetailSense/.venv/lib/python3.12/site-packages/airflow/example_dags/example_branch_operator.py for tasks to queue
[2026-07-17T20:37:33.526+0530] {logging_mixin.py:190} INFO - [2026-07-17T20:37:33.526+0530] {dagbag.py:588} INFO - Filling up the DagBag from /Users/bhavishyachallagolla/Desktop/RetailSense/.venv/lib/python3.12/site-packages/airflow/example_dags/example_branch_operator.py
[2026-07-17T20:37:33.533+0530] {processor.py:927} WARNING - No viable dags retrieved from /Users/bhavishyachallagolla/Desktop/RetailSense/.venv/lib/python3.12/site-packages/airflow/example_dags/example_branch_operator.py
[2026-07-17T20:37:33.554+0530] {processor.py:208} INFO - Processing /Users/bhavishyachallagolla/Desktop/RetailSense/.venv/lib/python3.12/site-packages/airflow/example_dags/example_branch_operator.py took 0.029 seconds
[2026-07-17T20:39:15.272+0530] {processor.py:186} INFO - Started process (PID=89991) to work on /Users/bhavishyachallagolla/Desktop/RetailSense/.venv/lib/python3.12/site-packages/airflow/example_dags/example_branch_operator.py
[2026-07-17T20:39:15.273+0530] {processor.py:914} INFO - Processing file /Users/bhavishyachallagolla/Desktop/RetailSense/.venv/lib/python3.12/site-packages/airflow/example_dags/example_branch_operator.py for tasks to queue
[2026-07-17T20:39:15.274+0530] {logging_mixin.py:190} INFO - [2026-07-17T20:39:15.274+0530] {dagbag.py:588} INFO - Filling up the DagBag from /Users/bhavishyachallagolla/Desktop/RetailSense/.venv/lib/python3.12/site-packages/airflow/example_dags/example_branch_operator.py
[2026-07-17T20:39:15.281+0530] {processor.py:927} WARNING - No viable dags retrieved from /Users/bhavishyachallagolla/Desktop/RetailSense/.venv/lib/python3.12/site-packages/airflow/example_dags/example_branch_operator.py
[2026-07-17T20:39:15.302+0530] {processor.py:208} INFO - Processing /Users/bhavishyachallagolla/Desktop/RetailSense/.venv/lib/python3.12/site-packages/airflow/example_dags/example_branch_operator.py took 0.031 seconds
[2026-07-17T20:40:56.071+0530] {processor.py:186} INFO - Started process (PID=90241) to work on /Users/bhavishyachallagolla/Desktop/RetailSense/.venv/lib/python3.12/site-packages/airflow/example_dags/example_branch_operator.py
[2026-07-17T20:40:56.072+0530] {processor.py:914} INFO - Processing file /Users/bhavishyachallagolla/Desktop/RetailSense/.venv/lib/python3.12/site-packages/airflow/example_dags/example_branch_operator.py for tasks to queue
[2026-07-17T20:40:56.072+0530] {logging_mixin.py:190} INFO - [2026-07-17T20:40:56.072+0530] {dagbag.py:588} INFO - Filling up the DagBag from /Users/bhavishyachallagolla/Desktop/RetailSense/.venv/lib/python3.12/site-packages/airflow/example_dags/example_branch_operator.py
[2026-07-17T20:40:56.079+0530] {processor.py:927} WARNING - No viable dags retrieved from /Users/bhavishyachallagolla/Desktop/RetailSense/.venv/lib/python3.12/site-packages/airflow/example_dags/example_branch_operator.py
[2026-07-17T20:40:56.101+0530] {processor.py:208} INFO - Processing /Users/bhavishyachallagolla/Desktop/RetailSense/.venv/lib/python3.12/site-packages/airflow/example_dags/example_branch_operator.py took 0.031 seconds
[2026-07-17T20:42:36.031+0530] {processor.py:186} INFO - Started process (PID=90408) to work on /Users/bhavishyachallagolla/Desktop/RetailSense/.venv/lib/python3.12/site-packages/airflow/example_dags/example_branch_operator.py
[2026-07-17T20:42:36.031+0530] {processor.py:914} INFO - Processing file /Users/bhavishyachallagolla/Desktop/RetailSense/.venv/lib/python3.12/site-packages/airflow/example_dags/example_branch_operator.py for tasks to queue
[2026-07-17T20:42:36.032+0530] {logging_mixin.py:190} INFO - [2026-07-17T20:42:36.032+0530] {dagbag.py:588} INFO - Filling up the DagBag from /Users/bhavishyachallagolla/Desktop/RetailSense/.venv/lib/python3.12/site-packages/airflow/example_dags/example_branch_operator.py
[2026-07-17T20:42:36.038+0530] {processor.py:927} WARNING - No viable dags retrieved from /Users/bhavishyachallagolla/Desktop/RetailSense/.venv/lib/python3.12/site-packages/airflow/example_dags/example_branch_operator.py
[2026-07-17T20:42:36.059+0530] {processor.py:208} INFO - Processing /Users/bhavishyachallagolla/Desktop/RetailSense/.venv/lib/python3.12/site-packages/airflow/example_dags/example_branch_operator.py took 0.029 seconds
[2026-07-17T20:44:15.420+0530] {processor.py:186} INFO - Started process (PID=90556) to work on /Users/bhavishyachallagolla/Desktop/RetailSense/.venv/lib/python3.12/site-packages/airflow/example_dags/example_branch_operator.py
[2026-07-17T20:44:15.421+0530] {processor.py:914} INFO - Processing file /Users/bhavishyachallagolla/Desktop/RetailSense/.venv/lib/python3.12/site-packages/airflow/example_dags/example_branch_operator.py for tasks to queue
[2026-07-17T20:44:15.421+0530] {logging_mixin.py:190} INFO - [2026-07-17T20:44:15.421+0530] {dagbag.py:588} INFO - Filling up the DagBag from /Users/bhavishyachallagolla/Desktop/RetailSense/.venv/lib/python3.12/site-packages/airflow/example_dags/example_branch_operator.py
[2026-07-17T20:44:15.428+0530] {processor.py:927} WARNING - No viable dags retrieved from /Users/bhavishyachallagolla/Desktop/RetailSense/.venv/lib/python3.12/site-packages/airflow/example_dags/example_branch_operator.py
[2026-07-17T20:44:15.450+0530] {processor.py:208} INFO - Processing /Users/bhavishyachallagolla/Desktop/RetailSense/.venv/lib/python3.12/site-packages/airflow/example_dags/example_branch_operator.py took 0.030 seconds
[2026-07-17T20:45:55.745+0530] {processor.py:186} INFO - Started process (PID=90716) to work on /Users/bhavishyachallagolla/Desktop/RetailSense/.venv/lib/python3.12/site-packages/airflow/example_dags/example_branch_operator.py
[2026-07-17T20:45:55.745+0530] {processor.py:914} INFO - Processing file /Users/bhavishyachallagolla/Desktop/RetailSense/.venv/lib/python3.12/site-packages/airflow/example_dags/example_branch_operator.py for tasks to queue
[2026-07-17T20:45:55.745+0530] {logging_mixin.py:190} INFO - [2026-07-17T20:45:55.745+0530] {dagbag.py:588} INFO - Filling up the DagBag from /Users/bhavishyachallagolla/Desktop/RetailSense/.venv/lib/python3.12/site-packages/airflow/example_dags/example_branch_operator.py
[2026-07-17T20:45:55.752+0530] {processor.py:927} WARNING - No viable dags retrieved from /Users/bhavishyachallagolla/Desktop/RetailSense/.venv/lib/python3.12/site-packages/airflow/example_dags/example_branch_operator.py
[2026-07-17T20:45:55.773+0530] {processor.py:208} INFO - Processing /Users/bhavishyachallagolla/Desktop/RetailSense/.venv/lib/python3.12/site-packages/airflow/example_dags/example_branch_operator.py took 0.030 seconds
[2026-07-17T20:47:36.585+0530] {processor.py:186} INFO - Started process (PID=90866) to work on /Users/bhavishyachallagolla/Desktop/RetailSense/.venv/lib/python3.12/site-packages/airflow/example_dags/example_branch_operator.py
[2026-07-17T20:47:36.585+0530] {processor.py:914} INFO - Processing file /Users/bhavishyachallagolla/Desktop/RetailSense/.venv/lib/python3.12/site-packages/airflow/example_dags/example_branch_operator.py for tasks to queue
[2026-07-17T20:47:36.586+0530] {logging_mixin.py:190} INFO - [2026-07-17T20:47:36.586+0530] {dagbag.py:588} INFO - Filling up the DagBag from /Users/bhavishyachallagolla/Desktop/RetailSense/.venv/lib/python3.12/site-packages/airflow/example_dags/example_branch_operator.py
[2026-07-17T20:47:36.593+0530] {processor.py:927} WARNING - No viable dags retrieved from /Users/bhavishyachallagolla/Desktop/RetailSense/.venv/lib/python3.12/site-packages/airflow/example_dags/example_branch_operator.py
[2026-07-17T20:47:36.614+0530] {processor.py:208} INFO - Processing /Users/bhavishyachallagolla/Desktop/RetailSense/.venv/lib/python3.12/site-packages/airflow/example_dags/example_branch_operator.py took 0.031 seconds
[2026-07-17T20:49:17.420+0530] {processor.py:186} INFO - Started process (PID=91032) to work on /Users/bhavishyachallagolla/Desktop/RetailSense/.venv/lib/python3.12/site-packages/airflow/example_dags/example_branch_operator.py
[2026-07-17T20:49:17.421+0530] {processor.py:914} INFO - Processing file /Users/bhavishyachallagolla/Desktop/RetailSense/.venv/lib/python3.12/site-packages/airflow/example_dags/example_branch_operator.py for tasks to queue
[2026-07-17T20:49:17.422+0530] {logging_mixin.py:190} INFO - [2026-07-17T20:49:17.422+0530] {dagbag.py:588} INFO - Filling up the DagBag from /Users/bhavishyachallagolla/Desktop/RetailSense/.venv/lib/python3.12/site-packages/airflow/example_dags/example_branch_operator.py
[2026-07-17T20:49:17.428+0530] {processor.py:927} WARNING - No viable dags retrieved from /Users/bhavishyachallagolla/Desktop/RetailSense/.venv/lib/python3.12/site-packages/airflow/example_dags/example_branch_operator.py
[2026-07-17T20:49:17.450+0530] {processor.py:208} INFO - Processing /Users/bhavishyachallagolla/Desktop/RetailSense/.venv/lib/python3.12/site-packages/airflow/example_dags/example_branch_operator.py took 0.030 seconds
[2026-07-17T20:50:54.701+0530] {processor.py:186} INFO - Started process (PID=91185) to work on /Users/bhavishyachallagolla/Desktop/RetailSense/.venv/lib/python3.12/site-packages/airflow/example_dags/example_branch_operator.py
[2026-07-17T20:50:54.702+0530] {processor.py:914} INFO - Processing file /Users/bhavishyachallagolla/Desktop/RetailSense/.venv/lib/python3.12/site-packages/airflow/example_dags/example_branch_operator.py for tasks to queue
[2026-07-17T20:50:54.703+0530] {logging_mixin.py:190} INFO - [2026-07-17T20:50:54.703+0530] {dagbag.py:588} INFO - Filling up the DagBag from /Users/bhavishyachallagolla/Desktop/RetailSense/.venv/lib/python3.12/site-packages/airflow/example_dags/example_branch_operator.py
[2026-07-17T20:50:54.710+0530] {processor.py:927} WARNING - No viable dags retrieved from /Users/bhavishyachallagolla/Desktop/RetailSense/.venv/lib/python3.12/site-packages/airflow/example_dags/example_branch_operator.py
[2026-07-17T20:50:54.732+0530] {processor.py:208} INFO - Processing /Users/bhavishyachallagolla/Desktop/RetailSense/.venv/lib/python3.12/site-packages/airflow/example_dags/example_branch_operator.py took 0.032 seconds
[2026-07-17T20:52:37.107+0530] {processor.py:186} INFO - Started process (PID=91339) to work on /Users/bhavishyachallagolla/Desktop/RetailSense/.venv/lib/python3.12/site-packages/airflow/example_dags/example_branch_operator.py
[2026-07-17T20:52:37.108+0530] {processor.py:914} INFO - Processing file /Users/bhavishyachallagolla/Desktop/RetailSense/.venv/lib/python3.12/site-packages/airflow/example_dags/example_branch_operator.py for tasks to queue
[2026-07-17T20:52:37.108+0530] {logging_mixin.py:190} INFO - [2026-07-17T20:52:37.108+0530] {dagbag.py:588} INFO - Filling up the DagBag from /Users/bhavishyachallagolla/Desktop/RetailSense/.venv/lib/python3.12/site-packages/airflow/example_dags/example_branch_operator.py
[2026-07-17T20:52:37.115+0530] {processor.py:927} WARNING - No viable dags retrieved from /Users/bhavishyachallagolla/Desktop/RetailSense/.venv/lib/python3.12/site-packages/airflow/example_dags/example_branch_operator.py
[2026-07-17T20:52:37.136+0530] {processor.py:208} INFO - Processing /Users/bhavishyachallagolla/Desktop/RetailSense/.venv/lib/python3.12/site-packages/airflow/example_dags/example_branch_operator.py took 0.031 seconds
[2026-07-17T20:54:18.794+0530] {processor.py:186} INFO - Started process (PID=91490) to work on /Users/bhavishyachallagolla/Desktop/RetailSense/.venv/lib/python3.12/site-packages/airflow/example_dags/example_branch_operator.py
[2026-07-17T20:54:18.795+0530] {processor.py:914} INFO - Processing file /Users/bhavishyachallagolla/Desktop/RetailSense/.venv/lib/python3.12/site-packages/airflow/example_dags/example_branch_operator.py for tasks to queue
[2026-07-17T20:54:18.795+0530] {logging_mixin.py:190} INFO - [2026-07-17T20:54:18.795+0530] {dagbag.py:588} INFO - Filling up the DagBag from /Users/bhavishyachallagolla/Desktop/RetailSense/.venv/lib/python3.12/site-packages/airflow/example_dags/example_branch_operator.py
[2026-07-17T20:54:18.802+0530] {processor.py:927} WARNING - No viable dags retrieved from /Users/bhavishyachallagolla/Desktop/RetailSense/.venv/lib/python3.12/site-packages/airflow/example_dags/example_branch_operator.py
[2026-07-17T20:54:18.823+0530] {processor.py:208} INFO - Processing /Users/bhavishyachallagolla/Desktop/RetailSense/.venv/lib/python3.12/site-packages/airflow/example_dags/example_branch_operator.py took 0.030 seconds
[2026-07-17T20:55:59.377+0530] {processor.py:186} INFO - Started process (PID=91655) to work on /Users/bhavishyachallagolla/Desktop/RetailSense/.venv/lib/python3.12/site-packages/airflow/example_dags/example_branch_operator.py
[2026-07-17T20:55:59.378+0530] {processor.py:914} INFO - Processing file /Users/bhavishyachallagolla/Desktop/RetailSense/.venv/lib/python3.12/site-packages/airflow/example_dags/example_branch_operator.py for tasks to queue
[2026-07-17T20:55:59.378+0530] {logging_mixin.py:190} INFO - [2026-07-17T20:55:59.378+0530] {dagbag.py:588} INFO - Filling up the DagBag from /Users/bhavishyachallagolla/Desktop/RetailSense/.venv/lib/python3.12/site-packages/airflow/example_dags/example_branch_operator.py
[2026-07-17T20:55:59.385+0530] {processor.py:927} WARNING - No viable dags retrieved from /Users/bhavishyachallagolla/Desktop/RetailSense/.venv/lib/python3.12/site-packages/airflow/example_dags/example_branch_operator.py
[2026-07-17T20:55:59.406+0530] {processor.py:208} INFO - Processing /Users/bhavishyachallagolla/Desktop/RetailSense/.venv/lib/python3.12/site-packages/airflow/example_dags/example_branch_operator.py took 0.030 seconds
[2026-07-17T20:57:38.723+0530] {processor.py:186} INFO - Started process (PID=91802) to work on /Users/bhavishyachallagolla/Desktop/RetailSense/.venv/lib/python3.12/site-packages/airflow/example_dags/example_branch_operator.py
[2026-07-17T20:57:38.724+0530] {processor.py:914} INFO - Processing file /Users/bhavishyachallagolla/Desktop/RetailSense/.venv/lib/python3.12/site-packages/airflow/example_dags/example_branch_operator.py for tasks to queue
[2026-07-17T20:57:38.724+0530] {logging_mixin.py:190} INFO - [2026-07-17T20:57:38.724+0530] {dagbag.py:588} INFO - Filling up the DagBag from /Users/bhavishyachallagolla/Desktop/RetailSense/.venv/lib/python3.12/site-packages/airflow/example_dags/example_branch_operator.py
[2026-07-17T20:57:38.731+0530] {processor.py:927} WARNING - No viable dags retrieved from /Users/bhavishyachallagolla/Desktop/RetailSense/.venv/lib/python3.12/site-packages/airflow/example_dags/example_branch_operator.py
[2026-07-17T20:57:38.754+0530] {processor.py:208} INFO - Processing /Users/bhavishyachallagolla/Desktop/RetailSense/.venv/lib/python3.12/site-packages/airflow/example_dags/example_branch_operator.py took 0.032 seconds
[2026-07-17T20:59:17.816+0530] {processor.py:186} INFO - Started process (PID=91950) to work on /Users/bhavishyachallagolla/Desktop/RetailSense/.venv/lib/python3.12/site-packages/airflow/example_dags/example_branch_operator.py
[2026-07-17T20:59:17.816+0530] {processor.py:914} INFO - Processing file /Users/bhavishyachallagolla/Desktop/RetailSense/.venv/lib/python3.12/site-packages/airflow/example_dags/example_branch_operator.py for tasks to queue
[2026-07-17T20:59:17.816+0530] {logging_mixin.py:190} INFO - [2026-07-17T20:59:17.816+0530] {dagbag.py:588} INFO - Filling up the DagBag from /Users/bhavishyachallagolla/Desktop/RetailSense/.venv/lib/python3.12/site-packages/airflow/example_dags/example_branch_operator.py
[2026-07-17T20:59:17.823+0530] {processor.py:927} WARNING - No viable dags retrieved from /Users/bhavishyachallagolla/Desktop/RetailSense/.venv/lib/python3.12/site-packages/airflow/example_dags/example_branch_operator.py
[2026-07-17T20:59:17.845+0530] {processor.py:208} INFO - Processing /Users/bhavishyachallagolla/Desktop/RetailSense/.venv/lib/python3.12/site-packages/airflow/example_dags/example_branch_operator.py took 0.030 seconds
[2026-07-17T22:23:15.739+0530] {processor.py:186} INFO - Started process (PID=92176) to work on /Users/bhavishyachallagolla/Desktop/RetailSense/.venv/lib/python3.12/site-packages/airflow/example_dags/example_branch_operator.py
[2026-07-17T22:23:15.739+0530] {processor.py:914} INFO - Processing file /Users/bhavishyachallagolla/Desktop/RetailSense/.venv/lib/python3.12/site-packages/airflow/example_dags/example_branch_operator.py for tasks to queue
[2026-07-17T22:23:15.740+0530] {logging_mixin.py:190} INFO - [2026-07-17T22:23:15.740+0530] {dagbag.py:588} INFO - Filling up the DagBag from /Users/bhavishyachallagolla/Desktop/RetailSense/.venv/lib/python3.12/site-packages/airflow/example_dags/example_branch_operator.py
[2026-07-17T22:23:15.746+0530] {processor.py:927} WARNING - No viable dags retrieved from /Users/bhavishyachallagolla/Desktop/RetailSense/.venv/lib/python3.12/site-packages/airflow/example_dags/example_branch_operator.py
[2026-07-17T22:23:15.767+0530] {processor.py:208} INFO - Processing /Users/bhavishyachallagolla/Desktop/RetailSense/.venv/lib/python3.12/site-packages/airflow/example_dags/example_branch_operator.py took 0.029 seconds
[2026-07-17T22:24:55.729+0530] {processor.py:186} INFO - Started process (PID=92328) to work on /Users/bhavishyachallagolla/Desktop/RetailSense/.venv/lib/python3.12/site-packages/airflow/example_dags/example_branch_operator.py
[2026-07-17T22:24:55.730+0530] {processor.py:914} INFO - Processing file /Users/bhavishyachallagolla/Desktop/RetailSense/.venv/lib/python3.12/site-packages/airflow/example_dags/example_branch_operator.py for tasks to queue
[2026-07-17T22:24:55.730+0530] {logging_mixin.py:190} INFO - [2026-07-17T22:24:55.730+0530] {dagbag.py:588} INFO - Filling up the DagBag from /Users/bhavishyachallagolla/Desktop/RetailSense/.venv/lib/python3.12/site-packages/airflow/example_dags/example_branch_operator.py
[2026-07-17T22:24:55.737+0530] {processor.py:927} WARNING - No viable dags retrieved from /Users/bhavishyachallagolla/Desktop/RetailSense/.venv/lib/python3.12/site-packages/airflow/example_dags/example_branch_operator.py
[2026-07-17T22:24:55.757+0530] {processor.py:208} INFO - Processing /Users/bhavishyachallagolla/Desktop/RetailSense/.venv/lib/python3.12/site-packages/airflow/example_dags/example_branch_operator.py took 0.029 seconds
[2026-07-17T22:26:35.062+0530] {processor.py:186} INFO - Started process (PID=92478) to work on /Users/bhavishyachallagolla/Desktop/RetailSense/.venv/lib/python3.12/site-packages/airflow/example_dags/example_branch_operator.py
[2026-07-17T22:26:35.063+0530] {processor.py:914} INFO - Processing file /Users/bhavishyachallagolla/Desktop/RetailSense/.venv/lib/python3.12/site-packages/airflow/example_dags/example_branch_operator.py for tasks to queue
[2026-07-17T22:26:35.064+0530] {logging_mixin.py:190} INFO - [2026-07-17T22:26:35.064+0530] {dagbag.py:588} INFO - Filling up the DagBag from /Users/bhavishyachallagolla/Desktop/RetailSense/.venv/lib/python3.12/site-packages/airflow/example_dags/example_branch_operator.py
[2026-07-17T22:26:35.071+0530] {processor.py:927} WARNING - No viable dags retrieved from /Users/bhavishyachallagolla/Desktop/RetailSense/.venv/lib/python3.12/site-packages/airflow/example_dags/example_branch_operator.py
[2026-07-17T22:26:35.092+0530] {processor.py:208} INFO - Processing /Users/bhavishyachallagolla/Desktop/RetailSense/.venv/lib/python3.12/site-packages/airflow/example_dags/example_branch_operator.py took 0.031 seconds
[2026-07-17T22:28:15.942+0530] {processor.py:186} INFO - Started process (PID=92628) to work on /Users/bhavishyachallagolla/Desktop/RetailSense/.venv/lib/python3.12/site-packages/airflow/example_dags/example_branch_operator.py
[2026-07-17T22:28:15.943+0530] {processor.py:914} INFO - Processing file /Users/bhavishyachallagolla/Desktop/RetailSense/.venv/lib/python3.12/site-packages/airflow/example_dags/example_branch_operator.py for tasks to queue
[2026-07-17T22:28:15.943+0530] {logging_mixin.py:190} INFO - [2026-07-17T22:28:15.943+0530] {dagbag.py:588} INFO - Filling up the DagBag from /Users/bhavishyachallagolla/Desktop/RetailSense/.venv/lib/python3.12/site-packages/airflow/example_dags/example_branch_operator.py
[2026-07-17T22:28:15.950+0530] {processor.py:927} WARNING - No viable dags retrieved from /Users/bhavishyachallagolla/Desktop/RetailSense/.venv/lib/python3.12/site-packages/airflow/example_dags/example_branch_operator.py
[2026-07-17T22:28:15.971+0530] {processor.py:208} INFO - Processing /Users/bhavishyachallagolla/Desktop/RetailSense/.venv/lib/python3.12/site-packages/airflow/example_dags/example_branch_operator.py took 0.030 seconds
[2026-07-17T22:29:52.173+0530] {processor.py:186} INFO - Started process (PID=92775) to work on /Users/bhavishyachallagolla/Desktop/RetailSense/.venv/lib/python3.12/site-packages/airflow/example_dags/example_branch_operator.py
[2026-07-17T22:29:52.174+0530] {processor.py:914} INFO - Processing file /Users/bhavishyachallagolla/Desktop/RetailSense/.venv/lib/python3.12/site-packages/airflow/example_dags/example_branch_operator.py for tasks to queue
[2026-07-17T22:29:52.174+0530] {logging_mixin.py:190} INFO - [2026-07-17T22:29:52.174+0530] {dagbag.py:588} INFO - Filling up the DagBag from /Users/bhavishyachallagolla/Desktop/RetailSense/.venv/lib/python3.12/site-packages/airflow/example_dags/example_branch_operator.py
[2026-07-17T22:29:52.181+0530] {processor.py:927} WARNING - No viable dags retrieved from /Users/bhavishyachallagolla/Desktop/RetailSense/.venv/lib/python3.12/site-packages/airflow/example_dags/example_branch_operator.py
[2026-07-17T22:29:52.202+0530] {processor.py:208} INFO - Processing /Users/bhavishyachallagolla/Desktop/RetailSense/.venv/lib/python3.12/site-packages/airflow/example_dags/example_branch_operator.py took 0.030 seconds
[2026-07-17T22:31:34.931+0530] {processor.py:186} INFO - Started process (PID=92932) to work on /Users/bhavishyachallagolla/Desktop/RetailSense/.venv/lib/python3.12/site-packages/airflow/example_dags/example_branch_operator.py
[2026-07-17T22:31:34.931+0530] {processor.py:914} INFO - Processing file /Users/bhavishyachallagolla/Desktop/RetailSense/.venv/lib/python3.12/site-packages/airflow/example_dags/example_branch_operator.py for tasks to queue
[2026-07-17T22:31:34.931+0530] {logging_mixin.py:190} INFO - [2026-07-17T22:31:34.931+0530] {dagbag.py:588} INFO - Filling up the DagBag from /Users/bhavishyachallagolla/Desktop/RetailSense/.venv/lib/python3.12/site-packages/airflow/example_dags/example_branch_operator.py
[2026-07-17T22:31:34.938+0530] {processor.py:927} WARNING - No viable dags retrieved from /Users/bhavishyachallagolla/Desktop/RetailSense/.venv/lib/python3.12/site-packages/airflow/example_dags/example_branch_operator.py
[2026-07-17T22:31:34.959+0530] {processor.py:208} INFO - Processing /Users/bhavishyachallagolla/Desktop/RetailSense/.venv/lib/python3.12/site-packages/airflow/example_dags/example_branch_operator.py took 0.030 seconds
[2026-07-17T22:33:14.642+0530] {processor.py:186} INFO - Started process (PID=93085) to work on /Users/bhavishyachallagolla/Desktop/RetailSense/.venv/lib/python3.12/site-packages/airflow/example_dags/example_branch_operator.py
[2026-07-17T22:33:14.643+0530] {processor.py:914} INFO - Processing file /Users/bhavishyachallagolla/Desktop/RetailSense/.venv/lib/python3.12/site-packages/airflow/example_dags/example_branch_operator.py for tasks to queue
[2026-07-17T22:33:14.643+0530] {logging_mixin.py:190} INFO - [2026-07-17T22:33:14.643+0530] {dagbag.py:588} INFO - Filling up the DagBag from /Users/bhavishyachallagolla/Desktop/RetailSense/.venv/lib/python3.12/site-packages/airflow/example_dags/example_branch_operator.py
[2026-07-17T22:33:14.650+0530] {processor.py:927} WARNING - No viable dags retrieved from /Users/bhavishyachallagolla/Desktop/RetailSense/.venv/lib/python3.12/site-packages/airflow/example_dags/example_branch_operator.py
[2026-07-17T22:33:14.671+0530] {processor.py:208} INFO - Processing /Users/bhavishyachallagolla/Desktop/RetailSense/.venv/lib/python3.12/site-packages/airflow/example_dags/example_branch_operator.py took 0.030 seconds
[2026-07-17T22:34:53.767+0530] {processor.py:186} INFO - Started process (PID=93233) to work on /Users/bhavishyachallagolla/Desktop/RetailSense/.venv/lib/python3.12/site-packages/airflow/example_dags/example_branch_operator.py
[2026-07-17T22:34:53.768+0530] {processor.py:914} INFO - Processing file /Users/bhavishyachallagolla/Desktop/RetailSense/.venv/lib/python3.12/site-packages/airflow/example_dags/example_branch_operator.py for tasks to queue
[2026-07-17T22:34:53.768+0530] {logging_mixin.py:190} INFO - [2026-07-17T22:34:53.768+0530] {dagbag.py:588} INFO - Filling up the DagBag from /Users/bhavishyachallagolla/Desktop/RetailSense/.venv/lib/python3.12/site-packages/airflow/example_dags/example_branch_operator.py
[2026-07-17T22:34:53.775+0530] {processor.py:927} WARNING - No viable dags retrieved from /Users/bhavishyachallagolla/Desktop/RetailSense/.venv/lib/python3.12/site-packages/airflow/example_dags/example_branch_operator.py
[2026-07-17T22:34:53.797+0530] {processor.py:208} INFO - Processing /Users/bhavishyachallagolla/Desktop/RetailSense/.venv/lib/python3.12/site-packages/airflow/example_dags/example_branch_operator.py took 0.031 seconds
[2026-07-17T22:36:34.755+0530] {processor.py:186} INFO - Started process (PID=93384) to work on /Users/bhavishyachallagolla/Desktop/RetailSense/.venv/lib/python3.12/site-packages/airflow/example_dags/example_branch_operator.py
[2026-07-17T22:36:34.756+0530] {processor.py:914} INFO - Processing file /Users/bhavishyachallagolla/Desktop/RetailSense/.venv/lib/python3.12/site-packages/airflow/example_dags/example_branch_operator.py for tasks to queue
[2026-07-17T22:36:34.756+0530] {logging_mixin.py:190} INFO - [2026-07-17T22:36:34.756+0530] {dagbag.py:588} INFO - Filling up the DagBag from /Users/bhavishyachallagolla/Desktop/RetailSense/.venv/lib/python3.12/site-packages/airflow/example_dags/example_branch_operator.py
[2026-07-17T22:36:34.763+0530] {processor.py:927} WARNING - No viable dags retrieved from /Users/bhavishyachallagolla/Desktop/RetailSense/.venv/lib/python3.12/site-packages/airflow/example_dags/example_branch_operator.py
[2026-07-17T22:36:34.785+0530] {processor.py:208} INFO - Processing /Users/bhavishyachallagolla/Desktop/RetailSense/.venv/lib/python3.12/site-packages/airflow/example_dags/example_branch_operator.py took 0.031 seconds
[2026-07-17T22:38:14.390+0530] {processor.py:186} INFO - Started process (PID=93544) to work on /Users/bhavishyachallagolla/Desktop/RetailSense/.venv/lib/python3.12/site-packages/airflow/example_dags/example_branch_operator.py
[2026-07-17T22:38:14.391+0530] {processor.py:914} INFO - Processing file /Users/bhavishyachallagolla/Desktop/RetailSense/.venv/lib/python3.12/site-packages/airflow/example_dags/example_branch_operator.py for tasks to queue
[2026-07-17T22:38:14.392+0530] {logging_mixin.py:190} INFO - [2026-07-17T22:38:14.391+0530] {dagbag.py:588} INFO - Filling up the DagBag from /Users/bhavishyachallagolla/Desktop/RetailSense/.venv/lib/python3.12/site-packages/airflow/example_dags/example_branch_operator.py
[2026-07-17T22:38:14.398+0530] {processor.py:927} WARNING - No viable dags retrieved from /Users/bhavishyachallagolla/Desktop/RetailSense/.venv/lib/python3.12/site-packages/airflow/example_dags/example_branch_operator.py
[2026-07-17T22:38:14.420+0530] {processor.py:208} INFO - Processing /Users/bhavishyachallagolla/Desktop/RetailSense/.venv/lib/python3.12/site-packages/airflow/example_dags/example_branch_operator.py took 0.031 seconds
[2026-07-17T22:39:54.440+0530] {processor.py:186} INFO - Started process (PID=93692) to work on /Users/bhavishyachallagolla/Desktop/RetailSense/.venv/lib/python3.12/site-packages/airflow/example_dags/example_branch_operator.py
[2026-07-17T22:39:54.441+0530] {processor.py:914} INFO - Processing file /Users/bhavishyachallagolla/Desktop/RetailSense/.venv/lib/python3.12/site-packages/airflow/example_dags/example_branch_operator.py for tasks to queue
[2026-07-17T22:39:54.441+0530] {logging_mixin.py:190} INFO - [2026-07-17T22:39:54.441+0530] {dagbag.py:588} INFO - Filling up the DagBag from /Users/bhavishyachallagolla/Desktop/RetailSense/.venv/lib/python3.12/site-packages/airflow/example_dags/example_branch_operator.py
[2026-07-17T22:39:54.448+0530] {processor.py:927} WARNING - No viable dags retrieved from /Users/bhavishyachallagolla/Desktop/RetailSense/.venv/lib/python3.12/site-packages/airflow/example_dags/example_branch_operator.py
[2026-07-17T22:39:54.469+0530] {processor.py:208} INFO - Processing /Users/bhavishyachallagolla/Desktop/RetailSense/.venv/lib/python3.12/site-packages/airflow/example_dags/example_branch_operator.py took 0.031 seconds
[2026-07-17T22:41:35.009+0530] {processor.py:186} INFO - Started process (PID=93842) to work on /Users/bhavishyachallagolla/Desktop/RetailSense/.venv/lib/python3.12/site-packages/airflow/example_dags/example_branch_operator.py
[2026-07-17T22:41:35.009+0530] {processor.py:914} INFO - Processing file /Users/bhavishyachallagolla/Desktop/RetailSense/.venv/lib/python3.12/site-packages/airflow/example_dags/example_branch_operator.py for tasks to queue
[2026-07-17T22:41:35.010+0530] {logging_mixin.py:190} INFO - [2026-07-17T22:41:35.010+0530] {dagbag.py:588} INFO - Filling up the DagBag from /Users/bhavishyachallagolla/Desktop/RetailSense/.venv/lib/python3.12/site-packages/airflow/example_dags/example_branch_operator.py
[2026-07-17T22:41:35.017+0530] {processor.py:927} WARNING - No viable dags retrieved from /Users/bhavishyachallagolla/Desktop/RetailSense/.venv/lib/python3.12/site-packages/airflow/example_dags/example_branch_operator.py
[2026-07-17T22:41:35.038+0530] {processor.py:208} INFO - Processing /Users/bhavishyachallagolla/Desktop/RetailSense/.venv/lib/python3.12/site-packages/airflow/example_dags/example_branch_operator.py took 0.030 seconds
[2026-07-17T22:43:16.171+0530] {processor.py:186} INFO - Started process (PID=93994) to work on /Users/bhavishyachallagolla/Desktop/RetailSense/.venv/lib/python3.12/site-packages/airflow/example_dags/example_branch_operator.py
[2026-07-17T22:43:16.172+0530] {processor.py:914} INFO - Processing file /Users/bhavishyachallagolla/Desktop/RetailSense/.venv/lib/python3.12/site-packages/airflow/example_dags/example_branch_operator.py for tasks to queue
[2026-07-17T22:43:16.172+0530] {logging_mixin.py:190} INFO - [2026-07-17T22:43:16.172+0530] {dagbag.py:588} INFO - Filling up the DagBag from /Users/bhavishyachallagolla/Desktop/RetailSense/.venv/lib/python3.12/site-packages/airflow/example_dags/example_branch_operator.py
[2026-07-17T22:43:16.179+0530] {processor.py:927} WARNING - No viable dags retrieved from /Users/bhavishyachallagolla/Desktop/RetailSense/.venv/lib/python3.12/site-packages/airflow/example_dags/example_branch_operator.py
[2026-07-17T22:43:16.201+0530] {processor.py:208} INFO - Processing /Users/bhavishyachallagolla/Desktop/RetailSense/.venv/lib/python3.12/site-packages/airflow/example_dags/example_branch_operator.py took 0.031 seconds
[2026-07-17T22:44:56.594+0530] {processor.py:186} INFO - Started process (PID=94143) to work on /Users/bhavishyachallagolla/Desktop/RetailSense/.venv/lib/python3.12/site-packages/airflow/example_dags/example_branch_operator.py
[2026-07-17T22:44:56.594+0530] {processor.py:914} INFO - Processing file /Users/bhavishyachallagolla/Desktop/RetailSense/.venv/lib/python3.12/site-packages/airflow/example_dags/example_branch_operator.py for tasks to queue
[2026-07-17T22:44:56.595+0530] {logging_mixin.py:190} INFO - [2026-07-17T22:44:56.595+0530] {dagbag.py:588} INFO - Filling up the DagBag from /Users/bhavishyachallagolla/Desktop/RetailSense/.venv/lib/python3.12/site-packages/airflow/example_dags/example_branch_operator.py
[2026-07-17T22:44:56.601+0530] {processor.py:927} WARNING - No viable dags retrieved from /Users/bhavishyachallagolla/Desktop/RetailSense/.venv/lib/python3.12/site-packages/airflow/example_dags/example_branch_operator.py
[2026-07-17T22:44:56.623+0530] {processor.py:208} INFO - Processing /Users/bhavishyachallagolla/Desktop/RetailSense/.venv/lib/python3.12/site-packages/airflow/example_dags/example_branch_operator.py took 0.030 seconds
[2026-07-17T22:46:32.948+0530] {processor.py:186} INFO - Started process (PID=94289) to work on /Users/bhavishyachallagolla/Desktop/RetailSense/.venv/lib/python3.12/site-packages/airflow/example_dags/example_branch_operator.py
[2026-07-17T22:46:32.948+0530] {processor.py:914} INFO - Processing file /Users/bhavishyachallagolla/Desktop/RetailSense/.venv/lib/python3.12/site-packages/airflow/example_dags/example_branch_operator.py for tasks to queue
[2026-07-17T22:46:32.948+0530] {logging_mixin.py:190} INFO - [2026-07-17T22:46:32.948+0530] {dagbag.py:588} INFO - Filling up the DagBag from /Users/bhavishyachallagolla/Desktop/RetailSense/.venv/lib/python3.12/site-packages/airflow/example_dags/example_branch_operator.py
[2026-07-17T22:46:32.955+0530] {processor.py:927} WARNING - No viable dags retrieved from /Users/bhavishyachallagolla/Desktop/RetailSense/.venv/lib/python3.12/site-packages/airflow/example_dags/example_branch_operator.py
[2026-07-17T22:46:32.976+0530] {processor.py:208} INFO - Processing /Users/bhavishyachallagolla/Desktop/RetailSense/.venv/lib/python3.12/site-packages/airflow/example_dags/example_branch_operator.py took 0.029 seconds
[2026-07-17T22:48:13.087+0530] {processor.py:186} INFO - Started process (PID=94439) to work on /Users/bhavishyachallagolla/Desktop/RetailSense/.venv/lib/python3.12/site-packages/airflow/example_dags/example_branch_operator.py
[2026-07-17T22:48:13.088+0530] {processor.py:914} INFO - Processing file /Users/bhavishyachallagolla/Desktop/RetailSense/.venv/lib/python3.12/site-packages/airflow/example_dags/example_branch_operator.py for tasks to queue
[2026-07-17T22:48:13.088+0530] {logging_mixin.py:190} INFO - [2026-07-17T22:48:13.088+0530] {dagbag.py:588} INFO - Filling up the DagBag from /Users/bhavishyachallagolla/Desktop/RetailSense/.venv/lib/python3.12/site-packages/airflow/example_dags/example_branch_operator.py
[2026-07-17T22:48:13.095+0530] {processor.py:927} WARNING - No viable dags retrieved from /Users/bhavishyachallagolla/Desktop/RetailSense/.venv/lib/python3.12/site-packages/airflow/example_dags/example_branch_operator.py
[2026-07-17T22:48:13.116+0530] {processor.py:208} INFO - Processing /Users/bhavishyachallagolla/Desktop/RetailSense/.venv/lib/python3.12/site-packages/airflow/example_dags/example_branch_operator.py took 0.030 seconds
[2026-07-17T22:50:09.088+0530] {processor.py:186} INFO - Started process (PID=94595) to work on /Users/bhavishyachallagolla/Desktop/RetailSense/.venv/lib/python3.12/site-packages/airflow/example_dags/example_branch_operator.py
[2026-07-17T22:50:09.089+0530] {processor.py:914} INFO - Processing file /Users/bhavishyachallagolla/Desktop/RetailSense/.venv/lib/python3.12/site-packages/airflow/example_dags/example_branch_operator.py for tasks to queue
[2026-07-17T22:50:09.089+0530] {logging_mixin.py:190} INFO - [2026-07-17T22:50:09.089+0530] {dagbag.py:588} INFO - Filling up the DagBag from /Users/bhavishyachallagolla/Desktop/RetailSense/.venv/lib/python3.12/site-packages/airflow/example_dags/example_branch_operator.py
[2026-07-17T22:50:09.096+0530] {processor.py:927} WARNING - No viable dags retrieved from /Users/bhavishyachallagolla/Desktop/RetailSense/.venv/lib/python3.12/site-packages/airflow/example_dags/example_branch_operator.py
[2026-07-17T22:50:09.117+0530] {processor.py:208} INFO - Processing /Users/bhavishyachallagolla/Desktop/RetailSense/.venv/lib/python3.12/site-packages/airflow/example_dags/example_branch_operator.py took 0.030 seconds
[2026-07-17T22:51:47.707+0530] {processor.py:186} INFO - Started process (PID=94747) to work on /Users/bhavishyachallagolla/Desktop/RetailSense/.venv/lib/python3.12/site-packages/airflow/example_dags/example_branch_operator.py
[2026-07-17T22:51:47.708+0530] {processor.py:914} INFO - Processing file /Users/bhavishyachallagolla/Desktop/RetailSense/.venv/lib/python3.12/site-packages/airflow/example_dags/example_branch_operator.py for tasks to queue
[2026-07-17T22:51:47.708+0530] {logging_mixin.py:190} INFO - [2026-07-17T22:51:47.708+0530] {dagbag.py:588} INFO - Filling up the DagBag from /Users/bhavishyachallagolla/Desktop/RetailSense/.venv/lib/python3.12/site-packages/airflow/example_dags/example_branch_operator.py
[2026-07-17T22:51:47.715+0530] {processor.py:927} WARNING - No viable dags retrieved from /Users/bhavishyachallagolla/Desktop/RetailSense/.venv/lib/python3.12/site-packages/airflow/example_dags/example_branch_operator.py
[2026-07-17T22:51:47.738+0530] {processor.py:208} INFO - Processing /Users/bhavishyachallagolla/Desktop/RetailSense/.venv/lib/python3.12/site-packages/airflow/example_dags/example_branch_operator.py took 0.032 seconds
[2026-07-17T22:53:27.217+0530] {processor.py:186} INFO - Started process (PID=94898) to work on /Users/bhavishyachallagolla/Desktop/RetailSense/.venv/lib/python3.12/site-packages/airflow/example_dags/example_branch_operator.py
[2026-07-17T22:53:27.218+0530] {processor.py:914} INFO - Processing file /Users/bhavishyachallagolla/Desktop/RetailSense/.venv/lib/python3.12/site-packages/airflow/example_dags/example_branch_operator.py for tasks to queue
[2026-07-17T22:53:27.218+0530] {logging_mixin.py:190} INFO - [2026-07-17T22:53:27.218+0530] {dagbag.py:588} INFO - Filling up the DagBag from /Users/bhavishyachallagolla/Desktop/RetailSense/.venv/lib/python3.12/site-packages/airflow/example_dags/example_branch_operator.py
[2026-07-17T22:53:27.225+0530] {processor.py:927} WARNING - No viable dags retrieved from /Users/bhavishyachallagolla/Desktop/RetailSense/.venv/lib/python3.12/site-packages/airflow/example_dags/example_branch_operator.py
[2026-07-17T22:53:27.248+0530] {processor.py:208} INFO - Processing /Users/bhavishyachallagolla/Desktop/RetailSense/.venv/lib/python3.12/site-packages/airflow/example_dags/example_branch_operator.py took 0.032 seconds
[2026-07-17T22:55:06.042+0530] {processor.py:186} INFO - Started process (PID=95046) to work on /Users/bhavishyachallagolla/Desktop/RetailSense/.venv/lib/python3.12/site-packages/airflow/example_dags/example_branch_operator.py
[2026-07-17T22:55:06.043+0530] {processor.py:914} INFO - Processing file /Users/bhavishyachallagolla/Desktop/RetailSense/.venv/lib/python3.12/site-packages/airflow/example_dags/example_branch_operator.py for tasks to queue
[2026-07-17T22:55:06.043+0530] {logging_mixin.py:190} INFO - [2026-07-17T22:55:06.043+0530] {dagbag.py:588} INFO - Filling up the DagBag from /Users/bhavishyachallagolla/Desktop/RetailSense/.venv/lib/python3.12/site-packages/airflow/example_dags/example_branch_operator.py
[2026-07-17T22:55:06.050+0530] {processor.py:927} WARNING - No viable dags retrieved from /Users/bhavishyachallagolla/Desktop/RetailSense/.venv/lib/python3.12/site-packages/airflow/example_dags/example_branch_operator.py
[2026-07-17T22:55:06.072+0530] {processor.py:208} INFO - Processing /Users/bhavishyachallagolla/Desktop/RetailSense/.venv/lib/python3.12/site-packages/airflow/example_dags/example_branch_operator.py took 0.031 seconds
[2026-07-17T22:56:45.186+0530] {processor.py:186} INFO - Started process (PID=95195) to work on /Users/bhavishyachallagolla/Desktop/RetailSense/.venv/lib/python3.12/site-packages/airflow/example_dags/example_branch_operator.py
[2026-07-17T22:56:45.187+0530] {processor.py:914} INFO - Processing file /Users/bhavishyachallagolla/Desktop/RetailSense/.venv/lib/python3.12/site-packages/airflow/example_dags/example_branch_operator.py for tasks to queue
[2026-07-17T22:56:45.187+0530] {logging_mixin.py:190} INFO - [2026-07-17T22:56:45.187+0530] {dagbag.py:588} INFO - Filling up the DagBag from /Users/bhavishyachallagolla/Desktop/RetailSense/.venv/lib/python3.12/site-packages/airflow/example_dags/example_branch_operator.py
[2026-07-17T22:56:45.194+0530] {processor.py:927} WARNING - No viable dags retrieved from /Users/bhavishyachallagolla/Desktop/RetailSense/.venv/lib/python3.12/site-packages/airflow/example_dags/example_branch_operator.py
[2026-07-17T22:56:45.215+0530] {processor.py:208} INFO - Processing /Users/bhavishyachallagolla/Desktop/RetailSense/.venv/lib/python3.12/site-packages/airflow/example_dags/example_branch_operator.py took 0.031 seconds
[2026-07-17T22:58:25.093+0530] {processor.py:186} INFO - Started process (PID=95359) to work on /Users/bhavishyachallagolla/Desktop/RetailSense/.venv/lib/python3.12/site-packages/airflow/example_dags/example_branch_operator.py
[2026-07-17T22:58:25.095+0530] {processor.py:914} INFO - Processing file /Users/bhavishyachallagolla/Desktop/RetailSense/.venv/lib/python3.12/site-packages/airflow/example_dags/example_branch_operator.py for tasks to queue
[2026-07-17T22:58:25.095+0530] {logging_mixin.py:190} INFO - [2026-07-17T22:58:25.095+0530] {dagbag.py:588} INFO - Filling up the DagBag from /Users/bhavishyachallagolla/Desktop/RetailSense/.venv/lib/python3.12/site-packages/airflow/example_dags/example_branch_operator.py
[2026-07-17T22:58:25.102+0530] {processor.py:927} WARNING - No viable dags retrieved from /Users/bhavishyachallagolla/Desktop/RetailSense/.venv/lib/python3.12/site-packages/airflow/example_dags/example_branch_operator.py
[2026-07-17T22:58:25.124+0530] {processor.py:208} INFO - Processing /Users/bhavishyachallagolla/Desktop/RetailSense/.venv/lib/python3.12/site-packages/airflow/example_dags/example_branch_operator.py took 0.031 seconds
[2026-07-17T23:01:11.327+0530] {processor.py:186} INFO - Started process (PID=95591) to work on /Users/bhavishyachallagolla/Desktop/RetailSense/.venv/lib/python3.12/site-packages/airflow/example_dags/example_branch_operator.py
[2026-07-17T23:01:11.328+0530] {processor.py:914} INFO - Processing file /Users/bhavishyachallagolla/Desktop/RetailSense/.venv/lib/python3.12/site-packages/airflow/example_dags/example_branch_operator.py for tasks to queue
[2026-07-17T23:01:11.328+0530] {logging_mixin.py:190} INFO - [2026-07-17T23:01:11.328+0530] {dagbag.py:588} INFO - Filling up the DagBag from /Users/bhavishyachallagolla/Desktop/RetailSense/.venv/lib/python3.12/site-packages/airflow/example_dags/example_branch_operator.py
[2026-07-17T23:01:11.335+0530] {processor.py:927} WARNING - No viable dags retrieved from /Users/bhavishyachallagolla/Desktop/RetailSense/.venv/lib/python3.12/site-packages/airflow/example_dags/example_branch_operator.py
[2026-07-17T23:01:11.357+0530] {processor.py:208} INFO - Processing /Users/bhavishyachallagolla/Desktop/RetailSense/.venv/lib/python3.12/site-packages/airflow/example_dags/example_branch_operator.py took 0.031 seconds
[2026-07-17T23:02:54.752+0530] {processor.py:186} INFO - Started process (PID=95767) to work on /Users/bhavishyachallagolla/Desktop/RetailSense/.venv/lib/python3.12/site-packages/airflow/example_dags/example_branch_operator.py
[2026-07-17T23:02:54.753+0530] {processor.py:914} INFO - Processing file /Users/bhavishyachallagolla/Desktop/RetailSense/.venv/lib/python3.12/site-packages/airflow/example_dags/example_branch_operator.py for tasks to queue
[2026-07-17T23:02:54.753+0530] {logging_mixin.py:190} INFO - [2026-07-17T23:02:54.753+0530] {dagbag.py:588} INFO - Filling up the DagBag from /Users/bhavishyachallagolla/Desktop/RetailSense/.venv/lib/python3.12/site-packages/airflow/example_dags/example_branch_operator.py
[2026-07-17T23:02:54.760+0530] {processor.py:927} WARNING - No viable dags retrieved from /Users/bhavishyachallagolla/Desktop/RetailSense/.venv/lib/python3.12/site-packages/airflow/example_dags/example_branch_operator.py
[2026-07-17T23:02:54.782+0530] {processor.py:208} INFO - Processing /Users/bhavishyachallagolla/Desktop/RetailSense/.venv/lib/python3.12/site-packages/airflow/example_dags/example_branch_operator.py took 0.030 seconds
[2026-07-17T23:04:33.578+0530] {processor.py:186} INFO - Started process (PID=95916) to work on /Users/bhavishyachallagolla/Desktop/RetailSense/.venv/lib/python3.12/site-packages/airflow/example_dags/example_branch_operator.py
[2026-07-17T23:04:33.579+0530] {processor.py:914} INFO - Processing file /Users/bhavishyachallagolla/Desktop/RetailSense/.venv/lib/python3.12/site-packages/airflow/example_dags/example_branch_operator.py for tasks to queue
[2026-07-17T23:04:33.579+0530] {logging_mixin.py:190} INFO - [2026-07-17T23:04:33.579+0530] {dagbag.py:588} INFO - Filling up the DagBag from /Users/bhavishyachallagolla/Desktop/RetailSense/.venv/lib/python3.12/site-packages/airflow/example_dags/example_branch_operator.py
[2026-07-17T23:04:33.585+0530] {processor.py:927} WARNING - No viable dags retrieved from /Users/bhavishyachallagolla/Desktop/RetailSense/.venv/lib/python3.12/site-packages/airflow/example_dags/example_branch_operator.py
[2026-07-17T23:04:33.607+0530] {processor.py:208} INFO - Processing /Users/bhavishyachallagolla/Desktop/RetailSense/.venv/lib/python3.12/site-packages/airflow/example_dags/example_branch_operator.py took 0.030 seconds
[2026-07-17T23:06:13.761+0530] {processor.py:186} INFO - Started process (PID=96068) to work on /Users/bhavishyachallagolla/Desktop/RetailSense/.venv/lib/python3.12/site-packages/airflow/example_dags/example_branch_operator.py
[2026-07-17T23:06:13.762+0530] {processor.py:914} INFO - Processing file /Users/bhavishyachallagolla/Desktop/RetailSense/.venv/lib/python3.12/site-packages/airflow/example_dags/example_branch_operator.py for tasks to queue
[2026-07-17T23:06:13.762+0530] {logging_mixin.py:190} INFO - [2026-07-17T23:06:13.762+0530] {dagbag.py:588} INFO - Filling up the DagBag from /Users/bhavishyachallagolla/Desktop/RetailSense/.venv/lib/python3.12/site-packages/airflow/example_dags/example_branch_operator.py
[2026-07-17T23:06:13.769+0530] {processor.py:927} WARNING - No viable dags retrieved from /Users/bhavishyachallagolla/Desktop/RetailSense/.venv/lib/python3.12/site-packages/airflow/example_dags/example_branch_operator.py
[2026-07-17T23:06:13.790+0530] {processor.py:208} INFO - Processing /Users/bhavishyachallagolla/Desktop/RetailSense/.venv/lib/python3.12/site-packages/airflow/example_dags/example_branch_operator.py took 0.029 seconds
[2026-07-17T23:07:55.939+0530] {processor.py:186} INFO - Started process (PID=96227) to work on /Users/bhavishyachallagolla/Desktop/RetailSense/.venv/lib/python3.12/site-packages/airflow/example_dags/example_branch_operator.py
[2026-07-17T23:07:55.939+0530] {processor.py:914} INFO - Processing file /Users/bhavishyachallagolla/Desktop/RetailSense/.venv/lib/python3.12/site-packages/airflow/example_dags/example_branch_operator.py for tasks to queue
[2026-07-17T23:07:55.940+0530] {logging_mixin.py:190} INFO - [2026-07-17T23:07:55.940+0530] {dagbag.py:588} INFO - Filling up the DagBag from /Users/bhavishyachallagolla/Desktop/RetailSense/.venv/lib/python3.12/site-packages/airflow/example_dags/example_branch_operator.py
[2026-07-17T23:07:55.947+0530] {processor.py:927} WARNING - No viable dags retrieved from /Users/bhavishyachallagolla/Desktop/RetailSense/.venv/lib/python3.12/site-packages/airflow/example_dags/example_branch_operator.py
[2026-07-17T23:07:55.970+0530] {processor.py:208} INFO - Processing /Users/bhavishyachallagolla/Desktop/RetailSense/.venv/lib/python3.12/site-packages/airflow/example_dags/example_branch_operator.py took 0.032 seconds
[2026-07-17T23:09:35.232+0530] {processor.py:186} INFO - Started process (PID=96377) to work on /Users/bhavishyachallagolla/Desktop/RetailSense/.venv/lib/python3.12/site-packages/airflow/example_dags/example_branch_operator.py
[2026-07-17T23:09:35.232+0530] {processor.py:914} INFO - Processing file /Users/bhavishyachallagolla/Desktop/RetailSense/.venv/lib/python3.12/site-packages/airflow/example_dags/example_branch_operator.py for tasks to queue
[2026-07-17T23:09:35.232+0530] {logging_mixin.py:190} INFO - [2026-07-17T23:09:35.232+0530] {dagbag.py:588} INFO - Filling up the DagBag from /Users/bhavishyachallagolla/Desktop/RetailSense/.venv/lib/python3.12/site-packages/airflow/example_dags/example_branch_operator.py
[2026-07-17T23:09:35.239+0530] {processor.py:927} WARNING - No viable dags retrieved from /Users/bhavishyachallagolla/Desktop/RetailSense/.venv/lib/python3.12/site-packages/airflow/example_dags/example_branch_operator.py
[2026-07-17T23:09:35.261+0530] {processor.py:208} INFO - Processing /Users/bhavishyachallagolla/Desktop/RetailSense/.venv/lib/python3.12/site-packages/airflow/example_dags/example_branch_operator.py took 0.030 seconds
[2026-07-17T23:11:13.607+0530] {processor.py:186} INFO - Started process (PID=96525) to work on /Users/bhavishyachallagolla/Desktop/RetailSense/.venv/lib/python3.12/site-packages/airflow/example_dags/example_branch_operator.py
[2026-07-17T23:11:13.608+0530] {processor.py:914} INFO - Processing file /Users/bhavishyachallagolla/Desktop/RetailSense/.venv/lib/python3.12/site-packages/airflow/example_dags/example_branch_operator.py for tasks to queue
[2026-07-17T23:11:13.608+0530] {logging_mixin.py:190} INFO - [2026-07-17T23:11:13.608+0530] {dagbag.py:588} INFO - Filling up the DagBag from /Users/bhavishyachallagolla/Desktop/RetailSense/.venv/lib/python3.12/site-packages/airflow/example_dags/example_branch_operator.py
[2026-07-17T23:11:13.614+0530] {processor.py:927} WARNING - No viable dags retrieved from /Users/bhavishyachallagolla/Desktop/RetailSense/.venv/lib/python3.12/site-packages/airflow/example_dags/example_branch_operator.py
[2026-07-17T23:11:13.635+0530] {processor.py:208} INFO - Processing /Users/bhavishyachallagolla/Desktop/RetailSense/.venv/lib/python3.12/site-packages/airflow/example_dags/example_branch_operator.py took 0.029 seconds
[2026-07-17T23:12:50.645+0530] {processor.py:186} INFO - Started process (PID=96742) to work on /Users/bhavishyachallagolla/Desktop/RetailSense/.venv/lib/python3.12/site-packages/airflow/example_dags/example_branch_operator.py
[2026-07-17T23:12:50.645+0530] {processor.py:914} INFO - Processing file /Users/bhavishyachallagolla/Desktop/RetailSense/.venv/lib/python3.12/site-packages/airflow/example_dags/example_branch_operator.py for tasks to queue
[2026-07-17T23:12:50.645+0530] {logging_mixin.py:190} INFO - [2026-07-17T23:12:50.645+0530] {dagbag.py:588} INFO - Filling up the DagBag from /Users/bhavishyachallagolla/Desktop/RetailSense/.venv/lib/python3.12/site-packages/airflow/example_dags/example_branch_operator.py
[2026-07-17T23:12:50.652+0530] {processor.py:927} WARNING - No viable dags retrieved from /Users/bhavishyachallagolla/Desktop/RetailSense/.venv/lib/python3.12/site-packages/airflow/example_dags/example_branch_operator.py
[2026-07-17T23:12:50.674+0530] {processor.py:208} INFO - Processing /Users/bhavishyachallagolla/Desktop/RetailSense/.venv/lib/python3.12/site-packages/airflow/example_dags/example_branch_operator.py took 0.030 seconds
[2026-07-17T23:14:32.575+0530] {processor.py:186} INFO - Started process (PID=96905) to work on /Users/bhavishyachallagolla/Desktop/RetailSense/.venv/lib/python3.12/site-packages/airflow/example_dags/example_branch_operator.py
[2026-07-17T23:14:32.576+0530] {processor.py:914} INFO - Processing file /Users/bhavishyachallagolla/Desktop/RetailSense/.venv/lib/python3.12/site-packages/airflow/example_dags/example_branch_operator.py for tasks to queue
[2026-07-17T23:14:32.576+0530] {logging_mixin.py:190} INFO - [2026-07-17T23:14:32.576+0530] {dagbag.py:588} INFO - Filling up the DagBag from /Users/bhavishyachallagolla/Desktop/RetailSense/.venv/lib/python3.12/site-packages/airflow/example_dags/example_branch_operator.py
[2026-07-17T23:14:32.583+0530] {processor.py:927} WARNING - No viable dags retrieved from /Users/bhavishyachallagolla/Desktop/RetailSense/.venv/lib/python3.12/site-packages/airflow/example_dags/example_branch_operator.py
[2026-07-17T23:14:32.604+0530] {processor.py:208} INFO - Processing /Users/bhavishyachallagolla/Desktop/RetailSense/.venv/lib/python3.12/site-packages/airflow/example_dags/example_branch_operator.py took 0.030 seconds
[2026-07-17T23:16:16.060+0530] {processor.py:186} INFO - Started process (PID=97084) to work on /Users/bhavishyachallagolla/Desktop/RetailSense/.venv/lib/python3.12/site-packages/airflow/example_dags/example_branch_operator.py
[2026-07-17T23:16:16.061+0530] {processor.py:914} INFO - Processing file /Users/bhavishyachallagolla/Desktop/RetailSense/.venv/lib/python3.12/site-packages/airflow/example_dags/example_branch_operator.py for tasks to queue
[2026-07-17T23:16:16.061+0530] {logging_mixin.py:190} INFO - [2026-07-17T23:16:16.061+0530] {dagbag.py:588} INFO - Filling up the DagBag from /Users/bhavishyachallagolla/Desktop/RetailSense/.venv/lib/python3.12/site-packages/airflow/example_dags/example_branch_operator.py
[2026-07-17T23:16:16.067+0530] {processor.py:927} WARNING - No viable dags retrieved from /Users/bhavishyachallagolla/Desktop/RetailSense/.venv/lib/python3.12/site-packages/airflow/example_dags/example_branch_operator.py
[2026-07-17T23:16:16.088+0530] {processor.py:208} INFO - Processing /Users/bhavishyachallagolla/Desktop/RetailSense/.venv/lib/python3.12/site-packages/airflow/example_dags/example_branch_operator.py took 0.029 seconds
[2026-07-17T23:17:58.232+0530] {processor.py:186} INFO - Started process (PID=97309) to work on /Users/bhavishyachallagolla/Desktop/RetailSense/.venv/lib/python3.12/site-packages/airflow/example_dags/example_branch_operator.py
[2026-07-17T23:17:58.232+0530] {processor.py:914} INFO - Processing file /Users/bhavishyachallagolla/Desktop/RetailSense/.venv/lib/python3.12/site-packages/airflow/example_dags/example_branch_operator.py for tasks to queue
[2026-07-17T23:17:58.232+0530] {logging_mixin.py:190} INFO - [2026-07-17T23:17:58.232+0530] {dagbag.py:588} INFO - Filling up the DagBag from /Users/bhavishyachallagolla/Desktop/RetailSense/.venv/lib/python3.12/site-packages/airflow/example_dags/example_branch_operator.py
[2026-07-17T23:17:58.239+0530] {processor.py:927} WARNING - No viable dags retrieved from /Users/bhavishyachallagolla/Desktop/RetailSense/.venv/lib/python3.12/site-packages/airflow/example_dags/example_branch_operator.py
[2026-07-17T23:17:58.261+0530] {processor.py:208} INFO - Processing /Users/bhavishyachallagolla/Desktop/RetailSense/.venv/lib/python3.12/site-packages/airflow/example_dags/example_branch_operator.py took 0.030 seconds
[2026-07-17T23:19:40.005+0530] {processor.py:186} INFO - Started process (PID=97473) to work on /Users/bhavishyachallagolla/Desktop/RetailSense/.venv/lib/python3.12/site-packages/airflow/example_dags/example_branch_operator.py
[2026-07-17T23:19:40.005+0530] {processor.py:914} INFO - Processing file /Users/bhavishyachallagolla/Desktop/RetailSense/.venv/lib/python3.12/site-packages/airflow/example_dags/example_branch_operator.py for tasks to queue
[2026-07-17T23:19:40.005+0530] {logging_mixin.py:190} INFO - [2026-07-17T23:19:40.005+0530] {dagbag.py:588} INFO - Filling up the DagBag from /Users/bhavishyachallagolla/Desktop/RetailSense/.venv/lib/python3.12/site-packages/airflow/example_dags/example_branch_operator.py
[2026-07-17T23:19:40.012+0530] {processor.py:927} WARNING - No viable dags retrieved from /Users/bhavishyachallagolla/Desktop/RetailSense/.venv/lib/python3.12/site-packages/airflow/example_dags/example_branch_operator.py
[2026-07-17T23:19:40.035+0530] {processor.py:208} INFO - Processing /Users/bhavishyachallagolla/Desktop/RetailSense/.venv/lib/python3.12/site-packages/airflow/example_dags/example_branch_operator.py took 0.031 seconds
[2026-07-17T23:21:20.984+0530] {processor.py:186} INFO - Started process (PID=97624) to work on /Users/bhavishyachallagolla/Desktop/RetailSense/.venv/lib/python3.12/site-packages/airflow/example_dags/example_branch_operator.py
[2026-07-17T23:21:20.984+0530] {processor.py:914} INFO - Processing file /Users/bhavishyachallagolla/Desktop/RetailSense/.venv/lib/python3.12/site-packages/airflow/example_dags/example_branch_operator.py for tasks to queue
[2026-07-17T23:21:20.985+0530] {logging_mixin.py:190} INFO - [2026-07-17T23:21:20.984+0530] {dagbag.py:588} INFO - Filling up the DagBag from /Users/bhavishyachallagolla/Desktop/RetailSense/.venv/lib/python3.12/site-packages/airflow/example_dags/example_branch_operator.py
[2026-07-17T23:21:20.991+0530] {processor.py:927} WARNING - No viable dags retrieved from /Users/bhavishyachallagolla/Desktop/RetailSense/.venv/lib/python3.12/site-packages/airflow/example_dags/example_branch_operator.py
[2026-07-17T23:21:21.012+0530] {processor.py:208} INFO - Processing /Users/bhavishyachallagolla/Desktop/RetailSense/.venv/lib/python3.12/site-packages/airflow/example_dags/example_branch_operator.py took 0.029 seconds
[2026-07-17T23:23:02.202+0530] {processor.py:186} INFO - Started process (PID=97776) to work on /Users/bhavishyachallagolla/Desktop/RetailSense/.venv/lib/python3.12/site-packages/airflow/example_dags/example_branch_operator.py
[2026-07-17T23:23:02.202+0530] {processor.py:914} INFO - Processing file /Users/bhavishyachallagolla/Desktop/RetailSense/.venv/lib/python3.12/site-packages/airflow/example_dags/example_branch_operator.py for tasks to queue
[2026-07-17T23:23:02.202+0530] {logging_mixin.py:190} INFO - [2026-07-17T23:23:02.202+0530] {dagbag.py:588} INFO - Filling up the DagBag from /Users/bhavishyachallagolla/Desktop/RetailSense/.venv/lib/python3.12/site-packages/airflow/example_dags/example_branch_operator.py
[2026-07-17T23:23:02.209+0530] {processor.py:927} WARNING - No viable dags retrieved from /Users/bhavishyachallagolla/Desktop/RetailSense/.venv/lib/python3.12/site-packages/airflow/example_dags/example_branch_operator.py
[2026-07-17T23:23:02.230+0530] {processor.py:208} INFO - Processing /Users/bhavishyachallagolla/Desktop/RetailSense/.venv/lib/python3.12/site-packages/airflow/example_dags/example_branch_operator.py took 0.029 seconds
[2026-07-17T23:24:42.423+0530] {processor.py:186} INFO - Started process (PID=97926) to work on /Users/bhavishyachallagolla/Desktop/RetailSense/.venv/lib/python3.12/site-packages/airflow/example_dags/example_branch_operator.py
[2026-07-17T23:24:42.424+0530] {processor.py:914} INFO - Processing file /Users/bhavishyachallagolla/Desktop/RetailSense/.venv/lib/python3.12/site-packages/airflow/example_dags/example_branch_operator.py for tasks to queue
[2026-07-17T23:24:42.424+0530] {logging_mixin.py:190} INFO - [2026-07-17T23:24:42.424+0530] {dagbag.py:588} INFO - Filling up the DagBag from /Users/bhavishyachallagolla/Desktop/RetailSense/.venv/lib/python3.12/site-packages/airflow/example_dags/example_branch_operator.py
[2026-07-17T23:24:42.430+0530] {processor.py:927} WARNING - No viable dags retrieved from /Users/bhavishyachallagolla/Desktop/RetailSense/.venv/lib/python3.12/site-packages/airflow/example_dags/example_branch_operator.py
[2026-07-17T23:24:42.451+0530] {processor.py:208} INFO - Processing /Users/bhavishyachallagolla/Desktop/RetailSense/.venv/lib/python3.12/site-packages/airflow/example_dags/example_branch_operator.py took 0.029 seconds
[2026-07-17T23:26:23.384+0530] {processor.py:186} INFO - Started process (PID=98077) to work on /Users/bhavishyachallagolla/Desktop/RetailSense/.venv/lib/python3.12/site-packages/airflow/example_dags/example_branch_operator.py
[2026-07-17T23:26:23.384+0530] {processor.py:914} INFO - Processing file /Users/bhavishyachallagolla/Desktop/RetailSense/.venv/lib/python3.12/site-packages/airflow/example_dags/example_branch_operator.py for tasks to queue
[2026-07-17T23:26:23.385+0530] {logging_mixin.py:190} INFO - [2026-07-17T23:26:23.385+0530] {dagbag.py:588} INFO - Filling up the DagBag from /Users/bhavishyachallagolla/Desktop/RetailSense/.venv/lib/python3.12/site-packages/airflow/example_dags/example_branch_operator.py
[2026-07-17T23:26:23.391+0530] {processor.py:927} WARNING - No viable dags retrieved from /Users/bhavishyachallagolla/Desktop/RetailSense/.venv/lib/python3.12/site-packages/airflow/example_dags/example_branch_operator.py
[2026-07-17T23:26:23.414+0530] {processor.py:208} INFO - Processing /Users/bhavishyachallagolla/Desktop/RetailSense/.venv/lib/python3.12/site-packages/airflow/example_dags/example_branch_operator.py took 0.030 seconds
[2026-07-17T23:28:07.151+0530] {processor.py:186} INFO - Started process (PID=98240) to work on /Users/bhavishyachallagolla/Desktop/RetailSense/.venv/lib/python3.12/site-packages/airflow/example_dags/example_branch_operator.py
[2026-07-17T23:28:07.151+0530] {processor.py:914} INFO - Processing file /Users/bhavishyachallagolla/Desktop/RetailSense/.venv/lib/python3.12/site-packages/airflow/example_dags/example_branch_operator.py for tasks to queue
[2026-07-17T23:28:07.152+0530] {logging_mixin.py:190} INFO - [2026-07-17T23:28:07.151+0530] {dagbag.py:588} INFO - Filling up the DagBag from /Users/bhavishyachallagolla/Desktop/RetailSense/.venv/lib/python3.12/site-packages/airflow/example_dags/example_branch_operator.py
[2026-07-17T23:28:07.158+0530] {processor.py:927} WARNING - No viable dags retrieved from /Users/bhavishyachallagolla/Desktop/RetailSense/.venv/lib/python3.12/site-packages/airflow/example_dags/example_branch_operator.py
[2026-07-17T23:28:07.180+0530] {processor.py:208} INFO - Processing /Users/bhavishyachallagolla/Desktop/RetailSense/.venv/lib/python3.12/site-packages/airflow/example_dags/example_branch_operator.py took 0.030 seconds
[2026-07-17T23:29:48.984+0530] {processor.py:186} INFO - Started process (PID=98394) to work on /Users/bhavishyachallagolla/Desktop/RetailSense/.venv/lib/python3.12/site-packages/airflow/example_dags/example_branch_operator.py
[2026-07-17T23:29:48.984+0530] {processor.py:914} INFO - Processing file /Users/bhavishyachallagolla/Desktop/RetailSense/.venv/lib/python3.12/site-packages/airflow/example_dags/example_branch_operator.py for tasks to queue
[2026-07-17T23:29:48.985+0530] {logging_mixin.py:190} INFO - [2026-07-17T23:29:48.984+0530] {dagbag.py:588} INFO - Filling up the DagBag from /Users/bhavishyachallagolla/Desktop/RetailSense/.venv/lib/python3.12/site-packages/airflow/example_dags/example_branch_operator.py
[2026-07-17T23:29:48.991+0530] {processor.py:927} WARNING - No viable dags retrieved from /Users/bhavishyachallagolla/Desktop/RetailSense/.venv/lib/python3.12/site-packages/airflow/example_dags/example_branch_operator.py
[2026-07-17T23:29:49.012+0530] {processor.py:208} INFO - Processing /Users/bhavishyachallagolla/Desktop/RetailSense/.venv/lib/python3.12/site-packages/airflow/example_dags/example_branch_operator.py took 0.029 seconds
[2026-07-17T23:31:34.622+0530] {processor.py:186} INFO - Started process (PID=98592) to work on /Users/bhavishyachallagolla/Desktop/RetailSense/.venv/lib/python3.12/site-packages/airflow/example_dags/example_branch_operator.py
[2026-07-17T23:31:34.623+0530] {processor.py:914} INFO - Processing file /Users/bhavishyachallagolla/Desktop/RetailSense/.venv/lib/python3.12/site-packages/airflow/example_dags/example_branch_operator.py for tasks to queue
[2026-07-17T23:31:34.624+0530] {logging_mixin.py:190} INFO - [2026-07-17T23:31:34.624+0530] {dagbag.py:588} INFO - Filling up the DagBag from /Users/bhavishyachallagolla/Desktop/RetailSense/.venv/lib/python3.12/site-packages/airflow/example_dags/example_branch_operator.py
[2026-07-17T23:31:34.631+0530] {processor.py:927} WARNING - No viable dags retrieved from /Users/bhavishyachallagolla/Desktop/RetailSense/.venv/lib/python3.12/site-packages/airflow/example_dags/example_branch_operator.py
[2026-07-17T23:31:34.654+0530] {processor.py:208} INFO - Processing /Users/bhavishyachallagolla/Desktop/RetailSense/.venv/lib/python3.12/site-packages/airflow/example_dags/example_branch_operator.py took 0.033 seconds
[2026-07-17T23:33:23.343+0530] {processor.py:186} INFO - Started process (PID=98760) to work on /Users/bhavishyachallagolla/Desktop/RetailSense/.venv/lib/python3.12/site-packages/airflow/example_dags/example_branch_operator.py
[2026-07-17T23:33:23.343+0530] {processor.py:914} INFO - Processing file /Users/bhavishyachallagolla/Desktop/RetailSense/.venv/lib/python3.12/site-packages/airflow/example_dags/example_branch_operator.py for tasks to queue
[2026-07-17T23:33:23.344+0530] {logging_mixin.py:190} INFO - [2026-07-17T23:33:23.344+0530] {dagbag.py:588} INFO - Filling up the DagBag from /Users/bhavishyachallagolla/Desktop/RetailSense/.venv/lib/python3.12/site-packages/airflow/example_dags/example_branch_operator.py
[2026-07-17T23:33:23.351+0530] {processor.py:927} WARNING - No viable dags retrieved from /Users/bhavishyachallagolla/Desktop/RetailSense/.venv/lib/python3.12/site-packages/airflow/example_dags/example_branch_operator.py
[2026-07-17T23:33:23.374+0530] {processor.py:208} INFO - Processing /Users/bhavishyachallagolla/Desktop/RetailSense/.venv/lib/python3.12/site-packages/airflow/example_dags/example_branch_operator.py took 0.032 seconds
[2026-07-17T23:35:08.512+0530] {processor.py:186} INFO - Started process (PID=98929) to work on /Users/bhavishyachallagolla/Desktop/RetailSense/.venv/lib/python3.12/site-packages/airflow/example_dags/example_branch_operator.py
[2026-07-17T23:35:08.513+0530] {processor.py:914} INFO - Processing file /Users/bhavishyachallagolla/Desktop/RetailSense/.venv/lib/python3.12/site-packages/airflow/example_dags/example_branch_operator.py for tasks to queue
[2026-07-17T23:35:08.513+0530] {logging_mixin.py:190} INFO - [2026-07-17T23:35:08.513+0530] {dagbag.py:588} INFO - Filling up the DagBag from /Users/bhavishyachallagolla/Desktop/RetailSense/.venv/lib/python3.12/site-packages/airflow/example_dags/example_branch_operator.py
[2026-07-17T23:35:08.520+0530] {processor.py:927} WARNING - No viable dags retrieved from /Users/bhavishyachallagolla/Desktop/RetailSense/.venv/lib/python3.12/site-packages/airflow/example_dags/example_branch_operator.py
[2026-07-17T23:35:08.542+0530] {processor.py:208} INFO - Processing /Users/bhavishyachallagolla/Desktop/RetailSense/.venv/lib/python3.12/site-packages/airflow/example_dags/example_branch_operator.py took 0.030 seconds
[2026-07-17T23:36:50.533+0530] {processor.py:186} INFO - Started process (PID=99082) to work on /Users/bhavishyachallagolla/Desktop/RetailSense/.venv/lib/python3.12/site-packages/airflow/example_dags/example_branch_operator.py
[2026-07-17T23:36:50.533+0530] {processor.py:914} INFO - Processing file /Users/bhavishyachallagolla/Desktop/RetailSense/.venv/lib/python3.12/site-packages/airflow/example_dags/example_branch_operator.py for tasks to queue
[2026-07-17T23:36:50.533+0530] {logging_mixin.py:190} INFO - [2026-07-17T23:36:50.533+0530] {dagbag.py:588} INFO - Filling up the DagBag from /Users/bhavishyachallagolla/Desktop/RetailSense/.venv/lib/python3.12/site-packages/airflow/example_dags/example_branch_operator.py
[2026-07-17T23:36:50.540+0530] {processor.py:927} WARNING - No viable dags retrieved from /Users/bhavishyachallagolla/Desktop/RetailSense/.venv/lib/python3.12/site-packages/airflow/example_dags/example_branch_operator.py
[2026-07-17T23:36:50.562+0530] {processor.py:208} INFO - Processing /Users/bhavishyachallagolla/Desktop/RetailSense/.venv/lib/python3.12/site-packages/airflow/example_dags/example_branch_operator.py took 0.030 seconds
[2026-07-17T23:38:33.038+0530] {processor.py:186} INFO - Started process (PID=99244) to work on /Users/bhavishyachallagolla/Desktop/RetailSense/.venv/lib/python3.12/site-packages/airflow/example_dags/example_branch_operator.py
[2026-07-17T23:38:33.038+0530] {processor.py:914} INFO - Processing file /Users/bhavishyachallagolla/Desktop/RetailSense/.venv/lib/python3.12/site-packages/airflow/example_dags/example_branch_operator.py for tasks to queue
[2026-07-17T23:38:33.038+0530] {logging_mixin.py:190} INFO - [2026-07-17T23:38:33.038+0530] {dagbag.py:588} INFO - Filling up the DagBag from /Users/bhavishyachallagolla/Desktop/RetailSense/.venv/lib/python3.12/site-packages/airflow/example_dags/example_branch_operator.py
[2026-07-17T23:38:33.045+0530] {processor.py:927} WARNING - No viable dags retrieved from /Users/bhavishyachallagolla/Desktop/RetailSense/.venv/lib/python3.12/site-packages/airflow/example_dags/example_branch_operator.py
[2026-07-17T23:38:33.066+0530] {processor.py:208} INFO - Processing /Users/bhavishyachallagolla/Desktop/RetailSense/.venv/lib/python3.12/site-packages/airflow/example_dags/example_branch_operator.py took 0.030 seconds
[2026-07-17T23:40:14.042+0530] {processor.py:186} INFO - Started process (PID=99394) to work on /Users/bhavishyachallagolla/Desktop/RetailSense/.venv/lib/python3.12/site-packages/airflow/example_dags/example_branch_operator.py
[2026-07-17T23:40:14.042+0530] {processor.py:914} INFO - Processing file /Users/bhavishyachallagolla/Desktop/RetailSense/.venv/lib/python3.12/site-packages/airflow/example_dags/example_branch_operator.py for tasks to queue
[2026-07-17T23:40:14.042+0530] {logging_mixin.py:190} INFO - [2026-07-17T23:40:14.042+0530] {dagbag.py:588} INFO - Filling up the DagBag from /Users/bhavishyachallagolla/Desktop/RetailSense/.venv/lib/python3.12/site-packages/airflow/example_dags/example_branch_operator.py
[2026-07-17T23:40:14.049+0530] {processor.py:927} WARNING - No viable dags retrieved from /Users/bhavishyachallagolla/Desktop/RetailSense/.venv/lib/python3.12/site-packages/airflow/example_dags/example_branch_operator.py
[2026-07-17T23:40:14.070+0530] {processor.py:208} INFO - Processing /Users/bhavishyachallagolla/Desktop/RetailSense/.venv/lib/python3.12/site-packages/airflow/example_dags/example_branch_operator.py took 0.030 seconds
[2026-07-17T23:41:59.035+0530] {processor.py:186} INFO - Started process (PID=99554) to work on /Users/bhavishyachallagolla/Desktop/RetailSense/.venv/lib/python3.12/site-packages/airflow/example_dags/example_branch_operator.py
[2026-07-17T23:41:59.036+0530] {processor.py:914} INFO - Processing file /Users/bhavishyachallagolla/Desktop/RetailSense/.venv/lib/python3.12/site-packages/airflow/example_dags/example_branch_operator.py for tasks to queue
[2026-07-17T23:41:59.037+0530] {logging_mixin.py:190} INFO - [2026-07-17T23:41:59.036+0530] {dagbag.py:588} INFO - Filling up the DagBag from /Users/bhavishyachallagolla/Desktop/RetailSense/.venv/lib/python3.12/site-packages/airflow/example_dags/example_branch_operator.py
[2026-07-17T23:41:59.043+0530] {processor.py:927} WARNING - No viable dags retrieved from /Users/bhavishyachallagolla/Desktop/RetailSense/.venv/lib/python3.12/site-packages/airflow/example_dags/example_branch_operator.py
[2026-07-17T23:41:59.065+0530] {processor.py:208} INFO - Processing /Users/bhavishyachallagolla/Desktop/RetailSense/.venv/lib/python3.12/site-packages/airflow/example_dags/example_branch_operator.py took 0.031 seconds
[2026-07-17T23:43:37.537+0530] {processor.py:186} INFO - Started process (PID=99707) to work on /Users/bhavishyachallagolla/Desktop/RetailSense/.venv/lib/python3.12/site-packages/airflow/example_dags/example_branch_operator.py
[2026-07-17T23:43:37.538+0530] {processor.py:914} INFO - Processing file /Users/bhavishyachallagolla/Desktop/RetailSense/.venv/lib/python3.12/site-packages/airflow/example_dags/example_branch_operator.py for tasks to queue
[2026-07-17T23:43:37.538+0530] {logging_mixin.py:190} INFO - [2026-07-17T23:43:37.538+0530] {dagbag.py:588} INFO - Filling up the DagBag from /Users/bhavishyachallagolla/Desktop/RetailSense/.venv/lib/python3.12/site-packages/airflow/example_dags/example_branch_operator.py
[2026-07-17T23:43:37.545+0530] {processor.py:927} WARNING - No viable dags retrieved from /Users/bhavishyachallagolla/Desktop/RetailSense/.venv/lib/python3.12/site-packages/airflow/example_dags/example_branch_operator.py
[2026-07-17T23:43:37.567+0530] {processor.py:208} INFO - Processing /Users/bhavishyachallagolla/Desktop/RetailSense/.venv/lib/python3.12/site-packages/airflow/example_dags/example_branch_operator.py took 0.031 seconds
[2026-07-17T23:45:20.356+0530] {processor.py:186} INFO - Started process (PID=99862) to work on /Users/bhavishyachallagolla/Desktop/RetailSense/.venv/lib/python3.12/site-packages/airflow/example_dags/example_branch_operator.py
[2026-07-17T23:45:20.357+0530] {processor.py:914} INFO - Processing file /Users/bhavishyachallagolla/Desktop/RetailSense/.venv/lib/python3.12/site-packages/airflow/example_dags/example_branch_operator.py for tasks to queue
[2026-07-17T23:45:20.358+0530] {logging_mixin.py:190} INFO - [2026-07-17T23:45:20.358+0530] {dagbag.py:588} INFO - Filling up the DagBag from /Users/bhavishyachallagolla/Desktop/RetailSense/.venv/lib/python3.12/site-packages/airflow/example_dags/example_branch_operator.py
[2026-07-17T23:45:20.364+0530] {processor.py:927} WARNING - No viable dags retrieved from /Users/bhavishyachallagolla/Desktop/RetailSense/.venv/lib/python3.12/site-packages/airflow/example_dags/example_branch_operator.py
[2026-07-17T23:45:20.386+0530] {processor.py:208} INFO - Processing /Users/bhavishyachallagolla/Desktop/RetailSense/.venv/lib/python3.12/site-packages/airflow/example_dags/example_branch_operator.py took 0.030 seconds
[2026-07-17T23:47:05.081+0530] {processor.py:186} INFO - Started process (PID=124) to work on /Users/bhavishyachallagolla/Desktop/RetailSense/.venv/lib/python3.12/site-packages/airflow/example_dags/example_branch_operator.py
[2026-07-17T23:47:05.082+0530] {processor.py:914} INFO - Processing file /Users/bhavishyachallagolla/Desktop/RetailSense/.venv/lib/python3.12/site-packages/airflow/example_dags/example_branch_operator.py for tasks to queue
[2026-07-17T23:47:05.082+0530] {logging_mixin.py:190} INFO - [2026-07-17T23:47:05.082+0530] {dagbag.py:588} INFO - Filling up the DagBag from /Users/bhavishyachallagolla/Desktop/RetailSense/.venv/lib/python3.12/site-packages/airflow/example_dags/example_branch_operator.py
[2026-07-17T23:47:05.089+0530] {processor.py:927} WARNING - No viable dags retrieved from /Users/bhavishyachallagolla/Desktop/RetailSense/.venv/lib/python3.12/site-packages/airflow/example_dags/example_branch_operator.py
[2026-07-17T23:47:05.112+0530] {processor.py:208} INFO - Processing /Users/bhavishyachallagolla/Desktop/RetailSense/.venv/lib/python3.12/site-packages/airflow/example_dags/example_branch_operator.py took 0.032 seconds
[2026-07-17T23:49:05.837+0530] {processor.py:186} INFO - Started process (PID=313) to work on /Users/bhavishyachallagolla/Desktop/RetailSense/.venv/lib/python3.12/site-packages/airflow/example_dags/example_branch_operator.py
[2026-07-17T23:49:05.838+0530] {processor.py:914} INFO - Processing file /Users/bhavishyachallagolla/Desktop/RetailSense/.venv/lib/python3.12/site-packages/airflow/example_dags/example_branch_operator.py for tasks to queue
[2026-07-17T23:49:05.838+0530] {logging_mixin.py:190} INFO - [2026-07-17T23:49:05.838+0530] {dagbag.py:588} INFO - Filling up the DagBag from /Users/bhavishyachallagolla/Desktop/RetailSense/.venv/lib/python3.12/site-packages/airflow/example_dags/example_branch_operator.py
[2026-07-17T23:49:05.845+0530] {processor.py:927} WARNING - No viable dags retrieved from /Users/bhavishyachallagolla/Desktop/RetailSense/.venv/lib/python3.12/site-packages/airflow/example_dags/example_branch_operator.py
[2026-07-17T23:49:05.867+0530] {processor.py:208} INFO - Processing /Users/bhavishyachallagolla/Desktop/RetailSense/.venv/lib/python3.12/site-packages/airflow/example_dags/example_branch_operator.py took 0.031 seconds
[2026-07-17T23:50:49.895+0530] {processor.py:186} INFO - Started process (PID=545) to work on /Users/bhavishyachallagolla/Desktop/RetailSense/.venv/lib/python3.12/site-packages/airflow/example_dags/example_branch_operator.py
[2026-07-17T23:50:49.895+0530] {processor.py:914} INFO - Processing file /Users/bhavishyachallagolla/Desktop/RetailSense/.venv/lib/python3.12/site-packages/airflow/example_dags/example_branch_operator.py for tasks to queue
[2026-07-17T23:50:49.895+0530] {logging_mixin.py:190} INFO - [2026-07-17T23:50:49.895+0530] {dagbag.py:588} INFO - Filling up the DagBag from /Users/bhavishyachallagolla/Desktop/RetailSense/.venv/lib/python3.12/site-packages/airflow/example_dags/example_branch_operator.py
[2026-07-17T23:50:49.902+0530] {processor.py:927} WARNING - No viable dags retrieved from /Users/bhavishyachallagolla/Desktop/RetailSense/.venv/lib/python3.12/site-packages/airflow/example_dags/example_branch_operator.py
[2026-07-17T23:50:49.924+0530] {processor.py:208} INFO - Processing /Users/bhavishyachallagolla/Desktop/RetailSense/.venv/lib/python3.12/site-packages/airflow/example_dags/example_branch_operator.py took 0.030 seconds
[2026-07-17T23:52:32.499+0530] {processor.py:186} INFO - Started process (PID=792) to work on /Users/bhavishyachallagolla/Desktop/RetailSense/.venv/lib/python3.12/site-packages/airflow/example_dags/example_branch_operator.py
[2026-07-17T23:52:32.499+0530] {processor.py:914} INFO - Processing file /Users/bhavishyachallagolla/Desktop/RetailSense/.venv/lib/python3.12/site-packages/airflow/example_dags/example_branch_operator.py for tasks to queue
[2026-07-17T23:52:32.500+0530] {logging_mixin.py:190} INFO - [2026-07-17T23:52:32.500+0530] {dagbag.py:588} INFO - Filling up the DagBag from /Users/bhavishyachallagolla/Desktop/RetailSense/.venv/lib/python3.12/site-packages/airflow/example_dags/example_branch_operator.py
[2026-07-17T23:52:32.507+0530] {processor.py:927} WARNING - No viable dags retrieved from /Users/bhavishyachallagolla/Desktop/RetailSense/.venv/lib/python3.12/site-packages/airflow/example_dags/example_branch_operator.py
[2026-07-17T23:52:32.529+0530] {processor.py:208} INFO - Processing /Users/bhavishyachallagolla/Desktop/RetailSense/.venv/lib/python3.12/site-packages/airflow/example_dags/example_branch_operator.py took 0.031 seconds
[2026-07-17T23:54:22.189+0530] {processor.py:186} INFO - Started process (PID=1001) to work on /Users/bhavishyachallagolla/Desktop/RetailSense/.venv/lib/python3.12/site-packages/airflow/example_dags/example_branch_operator.py
[2026-07-17T23:54:22.191+0530] {processor.py:914} INFO - Processing file /Users/bhavishyachallagolla/Desktop/RetailSense/.venv/lib/python3.12/site-packages/airflow/example_dags/example_branch_operator.py for tasks to queue
[2026-07-17T23:54:22.191+0530] {logging_mixin.py:190} INFO - [2026-07-17T23:54:22.191+0530] {dagbag.py:588} INFO - Filling up the DagBag from /Users/bhavishyachallagolla/Desktop/RetailSense/.venv/lib/python3.12/site-packages/airflow/example_dags/example_branch_operator.py
[2026-07-17T23:54:22.198+0530] {processor.py:927} WARNING - No viable dags retrieved from /Users/bhavishyachallagolla/Desktop/RetailSense/.venv/lib/python3.12/site-packages/airflow/example_dags/example_branch_operator.py
[2026-07-17T23:54:22.221+0530] {processor.py:208} INFO - Processing /Users/bhavishyachallagolla/Desktop/RetailSense/.venv/lib/python3.12/site-packages/airflow/example_dags/example_branch_operator.py took 0.032 seconds
[2026-07-17T23:56:23.939+0530] {processor.py:186} INFO - Started process (PID=1204) to work on /Users/bhavishyachallagolla/Desktop/RetailSense/.venv/lib/python3.12/site-packages/airflow/example_dags/example_branch_operator.py
[2026-07-17T23:56:23.940+0530] {processor.py:914} INFO - Processing file /Users/bhavishyachallagolla/Desktop/RetailSense/.venv/lib/python3.12/site-packages/airflow/example_dags/example_branch_operator.py for tasks to queue
[2026-07-17T23:56:23.940+0530] {logging_mixin.py:190} INFO - [2026-07-17T23:56:23.940+0530] {dagbag.py:588} INFO - Filling up the DagBag from /Users/bhavishyachallagolla/Desktop/RetailSense/.venv/lib/python3.12/site-packages/airflow/example_dags/example_branch_operator.py
[2026-07-17T23:56:23.947+0530] {processor.py:927} WARNING - No viable dags retrieved from /Users/bhavishyachallagolla/Desktop/RetailSense/.venv/lib/python3.12/site-packages/airflow/example_dags/example_branch_operator.py
[2026-07-17T23:56:23.969+0530] {processor.py:208} INFO - Processing /Users/bhavishyachallagolla/Desktop/RetailSense/.venv/lib/python3.12/site-packages/airflow/example_dags/example_branch_operator.py took 0.031 seconds
